
Running Job 1 of 1 DMP_tt_10_1.0.inp
qchem DMP_tt_10_1.0.inp_2825883.0 /scratch/qchemscratch/qchem2825883/ 1
/opt/qchem/6.1/exe/qcprog.exe_s DMP_tt_10_1.0.inp_2825883.0 /scratch/qchemscratch/qchem2825883/
                  Welcome to Q-Chem
     A Quantum Leap Into The Future Of Chemistry


 Q-Chem 6.1, Q-Chem, Inc., Pleasanton, CA (2023)

 License issued to: SRG Pengyu Ren, University of Texas at Austin

 E. Epifanovsky,  A. T. B. Gilbert,  Xintian Feng,  Joonho Lee,  Yuezhi Mao,  
 N. Mardirossian,  P. Pokhilko,  A. White,  M. Wormit,  M. P. Coons,  
 A. L. Dempwolff,  Zhengting Gan,  D. Hait,  P. R. Horn,  L. D. Jacobson,  
 I. Kaliman,  J. Kussmann,  A. W. Lange,  Ka Un Lao,  D. S. Levine,  Jie Liu,  
 S. C. McKenzie,  A. F. Morrison,  K. D. Nanda,  F. Plasser,  D. R. Rehn,  
 M. L. Vidal,  Zhi-Qiang You,  Ying Zhu,  B. Alam,  B. Albrecht,  
 A. Aldossary,  E. Alguire,  J. H. Andersen,  V. Athavale,  D. Barton,  
 K. Begam,  A. Behn,  N. Bellonzi,  Y. A. Bernard,  E. J. Berquist,  
 H. Burton,  A. Carreras,  K. Carter-Fenk,  Mathew Chow,  Romit Chakraborty,  
 Chandrima Chakravarty,  Junhan Chen,  A. D. Chien,  K. D. Closser,  
 V. Cofer-Shabica,  L. Cunha,  S. Dasgupta,  Jia Deng,  M. de Wergifosse,  
 M. Diedenhofen,  Hainam Do,  S. Ehlert,  Po-Tung Fang,  S. Fatehi,  
 Qingguo Feng,  T. Friedhoff,  Thomas Froitzheim,  B. Ganoe,  J. Gayvert,  
 Qinghui Ge,  G. Gidofalvi,  M. Gimferrer,  M. Goldey,  Montgomery Gray,  
 J. Gomes,  C. Gonzalez-Espinoza,  S. Gulania,  A. Gunina,  J. A. Gyamfi,  
 M. W. D. Hanson-Heine,  P. H. P. Harbach,  A. W. Hauser,  M. F. Herbst,  
 M. Hernandez Vera,  M. Hodecker,  Z. C. Holden,  S. Houck,  Xunkun Huang,  
 Kerwin Hui,  B. C. Huynh,  K. Ikeda,  M. Ivanov,  Hyunjun Ji,  Zuxin Jin,  
 Hanjie Jiang,  Subrata Jana,  B. Kaduk,  S. Kaehler,  R. Kang,  
 K. Khistyaev,  Jaehoon Kim,  Yongbin Kim,  P. Klunzinger,  Z. Koczor-Benda,  
 Joong Hoon Koh,  D. Kosenkov,  Saikiran Kotaru,  L. Koulias,  T. Kowalczyk,  
 C. M. Krauter,  K. Kue,  A. Kunitsa,  T. Kus,  A. Landau,  K. V. Lawler,  
 D. Lefrancois,  S. Lehtola,  Rain Li,  Shaozhi Li,  Yi-Pei Li,  
 Jiashu Liang,  M. Liebenthal,  Hung-Hsuan Lin,  You-Sheng Lin,  Fenglai Liu,  
 Kuan-Yu Liu,  Xiao Liu,  M. Loipersberger,  A. Luenser,  C. Malbon,  
 A. Manjanath,  P. Manohar,  E. Mansoor,  S. F. Manzer,  Shan-Ping Mao,  
 A. V. Marenich,  T. Markovich,  S. Mason,  F. Matz,  S. A. Maurer,  
 P. F. McLaughlin,  M. F. S. J. Menger,  J.-M. Mewes,  S. A. Mewes,  
 P. Morgante,  Mohammad Mostafanejad,  J. W. Mullinax,  K. J. Oosterbaan,  
 G. Paran,  V. Parravicini,  Alexander C. Paul,  Suranjan K. Paul,  
 F. Pavosevic,  Zheng Pei,  S. Prager,  E. I. Proynov,  E. Ramos,  B. Rana,  
 A. E. Rask,  A. Rettig,  R. M. Richard,  F. Rob,  E. Rossomme,  T. Scheele,  
 M. Scheurer,  M. Schneider,  P. E. Schneider,  Tim K. Schramm,  N. Sergueev,  
 S. M. Sharada,  M. Sharma,  Hengyuan Shen,  W. Skomorowski,  D. W. Small,  
 C. J. Stein,  Alistair J. Sterling,  Yingli Su,  Yu-Chuan Su,  
 E. J. Sundstrom,  J. Talbot,  Zhen Tao,  J. Thirman,  Hung-Yi Tsai,  
 T. Tsuchimochi,  N. M. Tubman,  C. Utku,  S. P. Veccham,  O. Vydrov,  
 J. Wenzel,  Jonathan Wong,  J. Witte,  A. Yamada,  Chou-Hsun Yang,  Kun Yao,  
 S. Yeganeh,  S. R. Yost,  A. Zech,  F. Zeller,  Igor Ying Zhang,  
 Xing Zhang,  Yu Zhang,  D. Zuev,  A. Aspuru-Guzik,  A. T. Bell,  
 N. A. Besley,  K. B. Bravaya,  B. R. Brooks,  D. Casanova,  Jeng-Da Chai,  
 Hsing-Ta Chen,  S. Coriani,  C. J. Cramer,  A. E. DePrince, III,  
 R. A. DiStasio Jr.,  A. Dreuw,  B. D. Dunietz,  T. R. Furlani,  
 W. A. Goddard III,  S. Grimme,  S. Hammes-Schiffer,  T. Head-Gordon,  
 W. J. Hehre,  Chao-Ping Hsu,  T.-C. Jagau,  Yousung Jung,  A. Klamt,  
 Jing Kong,  D. S. Lambrecht,  Xiangyuan Li,  WanZhen Liang,  N. J. Mayhall,  
 C. W. McCurdy,  J. B. Neaton,  T. Neudecker,  C. Ochsenfeld,  
 J. A. Parkhill,  R. Peverati,  V. A. Rassolov,  Haisheng Ren,  Yihan Shao,  
 L. V. Slipchenko,  R. P. Steele,  J. E. Subotnik,  A. J. W. Thom,  
 A. Tkatchenko,  D. G. Truhlar,  T. Van Voorhis,  Fan Wang,  
 T. A. Wesolowski,  K. B. Whaley,  H. L. Woodcock III,  P. M. Zimmerman,  
 S. Faraji,  P. M. W. Gill,  M. Head-Gordon,  J. M. Herbert,  A. I. Krylov

 Contributors to earlier versions of Q-Chem not listed above: 
 R. D. Adamson,  B. Austin,  R. Baer,  J. Baker,  G. J. O. Beran,  
 K. Brandhorst,  S. T. Brown,  E. F. C. Byrd,  Arup K. Chakraborty,  
 G. K. L. Chan,  Chun-Min Chang,  Yunqing Chen,  C.-L. Cheng,  
 Siu Hung Chien,  D. M. Chipman,  D. L. Crittenden,  H. Dachsel,  
 R. J. Doerksen,  A. D. Dutoi,  R. G. Edgar,  J. Fosso-Tande,  
 L. Fusti-Molnar,  D. Ghosh,  A. Ghysels,  A. Golubeva-Zadorozhnaya,  
 J. Gonthier,  M. S. Gordon,  S. R. Gwaltney,  G. Hawkins,  J. E. Herr,  
 A. Heyden,  S. Hirata,  E. G. Hohenstein,  G. Kedziora,  F. J. Keil,  
 C. Kelley,  Jihan Kim,  R. A. King,  R. Z. Khaliullin,  P. P. Korambath,  
 W. Kurlancheek,  A. Laurent,  A. M. Lee,  M. S. Lee,  S. V. Levchenko,  
 Ching Yeh Lin,  D. Liotard,  E. Livshits,  R. C. Lochan,  I. Lotan,  
 L. A. Martinez-Martinez,  P. E. Maslen,  N. Nair,  D. P. O'Neill,  
 D. Neuhauser,  E. Neuscamman,  C. M. Oana,  R. Olivares-Amaya,  R. Olson,  
 T. M. Perrine,  B. Peters,  P. A. Pieniazek,  A. Prociuk,  Y. M. Rhee,  
 J. Ritchie,  M. A. Rohrdanz,  E. Rosta,  N. J. Russ,  H. F. Schaefer III,  
 M. W. Schmidt,  N. E. Schultz,  S. Sharma,  N. Shenvi,  C. D. Sherrill,  
 A. C. Simmonett,  A. Sodt,  T. Stein,  D. Stuck,  K. S. Thanthiriwatte,  
 V. Vanovschi,  L. Vogt,  Tao Wang,  A. Warshel,  M. A. Watson,  
 C. F. Williams,  Q. Wu,  X. Xu,  Jun Yang,  W. Zhang,  Yan Zhao

   Please cite Q-Chem as follows:
  "Software for the frontiers of quantum chemistry:
   An overview of developments in the Q-Chem 5 package"
   J. Chem. Phys. 155, 084801 (2021)
   https://doi.org/10.1063/5.0055522 (open access)

 Q-Chem 6.1.1 for Intel X86 EM64T Linux

 Parts of Q-Chem use Armadillo 9.900.5 (Nocturnal Misbehaviour).
 http://arma.sourceforge.net/

 Q-Chem begins on Tue Mar  5 09:49:40 2024  

 Host: 
0

     Scratch files written to /scratch/qchemscratch/qchem2825883//
 Jan1824 |scratch|qcdevops|jenkins|workspace|build_RNUM UKVU   
 Processing $rem in /opt/qchem/6.1/config/preferences:
 Processing $rem in /home/mm227274/.qchemrc:

 Q-Chem warning in module libgen/rem_setup.C, line 3361:

 Neither GIA nor STOLL is specified by user. Use STOLL as the default


 Checking the input file for inconsistencies... 	...done.

--------------------------------------------------------------
User input:
--------------------------------------------------------------
$molecule
-1 1
--
0 1
O          0.68288        2.64878        0.26850
H          0.85117        2.05662       -0.48548
H          0.35857        1.97232        0.90743
--
-1 1

H         -2.66070        0.83749        0.49122
H         -1.49449        1.60742       -0.59689
H          2.49036        0.32377        0.43271
H          2.50605       -1.28485       -0.34537
C          2.27766       -0.22479       -0.49170
C         -2.18579        0.76805       -0.49188
H         -2.94991        0.82041       -1.27313
H          2.89740        0.17735       -1.29853
O          0.10532       -2.18987        0.36660
O         -0.18730        0.21892        1.43995
O          0.91421       -0.05672       -0.88090
O         -1.52933       -0.49028       -0.65382
P         -0.16240       -0.72112        0.24978
$end

$rem
JOBTYPE          eda
EDA2             2
METHOD           b97m-v
BASIS            aug-cc-pvtz
SCF_CONVERGENCE  8
THRESH           14
SYMMETRY         false
DISP_FREE_X      revPBE
DISP_FREE_C      PBE
EDA_BSSE         true
$end
--------------------------------------------------------------
 ----------------------------------------------------------------
             Standard Nuclear Orientation (Angstroms)
    I     Atom           X                Y                Z
 ----------------------------------------------------------------
    1      O      -0.6828898034     2.6487790625    -0.2684989750
    2      H      -0.8511768555     2.0566178531     0.4854807332
    3      H      -0.3585786507     1.9723206503    -0.9074300710
    4      H       2.6606954799     0.8374996254    -0.4912255640
    5      H       1.4944847008     1.6074250192     0.5968868603
    6      H      -2.4903628420     0.3237636120    -0.4327084279
    7      H      -2.5060467091    -1.2848571465     0.3453701275
    8      C      -2.2776597776    -0.2247965724     0.4917007576
    9      C       2.1857871465     0.7680572570     0.4918750738
   10      H       2.9499081376     0.8204189117     1.2731239934
   11      H      -2.8973998324     0.1773407712     1.2985320395
   12      O      -0.1053149562    -2.1898690585    -0.3666042426
   13      O       0.1872959958     0.2189228275    -1.4399524768
   14      O      -0.9142097237    -0.0567227030     0.8808988980
   15      O       1.5293312843    -0.4902749248     0.6538148948
   16      P       0.1624006655    -0.7211183356    -0.2497832977
 ----------------------------------------------------------------
 Molecular Point Group                 C1    NOp =  1
 Largest Abelian Subgroup              C1    NOp =  1
 Nuclear Repulsion Energy =         546.00332271 hartrees
 There are       38 alpha and       38 beta electrons
 Requested basis set is aug-cc-pVTZ
 There are 186 shells and 556 basis functions

 Total QAlloc Memory Limit  16000 MB
 Mega-Array Size       188 MB
 MEM_STATIC part       192 MB

 A cutoff of  1.0D-14 yielded  16797 shell pairs
 There are    149747 function pairs (    201153 Cartesian)
 Smallest overlap matrix eigenvalue = 1.76E-05

 Scale SEOQF with 1.000000e-01/1.000000e-01/1.000000e-01

 Standard Electronic Orientation quadrupole field applied
 Nucleus-field energy     =     0.0000000094 hartrees

 -----------------------------------------------------------------------
  General SCF calculation program by
  Eric Jon Sundstrom, Paul Horn, Yuezhi Mao, Dmitri Zuev, Alec White,
  David Stuck, Shaama M.S., Shane Yost, Joonho Lee, David Small,
  Daniel Levine, Susi Lehtola, Hugh Burton, Evgeny Epifanovsky,
  Bang C. Huynh
 -----------------------------------------------------------------------
================================================================
                 ALMO-EDA with the EDA2 driver                  
================================================================
 The second-generation ALMO-EDA (for DFT):                      
 P. R. Horn, Y. Mao and M. Head-Gordon, PCCP, 18, 23067 (2016)  
 Y. Mao et al. Annu. Rev. Phys. Chem. 72, 641 (2021)            
 Decomposition of the frozen energy:                            
 P. R. Horn, Y. Mao and M. Head-Gordon, JCP, 144, 114107 (2016) 
================================================================
 Using eda2 option set 2
 Option set summary: Frozen orbital wavefunction, initial wavefunction decomposition, and traditional AO-based POL.
--------------------------------
Printing EDA Options
--------------------------------
eda_child_super_basis      0
fragmo_guess_mode          0
child_mp                   0
child_mp_orders            0
cls_elec                   1
cls_disp                   0
scfmi_mode                 1
scfmi_occs                 0
scfmi_virts                0
frz_relax                  0
frz_relax_method           0
dc_pen_start               0
dc_pen_conv                0
dc_pen_increment           0
dc_pen_steps               0
dc_pen_thresh_factor       0
dc_pen_pre_newton_thresh   0
frz_ortho_decomp           1
frz_ortho_decomp_conv      6
plot_mo_ortho_frz          0
frgm_method                2
scfmi_freeze_ss            0
separate_rehyb             0
plot_diff_den              0
eda_nocv                   0
eda_vct_relax              1
disp_free_x                33
disp_free_c                25
eda_bsse                   1
eda_pct_a                  0
eda_covp                   0
eda_vct_a                  0
--------------------------------
 Attempting to make child job directory: /scratch/qchemscratch/qchem2825883//Frg1/
 Attempting to make child job directory: /scratch/qchemscratch/qchem2825883//Frg2/
 Creating input file /scratch/qchemscratch/qchem2825883/Frg1.input
 using default PutDataFrgm: nothing
 calling putenv with: QCSCRATCH=/scratch/qchemscratch/qchem2825883/ 
 Spawning Job For Fragment 0
 Done Job For Fragment 0
 calling putenv with: QCSCRATCH=/scratch/qchemscratch 
 calling putenv with: QCTHREADS=1 
 Creating input file /scratch/qchemscratch/qchem2825883/Frg2.input
 using default PutDataFrgm: nothing
 calling putenv with: QCSCRATCH=/scratch/qchemscratch/qchem2825883/ 
 Spawning Job For Fragment 1
 Done Job For Fragment 1
 calling putenv with: QCSCRATCH=/scratch/qchemscratch 
 calling putenv with: QCTHREADS=1 
Doing General SCFMI
 Exchange:  B97M-V      Correlation:  B97M-V
 Using SG-2 standard quadrature grid
 Nonlocal Correlation:  VV10 with C = 0.0100 and b = 6.00 and scale = 1.00000
 Grid used for NLC:  SG-1 standard quadrature
performing fock build before subrot guess so that all methods have access
Printing subrot_rss_gen Method Specification:
Occupied Subspace Method is 0
Virtual Subspace Method is 0
Energy of the unrelaxed supersystem initial determinant -798.649635023460
write pseudocanon occs and virts to disk
write pseudocanon orbital energies to disk
Tolerance of ortho_decomp_scf: 1.00e-06
GDM subspace size: 20
Beginning the Orthogonal Decomposition of the Initial Supersystem Wavefunction
    1    -798.5476326587      1.15e-01     ortho_decomp Preconditoned Steepest Descent
    2    -798.5586831976      3.03e-04     ortho_decomp BFGS Step
    3    -798.5586836036      3.09e-06     ortho_decomp BFGS Step
    4    -798.5586836037      2.75e-08     ortho_decomp 00000 Convergence criterion met
 Exchange:  revPBE      Correlation:  PBE
 Using SG-2 standard quadrature grid
 Exchange:  revPBE      Correlation:  PBE
 Using SG-2 standard quadrature grid
 Exchange:  revPBE      Correlation:  PBE
 Using SG-2 standard quadrature grid
Doing General SCFMI
 Exchange:  B97M-V      Correlation:  B97M-V
 Using SG-2 standard quadrature grid
 Nonlocal Correlation:  VV10 with C = 0.0100 and b = 6.00 and scale = 1.00000
 Grid used for NLC:  SG-1 standard quadrature
performing fock build at end of subrot_r(subrot) constructor so that all methods have access
<S^2> of initial wavefunction before polarization iterations 0.0000000000
Beginning iterations for the determination of the polarized wavefunction
Energy prior to optimization (guess energy) = -798.649635023460
Begin Timing: Total SCF Calculation
begin iterations for algorithm: DIIS         
the SCF tolerance is set to 1.00e-08
    1    -798.6496350235      1.71e-04     00000 
    2    -798.6560487330      7.43e-05     00000 
    3    -798.6562847457      6.39e-05     00000 
    4    -798.6565835566      2.73e-05     00000 
    5    -798.6566435721      6.98e-06     00000 
    6    -798.6566471553      4.20e-06     00000 
    7    -798.6566486900      1.33e-06     00000 
    8    -798.6566488444      7.82e-07     00000 
    9    -798.6566489012      3.44e-07     00000 
   10    -798.6566489117      1.73e-07     00000 
   11    -798.6566489131      1.03e-07     00000 
   12    -798.6566489136      5.45e-08     00000 
   13    -798.6566489138      2.48e-08     00000 
   14    -798.6566489139      8.11e-09     00000 Convergence criterion met
write pseudocanon occs and virts to disk
write pseudocanon orbital energies to disk
Timing for Total SCF: 2166.00s (wall), 2155.65s (cpu)
<S^2> of polarized wavefunction after polarization iterations 0.0000000000
relaxing scfmi constraint to allow all rotations in the entire AO span
Doing General SCFMI
 Exchange:  B97M-V      Correlation:  B97M-V
 Using SG-2 standard quadrature grid
 Nonlocal Correlation:  VV10 with C = 0.0100 and b = 6.00 and scale = 1.00000
 Grid used for NLC:  SG-1 standard quadrature
performing fock build at end of subrot_r(subrot) constructor so that all methods have access
<S^2> of polarized wavefunction before ct-allowed iterations 0.0000000000
Beginning iterations for the determination of the CT-Allowed wavefunction
Energy prior to optimization (guess energy) = -798.656648913893
Begin Timing: Total SCF Calculation
begin iterations for algorithm: DIIS         
the SCF tolerance is set to 1.00e-08
    1    -798.6566489139      1.87e-04     00000 
    2    -798.6633332376      2.36e-05     00000 
    3    -798.6632318741      3.92e-05     00000 
    4    -798.6634072761      6.85e-06     00000 
    5    -798.6634123712      3.32e-06     00000 
    6    -798.6634135265      1.22e-06     00000 
    7    -798.6634136894      2.90e-07     00000 
    8    -798.6634136977      1.39e-07     00000 
    9    -798.6634136996      4.51e-08     00000 
   10    -798.6634136999      1.03e-08     00000 
   11    -798.6634136999      4.08e-09     00000 Convergence criterion met
write pseudocanon occs and virts to disk
write pseudocanon orbital energies to disk
Timing for Total SCF: 1633.00s (wall), 1626.38s (cpu)
<S^2> of ct_allowed wavefunction after ct-allowed iterations 0.0000000000
 Attempting to make child job directory: /scratch/qchemscratch/qchem2825883//FrgBSSE1/
 Attempting to make child job directory: /scratch/qchemscratch/qchem2825883//FrgBSSE2/
 Creating input file /scratch/qchemscratch/qchem2825883/FrgBSSE1.input
 calling putenv with: QCSCRATCH=/scratch/qchemscratch/qchem2825883/ 
 Spawning Job For Fragment 0
 Done Job For Fragment 0
 calling putenv with: QCSCRATCH=/scratch/qchemscratch 
 calling putenv with: QCTHREADS=1 
 Creating input file /scratch/qchemscratch/qchem2825883/FrgBSSE2.input
 calling putenv with: QCSCRATCH=/scratch/qchemscratch/qchem2825883/ 
 Spawning Job For Fragment 1
 Done Job For Fragment 1
 calling putenv with: QCSCRATCH=/scratch/qchemscratch 
 calling putenv with: QCTHREADS=1 
====================================================================
   Evaluating the BSSE with fragment SCF in the supersystem basis
   Fragment contributions (kJ/mol) 
   Frgm 1: 0.2089
   Frgm 2: 0.5135
   BSSE (kJ/mol) = 0.7224
====================================================================

================================
        Results of EDA2         
================================
Basic EDA Quantities
--------------------
Fragment Energies (Ha):
1  -76.4314213212
2 -722.2054432454
--------------------
  E_prp (kJ/mol) = 0.0000
  E_frz (kJ/mol) = -33.5292
  E_pol (kJ/mol) = -18.4152
  E_vct (kJ/mol) = -17.0387 (CP-corrected)
  E_int (kJ/mol) = -68.9832 (CP-corrected)
--------------------


Decomposition of frozen interaction energy
--------------------
  --------------------
  Orthogonal Frozen Decomposition:
  --------------------
     E_elec   (ELEC)   (kJ/mol) = -174.1305
     E_pauli  (PAULI)  (kJ/mol) = 166.5553
     E_disp   (DISP)   (kJ/mol) = -25.9540
  --------------------
  Classical Frozen Decomposition:
  --------------------
     E_cls_elec  (CLS ELEC)  (kJ/mol) = -97.9279
     E_mod_pauli (MOD PAULI) (kJ/mol) = 90.3527 (FRZ - CLS ELEC - DISP)
     E_disp      (DISP)      (kJ/mol) = -25.9540
  --------------------
--------------------

Simplified EDA Summary (kJ/mol)
--------------------
 PREPARATION      0.0000
 FROZEN           -33.5292 (ELEC + PAULI + DISP)
[ELEC + PAULI = -7.5752, DISP = -25.9540]
 POLARIZATION    -18.4152
 CHARGE TRANSFER -17.0387     (counterpoise-corrected)
 TOTAL           -68.9832     (PRP + FRZ + POL + CT)
--------------------
 
 --------------------------------------------------------------
 
                    Orbital Energies (a.u.)
 --------------------------------------------------------------
 
 Alpha MOs
 -- Occupied --
-77.1025 -19.0138 -19.0124 -18.9890 -18.9370 -18.9312 -10.0870 -10.0858
 -6.5031  -4.5784  -4.5769  -4.5728  -0.8923  -0.8548  -0.8344  -0.7874
 -0.7559  -0.5352  -0.5175  -0.3749  -0.3244  -0.3175  -0.2897  -0.2845
 -0.2767  -0.2629  -0.2471  -0.2101  -0.1919  -0.1770  -0.1652  -0.1327
 -0.1229  -0.1173  -0.1120  -0.0992  -0.0855  -0.0707
 -- Virtual --
  0.0888   0.0934   0.1142   0.1150   0.1233   0.1279   0.1300   0.1468
  0.1545   0.1648   0.1691   0.1724   0.1754   0.1769   0.1892   0.1964
  0.1985   0.2046   0.2141   0.2207   0.2260   0.2334   0.2380   0.2436
  0.2452   0.2551   0.2631   0.2648   0.2679   0.2715   0.2773   0.2883
  0.2932   0.3013   0.3095   0.3131   0.3156   0.3197   0.3233   0.3315
  0.3368   0.3478   0.3506   0.3532   0.3594   0.3632   0.3685   0.3761
  0.3799   0.3821   0.3890   0.3913   0.3997   0.4066   0.4114   0.4193
  0.4216   0.4231   0.4282   0.4387   0.4478   0.4502   0.4595   0.4646
  0.4689   0.4721   0.4768   0.4873   0.4944   0.4976   0.5035   0.5112
  0.5164   0.5276   0.5323   0.5365   0.5438   0.5503   0.5563   0.5614
  0.5670   0.5756   0.5786   0.5871   0.5918   0.5941   0.6042   0.6072
  0.6142   0.6220   0.6334   0.6405   0.6515   0.6611   0.6693   0.6836
  0.6939   0.7040   0.7194   0.7251   0.7319   0.7393   0.7558   0.7662
  0.7699   0.7755   0.7843   0.7922   0.8090   0.8167   0.8245   0.8354
  0.8473   0.8547   0.8587   0.8656   0.8776   0.8826   0.8947   0.8996
  0.9041   0.9089   0.9223   0.9255   0.9303   0.9474   0.9528   0.9619
  0.9656   0.9685   0.9779   0.9814   0.9962   1.0033   1.0134   1.0202
  1.0274   1.0320   1.0412   1.0508   1.0604   1.0623   1.0715   1.0742
  1.0815   1.0862   1.0941   1.1050   1.1122   1.1134   1.1186   1.1273
  1.1403   1.1459   1.1474   1.1625   1.1690   1.1759   1.1797   1.1924
  1.2024   1.2037   1.2134   1.2186   1.2354   1.2388   1.2452   1.2473
  1.2593   1.2603   1.2801   1.2852   1.2955   1.3021   1.3153   1.3337
  1.3394   1.3462   1.3561   1.3804   1.3826   1.3976   1.4088   1.4149
  1.4347   1.4377   1.4417   1.4484   1.4574   1.4595   1.4721   1.4815
  1.4948   1.5185   1.5343   1.5456   1.5509   1.5680   1.5739   1.5773
  1.5912   1.6005   1.6122   1.6253   1.6358   1.6397   1.6463   1.6622
  1.6658   1.6700   1.6817   1.6862   1.7008   1.7177   1.7255   1.7286
  1.7460   1.7531   1.7612   1.7809   1.7944   1.7992   1.8233   1.8284
  1.8311   1.8483   1.8592   1.8769   1.8881   1.9032   1.9126   1.9198
  1.9284   1.9323   1.9478   1.9554   1.9767   1.9874   1.9975   2.0184
  2.0332   2.0495   2.0577   2.0663   2.0886   2.0965   2.1089   2.1181
  2.1216   2.1305   2.1508   2.1662   2.1770   2.1904   2.2070   2.2110
  2.2365   2.2716   2.2815   2.3007   2.3066   2.3239   2.3381   2.3506
  2.3678   2.3772   2.3781   2.3951   2.4206   2.4250   2.4472   2.4671
  2.4682   2.4900   2.5116   2.5255   2.5429   2.5526   2.5624   2.5732
  2.5946   2.5958   2.6034   2.6199   2.6444   2.6600   2.6634   2.6762
  2.6829   2.6866   2.6967   2.7153   2.7280   2.7448   2.7544   2.7859
  2.7919   2.8021   2.8259   2.8493   2.8713   2.8880   2.8999   2.9132
  2.9296   2.9516   2.9676   2.9780   2.9908   3.0112   3.0220   3.0402
  3.0429   3.1034   3.1317   3.1444   3.1549   3.1753   3.2165   3.2367
  3.2558   3.2609   3.2826   3.3001   3.3336   3.3448   3.3481   3.3866
  3.4058   3.4175   3.4418   3.4507   3.4803   3.5202   3.5345   3.5582
  3.5643   3.5890   3.5917   3.6246   3.6358   3.6508   3.6845   3.6979
  3.7090   3.7275   3.7461   3.7818   3.7961   3.8034   3.8132   3.8296
  3.8502   3.8797   3.9093   3.9606   3.9737   4.0017   4.0201   4.0330
  4.0810   4.0950   4.1111   4.1488   4.1757   4.1800   4.2049   4.2203
  4.2276   4.2390   4.2686   4.2951   4.3071   4.3238   4.3456   4.3896
  4.4012   4.4282   4.4600   4.4681   4.5124   4.5516   4.5693   4.5832
  4.5898   4.6140   4.6383   4.6439   4.6659   4.6725   4.6944   4.7007
  4.7340   4.7683   4.7780   4.7976   4.8208   4.8338   4.8592   4.8915
  4.9079   4.9281   4.9482   4.9587   4.9815   5.0187   5.0843   5.1288
  5.1475   5.1800   5.1988   5.2018   5.2292   5.2399   5.2489   5.3143
  5.3428   5.3522   5.3697   5.4090   5.4136   5.4408   5.4470   5.4620
  5.5244   5.5574   5.5769   5.5953   5.6048   5.6116   5.6416   5.6565
  5.6646   5.6980   5.7063   5.7897   5.9188   5.9434   6.0775   6.0863
  6.1164   6.1371   6.2572   6.2924   6.4352   6.5328   6.6222   6.6449
  6.6566   6.6705   6.7171   6.7456   6.7922   6.8162   6.8527   6.8620
  6.8733   6.8933   6.9125   6.9165   6.9465   6.9526   6.9602   6.9737
  7.0008   7.0159   7.0349   7.0506   7.0646   7.0888   7.0922   7.1076
  7.1186   7.1410   7.1550   7.1681   7.2024   7.2217   7.2404   7.2617
  7.2670   7.2730   7.2822   7.3018   7.3430   7.3488   7.3731   7.3846
  7.3999   7.4357   7.4396   7.4454   7.4884   7.5042   7.5524   7.5661
  7.6497   7.6580   7.6868   7.7367   7.7618   7.7916   7.8197   7.9573
  7.9835   8.0177   8.0341   8.0729   8.1080   8.8322  11.0708  12.6265
 13.6152  14.5172  15.0464  16.4242  17.6532  17.8787
 --------------------------------------------------------------
 
          Ground-State Mulliken Net Atomic Charges

     Atom                 Charge (a.u.)
  ----------------------------------------
      1 O                    -0.696042
      2 H                     0.296090
      3 H                     0.332666
      4 H                     0.316269
      5 H                     0.436991
      6 H                     0.367293
      7 H                     0.362685
      8 C                    -0.971612
      9 C                    -0.930395
     10 H                     0.387127
     11 H                     0.394374
     12 O                    -0.936471
     13 O                    -0.870620
     14 O                    -0.515750
     15 O                    -0.512307
     16 P                     1.539703
  ----------------------------------------
  Sum of atomic charges =    -1.000000

 -----------------------------------------------------------------
                    Cartesian Multipole Moments
 -----------------------------------------------------------------
    Charge (ESU x 10^10)
                -4.8032
    Dipole Moment (Debye)
         X      -0.1300      Y       1.5140      Z       2.4689
       Tot       2.8991
    Quadrupole Moments (Debye-Ang)
        XX     -58.3560     XY       4.1564     YY     -83.8275
        XZ      -1.1209     YZ       1.1511     ZZ     -65.1353
    Octopole Moments (Debye-Ang^2)
       XXX      -1.8593    XXY      -0.6998    XYY      10.4078
       YYY     -11.1974    XXZ      -0.1445    XYZ      -0.5673
       YYZ       8.7982    XZZ      -1.2043    YZZ       3.9512
       ZZZ       7.3015
    Hexadecapole Moments (Debye-Ang^3)
      XXXX    -703.4677   XXXY       2.0146   XXYY    -234.4563
      XYYY      21.4199   YYYY    -839.8730   XXXZ      -4.9266
      XXYZ       5.8456   XYYZ      -9.4918   YYYZ      -1.9636
      XXZZ    -153.8001   XYZZ      -4.4334   YYZZ    -139.9270
      XZZZ       1.9668   YZZZ      -2.4200   ZZZZ    -251.1764
 -----------------------------------------------------------------
 Total job time:  10853.08s(wall), 6690.35s(cpu) 
 Tue Mar  5 12:50:33 2024

        *************************************************************
        *                                                           *
        *  Thank you very much for using Q-Chem.  Have a nice day.  *
        *                                                           *
        *************************************************************


