
Running Job 1 of 1 DMP_gg_12_1.0_total_mol1.inp
qchem DMP_gg_12_1.0_total_mol1.inp_325206.0 /scratch/qchemscratch/qchem325206/ 1
/opt/qchem/6.1/exe/qcprog.exe_s DMP_gg_12_1.0_total_mol1.inp_325206.0 /scratch/qchemscratch/qchem325206/
                  Welcome to Q-Chem
     A Quantum Leap Into The Future Of Chemistry


 Q-Chem 6.1, Q-Chem, Inc., Pleasanton, CA (2023)

 License issued to: SRG Pengyu Ren, University of Texas at Austin

 E. Epifanovsky,  A. T. B. Gilbert,  Xintian Feng,  Joonho Lee,  Yuezhi Mao,  
 N. Mardirossian,  P. Pokhilko,  A. White,  M. Wormit,  M. P. Coons,  
 A. L. Dempwolff,  Zhengting Gan,  D. Hait,  P. R. Horn,  L. D. Jacobson,  
 I. Kaliman,  J. Kussmann,  A. W. Lange,  Ka Un Lao,  D. S. Levine,  Jie Liu,  
 S. C. McKenzie,  A. F. Morrison,  K. D. Nanda,  F. Plasser,  D. R. Rehn,  
 M. L. Vidal,  Zhi-Qiang You,  Ying Zhu,  B. Alam,  B. Albrecht,  
 A. Aldossary,  E. Alguire,  J. H. Andersen,  V. Athavale,  D. Barton,  
 K. Begam,  A. Behn,  N. Bellonzi,  Y. A. Bernard,  E. J. Berquist,  
 H. Burton,  A. Carreras,  K. Carter-Fenk,  Mathew Chow,  Romit Chakraborty,  
 Chandrima Chakravarty,  Junhan Chen,  A. D. Chien,  K. D. Closser,  
 V. Cofer-Shabica,  L. Cunha,  S. Dasgupta,  Jia Deng,  M. de Wergifosse,  
 M. Diedenhofen,  Hainam Do,  S. Ehlert,  Po-Tung Fang,  S. Fatehi,  
 Qingguo Feng,  T. Friedhoff,  Thomas Froitzheim,  B. Ganoe,  J. Gayvert,  
 Qinghui Ge,  G. Gidofalvi,  M. Gimferrer,  M. Goldey,  Montgomery Gray,  
 J. Gomes,  C. Gonzalez-Espinoza,  S. Gulania,  A. Gunina,  J. A. Gyamfi,  
 M. W. D. Hanson-Heine,  P. H. P. Harbach,  A. W. Hauser,  M. F. Herbst,  
 M. Hernandez Vera,  M. Hodecker,  Z. C. Holden,  S. Houck,  Xunkun Huang,  
 Kerwin Hui,  B. C. Huynh,  K. Ikeda,  M. Ivanov,  Hyunjun Ji,  Zuxin Jin,  
 Hanjie Jiang,  Subrata Jana,  B. Kaduk,  S. Kaehler,  R. Kang,  
 K. Khistyaev,  Jaehoon Kim,  Yongbin Kim,  P. Klunzinger,  Z. Koczor-Benda,  
 Joong Hoon Koh,  D. Kosenkov,  Saikiran Kotaru,  L. Koulias,  T. Kowalczyk,  
 C. M. Krauter,  K. Kue,  A. Kunitsa,  T. Kus,  A. Landau,  K. V. Lawler,  
 D. Lefrancois,  S. Lehtola,  Rain Li,  Shaozhi Li,  Yi-Pei Li,  
 Jiashu Liang,  M. Liebenthal,  Hung-Hsuan Lin,  You-Sheng Lin,  Fenglai Liu,  
 Kuan-Yu Liu,  Xiao Liu,  M. Loipersberger,  A. Luenser,  C. Malbon,  
 A. Manjanath,  P. Manohar,  E. Mansoor,  S. F. Manzer,  Shan-Ping Mao,  
 A. V. Marenich,  T. Markovich,  S. Mason,  F. Matz,  S. A. Maurer,  
 P. F. McLaughlin,  M. F. S. J. Menger,  J.-M. Mewes,  S. A. Mewes,  
 P. Morgante,  Mohammad Mostafanejad,  J. W. Mullinax,  K. J. Oosterbaan,  
 G. Paran,  V. Parravicini,  Alexander C. Paul,  Suranjan K. Paul,  
 F. Pavosevic,  Zheng Pei,  S. Prager,  E. I. Proynov,  E. Ramos,  B. Rana,  
 A. E. Rask,  A. Rettig,  R. M. Richard,  F. Rob,  E. Rossomme,  T. Scheele,  
 M. Scheurer,  M. Schneider,  P. E. Schneider,  Tim K. Schramm,  N. Sergueev,  
 S. M. Sharada,  M. Sharma,  Hengyuan Shen,  W. Skomorowski,  D. W. Small,  
 C. J. Stein,  Alistair J. Sterling,  Yingli Su,  Yu-Chuan Su,  
 E. J. Sundstrom,  J. Talbot,  Zhen Tao,  J. Thirman,  Hung-Yi Tsai,  
 T. Tsuchimochi,  N. M. Tubman,  C. Utku,  S. P. Veccham,  O. Vydrov,  
 J. Wenzel,  Jonathan Wong,  J. Witte,  A. Yamada,  Chou-Hsun Yang,  Kun Yao,  
 S. Yeganeh,  S. R. Yost,  A. Zech,  F. Zeller,  Igor Ying Zhang,  
 Xing Zhang,  Yu Zhang,  D. Zuev,  A. Aspuru-Guzik,  A. T. Bell,  
 N. A. Besley,  K. B. Bravaya,  B. R. Brooks,  D. Casanova,  Jeng-Da Chai,  
 Hsing-Ta Chen,  S. Coriani,  C. J. Cramer,  A. E. DePrince, III,  
 R. A. DiStasio Jr.,  A. Dreuw,  B. D. Dunietz,  T. R. Furlani,  
 W. A. Goddard III,  S. Grimme,  S. Hammes-Schiffer,  T. Head-Gordon,  
 W. J. Hehre,  Chao-Ping Hsu,  T.-C. Jagau,  Yousung Jung,  A. Klamt,  
 Jing Kong,  D. S. Lambrecht,  Xiangyuan Li,  WanZhen Liang,  N. J. Mayhall,  
 C. W. McCurdy,  J. B. Neaton,  T. Neudecker,  C. Ochsenfeld,  
 J. A. Parkhill,  R. Peverati,  V. A. Rassolov,  Haisheng Ren,  Yihan Shao,  
 L. V. Slipchenko,  R. P. Steele,  J. E. Subotnik,  A. J. W. Thom,  
 A. Tkatchenko,  D. G. Truhlar,  T. Van Voorhis,  Fan Wang,  
 T. A. Wesolowski,  K. B. Whaley,  H. L. Woodcock III,  P. M. Zimmerman,  
 S. Faraji,  P. M. W. Gill,  M. Head-Gordon,  J. M. Herbert,  A. I. Krylov

 Contributors to earlier versions of Q-Chem not listed above: 
 R. D. Adamson,  B. Austin,  R. Baer,  J. Baker,  G. J. O. Beran,  
 K. Brandhorst,  S. T. Brown,  E. F. C. Byrd,  Arup K. Chakraborty,  
 G. K. L. Chan,  Chun-Min Chang,  Yunqing Chen,  C.-L. Cheng,  
 Siu Hung Chien,  D. M. Chipman,  D. L. Crittenden,  H. Dachsel,  
 R. J. Doerksen,  A. D. Dutoi,  R. G. Edgar,  J. Fosso-Tande,  
 L. Fusti-Molnar,  D. Ghosh,  A. Ghysels,  A. Golubeva-Zadorozhnaya,  
 J. Gonthier,  M. S. Gordon,  S. R. Gwaltney,  G. Hawkins,  J. E. Herr,  
 A. Heyden,  S. Hirata,  E. G. Hohenstein,  G. Kedziora,  F. J. Keil,  
 C. Kelley,  Jihan Kim,  R. A. King,  R. Z. Khaliullin,  P. P. Korambath,  
 W. Kurlancheek,  A. Laurent,  A. M. Lee,  M. S. Lee,  S. V. Levchenko,  
 Ching Yeh Lin,  D. Liotard,  E. Livshits,  R. C. Lochan,  I. Lotan,  
 L. A. Martinez-Martinez,  P. E. Maslen,  N. Nair,  D. P. O'Neill,  
 D. Neuhauser,  E. Neuscamman,  C. M. Oana,  R. Olivares-Amaya,  R. Olson,  
 T. M. Perrine,  B. Peters,  P. A. Pieniazek,  A. Prociuk,  Y. M. Rhee,  
 J. Ritchie,  M. A. Rohrdanz,  E. Rosta,  N. J. Russ,  H. F. Schaefer III,  
 M. W. Schmidt,  N. E. Schultz,  S. Sharma,  N. Shenvi,  C. D. Sherrill,  
 A. C. Simmonett,  A. Sodt,  T. Stein,  D. Stuck,  K. S. Thanthiriwatte,  
 V. Vanovschi,  L. Vogt,  Tao Wang,  A. Warshel,  M. A. Watson,  
 C. F. Williams,  Q. Wu,  X. Xu,  Jun Yang,  W. Zhang,  Yan Zhao

   Please cite Q-Chem as follows:
  "Software for the frontiers of quantum chemistry:
   An overview of developments in the Q-Chem 5 package"
   J. Chem. Phys. 155, 084801 (2021)
   https://doi.org/10.1063/5.0055522 (open access)

 Q-Chem 6.1.1 for Intel X86 EM64T Linux

 Parts of Q-Chem use Armadillo 9.900.5 (Nocturnal Misbehaviour).
 http://arma.sourceforge.net/

 Q-Chem begins on Wed Apr 17 16:28:05 2024  

 Host: 
0

     Scratch files written to /scratch/qchemscratch/qchem325206//
 Jan1824 |scratch|qcdevops|jenkins|workspace|build_RNUM UKVU   
 Processing $rem in /opt/qchem/6.1/config/preferences:
 Processing $rem in /home/mm227274/.qchemrc:

 Checking the input file for inconsistencies... 	...done.

--------------------------------------------------------------
User input:
--------------------------------------------------------------
$molecule
0 1
O         -3.00488       -0.68889       -0.43838
H         -2.50000       -0.96813        0.35232
H         -2.25265       -0.60458       -1.05920
$end

$rem
JOBTYPE          sp
METHOD           b97m-v
BASIS            aug-cc-pvtz
SCF_CONVERGENCE  8
THRESH           14
SYMMETRY         false
DISP_FREE_X      revPBE
DISP_FREE_C      PBE
EDA_BSSE         true
$end
--------------------------------------------------------------
 ----------------------------------------------------------------
             Standard Nuclear Orientation (Angstroms)
    I     Atom           X                Y                Z
 ----------------------------------------------------------------
    1      O      -0.0000494526    -0.1283425972     0.0000000000
    2      H      -0.7390144762     0.5135421088    -0.0000000000
    3      H       0.7394100966     0.5131986692     0.0000000000
 ----------------------------------------------------------------
 Molecular Point Group                 Cs    NOp =  2
 Largest Abelian Subgroup              Cs    NOp =  2
 Nuclear Repulsion Energy =           9.00733622 hartrees
 There are        5 alpha and        5 beta electrons
 Requested basis set is aug-cc-pVTZ
 There are 32 shells and 92 basis functions

 Total QAlloc Memory Limit  16000 MB
 Mega-Array Size       188 MB
 MEM_STATIC part       192 MB


                       Distance Matrix (Angstroms)
             O (  1)   H (  2)
   H (  2)  0.978818
   H (  3)  0.978967  1.478425
 
 A cutoff of  1.0D-14 yielded    528 shell pairs
 There are      4420 function pairs (      5790 Cartesian)
 Smallest overlap matrix eigenvalue = 4.14E-04

 Scale SEOQF with 1.000000e-01/1.000000e-01/1.000000e-01

 Standard Electronic Orientation quadrupole field applied
 Guess from superposition of atomic densities
 Warning:  Energy on first SCF cycle will be non-variational
 SAD guess density has 10.000000 electrons

 -----------------------------------------------------------------------
  General SCF calculation program by
  Eric Jon Sundstrom, Paul Horn, Yuezhi Mao, Dmitri Zuev, Alec White,
  David Stuck, Shaama M.S., Shane Yost, Joonho Lee, David Small,
  Daniel Levine, Susi Lehtola, Hugh Burton, Evgeny Epifanovsky,
  Bang C. Huynh
 -----------------------------------------------------------------------
 Exchange:  B97M-V      Correlation:  B97M-V
 Using SG-2 standard quadrature grid
 Nonlocal Correlation:  VV10 with C = 0.0100 and b = 6.00 and scale = 1.00000
 Grid used for NLC:  SG-1 standard quadrature
 A restricted SCF calculation will be
 performed using DIIS
 SCF converges when DIIS error is below 1.0e-08
 ---------------------------------------
  Cycle       Energy         DIIS error
 ---------------------------------------
    1     -76.3785584337      3.38e-02  
    2     -76.3634048218      9.30e-03  
    3     -76.2395418945      1.54e-02  
    4     -76.4314104070      3.57e-04  
    5     -76.4315453413      9.24e-05  
    6     -76.4315506601      2.53e-05  
    7     -76.4315511975      8.55e-07  
    8     -76.4315511981      3.31e-08  
    9     -76.4315511981      2.29e-09  Convergence criterion met
 ---------------------------------------
 SCF time:   CPU 5.44s  wall 6.00s 
 SCF   energy =   -76.43155120
 Total energy =   -76.43155120
 
 --------------------------------------------------------------
             Orbital Energies (a.u.) and Symmetries
 --------------------------------------------------------------
 
 Alpha MOs, Restricted
 -- Occupied --                  
-19.165  -1.005  -0.486  -0.377  -0.285
  1 A'    2 A'    3 A'    4 A'    1 A"                                         
 -- Virtual --                   
 -0.029   0.022   0.077   0.096   0.103   0.112   0.149   0.173
  5 A'    6 A'    7 A'    2 A"    8 A'    9 A'   10 A'   11 A'                 
  0.195   0.214   0.221   0.310   0.322   0.336   0.472   0.530
  3 A"    4 A"   12 A'   13 A'   14 A'   15 A'   16 A'   17 A'                 
  0.568   0.599   0.600   0.691   0.721   0.740   0.769   0.771
 18 A'    5 A"    6 A"   19 A'    7 A"   20 A'    8 A"   21 A'                 
  0.802   0.813   0.821   0.886   0.896   0.925   0.998   1.066
  9 A"   22 A'   23 A'   24 A'   25 A'   10 A"   26 A'   27 A'                 
  1.070   1.132   1.340   1.348   1.395   1.627   1.693   1.755
 11 A"   28 A'   29 A'   12 A"   13 A"   30 A'   31 A'   32 A'                 
  1.912   2.049   2.095   2.135   2.184   2.241   2.247   2.299
 33 A'   14 A"   15 A"   34 A'   35 A'   16 A"   36 A'   37 A'                 
  2.500   2.510   2.566   2.593   2.683   3.438   3.448   3.761
 38 A'   17 A"   39 A'   40 A'   18 A"   41 A'   42 A'   19 A"                 
  3.923   3.971   4.088   4.146   4.249   4.251   4.269   4.316
 20 A"   43 A'   21 A"   44 A'   45 A'   22 A"   23 A"   46 A'                 
  4.494   4.622   4.954   5.018   5.050   5.128   5.309   5.414
 47 A'   48 A'   24 A"   49 A'   50 A'   51 A'   25 A"   52 A'                 
  6.000   6.294   6.517   6.754   6.943   6.970   6.994   7.044
 53 A'   54 A'   26 A"   55 A'   27 A"   28 A"   56 A'   29 A"                 
  7.105   7.144   7.264   7.587   7.735   8.559  14.821
 57 A'   30 A"   58 A'   59 A'   60 A'   61 A'   62 A'                         
 
 Beta MOs, Restricted
 -- Occupied --                  
-19.165  -1.005  -0.486  -0.377  -0.285
  1 A'    2 A'    3 A'    4 A'    1 A"                                         
 -- Virtual --                   
 -0.029   0.022   0.077   0.096   0.103   0.112   0.149   0.173
  5 A'    6 A'    7 A'    2 A"    8 A'    9 A'   10 A'   11 A'                 
  0.195   0.214   0.221   0.310   0.322   0.336   0.472   0.530
  3 A"    4 A"   12 A'   13 A'   14 A'   15 A'   16 A'   17 A'                 
  0.568   0.599   0.600   0.691   0.721   0.740   0.769   0.771
 18 A'    5 A"    6 A"   19 A'    7 A"   20 A'    8 A"   21 A'                 
  0.802   0.813   0.821   0.886   0.896   0.925   0.998   1.066
  9 A"   22 A'   23 A'   24 A'   25 A'   10 A"   26 A'   27 A'                 
  1.070   1.132   1.340   1.348   1.395   1.627   1.693   1.755
 11 A"   28 A'   29 A'   12 A"   13 A"   30 A'   31 A'   32 A'                 
  1.912   2.049   2.095   2.135   2.184   2.241   2.247   2.299
 33 A'   14 A"   15 A"   34 A'   35 A'   16 A"   36 A'   37 A'                 
  2.500   2.510   2.566   2.593   2.683   3.438   3.448   3.761
 38 A'   17 A"   39 A'   40 A'   18 A"   41 A'   42 A'   19 A"                 
  3.923   3.971   4.088   4.146   4.249   4.251   4.269   4.316
 20 A"   43 A'   21 A"   44 A'   45 A'   22 A"   23 A"   46 A'                 
  4.494   4.622   4.954   5.018   5.050   5.128   5.309   5.414
 47 A'   48 A'   24 A"   49 A'   50 A'   51 A'   25 A"   52 A'                 
  6.000   6.294   6.517   6.754   6.943   6.970   6.994   7.044
 53 A'   54 A'   26 A"   55 A'   27 A"   28 A"   56 A'   29 A"                 
  7.105   7.144   7.264   7.587   7.735   8.559  14.821
 57 A'   30 A"   58 A'   59 A'   60 A'   61 A'   62 A'                         
 --------------------------------------------------------------
 
          Ground-State Mulliken Net Atomic Charges

     Atom                 Charge (a.u.)
  ----------------------------------------
      1 O                    -0.513327
      2 H                     0.256613
      3 H                     0.256715
  ----------------------------------------
  Sum of atomic charges =     0.000000

 -----------------------------------------------------------------
                    Cartesian Multipole Moments
 -----------------------------------------------------------------
    Charge (ESU x 10^10)
                -0.0000
    Dipole Moment (Debye)
         X       0.0006      Y       1.8988      Z      -0.0000
       Tot       1.8988
    Quadrupole Moments (Debye-Ang)
        XX      -4.6809     XY      -0.0003     YY      -6.2367
        XZ      -0.0000     YZ      -0.0000     ZZ      -7.7648
    Octopole Moments (Debye-Ang^2)
       XXX       0.0012    XXY       1.2379    XYY      -0.0003
       YYY       0.9407    XXZ      -0.0000    XYZ      -0.0000
       YYZ      -0.0000    XZZ      -0.0000    YZZ       0.1704
       ZZZ      -0.0000
    Hexadecapole Moments (Debye-Ang^3)
      XXXX      -6.9523   XXXY       0.0001   XXYY      -2.1217
      XYYY      -0.0007   YYYY      -8.1447   XXXZ      -0.0000
      XXYZ      -0.0000   XYYZ      -0.0000   YYYZ      -0.0000
      XXZZ      -2.7190   XYZZ      -0.0001   YYZZ      -2.7023
      XZZZ      -0.0000   YZZZ      -0.0000   ZZZZ      -7.6623
 -----------------------------------------------------------------
 Total job time:  5.64s(wall), 5.53s(cpu) 
 Wed Apr 17 16:28:11 2024

        *************************************************************
        *                                                           *
        *  Thank you very much for using Q-Chem.  Have a nice day.  *
        *                                                           *
        *************************************************************


