
Running Job 1 of 1 DMP_gg_10_1.0.inp
qchem DMP_gg_10_1.0.inp_2655177.0 /scratch/qchemscratch/qchem2655177/ 1
/opt/qchem/6.1/exe/qcprog.exe_s DMP_gg_10_1.0.inp_2655177.0 /scratch/qchemscratch/qchem2655177/
                  Welcome to Q-Chem
     A Quantum Leap Into The Future Of Chemistry


 Q-Chem 6.1, Q-Chem, Inc., Pleasanton, CA (2023)

 License issued to: SRG Pengyu Ren, University of Texas at Austin

 E. Epifanovsky,  A. T. B. Gilbert,  Xintian Feng,  Joonho Lee,  Yuezhi Mao,  
 N. Mardirossian,  P. Pokhilko,  A. White,  M. Wormit,  M. P. Coons,  
 A. L. Dempwolff,  Zhengting Gan,  D. Hait,  P. R. Horn,  L. D. Jacobson,  
 I. Kaliman,  J. Kussmann,  A. W. Lange,  Ka Un Lao,  D. S. Levine,  Jie Liu,  
 S. C. McKenzie,  A. F. Morrison,  K. D. Nanda,  F. Plasser,  D. R. Rehn,  
 M. L. Vidal,  Zhi-Qiang You,  Ying Zhu,  B. Alam,  B. Albrecht,  
 A. Aldossary,  E. Alguire,  J. H. Andersen,  V. Athavale,  D. Barton,  
 K. Begam,  A. Behn,  N. Bellonzi,  Y. A. Bernard,  E. J. Berquist,  
 H. Burton,  A. Carreras,  K. Carter-Fenk,  Mathew Chow,  Romit Chakraborty,  
 Chandrima Chakravarty,  Junhan Chen,  A. D. Chien,  K. D. Closser,  
 V. Cofer-Shabica,  L. Cunha,  S. Dasgupta,  Jia Deng,  M. de Wergifosse,  
 M. Diedenhofen,  Hainam Do,  S. Ehlert,  Po-Tung Fang,  S. Fatehi,  
 Qingguo Feng,  T. Friedhoff,  Thomas Froitzheim,  B. Ganoe,  J. Gayvert,  
 Qinghui Ge,  G. Gidofalvi,  M. Gimferrer,  M. Goldey,  Montgomery Gray,  
 J. Gomes,  C. Gonzalez-Espinoza,  S. Gulania,  A. Gunina,  J. A. Gyamfi,  
 M. W. D. Hanson-Heine,  P. H. P. Harbach,  A. W. Hauser,  M. F. Herbst,  
 M. Hernandez Vera,  M. Hodecker,  Z. C. Holden,  S. Houck,  Xunkun Huang,  
 Kerwin Hui,  B. C. Huynh,  K. Ikeda,  M. Ivanov,  Hyunjun Ji,  Zuxin Jin,  
 Hanjie Jiang,  Subrata Jana,  B. Kaduk,  S. Kaehler,  R. Kang,  
 K. Khistyaev,  Jaehoon Kim,  Yongbin Kim,  P. Klunzinger,  Z. Koczor-Benda,  
 Joong Hoon Koh,  D. Kosenkov,  Saikiran Kotaru,  L. Koulias,  T. Kowalczyk,  
 C. M. Krauter,  K. Kue,  A. Kunitsa,  T. Kus,  A. Landau,  K. V. Lawler,  
 D. Lefrancois,  S. Lehtola,  Rain Li,  Shaozhi Li,  Yi-Pei Li,  
 Jiashu Liang,  M. Liebenthal,  Hung-Hsuan Lin,  You-Sheng Lin,  Fenglai Liu,  
 Kuan-Yu Liu,  Xiao Liu,  M. Loipersberger,  A. Luenser,  C. Malbon,  
 A. Manjanath,  P. Manohar,  E. Mansoor,  S. F. Manzer,  Shan-Ping Mao,  
 A. V. Marenich,  T. Markovich,  S. Mason,  F. Matz,  S. A. Maurer,  
 P. F. McLaughlin,  M. F. S. J. Menger,  J.-M. Mewes,  S. A. Mewes,  
 P. Morgante,  Mohammad Mostafanejad,  J. W. Mullinax,  K. J. Oosterbaan,  
 G. Paran,  V. Parravicini,  Alexander C. Paul,  Suranjan K. Paul,  
 F. Pavosevic,  Zheng Pei,  S. Prager,  E. I. Proynov,  E. Ramos,  B. Rana,  
 A. E. Rask,  A. Rettig,  R. M. Richard,  F. Rob,  E. Rossomme,  T. Scheele,  
 M. Scheurer,  M. Schneider,  P. E. Schneider,  Tim K. Schramm,  N. Sergueev,  
 S. M. Sharada,  M. Sharma,  Hengyuan Shen,  W. Skomorowski,  D. W. Small,  
 C. J. Stein,  Alistair J. Sterling,  Yingli Su,  Yu-Chuan Su,  
 E. J. Sundstrom,  J. Talbot,  Zhen Tao,  J. Thirman,  Hung-Yi Tsai,  
 T. Tsuchimochi,  N. M. Tubman,  C. Utku,  S. P. Veccham,  O. Vydrov,  
 J. Wenzel,  Jonathan Wong,  J. Witte,  A. Yamada,  Chou-Hsun Yang,  Kun Yao,  
 S. Yeganeh,  S. R. Yost,  A. Zech,  F. Zeller,  Igor Ying Zhang,  
 Xing Zhang,  Yu Zhang,  D. Zuev,  A. Aspuru-Guzik,  A. T. Bell,  
 N. A. Besley,  K. B. Bravaya,  B. R. Brooks,  D. Casanova,  Jeng-Da Chai,  
 Hsing-Ta Chen,  S. Coriani,  C. J. Cramer,  A. E. DePrince, III,  
 R. A. DiStasio Jr.,  A. Dreuw,  B. D. Dunietz,  T. R. Furlani,  
 W. A. Goddard III,  S. Grimme,  S. Hammes-Schiffer,  T. Head-Gordon,  
 W. J. Hehre,  Chao-Ping Hsu,  T.-C. Jagau,  Yousung Jung,  A. Klamt,  
 Jing Kong,  D. S. Lambrecht,  Xiangyuan Li,  WanZhen Liang,  N. J. Mayhall,  
 C. W. McCurdy,  J. B. Neaton,  T. Neudecker,  C. Ochsenfeld,  
 J. A. Parkhill,  R. Peverati,  V. A. Rassolov,  Haisheng Ren,  Yihan Shao,  
 L. V. Slipchenko,  R. P. Steele,  J. E. Subotnik,  A. J. W. Thom,  
 A. Tkatchenko,  D. G. Truhlar,  T. Van Voorhis,  Fan Wang,  
 T. A. Wesolowski,  K. B. Whaley,  H. L. Woodcock III,  P. M. Zimmerman,  
 S. Faraji,  P. M. W. Gill,  M. Head-Gordon,  J. M. Herbert,  A. I. Krylov

 Contributors to earlier versions of Q-Chem not listed above: 
 R. D. Adamson,  B. Austin,  R. Baer,  J. Baker,  G. J. O. Beran,  
 K. Brandhorst,  S. T. Brown,  E. F. C. Byrd,  Arup K. Chakraborty,  
 G. K. L. Chan,  Chun-Min Chang,  Yunqing Chen,  C.-L. Cheng,  
 Siu Hung Chien,  D. M. Chipman,  D. L. Crittenden,  H. Dachsel,  
 R. J. Doerksen,  A. D. Dutoi,  R. G. Edgar,  J. Fosso-Tande,  
 L. Fusti-Molnar,  D. Ghosh,  A. Ghysels,  A. Golubeva-Zadorozhnaya,  
 J. Gonthier,  M. S. Gordon,  S. R. Gwaltney,  G. Hawkins,  J. E. Herr,  
 A. Heyden,  S. Hirata,  E. G. Hohenstein,  G. Kedziora,  F. J. Keil,  
 C. Kelley,  Jihan Kim,  R. A. King,  R. Z. Khaliullin,  P. P. Korambath,  
 W. Kurlancheek,  A. Laurent,  A. M. Lee,  M. S. Lee,  S. V. Levchenko,  
 Ching Yeh Lin,  D. Liotard,  E. Livshits,  R. C. Lochan,  I. Lotan,  
 L. A. Martinez-Martinez,  P. E. Maslen,  N. Nair,  D. P. O'Neill,  
 D. Neuhauser,  E. Neuscamman,  C. M. Oana,  R. Olivares-Amaya,  R. Olson,  
 T. M. Perrine,  B. Peters,  P. A. Pieniazek,  A. Prociuk,  Y. M. Rhee,  
 J. Ritchie,  M. A. Rohrdanz,  E. Rosta,  N. J. Russ,  H. F. Schaefer III,  
 M. W. Schmidt,  N. E. Schultz,  S. Sharma,  N. Shenvi,  C. D. Sherrill,  
 A. C. Simmonett,  A. Sodt,  T. Stein,  D. Stuck,  K. S. Thanthiriwatte,  
 V. Vanovschi,  L. Vogt,  Tao Wang,  A. Warshel,  M. A. Watson,  
 C. F. Williams,  Q. Wu,  X. Xu,  Jun Yang,  W. Zhang,  Yan Zhao

   Please cite Q-Chem as follows:
  "Software for the frontiers of quantum chemistry:
   An overview of developments in the Q-Chem 5 package"
   J. Chem. Phys. 155, 084801 (2021)
   https://doi.org/10.1063/5.0055522 (open access)

 Q-Chem 6.1.1 for Intel X86 EM64T Linux

 Parts of Q-Chem use Armadillo 9.900.5 (Nocturnal Misbehaviour).
 http://arma.sourceforge.net/

 Q-Chem begins on Mon Mar  4 14:03:21 2024  

 Host: 
0

     Scratch files written to /scratch/qchemscratch/qchem2655177//
 Jan1824 |scratch|qcdevops|jenkins|workspace|build_RNUM UKVU   
 Processing $rem in /opt/qchem/6.1/config/preferences:
 Processing $rem in /home/mm227274/.qchemrc:

 Q-Chem warning in module libgen/rem_setup.C, line 3361:

 Neither GIA nor STOLL is specified by user. Use STOLL as the default


 Checking the input file for inconsistencies... 	...done.

--------------------------------------------------------------
User input:
--------------------------------------------------------------
$molecule
-1 1
--
0 1

O          2.99040        0.68579        0.66322
H          2.07808        0.83522        1.00588
H          2.77901        0.38157       -0.23438
--
-1 1

H          0.12697       -2.37209        0.27759
C          1.03438       -1.87117       -0.07224
H         -2.11830       -0.01234        1.83919
H         -2.99327        0.84300        0.54501
C         -2.57702       -0.12460        0.85235
H          1.62886       -2.57131       -0.66684
H          1.62028       -1.52679        0.78232
H         -3.38930       -0.85652        0.89919
O          0.19929        0.72659        1.11008
O         -0.52781        1.41203       -1.34680
O          0.70747       -0.77961       -0.93546
O         -1.63417       -0.60635       -0.09761
P         -0.29052        0.38309       -0.28507
$end

$rem
JOBTYPE          eda
EDA2             2
METHOD           b97m-v
BASIS            aug-cc-pvtz
SCF_CONVERGENCE  8
THRESH           14
SYMMETRY         false
DISP_FREE_X      revPBE
DISP_FREE_C      PBE
EDA_BSSE         true
$end
--------------------------------------------------------------
 ----------------------------------------------------------------
             Standard Nuclear Orientation (Angstroms)
    I     Atom           X                Y                Z
 ----------------------------------------------------------------
    1      O      -2.9903971035     0.6857956876    -0.6632182650
    2      H      -2.0780769329     0.8352239470    -1.0058785698
    3      H      -2.7790073672     0.3815747836     0.2343814907
    4      H      -0.1269733651    -2.3720905244    -0.2775910294
    5      C      -1.0343821667    -1.8711687977     0.0722396067
    6      H       2.1183009385    -0.0123444399    -1.8391907585
    7      H       2.9932732761     0.8429930589    -0.5450106859
    8      C       2.5770211153    -0.1246059092    -0.8523510078
    9      H      -1.6288633887    -2.5713078539     0.6668394964
   10      H      -1.6202818006    -1.5267871291    -0.7823199719
   11      H       3.3892995584    -0.8565275913    -0.8991917226
   12      O      -0.1992872046     0.7265900542    -1.1100794109
   13      O       0.5278152622     1.4120272678     1.3468006364
   14      O      -0.7074695131    -0.7796099268     0.9354600295
   15      O       1.6341705006    -0.6063544158     0.0976091394
   16      P       0.2905226571     0.3830883103     0.2850702082
 ----------------------------------------------------------------
 Molecular Point Group                 C1    NOp =  1
 Largest Abelian Subgroup              C1    NOp =  1
 Nuclear Repulsion Energy =         541.38082067 hartrees
 There are       38 alpha and       38 beta electrons
 Requested basis set is aug-cc-pVTZ
 There are 186 shells and 556 basis functions

 Total QAlloc Memory Limit  16000 MB
 Mega-Array Size       188 MB
 MEM_STATIC part       192 MB

 A cutoff of  1.0D-14 yielded  16631 shell pairs
 There are    148121 function pairs (    198906 Cartesian)
 Smallest overlap matrix eigenvalue = 2.02E-05

 Scale SEOQF with 1.000000e-01/1.000000e-01/1.000000e-01

 Standard Electronic Orientation quadrupole field applied
 Nucleus-field energy     =     0.0000000068 hartrees

 -----------------------------------------------------------------------
  General SCF calculation program by
  Eric Jon Sundstrom, Paul Horn, Yuezhi Mao, Dmitri Zuev, Alec White,
  David Stuck, Shaama M.S., Shane Yost, Joonho Lee, David Small,
  Daniel Levine, Susi Lehtola, Hugh Burton, Evgeny Epifanovsky,
  Bang C. Huynh
 -----------------------------------------------------------------------
================================================================
                 ALMO-EDA with the EDA2 driver                  
================================================================
 The second-generation ALMO-EDA (for DFT):                      
 P. R. Horn, Y. Mao and M. Head-Gordon, PCCP, 18, 23067 (2016)  
 Y. Mao et al. Annu. Rev. Phys. Chem. 72, 641 (2021)            
 Decomposition of the frozen energy:                            
 P. R. Horn, Y. Mao and M. Head-Gordon, JCP, 144, 114107 (2016) 
================================================================
 Using eda2 option set 2
 Option set summary: Frozen orbital wavefunction, initial wavefunction decomposition, and traditional AO-based POL.
--------------------------------
Printing EDA Options
--------------------------------
eda_child_super_basis      0
fragmo_guess_mode          0
child_mp                   0
child_mp_orders            0
cls_elec                   1
cls_disp                   0
scfmi_mode                 1
scfmi_occs                 0
scfmi_virts                0
frz_relax                  0
frz_relax_method           0
dc_pen_start               0
dc_pen_conv                0
dc_pen_increment           0
dc_pen_steps               0
dc_pen_thresh_factor       0
dc_pen_pre_newton_thresh   0
frz_ortho_decomp           1
frz_ortho_decomp_conv      6
plot_mo_ortho_frz          0
frgm_method                2
scfmi_freeze_ss            0
separate_rehyb             0
plot_diff_den              0
eda_nocv                   0
eda_vct_relax              1
disp_free_x                33
disp_free_c                25
eda_bsse                   1
eda_pct_a                  0
eda_covp                   0
eda_vct_a                  0
--------------------------------
 Attempting to make child job directory: /scratch/qchemscratch/qchem2655177//Frg1/
 Attempting to make child job directory: /scratch/qchemscratch/qchem2655177//Frg2/
 Creating input file /scratch/qchemscratch/qchem2655177/Frg1.input
 using default PutDataFrgm: nothing
 calling putenv with: QCSCRATCH=/scratch/qchemscratch/qchem2655177/ 
 Spawning Job For Fragment 0
 Done Job For Fragment 0
 calling putenv with: QCSCRATCH=/scratch/qchemscratch 
 calling putenv with: QCTHREADS=1 
 Creating input file /scratch/qchemscratch/qchem2655177/Frg2.input
 using default PutDataFrgm: nothing
 calling putenv with: QCSCRATCH=/scratch/qchemscratch/qchem2655177/ 
 Spawning Job For Fragment 1
 Done Job For Fragment 1
 calling putenv with: QCSCRATCH=/scratch/qchemscratch 
 calling putenv with: QCTHREADS=1 
Doing General SCFMI
 Exchange:  B97M-V      Correlation:  B97M-V
 Using SG-2 standard quadrature grid
 Nonlocal Correlation:  VV10 with C = 0.0100 and b = 6.00 and scale = 1.00000
 Grid used for NLC:  SG-1 standard quadrature
performing fock build before subrot guess so that all methods have access
Printing subrot_rss_gen Method Specification:
Occupied Subspace Method is 0
Virtual Subspace Method is 0
Energy of the unrelaxed supersystem initial determinant -798.650628736585
write pseudocanon occs and virts to disk
write pseudocanon orbital energies to disk
Tolerance of ortho_decomp_scf: 1.00e-06
GDM subspace size: 20
Beginning the Orthogonal Decomposition of the Initial Supersystem Wavefunction
    1    -798.5656109712      1.06e-01     ortho_decomp Preconditoned Steepest Descent
    2    -798.5746709096      2.85e-04     ortho_decomp BFGS Step
    3    -798.5746712710      3.23e-06     ortho_decomp BFGS Step
    4    -798.5746712710      2.19e-08     ortho_decomp 00000 Convergence criterion met
 Exchange:  revPBE      Correlation:  PBE
 Using SG-2 standard quadrature grid
 Exchange:  revPBE      Correlation:  PBE
 Using SG-2 standard quadrature grid
 Exchange:  revPBE      Correlation:  PBE
 Using SG-2 standard quadrature grid
Doing General SCFMI
 Exchange:  B97M-V      Correlation:  B97M-V
 Using SG-2 standard quadrature grid
 Nonlocal Correlation:  VV10 with C = 0.0100 and b = 6.00 and scale = 1.00000
 Grid used for NLC:  SG-1 standard quadrature
performing fock build at end of subrot_r(subrot) constructor so that all methods have access
<S^2> of initial wavefunction before polarization iterations 0.0000000000
Beginning iterations for the determination of the polarized wavefunction
Energy prior to optimization (guess energy) = -798.650628736585
Begin Timing: Total SCF Calculation
begin iterations for algorithm: DIIS         
the SCF tolerance is set to 1.00e-08
    1    -798.6506287366      1.61e-04     00000 
    2    -798.6564653987      6.58e-05     00000 
    3    -798.6567629456      4.46e-05     00000 
    4    -798.6568949544      2.40e-05     00000 
    5    -798.6569409908      5.99e-06     00000 
    6    -798.6569432767      4.23e-06     00000 
    7    -798.6569448336      1.24e-06     00000 
    8    -798.6569449818      5.38e-07     00000 
    9    -798.6569450104      2.98e-07     00000 
   10    -798.6569450174      1.56e-07     00000 
   11    -798.6569450191      6.10e-08     00000 
   12    -798.6569450192      4.27e-08     00000 
   13    -798.6569450193      1.57e-08     00000 
   14    -798.6569450193      6.02e-09     00000 Convergence criterion met
write pseudocanon occs and virts to disk
write pseudocanon orbital energies to disk
Timing for Total SCF: 2405.00s (wall), 2392.30s (cpu)
<S^2> of polarized wavefunction after polarization iterations 0.0000000000
relaxing scfmi constraint to allow all rotations in the entire AO span
Doing General SCFMI
 Exchange:  B97M-V      Correlation:  B97M-V
 Using SG-2 standard quadrature grid
 Nonlocal Correlation:  VV10 with C = 0.0100 and b = 6.00 and scale = 1.00000
 Grid used for NLC:  SG-1 standard quadrature
performing fock build at end of subrot_r(subrot) constructor so that all methods have access
<S^2> of polarized wavefunction before ct-allowed iterations 0.0000000000
Beginning iterations for the determination of the CT-Allowed wavefunction
Energy prior to optimization (guess energy) = -798.656945019346
Begin Timing: Total SCF Calculation
begin iterations for algorithm: DIIS         
the SCF tolerance is set to 1.00e-08
    1    -798.6569450193      1.74e-04     00000 
    2    -798.6626099673      2.28e-05     00000 
    3    -798.6624884646      4.06e-05     00000 
    4    -798.6626770328      6.67e-06     00000 
    5    -798.6626819320      3.06e-06     00000 
    6    -798.6626829054      1.15e-06     00000 
    7    -798.6626830462      3.24e-07     00000 
    8    -798.6626830567      1.46e-07     00000 
    9    -798.6626830590      4.07e-08     00000 
   10    -798.6626830592      6.57e-09     00000 Convergence criterion met
write pseudocanon occs and virts to disk
write pseudocanon orbital energies to disk
Timing for Total SCF: 1705.00s (wall), 1693.49s (cpu)
<S^2> of ct_allowed wavefunction after ct-allowed iterations 0.0000000000
 Attempting to make child job directory: /scratch/qchemscratch/qchem2655177//FrgBSSE1/
 Attempting to make child job directory: /scratch/qchemscratch/qchem2655177//FrgBSSE2/
 Creating input file /scratch/qchemscratch/qchem2655177/FrgBSSE1.input
 calling putenv with: QCSCRATCH=/scratch/qchemscratch/qchem2655177/ 
 Spawning Job For Fragment 0
 Done Job For Fragment 0
 calling putenv with: QCSCRATCH=/scratch/qchemscratch 
 calling putenv with: QCTHREADS=1 
 Creating input file /scratch/qchemscratch/qchem2655177/FrgBSSE2.input
 calling putenv with: QCSCRATCH=/scratch/qchemscratch/qchem2655177/ 
 Spawning Job For Fragment 1
 Done Job For Fragment 1
 calling putenv with: QCSCRATCH=/scratch/qchemscratch 
 calling putenv with: QCTHREADS=1 
====================================================================
   Evaluating the BSSE with fragment SCF in the supersystem basis
   Fragment contributions (kJ/mol) 
   Frgm 1: 0.1544
   Frgm 2: 0.3803
   BSSE (kJ/mol) = 0.5346
====================================================================

================================
        Results of EDA2         
================================
Basic EDA Quantities
--------------------
Fragment Energies (Ha):
1  -76.4323599941
2 -722.2063367178
--------------------
  E_prp (kJ/mol) = -0.0000
  E_frz (kJ/mol) = -31.3279
  E_pol (kJ/mol) = -16.5836
  E_vct (kJ/mol) = -14.5308 (CP-corrected)
  E_int (kJ/mol) = -62.4423 (CP-corrected)
--------------------


Decomposition of frozen interaction energy
--------------------
  --------------------
  Orthogonal Frozen Decomposition:
  --------------------
     E_elec   (ELEC)   (kJ/mol) = -146.8605
     E_pauli  (PAULI)  (kJ/mol) = 136.4708
     E_disp   (DISP)   (kJ/mol) = -20.9383
  --------------------
  Classical Frozen Decomposition:
  --------------------
     E_cls_elec  (CLS ELEC)  (kJ/mol) = -84.7062
     E_mod_pauli (MOD PAULI) (kJ/mol) = 74.3165 (FRZ - CLS ELEC - DISP)
     E_disp      (DISP)      (kJ/mol) = -20.9383
  --------------------
--------------------

Simplified EDA Summary (kJ/mol)
--------------------
 PREPARATION      -0.0000
 FROZEN           -31.3279 (ELEC + PAULI + DISP)
[ELEC + PAULI = -10.3896, DISP = -20.9383]
 POLARIZATION    -16.5836
 CHARGE TRANSFER -14.5308     (counterpoise-corrected)
 TOTAL           -62.4423     (PRP + FRZ + POL + CT)
--------------------
 
 --------------------------------------------------------------
 
                    Orbital Energies (a.u.)
 --------------------------------------------------------------
 
 Alpha MOs
 -- Occupied --
-77.1019 -19.0155 -19.0118 -18.9883 -18.9368 -18.9298 -10.0902 -10.0854
 -6.5025  -4.5780  -4.5762  -4.5722  -0.8937  -0.8550  -0.8335  -0.7871
 -0.7546  -0.5346  -0.5210  -0.3761  -0.3256  -0.3189  -0.2929  -0.2856
 -0.2766  -0.2646  -0.2448  -0.2097  -0.1908  -0.1754  -0.1648  -0.1280
 -0.1247  -0.1195  -0.1113  -0.1011  -0.0847  -0.0683
 -- Virtual --
  0.0843   0.0924   0.1092   0.1134   0.1196   0.1259   0.1291   0.1439
  0.1499   0.1652   0.1673   0.1740   0.1750   0.1797   0.1860   0.1898
  0.1973   0.2020   0.2110   0.2193   0.2231   0.2299   0.2361   0.2401
  0.2474   0.2511   0.2588   0.2645   0.2685   0.2720   0.2748   0.2883
  0.2914   0.2977   0.3017   0.3129   0.3155   0.3256   0.3297   0.3346
  0.3359   0.3459   0.3515   0.3559   0.3594   0.3622   0.3665   0.3711
  0.3763   0.3807   0.3863   0.3913   0.3987   0.4018   0.4110   0.4178
  0.4195   0.4294   0.4312   0.4333   0.4377   0.4411   0.4506   0.4519
  0.4630   0.4710   0.4783   0.4831   0.4874   0.4941   0.5075   0.5088
  0.5113   0.5173   0.5324   0.5365   0.5441   0.5457   0.5516   0.5607
  0.5633   0.5678   0.5724   0.5758   0.5805   0.5929   0.5948   0.6040
  0.6083   0.6185   0.6217   0.6421   0.6551   0.6562   0.6706   0.6858
  0.6904   0.7025   0.7144   0.7320   0.7400   0.7453   0.7503   0.7617
  0.7748   0.7818   0.7891   0.7973   0.8019   0.8039   0.8139   0.8205
  0.8390   0.8543   0.8595   0.8664   0.8726   0.8774   0.8920   0.8975
  0.9040   0.9049   0.9172   0.9223   0.9254   0.9355   0.9405   0.9460
  0.9518   0.9585   0.9673   0.9780   0.9816   0.9957   1.0026   1.0057
  1.0135   1.0158   1.0235   1.0391   1.0464   1.0521   1.0586   1.0617
  1.0710   1.0724   1.0848   1.0915   1.0993   1.1103   1.1150   1.1203
  1.1323   1.1388   1.1431   1.1492   1.1550   1.1644   1.1671   1.1703
  1.1928   1.2028   1.2056   1.2157   1.2222   1.2306   1.2346   1.2426
  1.2518   1.2586   1.2722   1.2858   1.2924   1.2991   1.3054   1.3135
  1.3259   1.3348   1.3518   1.3664   1.3734   1.3756   1.3851   1.4140
  1.4272   1.4312   1.4440   1.4523   1.4588   1.4685   1.4747   1.4810
  1.5007   1.5127   1.5182   1.5280   1.5438   1.5595   1.5653   1.5727
  1.5858   1.5931   1.5987   1.6051   1.6078   1.6210   1.6407   1.6532
  1.6539   1.6642   1.6756   1.6791   1.6863   1.7039   1.7092   1.7205
  1.7376   1.7426   1.7659   1.7773   1.7792   1.7822   1.7909   1.8073
  1.8166   1.8307   1.8418   1.8532   1.8700   1.8900   1.8969   1.9117
  1.9248   1.9389   1.9504   1.9526   1.9625   1.9892   1.9982   1.9989
  2.0222   2.0271   2.0360   2.0523   2.0649   2.0805   2.0986   2.1066
  2.1222   2.1304   2.1503   2.1545   2.1689   2.1855   2.2045   2.2144
  2.2147   2.2303   2.2474   2.2580   2.2996   2.3201   2.3315   2.3448
  2.3550   2.3809   2.3849   2.3890   2.4115   2.4233   2.4464   2.4631
  2.4826   2.4973   2.5112   2.5145   2.5354   2.5401   2.5519   2.5591
  2.5737   2.5892   2.5938   2.6146   2.6290   2.6369   2.6433   2.6551
  2.6632   2.6731   2.7049   2.7071   2.7166   2.7303   2.7415   2.7636
  2.7738   2.7868   2.7948   2.8121   2.8372   2.8676   2.8816   2.8940
  2.9133   2.9183   2.9404   2.9757   2.9819   3.0019   3.0114   3.0440
  3.0736   3.0843   3.1001   3.1244   3.1296   3.1702   3.2068   3.2108
  3.2358   3.2507   3.2531   3.2953   3.3220   3.3377   3.3450   3.3582
  3.3860   3.4065   3.4288   3.4656   3.4871   3.5137   3.5392   3.5475
  3.5783   3.5826   3.5996   3.6146   3.6292   3.6358   3.6650   3.6816
  3.7069   3.7188   3.7445   3.7523   3.7626   3.7899   3.8079   3.8196
  3.8499   3.8590   3.8833   3.9144   3.9635   4.0059   4.0106   4.0310
  4.0962   4.1061   4.1178   4.1380   4.1508   4.1850   4.1983   4.2035
  4.2268   4.2499   4.2561   4.2683   4.3026   4.3298   4.3318   4.3645
  4.3826   4.3866   4.4219   4.4434   4.4840   4.5182   4.5312   4.5507
  4.5721   4.5893   4.6042   4.6141   4.6379   4.6510   4.6787   4.7022
  4.7063   4.7399   4.7644   4.7820   4.7915   4.8079   4.8349   4.8729
  4.8859   4.9088   4.9324   4.9464   4.9836   4.9940   5.0289   5.1040
  5.1393   5.1517   5.1808   5.1924   5.2106   5.2258   5.2816   5.3112
  5.3347   5.3505   5.3559   5.3724   5.3927   5.4098   5.4236   5.4619
  5.5076   5.5476   5.5760   5.5870   5.6172   5.6320   5.6385   5.6450
  5.6655   5.6827   5.7054   5.7619   5.9076   5.9501   6.0585   6.0926
  6.1059   6.1253   6.2637   6.2893   6.3351   6.5290   6.5952   6.6236
  6.6470   6.6747   6.7113   6.7206   6.8150   6.8333   6.8407   6.8705
  6.8797   6.8923   6.9015   6.9131   6.9295   6.9492   6.9528   6.9742
  6.9965   7.0124   7.0271   7.0382   7.0708   7.0797   7.0909   7.0952
  7.1282   7.1322   7.1551   7.1632   7.1881   7.2115   7.2156   7.2340
  7.2467   7.2825   7.3079   7.3139   7.3435   7.3569   7.3652   7.3822
  7.3851   7.4163   7.4242   7.4419   7.4711   7.5091   7.5376   7.5791
  7.6383   7.6693   7.6916   7.7208   7.7310   7.7810   7.7985   7.9441
  7.9614   8.0006   8.0418   8.0809   8.1079   8.8285  11.0945  12.3744
 13.5536  14.6595  15.1236  16.3311  17.4942  17.7278
 --------------------------------------------------------------
 
          Ground-State Mulliken Net Atomic Charges

     Atom                 Charge (a.u.)
  ----------------------------------------
      1 O                    -0.640577
      2 H                     0.300365
      3 H                     0.245093
      4 H                     0.418829
      5 C                    -1.009586
      6 H                     0.374707
      7 H                     0.340153
      8 C                    -0.960638
      9 H                     0.413067
     10 H                     0.396524
     11 H                     0.400326
     12 O                    -0.850124
     13 O                    -0.947628
     14 O                    -0.538181
     15 O                    -0.519563
     16 P                     1.577233
  ----------------------------------------
  Sum of atomic charges =    -1.000000

 -----------------------------------------------------------------
                    Cartesian Multipole Moments
 -----------------------------------------------------------------
    Charge (ESU x 10^10)
                -4.8032
    Dipole Moment (Debye)
         X       2.3023      Y      -4.2965      Z      -1.1234
       Tot       5.0022
    Quadrupole Moments (Debye-Ang)
        XX     -72.7057     XY       3.4205     YY     -66.1451
        XZ      -7.7107     YZ      -1.5461     ZZ     -68.3922
    Octopole Moments (Debye-Ang^2)
       XXX      44.3220    XXY     -10.2239    XYY      -2.1933
       YYY      -9.6369    XXZ      14.5448    XYZ      -4.9490
       YYZ      -5.7023    XZZ      -2.4631    YZZ      -7.8004
       ZZZ      -3.6367
    Hexadecapole Moments (Debye-Ang^3)
      XXXX   -1131.5805   XXXY      40.0917   XXYY    -243.0361
      XYYY      -3.7036   YYYY    -432.8585   XXXZ     -60.8895
      XXYZ       6.1906   XYYZ      -5.5363   YYYZ     -14.0310
      XXZZ    -215.8769   XYZZ      -7.2543   YYZZ    -130.3352
      XZZZ       3.8240   YZZZ     -10.6721   ZZZZ    -302.1818
 -----------------------------------------------------------------
 Total job time:  11789.62s(wall), 7287.67s(cpu) 
 Mon Mar  4 17:19:50 2024

        *************************************************************
        *                                                           *
        *  Thank you very much for using Q-Chem.  Have a nice day.  *
        *                                                           *
        *************************************************************


