
Running Job 1 of 1 DMP_gg_12_1.3_pvdz.inp
qchem DMP_gg_12_1.3_pvdz.inp_2092427.0 /scratch/qchemscratch/qchem2092427/ 1
/opt/qchem/6.1/exe/qcprog.exe_s DMP_gg_12_1.3_pvdz.inp_2092427.0 /scratch/qchemscratch/qchem2092427/
                  Welcome to Q-Chem
     A Quantum Leap Into The Future Of Chemistry


 Q-Chem 6.1, Q-Chem, Inc., Pleasanton, CA (2023)

 License issued to: SRG Pengyu Ren, University of Texas at Austin

 E. Epifanovsky,  A. T. B. Gilbert,  Xintian Feng,  Joonho Lee,  Yuezhi Mao,  
 N. Mardirossian,  P. Pokhilko,  A. White,  M. Wormit,  M. P. Coons,  
 A. L. Dempwolff,  Zhengting Gan,  D. Hait,  P. R. Horn,  L. D. Jacobson,  
 I. Kaliman,  J. Kussmann,  A. W. Lange,  Ka Un Lao,  D. S. Levine,  Jie Liu,  
 S. C. McKenzie,  A. F. Morrison,  K. D. Nanda,  F. Plasser,  D. R. Rehn,  
 M. L. Vidal,  Zhi-Qiang You,  Ying Zhu,  B. Alam,  B. Albrecht,  
 A. Aldossary,  E. Alguire,  J. H. Andersen,  V. Athavale,  D. Barton,  
 K. Begam,  A. Behn,  N. Bellonzi,  Y. A. Bernard,  E. J. Berquist,  
 H. Burton,  A. Carreras,  K. Carter-Fenk,  Mathew Chow,  Romit Chakraborty,  
 Chandrima Chakravarty,  Junhan Chen,  A. D. Chien,  K. D. Closser,  
 V. Cofer-Shabica,  L. Cunha,  S. Dasgupta,  Jia Deng,  M. de Wergifosse,  
 M. Diedenhofen,  Hainam Do,  S. Ehlert,  Po-Tung Fang,  S. Fatehi,  
 Qingguo Feng,  T. Friedhoff,  Thomas Froitzheim,  B. Ganoe,  J. Gayvert,  
 Qinghui Ge,  G. Gidofalvi,  M. Gimferrer,  M. Goldey,  Montgomery Gray,  
 J. Gomes,  C. Gonzalez-Espinoza,  S. Gulania,  A. Gunina,  J. A. Gyamfi,  
 M. W. D. Hanson-Heine,  P. H. P. Harbach,  A. W. Hauser,  M. F. Herbst,  
 M. Hernandez Vera,  M. Hodecker,  Z. C. Holden,  S. Houck,  Xunkun Huang,  
 Kerwin Hui,  B. C. Huynh,  K. Ikeda,  M. Ivanov,  Hyunjun Ji,  Zuxin Jin,  
 Hanjie Jiang,  Subrata Jana,  B. Kaduk,  S. Kaehler,  R. Kang,  
 K. Khistyaev,  Jaehoon Kim,  Yongbin Kim,  P. Klunzinger,  Z. Koczor-Benda,  
 Joong Hoon Koh,  D. Kosenkov,  Saikiran Kotaru,  L. Koulias,  T. Kowalczyk,  
 C. M. Krauter,  K. Kue,  A. Kunitsa,  T. Kus,  A. Landau,  K. V. Lawler,  
 D. Lefrancois,  S. Lehtola,  Rain Li,  Shaozhi Li,  Yi-Pei Li,  
 Jiashu Liang,  M. Liebenthal,  Hung-Hsuan Lin,  You-Sheng Lin,  Fenglai Liu,  
 Kuan-Yu Liu,  Xiao Liu,  M. Loipersberger,  A. Luenser,  C. Malbon,  
 A. Manjanath,  P. Manohar,  E. Mansoor,  S. F. Manzer,  Shan-Ping Mao,  
 A. V. Marenich,  T. Markovich,  S. Mason,  F. Matz,  S. A. Maurer,  
 P. F. McLaughlin,  M. F. S. J. Menger,  J.-M. Mewes,  S. A. Mewes,  
 P. Morgante,  Mohammad Mostafanejad,  J. W. Mullinax,  K. J. Oosterbaan,  
 G. Paran,  V. Parravicini,  Alexander C. Paul,  Suranjan K. Paul,  
 F. Pavosevic,  Zheng Pei,  S. Prager,  E. I. Proynov,  E. Ramos,  B. Rana,  
 A. E. Rask,  A. Rettig,  R. M. Richard,  F. Rob,  E. Rossomme,  T. Scheele,  
 M. Scheurer,  M. Schneider,  P. E. Schneider,  Tim K. Schramm,  N. Sergueev,  
 S. M. Sharada,  M. Sharma,  Hengyuan Shen,  W. Skomorowski,  D. W. Small,  
 C. J. Stein,  Alistair J. Sterling,  Yingli Su,  Yu-Chuan Su,  
 E. J. Sundstrom,  J. Talbot,  Zhen Tao,  J. Thirman,  Hung-Yi Tsai,  
 T. Tsuchimochi,  N. M. Tubman,  C. Utku,  S. P. Veccham,  O. Vydrov,  
 J. Wenzel,  Jonathan Wong,  J. Witte,  A. Yamada,  Chou-Hsun Yang,  Kun Yao,  
 S. Yeganeh,  S. R. Yost,  A. Zech,  F. Zeller,  Igor Ying Zhang,  
 Xing Zhang,  Yu Zhang,  D. Zuev,  A. Aspuru-Guzik,  A. T. Bell,  
 N. A. Besley,  K. B. Bravaya,  B. R. Brooks,  D. Casanova,  Jeng-Da Chai,  
 Hsing-Ta Chen,  S. Coriani,  C. J. Cramer,  A. E. DePrince, III,  
 R. A. DiStasio Jr.,  A. Dreuw,  B. D. Dunietz,  T. R. Furlani,  
 W. A. Goddard III,  S. Grimme,  S. Hammes-Schiffer,  T. Head-Gordon,  
 W. J. Hehre,  Chao-Ping Hsu,  T.-C. Jagau,  Yousung Jung,  A. Klamt,  
 Jing Kong,  D. S. Lambrecht,  Xiangyuan Li,  WanZhen Liang,  N. J. Mayhall,  
 C. W. McCurdy,  J. B. Neaton,  T. Neudecker,  C. Ochsenfeld,  
 J. A. Parkhill,  R. Peverati,  V. A. Rassolov,  Haisheng Ren,  Yihan Shao,  
 L. V. Slipchenko,  R. P. Steele,  J. E. Subotnik,  A. J. W. Thom,  
 A. Tkatchenko,  D. G. Truhlar,  T. Van Voorhis,  Fan Wang,  
 T. A. Wesolowski,  K. B. Whaley,  H. L. Woodcock III,  P. M. Zimmerman,  
 S. Faraji,  P. M. W. Gill,  M. Head-Gordon,  J. M. Herbert,  A. I. Krylov

 Contributors to earlier versions of Q-Chem not listed above: 
 R. D. Adamson,  B. Austin,  R. Baer,  J. Baker,  G. J. O. Beran,  
 K. Brandhorst,  S. T. Brown,  E. F. C. Byrd,  Arup K. Chakraborty,  
 G. K. L. Chan,  Chun-Min Chang,  Yunqing Chen,  C.-L. Cheng,  
 Siu Hung Chien,  D. M. Chipman,  D. L. Crittenden,  H. Dachsel,  
 R. J. Doerksen,  A. D. Dutoi,  R. G. Edgar,  J. Fosso-Tande,  
 L. Fusti-Molnar,  D. Ghosh,  A. Ghysels,  A. Golubeva-Zadorozhnaya,  
 J. Gonthier,  M. S. Gordon,  S. R. Gwaltney,  G. Hawkins,  J. E. Herr,  
 A. Heyden,  S. Hirata,  E. G. Hohenstein,  G. Kedziora,  F. J. Keil,  
 C. Kelley,  Jihan Kim,  R. A. King,  R. Z. Khaliullin,  P. P. Korambath,  
 W. Kurlancheek,  A. Laurent,  A. M. Lee,  M. S. Lee,  S. V. Levchenko,  
 Ching Yeh Lin,  D. Liotard,  E. Livshits,  R. C. Lochan,  I. Lotan,  
 L. A. Martinez-Martinez,  P. E. Maslen,  N. Nair,  D. P. O'Neill,  
 D. Neuhauser,  E. Neuscamman,  C. M. Oana,  R. Olivares-Amaya,  R. Olson,  
 T. M. Perrine,  B. Peters,  P. A. Pieniazek,  A. Prociuk,  Y. M. Rhee,  
 J. Ritchie,  M. A. Rohrdanz,  E. Rosta,  N. J. Russ,  H. F. Schaefer III,  
 M. W. Schmidt,  N. E. Schultz,  S. Sharma,  N. Shenvi,  C. D. Sherrill,  
 A. C. Simmonett,  A. Sodt,  T. Stein,  D. Stuck,  K. S. Thanthiriwatte,  
 V. Vanovschi,  L. Vogt,  Tao Wang,  A. Warshel,  M. A. Watson,  
 C. F. Williams,  Q. Wu,  X. Xu,  Jun Yang,  W. Zhang,  Yan Zhao

   Please cite Q-Chem as follows:
  "Software for the frontiers of quantum chemistry:
   An overview of developments in the Q-Chem 5 package"
   J. Chem. Phys. 155, 084801 (2021)
   https://doi.org/10.1063/5.0055522 (open access)

 Q-Chem 6.1.1 for Intel X86 EM64T Linux

 Parts of Q-Chem use Armadillo 9.900.5 (Nocturnal Misbehaviour).
 http://arma.sourceforge.net/

 Q-Chem begins on Mon Apr 15 16:14:58 2024  

 Host: 
0

     Scratch files written to /scratch/qchemscratch/qchem2092427//
 Jan1824 |scratch|qcdevops|jenkins|workspace|build_RNUM UKVU   
 Processing $rem in /opt/qchem/6.1/config/preferences:
 Processing $rem in /home/mm227274/.qchemrc:

 Q-Chem warning in module libgen/rem_setup.C, line 3361:

 Neither GIA nor STOLL is specified by user. Use STOLL as the default


 Checking the input file for inconsistencies... 	...done.

--------------------------------------------------------------
User input:
--------------------------------------------------------------
$molecule
-1 1
--
0 1

O -3.9810313846153846 -1.094425076923077 -0.5035973076923077
H -3.4761513846153846 -1.373665076923077 0.2871026923076923
H -3.2288013846153847 -1.010115076923077 -1.1244173076923076
--
-1 1

H          2.66325        0.98686       -0.48269
C          2.65349       -0.10579       -0.56157
H         -0.65153        2.23848       -1.03879
H         -1.77806        1.59760        0.17287
C         -0.80526        2.07919        0.03334
H          3.65248       -0.49359       -0.34144
H          2.36007       -0.38643       -1.57703
H         -0.79656        3.04109        0.55485
O         -0.19800       -0.39991       -1.28827
O         -0.60634       -1.08479        1.22500
O          1.76851       -0.67484        0.39820
O          0.25555        1.29858        0.58805
P          0.16633       -0.32353        0.18077
$end

$rem
JOBTYPE          eda
EDA2             2
METHOD           b97m-v
BASIS            aug-cc-pvdz
SCF_CONVERGENCE  8
THRESH           14
SYMMETRY         false
DISP_FREE_X      revPBE
DISP_FREE_C      PBE
EDA_BSSE         true
$end
--------------------------------------------------------------
 ----------------------------------------------------------------
             Standard Nuclear Orientation (Angstroms)
    I     Atom           X                Y                Z
 ----------------------------------------------------------------
    1      O      -3.9660694355     0.5503594192     0.3520277493
    2      H      -3.4766998166     0.8646616846    -0.4352566618
    3      H      -3.2290154738     0.5858338197     0.9953539853
    4      H       2.8876336810    -0.6537248963     0.5878123056
    5      C       2.7353728743     0.4305767158     0.6239785228
    6      H      -0.2550202328    -2.3032090468     1.1040435505
    7      H      -1.4160042055    -1.8562347511    -0.1609652104
    8      C      -0.3943185945    -2.2028014939     0.0228482658
    9      H       3.6827721579     0.9363464422     0.4155111193
   10      H       2.3767887766     0.7063265818     1.6196655087
   11      H      -0.2460395753    -3.1731787359    -0.4605576927
   12      O      -0.1516017370     0.3787834195     1.2629540563
   13      O      -0.5656348951     0.9166213588    -1.2849146919
   14      O       1.8151630334     0.8464296123    -0.3802356839
   15      O       0.5744448448    -1.3114927900    -0.5334243341
   16      P       0.2652563016     0.2987279608    -0.1918549601
 ----------------------------------------------------------------
 Molecular Point Group                 C1    NOp =  1
 Largest Abelian Subgroup              C1    NOp =  1
 Nuclear Repulsion Energy =         521.26179827 hartrees
 There are       38 alpha and       38 beta electrons
 Requested basis set is aug-cc-pVDZ
 There are 114 shells and 260 basis functions

 Total QAlloc Memory Limit  16000 MB
 Mega-Array Size       188 MB
 MEM_STATIC part       192 MB

 A cutoff of  1.0D-14 yielded   6365 shell pairs
 There are     33171 function pairs (     37412 Cartesian)
 Smallest overlap matrix eigenvalue = 1.59E-04

 Scale SEOQF with 1.000000e-01/1.000000e-01/1.000000e-01

 Standard Electronic Orientation quadrupole field applied
 Nucleus-field energy     =     0.0000000109 hartrees

 -----------------------------------------------------------------------
  General SCF calculation program by
  Eric Jon Sundstrom, Paul Horn, Yuezhi Mao, Dmitri Zuev, Alec White,
  David Stuck, Shaama M.S., Shane Yost, Joonho Lee, David Small,
  Daniel Levine, Susi Lehtola, Hugh Burton, Evgeny Epifanovsky,
  Bang C. Huynh
 -----------------------------------------------------------------------
================================================================
                 ALMO-EDA with the EDA2 driver                  
================================================================
 The second-generation ALMO-EDA (for DFT):                      
 P. R. Horn, Y. Mao and M. Head-Gordon, PCCP, 18, 23067 (2016)  
 Y. Mao et al. Annu. Rev. Phys. Chem. 72, 641 (2021)            
 Decomposition of the frozen energy:                            
 P. R. Horn, Y. Mao and M. Head-Gordon, JCP, 144, 114107 (2016) 
================================================================
 Using eda2 option set 2
 Option set summary: Frozen orbital wavefunction, initial wavefunction decomposition, and traditional AO-based POL.
--------------------------------
Printing EDA Options
--------------------------------
eda_child_super_basis      0
fragmo_guess_mode          0
child_mp                   0
child_mp_orders            0
cls_elec                   1
cls_disp                   0
scfmi_mode                 1
scfmi_occs                 0
scfmi_virts                0
frz_relax                  0
frz_relax_method           0
dc_pen_start               0
dc_pen_conv                0
dc_pen_increment           0
dc_pen_steps               0
dc_pen_thresh_factor       0
dc_pen_pre_newton_thresh   0
frz_ortho_decomp           1
frz_ortho_decomp_conv      6
plot_mo_ortho_frz          0
frgm_method                2
scfmi_freeze_ss            0
separate_rehyb             0
plot_diff_den              0
eda_nocv                   0
eda_vct_relax              1
disp_free_x                33
disp_free_c                25
eda_bsse                   1
eda_pct_a                  0
eda_covp                   0
eda_vct_a                  0
--------------------------------
 Attempting to make child job directory: /scratch/qchemscratch/qchem2092427//Frg1/
 Attempting to make child job directory: /scratch/qchemscratch/qchem2092427//Frg2/
 Creating input file /scratch/qchemscratch/qchem2092427/Frg1.input
 using default PutDataFrgm: nothing
 calling putenv with: QCSCRATCH=/scratch/qchemscratch/qchem2092427/ 
 Spawning Job For Fragment 0
 Done Job For Fragment 0
 calling putenv with: QCSCRATCH=/scratch/qchemscratch 
 calling putenv with: QCTHREADS=1 
 Creating input file /scratch/qchemscratch/qchem2092427/Frg2.input
 using default PutDataFrgm: nothing
 calling putenv with: QCSCRATCH=/scratch/qchemscratch/qchem2092427/ 
 Spawning Job For Fragment 1
 Done Job For Fragment 1
 calling putenv with: QCSCRATCH=/scratch/qchemscratch 
 calling putenv with: QCTHREADS=1 
Doing General SCFMI
 Exchange:  B97M-V      Correlation:  B97M-V
 Using SG-2 standard quadrature grid
 Nonlocal Correlation:  VV10 with C = 0.0100 and b = 6.00 and scale = 1.00000
 Grid used for NLC:  SG-1 standard quadrature
performing fock build before subrot guess so that all methods have access
Printing subrot_rss_gen Method Specification:
Occupied Subspace Method is 0
Virtual Subspace Method is 0
Energy of the unrelaxed supersystem initial determinant -798.488265660352
write pseudocanon occs and virts to disk
write pseudocanon orbital energies to disk
Tolerance of ortho_decomp_scf: 1.00e-06
GDM subspace size: 20
Beginning the Orthogonal Decomposition of the Initial Supersystem Wavefunction
    1    -798.4673710572      2.61e-02     ortho_decomp Preconditoned Steepest Descent
    2    -798.4679620032      4.37e-05     ortho_decomp BFGS Step
    3    -798.4679620118      2.30e-07     ortho_decomp 00000 Convergence criterion met
 Exchange:  revPBE      Correlation:  PBE
 Using SG-2 standard quadrature grid
 Exchange:  revPBE      Correlation:  PBE
 Using SG-2 standard quadrature grid
 Exchange:  revPBE      Correlation:  PBE
 Using SG-2 standard quadrature grid
Doing General SCFMI
 Exchange:  B97M-V      Correlation:  B97M-V
 Using SG-2 standard quadrature grid
 Nonlocal Correlation:  VV10 with C = 0.0100 and b = 6.00 and scale = 1.00000
 Grid used for NLC:  SG-1 standard quadrature
performing fock build at end of subrot_r(subrot) constructor so that all methods have access
<S^2> of initial wavefunction before polarization iterations 0.0000000000
Beginning iterations for the determination of the polarized wavefunction
Energy prior to optimization (guess energy) = -798.488265660352
Begin Timing: Total SCF Calculation
begin iterations for algorithm: DIIS         
the SCF tolerance is set to 1.00e-08
    1    -798.4882656604      1.66e-04     00000 
    2    -798.4896081586      1.16e-04     00000 
    3    -798.4898145370      7.10e-05     00000 
    4    -798.4899042676      1.32e-05     00000 
    5    -798.4899063772      8.10e-06     00000 
    6    -798.4899076276      1.51e-06     00000 
    7    -798.4899076699      3.91e-07     00000 
    8    -798.4899076733      1.05e-07     00000 
    9    -798.4899076736      4.38e-08     00000 
   10    -798.4899076736      2.20e-08     00000 
   11    -798.4899076736      5.63e-09     00000 Convergence criterion met
write pseudocanon occs and virts to disk
write pseudocanon orbital energies to disk
Timing for Total SCF: 560.00s (wall), 557.49s (cpu)
<S^2> of polarized wavefunction after polarization iterations 0.0000000000
relaxing scfmi constraint to allow all rotations in the entire AO span
Doing General SCFMI
 Exchange:  B97M-V      Correlation:  B97M-V
 Using SG-2 standard quadrature grid
 Nonlocal Correlation:  VV10 with C = 0.0100 and b = 6.00 and scale = 1.00000
 Grid used for NLC:  SG-1 standard quadrature
performing fock build at end of subrot_r(subrot) constructor so that all methods have access
<S^2> of polarized wavefunction before ct-allowed iterations 0.0000000000
Beginning iterations for the determination of the CT-Allowed wavefunction
Energy prior to optimization (guess energy) = -798.489907673604
Begin Timing: Total SCF Calculation
begin iterations for algorithm: DIIS         
the SCF tolerance is set to 1.00e-08
    1    -798.4899076736      1.35e-04     00000 
    2    -798.4909416971      8.09e-06     00000 
    3    -798.4909397325      1.30e-05     00000 
    4    -798.4909442845      2.28e-06     00000 
    5    -798.4909443994      1.27e-06     00000 
    6    -798.4909444425      4.14e-07     00000 
    7    -798.4909444468      9.20e-08     00000 
    8    -798.4909444470      4.03e-08     00000 
    9    -798.4909444471      1.94e-08     00000 
   10    -798.4909444471      2.55e-09     00000 Convergence criterion met
write pseudocanon occs and virts to disk
write pseudocanon orbital energies to disk
Timing for Total SCF: 508.00s (wall), 505.34s (cpu)
<S^2> of ct_allowed wavefunction after ct-allowed iterations 0.0000000000
 Attempting to make child job directory: /scratch/qchemscratch/qchem2092427//FrgBSSE1/
 Attempting to make child job directory: /scratch/qchemscratch/qchem2092427//FrgBSSE2/
 Creating input file /scratch/qchemscratch/qchem2092427/FrgBSSE1.input
 calling putenv with: QCSCRATCH=/scratch/qchemscratch/qchem2092427/ 
 Spawning Job For Fragment 0
 Done Job For Fragment 0
 calling putenv with: QCSCRATCH=/scratch/qchemscratch 
 calling putenv with: QCTHREADS=1 
 Creating input file /scratch/qchemscratch/qchem2092427/FrgBSSE2.input
 calling putenv with: QCSCRATCH=/scratch/qchemscratch/qchem2092427/ 
 Spawning Job For Fragment 1
 Done Job For Fragment 1
 calling putenv with: QCSCRATCH=/scratch/qchemscratch 
 calling putenv with: QCTHREADS=1 
====================================================================
   Evaluating the BSSE with fragment SCF in the supersystem basis
   Fragment contributions (kJ/mol) 
   Frgm 1: 0.4447
   Frgm 2: 0.8429
   BSSE (kJ/mol) = 1.2876
====================================================================

================================
        Results of EDA2         
================================
Basic EDA Quantities
--------------------
Fragment Energies (Ha):
1  -76.4128693955
2 -722.0611688212
--------------------
  E_prp (kJ/mol) = -0.0000
  E_frz (kJ/mol) = -37.3546
  E_pol (kJ/mol) = -4.3112
  E_vct (kJ/mol) = -1.4345 (CP-corrected)
  E_int (kJ/mol) = -43.1002 (CP-corrected)
--------------------


Decomposition of frozen interaction energy
--------------------
  --------------------
  Orthogonal Frozen Decomposition:
  --------------------
     E_elec   (ELEC)   (kJ/mol) = -44.5775
     E_pauli  (PAULI)  (kJ/mol) = 11.8274
     E_disp   (DISP)   (kJ/mol) = -4.6045
  --------------------
  Classical Frozen Decomposition:
  --------------------
     E_cls_elec  (CLS ELEC)  (kJ/mol) = -36.1316
     E_mod_pauli (MOD PAULI) (kJ/mol) = 3.3816 (FRZ - CLS ELEC - DISP)
     E_disp      (DISP)      (kJ/mol) = -4.6045
  --------------------
--------------------

Simplified EDA Summary (kJ/mol)
--------------------
 PREPARATION      -0.0000
 FROZEN           -37.3546 (ELEC + PAULI + DISP)
[ELEC + PAULI = -32.7500, DISP = -4.6045]
 POLARIZATION    -4.3112
 CHARGE TRANSFER -1.4345     (counterpoise-corrected)
 TOTAL           -43.1002     (PRP + FRZ + POL + CT)
--------------------
 
 --------------------------------------------------------------
 
                    Orbital Energies (a.u.)
 --------------------------------------------------------------
 
 Alpha MOs
 -- Occupied --
-77.1220 -19.0347 -19.0166 -19.0110 -18.9335 -18.9324 -10.0912 -10.0897
 -6.5222  -4.5971  -4.5960  -4.5935  -0.8928  -0.8693  -0.8523  -0.7827
 -0.7486  -0.5337  -0.5178  -0.3740  -0.3483  -0.3207  -0.2874  -0.2814
 -0.2710  -0.2597  -0.2418  -0.2380  -0.1874  -0.1719  -0.1577  -0.1499
 -0.1202  -0.1157  -0.1043  -0.0893  -0.0731  -0.0570
 -- Virtual --
  0.0880   0.0951   0.1048   0.1177   0.1242   0.1327   0.1383   0.1440
  0.1522   0.1775   0.1836   0.1863   0.1931   0.2002   0.2032   0.2088
  0.2187   0.2257   0.2358   0.2387   0.2450   0.2493   0.2572   0.2595
  0.2663   0.2748   0.2820   0.2836   0.2923   0.3013   0.3071   0.3139
  0.3246   0.3262   0.3386   0.3407   0.3499   0.3618   0.3692   0.3747
  0.3762   0.3818   0.3953   0.4017   0.4072   0.4112   0.4159   0.4179
  0.4275   0.4336   0.4398   0.4482   0.4574   0.4585   0.4666   0.4714
  0.4887   0.5026   0.5083   0.5139   0.5323   0.5419   0.5551   0.5608
  0.5628   0.5758   0.5835   0.5863   0.6037   0.6124   0.6153   0.6265
  0.6407   0.6473   0.6579   0.6806   0.6822   0.6838   0.6927   0.6978
  0.7022   0.7192   0.7274   0.7301   0.7603   0.7615   0.7744   0.7854
  0.7912   0.7964   0.8112   0.8127   0.8368   0.8578   0.8683   0.8991
  0.9080   0.9230   0.9414   0.9706   0.9757   0.9910   1.0037   1.0166
  1.0331   1.0451   1.0760   1.0837   1.0876   1.0986   1.1171   1.1292
  1.1359   1.1629   1.1823   1.1931   1.2216   1.2419   1.2477   1.2733
  1.2846   1.3051   1.3201   1.3392   1.3442   1.3659   1.3841   1.4018
  1.4038   1.4169   1.4208   1.4517   1.4635   1.4899   1.5037   1.5293
  1.5355   1.5592   1.5660   1.5819   1.5986   1.6288   1.6559   1.6690
  1.6838   1.7063   1.7271   1.7768   1.7857   1.7941   1.8216   1.8245
  1.8335   1.8777   1.8927   1.9204   1.9428   1.9605   1.9664   1.9730
  2.0121   2.0450   2.0649   2.0797   2.0925   2.1123   2.1219   2.1344
  2.1574   2.1642   2.1842   2.2093   2.2467   2.2743   2.3045   2.3765
  2.3873   2.4289   2.5380   2.5513   2.5603   2.5877   2.5957   2.6236
  2.6487   2.6939   2.7636   2.7776   2.8381   2.8591   2.9380   2.9437
  2.9715   3.0083   3.0867   3.1535   3.1810   3.5210   3.5395   3.5466
  3.5617   3.5784   3.5935   3.6179   3.6235   3.6251   3.6586   3.6632
  3.6775   3.7096   3.7310   3.7491   3.7546   3.7619   3.7993   3.8213
  3.8793   3.8877   3.9010   3.9674   4.0107   4.1213
 --------------------------------------------------------------
 
          Ground-State Mulliken Net Atomic Charges

     Atom                 Charge (a.u.)
  ----------------------------------------
      1 O                    -0.394547
      2 H                     0.178895
      3 H                     0.189158
      4 H                    -0.199995
      5 C                     1.091947
      6 H                    -0.212263
      7 H                    -0.214151
      8 C                     1.126264
      9 H                    -0.385472
     10 H                    -0.182227
     11 H                    -0.394430
     12 O                    -1.067408
     13 O                    -1.030633
     14 O                    -0.991051
     15 O                    -1.025402
     16 P                     2.511314
  ----------------------------------------
  Sum of atomic charges =    -1.000000

 -----------------------------------------------------------------
                    Cartesian Multipole Moments
 -----------------------------------------------------------------
    Charge (ESU x 10^10)
                -4.8032
    Dipole Moment (Debye)
         X       2.9519      Y      -2.6725      Z       1.1610
       Tot       4.1478
    Quadrupole Moments (Debye-Ang)
        XX     -78.2632     XY       2.0435     YY     -62.7730
        XZ       3.2375     YZ       1.0952     ZZ     -67.8074
    Octopole Moments (Debye-Ang^2)
       XXX      82.2493    XXY      -4.8243    XYY      -3.4184
       YYY       0.0191    XXZ      -7.8007    XYZ       1.6735
       YYZ       2.8448    XZZ      -5.5438    YZZ      -3.8436
       ZZZ       0.3656
    Hexadecapole Moments (Debye-Ang^3)
      XXXX   -1689.9735   XXXY      30.2245   XXYY    -299.7786
      XYYY      -4.2510   YYYY    -474.8078   XXXZ      53.0688
      XXYZ      -9.7057   XYYZ       2.1821   YYYZ       5.3285
      XXZZ    -235.5556   XYZZ      -2.7806   YYZZ    -126.6530
      XZZZ     -15.5796   YZZZ       4.5629   ZZZZ    -267.5980
 -----------------------------------------------------------------
 Total job time:  2868.12s(wall), 1739.33s(cpu) 
 Mon Apr 15 17:02:46 2024

        *************************************************************
        *                                                           *
        *  Thank you very much for using Q-Chem.  Have a nice day.  *
        *                                                           *
        *************************************************************


