
Running Job 1 of 1 DMP_gg_12_0.95_pvdz.inp
qchem DMP_gg_12_0.95_pvdz.inp_2092381.0 /scratch/qchemscratch/qchem2092381/ 1
/opt/qchem/6.1/exe/qcprog.exe_s DMP_gg_12_0.95_pvdz.inp_2092381.0 /scratch/qchemscratch/qchem2092381/
                  Welcome to Q-Chem
     A Quantum Leap Into The Future Of Chemistry


 Q-Chem 6.1, Q-Chem, Inc., Pleasanton, CA (2023)

 License issued to: SRG Pengyu Ren, University of Texas at Austin

 E. Epifanovsky,  A. T. B. Gilbert,  Xintian Feng,  Joonho Lee,  Yuezhi Mao,  
 N. Mardirossian,  P. Pokhilko,  A. White,  M. Wormit,  M. P. Coons,  
 A. L. Dempwolff,  Zhengting Gan,  D. Hait,  P. R. Horn,  L. D. Jacobson,  
 I. Kaliman,  J. Kussmann,  A. W. Lange,  Ka Un Lao,  D. S. Levine,  Jie Liu,  
 S. C. McKenzie,  A. F. Morrison,  K. D. Nanda,  F. Plasser,  D. R. Rehn,  
 M. L. Vidal,  Zhi-Qiang You,  Ying Zhu,  B. Alam,  B. Albrecht,  
 A. Aldossary,  E. Alguire,  J. H. Andersen,  V. Athavale,  D. Barton,  
 K. Begam,  A. Behn,  N. Bellonzi,  Y. A. Bernard,  E. J. Berquist,  
 H. Burton,  A. Carreras,  K. Carter-Fenk,  Mathew Chow,  Romit Chakraborty,  
 Chandrima Chakravarty,  Junhan Chen,  A. D. Chien,  K. D. Closser,  
 V. Cofer-Shabica,  L. Cunha,  S. Dasgupta,  Jia Deng,  M. de Wergifosse,  
 M. Diedenhofen,  Hainam Do,  S. Ehlert,  Po-Tung Fang,  S. Fatehi,  
 Qingguo Feng,  T. Friedhoff,  Thomas Froitzheim,  B. Ganoe,  J. Gayvert,  
 Qinghui Ge,  G. Gidofalvi,  M. Gimferrer,  M. Goldey,  Montgomery Gray,  
 J. Gomes,  C. Gonzalez-Espinoza,  S. Gulania,  A. Gunina,  J. A. Gyamfi,  
 M. W. D. Hanson-Heine,  P. H. P. Harbach,  A. W. Hauser,  M. F. Herbst,  
 M. Hernandez Vera,  M. Hodecker,  Z. C. Holden,  S. Houck,  Xunkun Huang,  
 Kerwin Hui,  B. C. Huynh,  K. Ikeda,  M. Ivanov,  Hyunjun Ji,  Zuxin Jin,  
 Hanjie Jiang,  Subrata Jana,  B. Kaduk,  S. Kaehler,  R. Kang,  
 K. Khistyaev,  Jaehoon Kim,  Yongbin Kim,  P. Klunzinger,  Z. Koczor-Benda,  
 Joong Hoon Koh,  D. Kosenkov,  Saikiran Kotaru,  L. Koulias,  T. Kowalczyk,  
 C. M. Krauter,  K. Kue,  A. Kunitsa,  T. Kus,  A. Landau,  K. V. Lawler,  
 D. Lefrancois,  S. Lehtola,  Rain Li,  Shaozhi Li,  Yi-Pei Li,  
 Jiashu Liang,  M. Liebenthal,  Hung-Hsuan Lin,  You-Sheng Lin,  Fenglai Liu,  
 Kuan-Yu Liu,  Xiao Liu,  M. Loipersberger,  A. Luenser,  C. Malbon,  
 A. Manjanath,  P. Manohar,  E. Mansoor,  S. F. Manzer,  Shan-Ping Mao,  
 A. V. Marenich,  T. Markovich,  S. Mason,  F. Matz,  S. A. Maurer,  
 P. F. McLaughlin,  M. F. S. J. Menger,  J.-M. Mewes,  S. A. Mewes,  
 P. Morgante,  Mohammad Mostafanejad,  J. W. Mullinax,  K. J. Oosterbaan,  
 G. Paran,  V. Parravicini,  Alexander C. Paul,  Suranjan K. Paul,  
 F. Pavosevic,  Zheng Pei,  S. Prager,  E. I. Proynov,  E. Ramos,  B. Rana,  
 A. E. Rask,  A. Rettig,  R. M. Richard,  F. Rob,  E. Rossomme,  T. Scheele,  
 M. Scheurer,  M. Schneider,  P. E. Schneider,  Tim K. Schramm,  N. Sergueev,  
 S. M. Sharada,  M. Sharma,  Hengyuan Shen,  W. Skomorowski,  D. W. Small,  
 C. J. Stein,  Alistair J. Sterling,  Yingli Su,  Yu-Chuan Su,  
 E. J. Sundstrom,  J. Talbot,  Zhen Tao,  J. Thirman,  Hung-Yi Tsai,  
 T. Tsuchimochi,  N. M. Tubman,  C. Utku,  S. P. Veccham,  O. Vydrov,  
 J. Wenzel,  Jonathan Wong,  J. Witte,  A. Yamada,  Chou-Hsun Yang,  Kun Yao,  
 S. Yeganeh,  S. R. Yost,  A. Zech,  F. Zeller,  Igor Ying Zhang,  
 Xing Zhang,  Yu Zhang,  D. Zuev,  A. Aspuru-Guzik,  A. T. Bell,  
 N. A. Besley,  K. B. Bravaya,  B. R. Brooks,  D. Casanova,  Jeng-Da Chai,  
 Hsing-Ta Chen,  S. Coriani,  C. J. Cramer,  A. E. DePrince, III,  
 R. A. DiStasio Jr.,  A. Dreuw,  B. D. Dunietz,  T. R. Furlani,  
 W. A. Goddard III,  S. Grimme,  S. Hammes-Schiffer,  T. Head-Gordon,  
 W. J. Hehre,  Chao-Ping Hsu,  T.-C. Jagau,  Yousung Jung,  A. Klamt,  
 Jing Kong,  D. S. Lambrecht,  Xiangyuan Li,  WanZhen Liang,  N. J. Mayhall,  
 C. W. McCurdy,  J. B. Neaton,  T. Neudecker,  C. Ochsenfeld,  
 J. A. Parkhill,  R. Peverati,  V. A. Rassolov,  Haisheng Ren,  Yihan Shao,  
 L. V. Slipchenko,  R. P. Steele,  J. E. Subotnik,  A. J. W. Thom,  
 A. Tkatchenko,  D. G. Truhlar,  T. Van Voorhis,  Fan Wang,  
 T. A. Wesolowski,  K. B. Whaley,  H. L. Woodcock III,  P. M. Zimmerman,  
 S. Faraji,  P. M. W. Gill,  M. Head-Gordon,  J. M. Herbert,  A. I. Krylov

 Contributors to earlier versions of Q-Chem not listed above: 
 R. D. Adamson,  B. Austin,  R. Baer,  J. Baker,  G. J. O. Beran,  
 K. Brandhorst,  S. T. Brown,  E. F. C. Byrd,  Arup K. Chakraborty,  
 G. K. L. Chan,  Chun-Min Chang,  Yunqing Chen,  C.-L. Cheng,  
 Siu Hung Chien,  D. M. Chipman,  D. L. Crittenden,  H. Dachsel,  
 R. J. Doerksen,  A. D. Dutoi,  R. G. Edgar,  J. Fosso-Tande,  
 L. Fusti-Molnar,  D. Ghosh,  A. Ghysels,  A. Golubeva-Zadorozhnaya,  
 J. Gonthier,  M. S. Gordon,  S. R. Gwaltney,  G. Hawkins,  J. E. Herr,  
 A. Heyden,  S. Hirata,  E. G. Hohenstein,  G. Kedziora,  F. J. Keil,  
 C. Kelley,  Jihan Kim,  R. A. King,  R. Z. Khaliullin,  P. P. Korambath,  
 W. Kurlancheek,  A. Laurent,  A. M. Lee,  M. S. Lee,  S. V. Levchenko,  
 Ching Yeh Lin,  D. Liotard,  E. Livshits,  R. C. Lochan,  I. Lotan,  
 L. A. Martinez-Martinez,  P. E. Maslen,  N. Nair,  D. P. O'Neill,  
 D. Neuhauser,  E. Neuscamman,  C. M. Oana,  R. Olivares-Amaya,  R. Olson,  
 T. M. Perrine,  B. Peters,  P. A. Pieniazek,  A. Prociuk,  Y. M. Rhee,  
 J. Ritchie,  M. A. Rohrdanz,  E. Rosta,  N. J. Russ,  H. F. Schaefer III,  
 M. W. Schmidt,  N. E. Schultz,  S. Sharma,  N. Shenvi,  C. D. Sherrill,  
 A. C. Simmonett,  A. Sodt,  T. Stein,  D. Stuck,  K. S. Thanthiriwatte,  
 V. Vanovschi,  L. Vogt,  Tao Wang,  A. Warshel,  M. A. Watson,  
 C. F. Williams,  Q. Wu,  X. Xu,  Jun Yang,  W. Zhang,  Yan Zhao

   Please cite Q-Chem as follows:
  "Software for the frontiers of quantum chemistry:
   An overview of developments in the Q-Chem 5 package"
   J. Chem. Phys. 155, 084801 (2021)
   https://doi.org/10.1063/5.0055522 (open access)

 Q-Chem 6.1.1 for Intel X86 EM64T Linux

 Parts of Q-Chem use Armadillo 9.900.5 (Nocturnal Misbehaviour).
 http://arma.sourceforge.net/

 Q-Chem begins on Mon Apr 15 16:14:25 2024  

 Host: 
0

     Scratch files written to /scratch/qchemscratch/qchem2092381//
 Jan1824 |scratch|qcdevops|jenkins|workspace|build_RNUM UKVU   
 Processing $rem in /opt/qchem/6.1/config/preferences:
 Processing $rem in /home/mm227274/.qchemrc:

 Q-Chem warning in module libgen/rem_setup.C, line 3361:

 Neither GIA nor STOLL is specified by user. Use STOLL as the default


 Checking the input file for inconsistencies... 	...done.

--------------------------------------------------------------
User input:
--------------------------------------------------------------
$molecule
-1 1
--
0 1

O -2.8421881025641027 -0.6213008205128205 -0.4275104487179487
H -2.3373081025641027 -0.9005408205128206 0.3631895512820513
H -2.0899581025641027 -0.5369908205128205 -1.0483304487179486
--
-1 1

H          2.66325        0.98686       -0.48269
C          2.65349       -0.10579       -0.56157
H         -0.65153        2.23848       -1.03879
H         -1.77806        1.59760        0.17287
C         -0.80526        2.07919        0.03334
H          3.65248       -0.49359       -0.34144
H          2.36007       -0.38643       -1.57703
H         -0.79656        3.04109        0.55485
O         -0.19800       -0.39991       -1.28827
O         -0.60634       -1.08479        1.22500
O          1.76851       -0.67484        0.39820
O          0.25555        1.29858        0.58805
P          0.16633       -0.32353        0.18077
$end

$rem
JOBTYPE          eda
EDA2             2
METHOD           b97m-v
BASIS            aug-cc-pvdz
SCF_CONVERGENCE  8
THRESH           14
SYMMETRY         false
DISP_FREE_X      revPBE
DISP_FREE_C      PBE
EDA_BSSE         true
$end
--------------------------------------------------------------
 ----------------------------------------------------------------
             Standard Nuclear Orientation (Angstroms)
    I     Atom           X                Y                Z
 ----------------------------------------------------------------
    1      O      -2.8411571046     0.7095458254     0.4555037357
    2      H      -2.3337560799     0.9816678907    -0.3360637369
    3      H      -2.0874718038     0.5971680927     1.0700810977
    4      H       2.6150234096    -1.0593998589     0.4557692094
    5      C       2.6378395329     0.0322391269     0.5452403422
    6      H      -0.7311203213    -2.2189543909     1.0235030399
    7      H      -1.8466825568    -1.5335114368    -0.1738297570
    8      C      -0.8874815233    -2.0446948047    -0.0459144301
    9      H       3.6462311479     0.3928048444     0.3217100509
   10      H       2.3597597965     0.3113346768     1.5654317222
   11      H      -0.9105672370    -3.0012596485    -0.5767163985
   12      O      -0.1987403485     0.4024608830     1.2951370767
   13      O      -0.6040961881     1.1236868851    -1.2084299706
   14      O       1.7633437865     0.6363435520    -0.4026420286
   15      O       0.1919166801    -1.2900218603    -0.6006587654
   16      P       0.1530867322     0.3299174410    -0.1771414055
 ----------------------------------------------------------------
 Molecular Point Group                 C1    NOp =  1
 Largest Abelian Subgroup              C1    NOp =  1
 Nuclear Repulsion Energy =         547.52378631 hartrees
 There are       38 alpha and       38 beta electrons
 Requested basis set is aug-cc-pVDZ
 There are 114 shells and 260 basis functions

 Total QAlloc Memory Limit  16000 MB
 Mega-Array Size       188 MB
 MEM_STATIC part       192 MB

 A cutoff of  1.0D-14 yielded   6473 shell pairs
 There are     33739 function pairs (     38055 Cartesian)
 Smallest overlap matrix eigenvalue = 1.45E-04

 Scale SEOQF with 1.000000e-01/1.000000e-01/1.000000e-01

 Standard Electronic Orientation quadrupole field applied
 Nucleus-field energy     =     0.0000000078 hartrees

 -----------------------------------------------------------------------
  General SCF calculation program by
  Eric Jon Sundstrom, Paul Horn, Yuezhi Mao, Dmitri Zuev, Alec White,
  David Stuck, Shaama M.S., Shane Yost, Joonho Lee, David Small,
  Daniel Levine, Susi Lehtola, Hugh Burton, Evgeny Epifanovsky,
  Bang C. Huynh
 -----------------------------------------------------------------------
================================================================
                 ALMO-EDA with the EDA2 driver                  
================================================================
 The second-generation ALMO-EDA (for DFT):                      
 P. R. Horn, Y. Mao and M. Head-Gordon, PCCP, 18, 23067 (2016)  
 Y. Mao et al. Annu. Rev. Phys. Chem. 72, 641 (2021)            
 Decomposition of the frozen energy:                            
 P. R. Horn, Y. Mao and M. Head-Gordon, JCP, 144, 114107 (2016) 
================================================================
 Using eda2 option set 2
 Option set summary: Frozen orbital wavefunction, initial wavefunction decomposition, and traditional AO-based POL.
--------------------------------
Printing EDA Options
--------------------------------
eda_child_super_basis      0
fragmo_guess_mode          0
child_mp                   0
child_mp_orders            0
cls_elec                   1
cls_disp                   0
scfmi_mode                 1
scfmi_occs                 0
scfmi_virts                0
frz_relax                  0
frz_relax_method           0
dc_pen_start               0
dc_pen_conv                0
dc_pen_increment           0
dc_pen_steps               0
dc_pen_thresh_factor       0
dc_pen_pre_newton_thresh   0
frz_ortho_decomp           1
frz_ortho_decomp_conv      6
plot_mo_ortho_frz          0
frgm_method                2
scfmi_freeze_ss            0
separate_rehyb             0
plot_diff_den              0
eda_nocv                   0
eda_vct_relax              1
disp_free_x                33
disp_free_c                25
eda_bsse                   1
eda_pct_a                  0
eda_covp                   0
eda_vct_a                  0
--------------------------------
 Attempting to make child job directory: /scratch/qchemscratch/qchem2092381//Frg1/
 Attempting to make child job directory: /scratch/qchemscratch/qchem2092381//Frg2/
 Creating input file /scratch/qchemscratch/qchem2092381/Frg1.input
 using default PutDataFrgm: nothing
 calling putenv with: QCSCRATCH=/scratch/qchemscratch/qchem2092381/ 
 Spawning Job For Fragment 0
 Done Job For Fragment 0
 calling putenv with: QCSCRATCH=/scratch/qchemscratch 
 calling putenv with: QCTHREADS=1 
 Creating input file /scratch/qchemscratch/qchem2092381/Frg2.input
 using default PutDataFrgm: nothing
 calling putenv with: QCSCRATCH=/scratch/qchemscratch/qchem2092381/ 
 Spawning Job For Fragment 1
 Done Job For Fragment 1
 calling putenv with: QCSCRATCH=/scratch/qchemscratch 
 calling putenv with: QCTHREADS=1 
Doing General SCFMI
 Exchange:  B97M-V      Correlation:  B97M-V
 Using SG-2 standard quadrature grid
 Nonlocal Correlation:  VV10 with C = 0.0100 and b = 6.00 and scale = 1.00000
 Grid used for NLC:  SG-1 standard quadrature
performing fock build before subrot guess so that all methods have access
Printing subrot_rss_gen Method Specification:
Occupied Subspace Method is 0
Virtual Subspace Method is 0
Energy of the unrelaxed supersystem initial determinant -798.482610811601
write pseudocanon occs and virts to disk
write pseudocanon orbital energies to disk
Tolerance of ortho_decomp_scf: 1.00e-06
GDM subspace size: 20
Beginning the Orthogonal Decomposition of the Initial Supersystem Wavefunction
    1    -798.3592692441      1.32e-01     ortho_decomp Preconditoned Steepest Descent
    2    -798.3732994421      3.50e-04     ortho_decomp BFGS Step
    3    -798.3732999605      3.75e-06     ortho_decomp BFGS Step
    4    -798.3732999606      2.26e-08     ortho_decomp 00000 Convergence criterion met
 Exchange:  revPBE      Correlation:  PBE
 Using SG-2 standard quadrature grid
 Exchange:  revPBE      Correlation:  PBE
 Using SG-2 standard quadrature grid
 Exchange:  revPBE      Correlation:  PBE
 Using SG-2 standard quadrature grid
Doing General SCFMI
 Exchange:  B97M-V      Correlation:  B97M-V
 Using SG-2 standard quadrature grid
 Nonlocal Correlation:  VV10 with C = 0.0100 and b = 6.00 and scale = 1.00000
 Grid used for NLC:  SG-1 standard quadrature
performing fock build at end of subrot_r(subrot) constructor so that all methods have access
<S^2> of initial wavefunction before polarization iterations 0.0000000000
Beginning iterations for the determination of the polarized wavefunction
Energy prior to optimization (guess energy) = -798.482610811601
Begin Timing: Total SCF Calculation
begin iterations for algorithm: DIIS         
the SCF tolerance is set to 1.00e-08
    1    -798.4826108116      3.71e-04     00000 
    2    -798.4895719546      1.40e-04     00000 
    3    -798.4898846700      9.02e-05     00000 
    4    -798.4900107419      4.58e-05     00000 
    5    -798.4900487222      1.35e-05     00000 
    6    -798.4900518244      6.02e-06     00000 
    7    -798.4900524875      2.24e-06     00000 
    8    -798.4900525641      1.30e-06     00000 
    9    -798.4900525825      7.97e-07     00000 
   10    -798.4900525912      3.69e-07     00000 
   11    -798.4900525935      1.65e-07     00000 
   12    -798.4900525939      9.64e-08     00000 
   13    -798.4900525941      2.06e-08     00000 
   14    -798.4900525941      7.79e-09     00000 Convergence criterion met
write pseudocanon occs and virts to disk
write pseudocanon orbital energies to disk
Timing for Total SCF: 833.00s (wall), 828.40s (cpu)
<S^2> of polarized wavefunction after polarization iterations 0.0000000000
relaxing scfmi constraint to allow all rotations in the entire AO span
Doing General SCFMI
 Exchange:  B97M-V      Correlation:  B97M-V
 Using SG-2 standard quadrature grid
 Nonlocal Correlation:  VV10 with C = 0.0100 and b = 6.00 and scale = 1.00000
 Grid used for NLC:  SG-1 standard quadrature
performing fock build at end of subrot_r(subrot) constructor so that all methods have access
<S^2> of polarized wavefunction before ct-allowed iterations 0.0000000000
Beginning iterations for the determination of the CT-Allowed wavefunction
Energy prior to optimization (guess energy) = -798.490052594103
Begin Timing: Total SCF Calculation
begin iterations for algorithm: DIIS         
the SCF tolerance is set to 1.00e-08
    1    -798.4900525941      4.70e-04     00000 
    2    -798.5018705933      6.63e-05     00000 
    3    -798.5016891763      1.10e-04     00000 
    4    -798.5020158987      1.70e-05     00000 
    5    -798.5020239002      7.06e-06     00000 
    6    -798.5020251387      2.49e-06     00000 
    7    -798.5020252928      4.52e-07     00000 
    8    -798.5020252982      1.72e-07     00000 
    9    -798.5020252988      8.87e-08     00000 
   10    -798.5020252990      2.22e-08     00000 
   11    -798.5020252990      7.04e-09     00000 Convergence criterion met
write pseudocanon occs and virts to disk
write pseudocanon orbital energies to disk
Timing for Total SCF: 485.00s (wall), 482.44s (cpu)
<S^2> of ct_allowed wavefunction after ct-allowed iterations 0.0000000000
 Attempting to make child job directory: /scratch/qchemscratch/qchem2092381//FrgBSSE1/
 Attempting to make child job directory: /scratch/qchemscratch/qchem2092381//FrgBSSE2/
 Creating input file /scratch/qchemscratch/qchem2092381/FrgBSSE1.input
 calling putenv with: QCSCRATCH=/scratch/qchemscratch/qchem2092381/ 
 Spawning Job For Fragment 0
 Done Job For Fragment 0
 calling putenv with: QCSCRATCH=/scratch/qchemscratch 
 calling putenv with: QCTHREADS=1 
 Creating input file /scratch/qchemscratch/qchem2092381/FrgBSSE2.input
 calling putenv with: QCSCRATCH=/scratch/qchemscratch/qchem2092381/ 
 Spawning Job For Fragment 1
 Done Job For Fragment 1
 calling putenv with: QCSCRATCH=/scratch/qchemscratch 
 calling putenv with: QCTHREADS=1 
====================================================================
   Evaluating the BSSE with fragment SCF in the supersystem basis
   Fragment contributions (kJ/mol) 
   Frgm 1: 1.5073
   Frgm 2: 3.9674
   BSSE (kJ/mol) = 5.4747
====================================================================

================================
        Results of EDA2         
================================
Basic EDA Quantities
--------------------
Fragment Energies (Ha):
1  -76.4128790852
2 -722.0610231780
--------------------
  E_prp (kJ/mol) = 0.0000
  E_frz (kJ/mol) = -22.8646
  E_pol (kJ/mol) = -19.5386
  E_vct (kJ/mol) = -25.9600 (CP-corrected)
  E_int (kJ/mol) = -68.3632 (CP-corrected)
--------------------


Decomposition of frozen interaction energy
--------------------
  --------------------
  Orthogonal Frozen Decomposition:
  --------------------
     E_elec   (ELEC)   (kJ/mol) = -213.0829
     E_pauli  (PAULI)  (kJ/mol) = 215.5785
     E_disp   (DISP)   (kJ/mol) = -25.3601
  --------------------
  Classical Frozen Decomposition:
  --------------------
     E_cls_elec  (CLS ELEC)  (kJ/mol) = -123.5730
     E_mod_pauli (MOD PAULI) (kJ/mol) = 126.0685 (FRZ - CLS ELEC - DISP)
     E_disp      (DISP)      (kJ/mol) = -25.3601
  --------------------
--------------------

Simplified EDA Summary (kJ/mol)
--------------------
 PREPARATION      0.0000
 FROZEN           -22.8646 (ELEC + PAULI + DISP)
[ELEC + PAULI = 2.4955, DISP = -25.3601]
 POLARIZATION    -19.5386
 CHARGE TRANSFER -25.9600     (counterpoise-corrected)
 TOTAL           -68.3632     (PRP + FRZ + POL + CT)
--------------------
 
 --------------------------------------------------------------
 
                    Orbital Energies (a.u.)
 --------------------------------------------------------------
 
 Alpha MOs
 -- Occupied --
-77.1334 -19.0244 -19.0154 -18.9717 -18.9463 -18.9446 -10.0969 -10.0866
 -6.5337  -4.6086  -4.6075  -4.6051  -0.9004  -0.8577  -0.8175  -0.7934
 -0.7643  -0.5383  -0.5191  -0.3802  -0.3258  -0.2982  -0.2925  -0.2851
 -0.2725  -0.2627  -0.2483  -0.2045  -0.1944  -0.1767  -0.1643  -0.1271
 -0.1218  -0.1097  -0.1074  -0.0893  -0.0873  -0.0704
 -- Virtual --
  0.0871   0.0975   0.1171   0.1198   0.1315   0.1331   0.1406   0.1586
  0.1619   0.1774   0.1850   0.1909   0.1976   0.2007   0.2040   0.2175
  0.2199   0.2292   0.2375   0.2439   0.2484   0.2590   0.2649   0.2779
  0.2798   0.2915   0.2961   0.2979   0.3030   0.3186   0.3205   0.3245
  0.3316   0.3367   0.3445   0.3588   0.3604   0.3686   0.3737   0.3786
  0.3855   0.3932   0.4031   0.4063   0.4116   0.4226   0.4264   0.4276
  0.4371   0.4473   0.4538   0.4593   0.4746   0.4784   0.4917   0.4954
  0.5081   0.5161   0.5331   0.5347   0.5546   0.5576   0.5621   0.5739
  0.5825   0.5911   0.5985   0.6124   0.6137   0.6350   0.6364   0.6453
  0.6608   0.6709   0.6800   0.6834   0.6909   0.7001   0.7092   0.7216
  0.7275   0.7374   0.7501   0.7639   0.7725   0.7746   0.7915   0.7971
  0.8090   0.8260   0.8426   0.8510   0.8808   0.8989   0.9080   0.9282
  0.9450   0.9607   0.9751   0.9791   0.9840   1.0073   1.0241   1.0404
  1.0594   1.0676   1.0760   1.1027   1.1355   1.1441   1.1568   1.1778
  1.1927   1.2156   1.2256   1.2311   1.2350   1.2591   1.2716   1.3034
  1.3160   1.3343   1.3436   1.3490   1.3801   1.3865   1.3958   1.4224
  1.4463   1.4535   1.4674   1.4967   1.5049   1.5349   1.5569   1.5602
  1.5912   1.6005   1.6157   1.6356   1.6549   1.6686   1.6795   1.6994
  1.7047   1.7237   1.7468   1.7830   1.7923   1.7964   1.8233   1.8364
  1.8638   1.8810   1.9087   1.9421   1.9614   1.9738   2.0023   2.0224
  2.0427   2.0718   2.0898   2.1165   2.1236   2.1312   2.1648   2.1667
  2.1837   2.1995   2.2196   2.2686   2.2813   2.3063   2.3773   2.4314
  2.5168   2.5371   2.5509   2.5832   2.5897   2.6061   2.6393   2.6762
  2.7659   2.7802   2.7998   2.8153   2.8517   2.8783   2.9409   2.9669
  3.0491   3.1036   3.1708   3.1748   3.1992   3.5546   3.5768   3.5937
  3.6012   3.6106   3.6266   3.6416   3.6605   3.6701   3.6831   3.7028
  3.7216   3.7349   3.7421   3.7615   3.7779   3.8097   3.8214   3.8642
  3.9032   3.9408   3.9595   4.0159   4.1209   4.3305
 --------------------------------------------------------------
 
          Ground-State Mulliken Net Atomic Charges

     Atom                 Charge (a.u.)
  ----------------------------------------
      1 O                    -0.502227
      2 H                     0.191567
      3 H                     0.261268
      4 H                    -0.196880
      5 C                     1.070993
      6 H                    -0.216905
      7 H                    -0.250228
      8 C                     1.194441
      9 H                    -0.380716
     10 H                    -0.178914
     11 H                    -0.372685
     12 O                    -1.096699
     13 O                    -1.030054
     14 O                    -1.007941
     15 O                    -1.059849
     16 P                     2.574828
  ----------------------------------------
  Sum of atomic charges =    -1.000000

 -----------------------------------------------------------------
                    Cartesian Multipole Moments
 -----------------------------------------------------------------
    Charge (ESU x 10^10)
                -4.8032
    Dipole Moment (Debye)
         X       3.9073      Y      -3.4515      Z       0.7514
       Tot       5.2673
    Quadrupole Moments (Debye-Ang)
        XX     -74.3927     XY       4.3985     YY     -64.1657
        XZ       3.7064     YZ       0.6930     ZZ     -67.4342
    Octopole Moments (Debye-Ang^2)
       XXX      50.5712    XXY     -11.4687    XYY       0.7063
       YYY      -0.7668    XXZ      -6.7823    XYZ       1.9519
       YYZ       3.1241    XZZ      -0.6933    YZZ      -4.3488
       ZZZ      -0.7251
    Hexadecapole Moments (Debye-Ang^3)
      XXXX   -1097.7398   XXXY      32.5930   XXYY    -242.2998
      XYYY       2.8100   YYYY    -450.2812   XXXZ      32.7342
      XXYZ      -7.6858   XYYZ       2.5918   YYYZ       5.9096
      XXZZ    -194.8083   XYZZ       1.2736   YYZZ    -122.4426
      XZZZ     -10.8140   YZZZ       4.3180   ZZZZ    -259.6749
 -----------------------------------------------------------------
 Total job time:  3372.26s(wall), 2144.57s(cpu) 
 Mon Apr 15 17:10:38 2024

        *************************************************************
        *                                                           *
        *  Thank you very much for using Q-Chem.  Have a nice day.  *
        *                                                           *
        *************************************************************


