
Running Job 1 of 1 DMP_gt_7_1.3.inp
qchem DMP_gt_7_1.3.inp_2651452.0 /scratch/qchemscratch/qchem2651452/ 1
/opt/qchem/6.1/exe/qcprog.exe_s DMP_gt_7_1.3.inp_2651452.0 /scratch/qchemscratch/qchem2651452/
                  Welcome to Q-Chem
     A Quantum Leap Into The Future Of Chemistry


 Q-Chem 6.1, Q-Chem, Inc., Pleasanton, CA (2023)

 License issued to: SRG Pengyu Ren, University of Texas at Austin

 E. Epifanovsky,  A. T. B. Gilbert,  Xintian Feng,  Joonho Lee,  Yuezhi Mao,  
 N. Mardirossian,  P. Pokhilko,  A. White,  M. Wormit,  M. P. Coons,  
 A. L. Dempwolff,  Zhengting Gan,  D. Hait,  P. R. Horn,  L. D. Jacobson,  
 I. Kaliman,  J. Kussmann,  A. W. Lange,  Ka Un Lao,  D. S. Levine,  Jie Liu,  
 S. C. McKenzie,  A. F. Morrison,  K. D. Nanda,  F. Plasser,  D. R. Rehn,  
 M. L. Vidal,  Zhi-Qiang You,  Ying Zhu,  B. Alam,  B. Albrecht,  
 A. Aldossary,  E. Alguire,  J. H. Andersen,  V. Athavale,  D. Barton,  
 K. Begam,  A. Behn,  N. Bellonzi,  Y. A. Bernard,  E. J. Berquist,  
 H. Burton,  A. Carreras,  K. Carter-Fenk,  Mathew Chow,  Romit Chakraborty,  
 Chandrima Chakravarty,  Junhan Chen,  A. D. Chien,  K. D. Closser,  
 V. Cofer-Shabica,  L. Cunha,  S. Dasgupta,  Jia Deng,  M. de Wergifosse,  
 M. Diedenhofen,  Hainam Do,  S. Ehlert,  Po-Tung Fang,  S. Fatehi,  
 Qingguo Feng,  T. Friedhoff,  Thomas Froitzheim,  B. Ganoe,  J. Gayvert,  
 Qinghui Ge,  G. Gidofalvi,  M. Gimferrer,  M. Goldey,  Montgomery Gray,  
 J. Gomes,  C. Gonzalez-Espinoza,  S. Gulania,  A. Gunina,  J. A. Gyamfi,  
 M. W. D. Hanson-Heine,  P. H. P. Harbach,  A. W. Hauser,  M. F. Herbst,  
 M. Hernandez Vera,  M. Hodecker,  Z. C. Holden,  S. Houck,  Xunkun Huang,  
 Kerwin Hui,  B. C. Huynh,  K. Ikeda,  M. Ivanov,  Hyunjun Ji,  Zuxin Jin,  
 Hanjie Jiang,  Subrata Jana,  B. Kaduk,  S. Kaehler,  R. Kang,  
 K. Khistyaev,  Jaehoon Kim,  Yongbin Kim,  P. Klunzinger,  Z. Koczor-Benda,  
 Joong Hoon Koh,  D. Kosenkov,  Saikiran Kotaru,  L. Koulias,  T. Kowalczyk,  
 C. M. Krauter,  K. Kue,  A. Kunitsa,  T. Kus,  A. Landau,  K. V. Lawler,  
 D. Lefrancois,  S. Lehtola,  Rain Li,  Shaozhi Li,  Yi-Pei Li,  
 Jiashu Liang,  M. Liebenthal,  Hung-Hsuan Lin,  You-Sheng Lin,  Fenglai Liu,  
 Kuan-Yu Liu,  Xiao Liu,  M. Loipersberger,  A. Luenser,  C. Malbon,  
 A. Manjanath,  P. Manohar,  E. Mansoor,  S. F. Manzer,  Shan-Ping Mao,  
 A. V. Marenich,  T. Markovich,  S. Mason,  F. Matz,  S. A. Maurer,  
 P. F. McLaughlin,  M. F. S. J. Menger,  J.-M. Mewes,  S. A. Mewes,  
 P. Morgante,  Mohammad Mostafanejad,  J. W. Mullinax,  K. J. Oosterbaan,  
 G. Paran,  V. Parravicini,  Alexander C. Paul,  Suranjan K. Paul,  
 F. Pavosevic,  Zheng Pei,  S. Prager,  E. I. Proynov,  E. Ramos,  B. Rana,  
 A. E. Rask,  A. Rettig,  R. M. Richard,  F. Rob,  E. Rossomme,  T. Scheele,  
 M. Scheurer,  M. Schneider,  P. E. Schneider,  Tim K. Schramm,  N. Sergueev,  
 S. M. Sharada,  M. Sharma,  Hengyuan Shen,  W. Skomorowski,  D. W. Small,  
 C. J. Stein,  Alistair J. Sterling,  Yingli Su,  Yu-Chuan Su,  
 E. J. Sundstrom,  J. Talbot,  Zhen Tao,  J. Thirman,  Hung-Yi Tsai,  
 T. Tsuchimochi,  N. M. Tubman,  C. Utku,  S. P. Veccham,  O. Vydrov,  
 J. Wenzel,  Jonathan Wong,  J. Witte,  A. Yamada,  Chou-Hsun Yang,  Kun Yao,  
 S. Yeganeh,  S. R. Yost,  A. Zech,  F. Zeller,  Igor Ying Zhang,  
 Xing Zhang,  Yu Zhang,  D. Zuev,  A. Aspuru-Guzik,  A. T. Bell,  
 N. A. Besley,  K. B. Bravaya,  B. R. Brooks,  D. Casanova,  Jeng-Da Chai,  
 Hsing-Ta Chen,  S. Coriani,  C. J. Cramer,  A. E. DePrince, III,  
 R. A. DiStasio Jr.,  A. Dreuw,  B. D. Dunietz,  T. R. Furlani,  
 W. A. Goddard III,  S. Grimme,  S. Hammes-Schiffer,  T. Head-Gordon,  
 W. J. Hehre,  Chao-Ping Hsu,  T.-C. Jagau,  Yousung Jung,  A. Klamt,  
 Jing Kong,  D. S. Lambrecht,  Xiangyuan Li,  WanZhen Liang,  N. J. Mayhall,  
 C. W. McCurdy,  J. B. Neaton,  T. Neudecker,  C. Ochsenfeld,  
 J. A. Parkhill,  R. Peverati,  V. A. Rassolov,  Haisheng Ren,  Yihan Shao,  
 L. V. Slipchenko,  R. P. Steele,  J. E. Subotnik,  A. J. W. Thom,  
 A. Tkatchenko,  D. G. Truhlar,  T. Van Voorhis,  Fan Wang,  
 T. A. Wesolowski,  K. B. Whaley,  H. L. Woodcock III,  P. M. Zimmerman,  
 S. Faraji,  P. M. W. Gill,  M. Head-Gordon,  J. M. Herbert,  A. I. Krylov

 Contributors to earlier versions of Q-Chem not listed above: 
 R. D. Adamson,  B. Austin,  R. Baer,  J. Baker,  G. J. O. Beran,  
 K. Brandhorst,  S. T. Brown,  E. F. C. Byrd,  Arup K. Chakraborty,  
 G. K. L. Chan,  Chun-Min Chang,  Yunqing Chen,  C.-L. Cheng,  
 Siu Hung Chien,  D. M. Chipman,  D. L. Crittenden,  H. Dachsel,  
 R. J. Doerksen,  A. D. Dutoi,  R. G. Edgar,  J. Fosso-Tande,  
 L. Fusti-Molnar,  D. Ghosh,  A. Ghysels,  A. Golubeva-Zadorozhnaya,  
 J. Gonthier,  M. S. Gordon,  S. R. Gwaltney,  G. Hawkins,  J. E. Herr,  
 A. Heyden,  S. Hirata,  E. G. Hohenstein,  G. Kedziora,  F. J. Keil,  
 C. Kelley,  Jihan Kim,  R. A. King,  R. Z. Khaliullin,  P. P. Korambath,  
 W. Kurlancheek,  A. Laurent,  A. M. Lee,  M. S. Lee,  S. V. Levchenko,  
 Ching Yeh Lin,  D. Liotard,  E. Livshits,  R. C. Lochan,  I. Lotan,  
 L. A. Martinez-Martinez,  P. E. Maslen,  N. Nair,  D. P. O'Neill,  
 D. Neuhauser,  E. Neuscamman,  C. M. Oana,  R. Olivares-Amaya,  R. Olson,  
 T. M. Perrine,  B. Peters,  P. A. Pieniazek,  A. Prociuk,  Y. M. Rhee,  
 J. Ritchie,  M. A. Rohrdanz,  E. Rosta,  N. J. Russ,  H. F. Schaefer III,  
 M. W. Schmidt,  N. E. Schultz,  S. Sharma,  N. Shenvi,  C. D. Sherrill,  
 A. C. Simmonett,  A. Sodt,  T. Stein,  D. Stuck,  K. S. Thanthiriwatte,  
 V. Vanovschi,  L. Vogt,  Tao Wang,  A. Warshel,  M. A. Watson,  
 C. F. Williams,  Q. Wu,  X. Xu,  Jun Yang,  W. Zhang,  Yan Zhao

   Please cite Q-Chem as follows:
  "Software for the frontiers of quantum chemistry:
   An overview of developments in the Q-Chem 5 package"
   J. Chem. Phys. 155, 084801 (2021)
   https://doi.org/10.1063/5.0055522 (open access)

 Q-Chem 6.1.1 for Intel X86 EM64T Linux

 Parts of Q-Chem use Armadillo 9.900.5 (Nocturnal Misbehaviour).
 http://arma.sourceforge.net/

 Q-Chem begins on Mon Mar  4 13:40:34 2024  

 Host: 
0

     Scratch files written to /scratch/qchemscratch/qchem2651452//
 Jan1824 |scratch|qcdevops|jenkins|workspace|build_RNUM UKVU   
 Processing $rem in /opt/qchem/6.1/config/preferences:
 Processing $rem in /home/mm227274/.qchemrc:

 Q-Chem warning in module libgen/rem_setup.C, line 3361:

 Neither GIA nor STOLL is specified by user. Use STOLL as the default


 Checking the input file for inconsistencies... 	...done.

--------------------------------------------------------------
User input:
--------------------------------------------------------------
$molecule
-1 1
--
0 1

O 4.068354076923077 -1.1098815384615386 -0.5048298461538462
H 3.2726140769230767 -1.5076915384615384 -0.07181984615384616
H 4.067584076923077 -1.4328215384615384 -1.4108298461538462
--
-1 1
H         -2.57917        0.90233       -1.41016
C         -2.71008        0.05717       -0.73043
H          1.33217        1.74463        1.01191
H          2.28153        0.92174       -0.23454
C          1.39850        1.60637       -0.07317
H         -3.50072       -0.59684       -1.09842
H         -2.96079        0.43496        0.26354
H          1.58467        2.54076       -0.60884
O         -0.93877        0.38088        1.57843
O          0.66204       -1.28559        0.44337
O         -1.52396       -0.71103       -0.67705
O          0.27579        1.01290       -0.58411
P         -0.39629       -0.24024        0.34141
$end

$rem
JOBTYPE          eda
EDA2             2
METHOD           b97m-v
BASIS            aug-cc-pvtz
SCF_CONVERGENCE  8
THRESH           14
SYMMETRY         false
DISP_FREE_X      revPBE
DISP_FREE_C      PBE
EDA_BSSE         true
$end
--------------------------------------------------------------
 ----------------------------------------------------------------
             Standard Nuclear Orientation (Angstroms)
    I     Atom           X                Y                Z
 ----------------------------------------------------------------
    1      O       4.0426478747     0.6369326953     0.2802502413
    2      H       3.2800102046     1.0828819813    -0.1652445649
    3      H       4.1120490034     1.0365870693     1.1523664613
    4      H      -2.7476730382    -0.5182112084     1.5512257636
    5      C      -2.8098666572     0.2730173794     0.8005227581
    6      H       0.9515107695    -2.0105014970    -0.8908188350
    7      H       2.0328098307    -1.1941269225     0.2477745334
    8      C       1.0738912233    -1.7854238548     0.1746750328
    9      H      -3.5086524429     1.0426382251     1.1286073650
   10      H      -3.1384330680    -0.1600762453    -0.1471223099
   11      H       1.1756117932    -2.6839577216     0.7886588321
   12      O      -1.1742482472    -0.4526610265    -1.5170848549
   13      O       0.6432352110     1.1145639820    -0.5850785393
   14      O      -1.5488382320     0.8935758601     0.6437560469
   15      O       0.0440403961    -1.0253174106     0.6598446279
   16      P      -0.5197384313     0.2094968246    -0.3580089444
 ----------------------------------------------------------------
 Molecular Point Group                 C1    NOp =  1
 Largest Abelian Subgroup              C1    NOp =  1
 Nuclear Repulsion Energy =         523.48637407 hartrees
 There are       38 alpha and       38 beta electrons
 Requested basis set is aug-cc-pVTZ
 There are 186 shells and 556 basis functions

 Total QAlloc Memory Limit  16000 MB
 Mega-Array Size       188 MB
 MEM_STATIC part       192 MB

 A cutoff of  1.0D-14 yielded  16020 shell pairs
 There are    141430 function pairs (    189657 Cartesian)
 Smallest overlap matrix eigenvalue = 2.33E-05

 Scale SEOQF with 1.000000e-01/1.000000e-01/1.000000e-01

 Standard Electronic Orientation quadrupole field applied
 Nucleus-field energy     =     0.0000000106 hartrees

 -----------------------------------------------------------------------
  General SCF calculation program by
  Eric Jon Sundstrom, Paul Horn, Yuezhi Mao, Dmitri Zuev, Alec White,
  David Stuck, Shaama M.S., Shane Yost, Joonho Lee, David Small,
  Daniel Levine, Susi Lehtola, Hugh Burton, Evgeny Epifanovsky,
  Bang C. Huynh
 -----------------------------------------------------------------------
================================================================
                 ALMO-EDA with the EDA2 driver                  
================================================================
 The second-generation ALMO-EDA (for DFT):                      
 P. R. Horn, Y. Mao and M. Head-Gordon, PCCP, 18, 23067 (2016)  
 Y. Mao et al. Annu. Rev. Phys. Chem. 72, 641 (2021)            
 Decomposition of the frozen energy:                            
 P. R. Horn, Y. Mao and M. Head-Gordon, JCP, 144, 114107 (2016) 
================================================================
 Using eda2 option set 2
 Option set summary: Frozen orbital wavefunction, initial wavefunction decomposition, and traditional AO-based POL.
--------------------------------
Printing EDA Options
--------------------------------
eda_child_super_basis      0
fragmo_guess_mode          0
child_mp                   0
child_mp_orders            0
cls_elec                   1
cls_disp                   0
scfmi_mode                 1
scfmi_occs                 0
scfmi_virts                0
frz_relax                  0
frz_relax_method           0
dc_pen_start               0
dc_pen_conv                0
dc_pen_increment           0
dc_pen_steps               0
dc_pen_thresh_factor       0
dc_pen_pre_newton_thresh   0
frz_ortho_decomp           1
frz_ortho_decomp_conv      6
plot_mo_ortho_frz          0
frgm_method                2
scfmi_freeze_ss            0
separate_rehyb             0
plot_diff_den              0
eda_nocv                   0
eda_vct_relax              1
disp_free_x                33
disp_free_c                25
eda_bsse                   1
eda_pct_a                  0
eda_covp                   0
eda_vct_a                  0
--------------------------------
 Attempting to make child job directory: /scratch/qchemscratch/qchem2651452//Frg1/
 Attempting to make child job directory: /scratch/qchemscratch/qchem2651452//Frg2/
 Creating input file /scratch/qchemscratch/qchem2651452/Frg1.input
 using default PutDataFrgm: nothing
 calling putenv with: QCSCRATCH=/scratch/qchemscratch/qchem2651452/ 
 Spawning Job For Fragment 0
 Done Job For Fragment 0
 calling putenv with: QCSCRATCH=/scratch/qchemscratch 
 calling putenv with: QCTHREADS=1 
 Creating input file /scratch/qchemscratch/qchem2651452/Frg2.input
 using default PutDataFrgm: nothing
 calling putenv with: QCSCRATCH=/scratch/qchemscratch/qchem2651452/ 
 Spawning Job For Fragment 1
 Done Job For Fragment 1
 calling putenv with: QCSCRATCH=/scratch/qchemscratch 
 calling putenv with: QCTHREADS=1 
Doing General SCFMI
 Exchange:  B97M-V      Correlation:  B97M-V
 Using SG-2 standard quadrature grid
 Nonlocal Correlation:  VV10 with C = 0.0100 and b = 6.00 and scale = 1.00000
 Grid used for NLC:  SG-1 standard quadrature
performing fock build before subrot guess so that all methods have access
Printing subrot_rss_gen Method Specification:
Occupied Subspace Method is 0
Virtual Subspace Method is 0
Energy of the unrelaxed supersystem initial determinant -798.643262350535
write pseudocanon occs and virts to disk
write pseudocanon orbital energies to disk
Tolerance of ortho_decomp_scf: 1.00e-06
GDM subspace size: 20
Beginning the Orthogonal Decomposition of the Initial Supersystem Wavefunction
    1    -798.6210998619      4.93e-02     ortho_decomp Preconditoned Steepest Descent
    2    -798.6231164170      1.34e-04     ortho_decomp BFGS Step
    3    -798.6231165129      1.66e-06     ortho_decomp BFGS Step
    4    -798.6231165129      7.80e-09     ortho_decomp 00000 Convergence criterion met
 Exchange:  revPBE      Correlation:  PBE
 Using SG-2 standard quadrature grid
 Exchange:  revPBE      Correlation:  PBE
 Using SG-2 standard quadrature grid
 Exchange:  revPBE      Correlation:  PBE
 Using SG-2 standard quadrature grid
Doing General SCFMI
 Exchange:  B97M-V      Correlation:  B97M-V
 Using SG-2 standard quadrature grid
 Nonlocal Correlation:  VV10 with C = 0.0100 and b = 6.00 and scale = 1.00000
 Grid used for NLC:  SG-1 standard quadrature
performing fock build at end of subrot_r(subrot) constructor so that all methods have access
<S^2> of initial wavefunction before polarization iterations 0.0000000000
Beginning iterations for the determination of the polarized wavefunction
Energy prior to optimization (guess energy) = -798.643262350535
Begin Timing: Total SCF Calculation
begin iterations for algorithm: DIIS         
the SCF tolerance is set to 1.00e-08
    1    -798.6432623505      8.24e-05     00000 
    2    -798.6448996524      4.33e-05     00000 
    3    -798.6450651108      2.27e-05     00000 
    4    -798.6450852408      1.57e-05     00000 
    5    -798.6451057532      2.84e-06     00000 
    6    -798.6451062679      1.55e-06     00000 
    7    -798.6451064502      2.97e-07     00000 
    8    -798.6451064562      1.56e-07     00000 
    9    -798.6451064580      6.09e-08     00000 
   10    -798.6451064582      2.37e-08     00000 
   11    -798.6451064583      1.13e-08     00000 
   12    -798.6451064583      6.25e-09     00000 Convergence criterion met
write pseudocanon occs and virts to disk
write pseudocanon orbital energies to disk
Timing for Total SCF: 1768.00s (wall), 1760.08s (cpu)
<S^2> of polarized wavefunction after polarization iterations 0.0000000000
relaxing scfmi constraint to allow all rotations in the entire AO span
Doing General SCFMI
 Exchange:  B97M-V      Correlation:  B97M-V
 Using SG-2 standard quadrature grid
 Nonlocal Correlation:  VV10 with C = 0.0100 and b = 6.00 and scale = 1.00000
 Grid used for NLC:  SG-1 standard quadrature
performing fock build at end of subrot_r(subrot) constructor so that all methods have access
<S^2> of polarized wavefunction before ct-allowed iterations 0.0000000000
Beginning iterations for the determination of the CT-Allowed wavefunction
Energy prior to optimization (guess energy) = -798.645106458275
Begin Timing: Total SCF Calculation
begin iterations for algorithm: DIIS         
the SCF tolerance is set to 1.00e-08
    1    -798.6451064583      6.10e-05     00000 
    2    -798.6461384382      5.16e-06     00000 
    3    -798.6461321498      9.30e-06     00000 
    4    -798.6461421878      1.35e-06     00000 
    5    -798.6461424117      5.52e-07     00000 
    6    -798.6461424434      2.01e-07     00000 
    7    -798.6461424476      6.49e-08     00000 
    8    -798.6461424481      2.76e-08     00000 
    9    -798.6461424482      7.69e-09     00000 Convergence criterion met
write pseudocanon occs and virts to disk
write pseudocanon orbital energies to disk
Timing for Total SCF: 1315.00s (wall), 1307.98s (cpu)
<S^2> of ct_allowed wavefunction after ct-allowed iterations 0.0000000000
 Attempting to make child job directory: /scratch/qchemscratch/qchem2651452//FrgBSSE1/
 Attempting to make child job directory: /scratch/qchemscratch/qchem2651452//FrgBSSE2/
 Creating input file /scratch/qchemscratch/qchem2651452/FrgBSSE1.input
 calling putenv with: QCSCRATCH=/scratch/qchemscratch/qchem2651452/ 
 Spawning Job For Fragment 0
 Done Job For Fragment 0
 calling putenv with: QCSCRATCH=/scratch/qchemscratch 
 calling putenv with: QCTHREADS=1 
 Creating input file /scratch/qchemscratch/qchem2651452/FrgBSSE2.input
 calling putenv with: QCSCRATCH=/scratch/qchemscratch/qchem2651452/ 
 Spawning Job For Fragment 1
 Done Job For Fragment 1
 calling putenv with: QCSCRATCH=/scratch/qchemscratch 
 calling putenv with: QCTHREADS=1 
====================================================================
   Evaluating the BSSE with fragment SCF in the supersystem basis
   Fragment contributions (kJ/mol) 
   Frgm 1: 0.1126
   Frgm 2: 0.1738
   BSSE (kJ/mol) = 0.2864
====================================================================

================================
        Results of EDA2         
================================
Basic EDA Quantities
--------------------
Fragment Energies (Ha):
1  -76.4322167402
2 -722.2023749993
--------------------
  E_prp (kJ/mol) = -0.0000
  E_frz (kJ/mol) = -22.7650
  E_pol (kJ/mol) = -4.8418
  E_vct (kJ/mol) = -2.4337 (CP-corrected)
  E_int (kJ/mol) = -30.0404 (CP-corrected)
--------------------


Decomposition of frozen interaction energy
--------------------
  --------------------
  Orthogonal Frozen Decomposition:
  --------------------
     E_elec   (ELEC)   (kJ/mol) = -39.2269
     E_pauli  (PAULI)  (kJ/mol) = 23.1753
     E_disp   (DISP)   (kJ/mol) = -6.7134
  --------------------
  Classical Frozen Decomposition:
  --------------------
     E_cls_elec  (CLS ELEC)  (kJ/mol) = -25.5554
     E_mod_pauli (MOD PAULI) (kJ/mol) = 9.5038 (FRZ - CLS ELEC - DISP)
     E_disp      (DISP)      (kJ/mol) = -6.7134
  --------------------
--------------------

Simplified EDA Summary (kJ/mol)
--------------------
 PREPARATION      -0.0000
 FROZEN           -22.7650 (ELEC + PAULI + DISP)
[ELEC + PAULI = -16.0516, DISP = -6.7134]
 POLARIZATION    -4.8418
 CHARGE TRANSFER -2.4337     (counterpoise-corrected)
 TOTAL           -30.0404     (PRP + FRZ + POL + CT)
--------------------
 
 --------------------------------------------------------------
 
                    Orbital Energies (a.u.)
 --------------------------------------------------------------
 
 Alpha MOs
 -- Occupied --
-77.0804 -19.0338 -19.0184 -18.9835 -18.9129 -18.9115 -10.0900 -10.0652
 -6.4830  -4.5584  -4.5565  -4.5527  -0.9028  -0.8744  -0.8531  -0.7767
 -0.7390  -0.5395  -0.4975  -0.3735  -0.3721  -0.3207  -0.2927  -0.2890
 -0.2594  -0.2554  -0.2365  -0.2267  -0.1815  -0.1602  -0.1570  -0.1550
 -0.1287  -0.1033  -0.0972  -0.0841  -0.0664  -0.0471
 -- Virtual --
  0.0799   0.0877   0.1005   0.1143   0.1188   0.1244   0.1340   0.1384
  0.1397   0.1649   0.1720   0.1730   0.1766   0.1826   0.1847   0.1873
  0.1929   0.2043   0.2098   0.2150   0.2178   0.2235   0.2314   0.2382
  0.2390   0.2457   0.2528   0.2586   0.2621   0.2744   0.2798   0.2878
  0.2896   0.2917   0.3030   0.3080   0.3140   0.3204   0.3234   0.3342
  0.3396   0.3435   0.3476   0.3519   0.3553   0.3575   0.3605   0.3709
  0.3775   0.3821   0.3865   0.3900   0.3967   0.3977   0.4035   0.4094
  0.4137   0.4241   0.4288   0.4328   0.4349   0.4383   0.4435   0.4531
  0.4550   0.4558   0.4671   0.4717   0.4794   0.4870   0.4927   0.5022
  0.5038   0.5102   0.5222   0.5304   0.5364   0.5414   0.5438   0.5529
  0.5641   0.5657   0.5708   0.5745   0.5863   0.5962   0.5998   0.6046
  0.6140   0.6238   0.6337   0.6385   0.6485   0.6546   0.6642   0.6709
  0.6790   0.7044   0.7183   0.7249   0.7329   0.7416   0.7592   0.7644
  0.7656   0.7718   0.7856   0.7906   0.7990   0.8037   0.8120   0.8196
  0.8242   0.8280   0.8390   0.8473   0.8507   0.8603   0.8747   0.8813
  0.8819   0.8858   0.8976   0.9099   0.9134   0.9181   0.9256   0.9324
  0.9358   0.9454   0.9533   0.9552   0.9686   0.9696   0.9714   0.9787
  0.9892   0.9948   1.0058   1.0114   1.0192   1.0209   1.0343   1.0457
  1.0506   1.0560   1.0643   1.0705   1.0792   1.0833   1.0897   1.0964
  1.1048   1.1113   1.1200   1.1233   1.1348   1.1407   1.1477   1.1540
  1.1654   1.1714   1.1777   1.1849   1.1907   1.1986   1.2045   1.2131
  1.2179   1.2234   1.2383   1.2416   1.2482   1.2561   1.2691   1.2814
  1.2855   1.2998   1.3039   1.3207   1.3303   1.3452   1.3510   1.3632
  1.3784   1.3913   1.4052   1.4117   1.4327   1.4359   1.4446   1.4468
  1.4610   1.4736   1.4788   1.4918   1.5065   1.5229   1.5328   1.5463
  1.5495   1.5609   1.5726   1.5849   1.6055   1.6078   1.6142   1.6223
  1.6287   1.6418   1.6606   1.6643   1.6681   1.6880   1.6978   1.7091
  1.7144   1.7178   1.7359   1.7429   1.7608   1.7635   1.7716   1.7792
  1.7842   1.8066   1.8224   1.8325   1.8486   1.8514   1.8574   1.8630
  1.8846   1.8870   1.9288   1.9340   1.9524   1.9582   1.9739   1.9874
  1.9924   2.0102   2.0261   2.0367   2.0429   2.0545   2.0737   2.0766
  2.1034   2.1074   2.1164   2.1386   2.1591   2.1687   2.1716   2.1821
  2.2031   2.2117   2.2181   2.2277   2.2405   2.2661   2.2864   2.3110
  2.3152   2.3339   2.3505   2.3532   2.3648   2.3808   2.4023   2.4087
  2.4269   2.4391   2.4478   2.4575   2.4734   2.4976   2.5084   2.5173
  2.5353   2.5480   2.5587   2.5784   2.5852   2.5914   2.6003   2.6203
  2.6358   2.6488   2.6660   2.6828   2.6984   2.7009   2.7216   2.7315
  2.7441   2.7556   2.7727   2.7759   2.7920   2.8135   2.8256   2.8448
  2.8586   2.8673   2.8808   2.9060   2.9253   2.9736   2.9794   2.9935
  3.0237   3.0724   3.0888   3.0994   3.1625   3.1842   3.1932   3.2130
  3.2416   3.2663   3.2785   3.2970   3.3064   3.3338   3.3597   3.3731
  3.3927   3.4059   3.4279   3.4546   3.4799   3.4874   3.5322   3.5381
  3.5571   3.5660   3.5767   3.5994   3.6527   3.6693   3.6775   3.7147
  3.7253   3.7270   3.7415   3.7481   3.7675   3.7753   3.8036   3.8281
  3.8424   3.8452   3.8746   3.8855   3.9231   3.9677   4.0031   4.0485
  4.0629   4.0737   4.0783   4.1013   4.1244   4.1748   4.1889   4.2100
  4.2310   4.2449   4.2592   4.2746   4.2765   4.2861   4.2968   4.3192
  4.3398   4.3480   4.4056   4.4208   4.4547   4.4715   4.4831   4.5129
  4.5275   4.5397   4.5625   4.5814   4.6076   4.6374   4.6560   4.6778
  4.6837   4.7003   4.7097   4.7289   4.7471   4.7819   4.7904   4.7984
  4.8372   4.8452   4.8861   4.9297   4.9601   4.9696   4.9962   5.1235
  5.1301   5.1358   5.1492   5.1638   5.1936   5.2097   5.2406   5.2671
  5.2852   5.2954   5.3478   5.3776   5.3907   5.4150   5.4237   5.4337
  5.4855   5.5351   5.5841   5.5909   5.5990   5.6171   5.6339   5.6604
  5.6796   5.6937   5.6946   5.7156   5.9434   5.9541   6.0550   6.0709
  6.0916   6.1117   6.1332   6.2301   6.3105   6.5092   6.5851   6.5917
  6.6125   6.6872   6.6919   6.7314   6.7464   6.7740   6.8185   6.8305
  6.8508   6.8649   6.8825   6.8925   6.9002   6.9197   6.9381   6.9388
  6.9589   6.9849   7.0011   7.0330   7.0453   7.0654   7.0788   7.0869
  7.1134   7.1259   7.1411   7.1533   7.1864   7.2016   7.2077   7.2242
  7.2381   7.2483   7.2540   7.2751   7.2799   7.2883   7.3052   7.3130
  7.3381   7.3470   7.3730   7.4106   7.4723   7.4746   7.5393   7.5772
  7.6131   7.6676   7.7072   7.7365   7.7681   7.7819   7.7863   7.8469
  7.8910   8.0025   8.0188   8.0666   8.1083   8.7005  11.0367  12.4490
 13.1214  14.6360  15.0165  15.3733  17.6256  17.8575
 --------------------------------------------------------------
 
          Ground-State Mulliken Net Atomic Charges

     Atom                 Charge (a.u.)
  ----------------------------------------
      1 O                    -0.566906
      2 H                     0.332462
      3 H                     0.217923
      4 H                     0.357956
      5 C                    -0.957571
      6 H                     0.340358
      7 H                     0.385259
      8 C                    -0.904935
      9 H                     0.387334
     10 H                     0.377604
     11 H                     0.338649
     12 O                    -0.864627
     13 O                    -0.919054
     14 O                    -0.438429
     15 O                    -0.506062
     16 P                     1.420038
  ----------------------------------------
  Sum of atomic charges =    -1.000000

 -----------------------------------------------------------------
                    Cartesian Multipole Moments
 -----------------------------------------------------------------
    Charge (ESU x 10^10)
                -4.8032
    Dipole Moment (Debye)
         X      -1.0056      Y      -0.4344      Z       3.9524
       Tot       4.1014
    Quadrupole Moments (Debye-Ang)
        XX     -72.4305     XY      -0.4862     YY     -63.4839
        XZ      -0.1827     YZ       0.9660     ZZ     -65.3916
    Octopole Moments (Debye-Ang^2)
       XXX     -56.2846    XXY       9.9404    XYY       6.7270
       YYY       3.5531    XXZ      22.9408    XYZ      10.2636
       YYZ       3.6020    XZZ      20.2340    YZZ       6.6083
       ZZZ      15.4040
    Hexadecapole Moments (Debye-Ang^3)
      XXXX   -1680.3685   XXXY      17.5859   XXYY    -285.2791
      XYYY      12.0986   YYYY    -397.8793   XXXZ      70.0470
      XXYZ      20.3675   XYYZ       9.2584   YYYZ       2.3306
      XXZZ    -246.2991   XYZZ       8.2152   YYZZ    -108.1233
      XZZZ       4.7199   YZZZ       0.2947   ZZZZ    -275.2701
 -----------------------------------------------------------------
 Total job time:  10103.58s(wall), 6016.58s(cpu) 
 Mon Mar  4 16:28:58 2024

        *************************************************************
        *                                                           *
        *  Thank you very much for using Q-Chem.  Have a nice day.  *
        *                                                           *
        *************************************************************


