
Running Job 1 of 1 DMP_tt_1_0.9.inp
qchem DMP_tt_1_0.9.inp_1114077.0 /scratch/qchemscratch/qchem1114077/ 1
/opt/qchem/6.1/exe/qcprog.exe_s DMP_tt_1_0.9.inp_1114077.0 /scratch/qchemscratch/qchem1114077/
                  Welcome to Q-Chem
     A Quantum Leap Into The Future Of Chemistry


 Q-Chem 6.1, Q-Chem, Inc., Pleasanton, CA (2023)

 License issued to: SRG Pengyu Ren, University of Texas at Austin

 E. Epifanovsky,  A. T. B. Gilbert,  Xintian Feng,  Joonho Lee,  Yuezhi Mao,  
 N. Mardirossian,  P. Pokhilko,  A. White,  M. Wormit,  M. P. Coons,  
 A. L. Dempwolff,  Zhengting Gan,  D. Hait,  P. R. Horn,  L. D. Jacobson,  
 I. Kaliman,  J. Kussmann,  A. W. Lange,  Ka Un Lao,  D. S. Levine,  Jie Liu,  
 S. C. McKenzie,  A. F. Morrison,  K. D. Nanda,  F. Plasser,  D. R. Rehn,  
 M. L. Vidal,  Zhi-Qiang You,  Ying Zhu,  B. Alam,  B. Albrecht,  
 A. Aldossary,  E. Alguire,  J. H. Andersen,  V. Athavale,  D. Barton,  
 K. Begam,  A. Behn,  N. Bellonzi,  Y. A. Bernard,  E. J. Berquist,  
 H. Burton,  A. Carreras,  K. Carter-Fenk,  Mathew Chow,  Romit Chakraborty,  
 Chandrima Chakravarty,  Junhan Chen,  A. D. Chien,  K. D. Closser,  
 V. Cofer-Shabica,  L. Cunha,  S. Dasgupta,  Jia Deng,  M. de Wergifosse,  
 M. Diedenhofen,  Hainam Do,  S. Ehlert,  Po-Tung Fang,  S. Fatehi,  
 Qingguo Feng,  T. Friedhoff,  Thomas Froitzheim,  B. Ganoe,  J. Gayvert,  
 Qinghui Ge,  G. Gidofalvi,  M. Gimferrer,  M. Goldey,  Montgomery Gray,  
 J. Gomes,  C. Gonzalez-Espinoza,  S. Gulania,  A. Gunina,  J. A. Gyamfi,  
 M. W. D. Hanson-Heine,  P. H. P. Harbach,  A. W. Hauser,  M. F. Herbst,  
 M. Hernandez Vera,  M. Hodecker,  Z. C. Holden,  S. Houck,  Xunkun Huang,  
 Kerwin Hui,  B. C. Huynh,  K. Ikeda,  M. Ivanov,  Hyunjun Ji,  Zuxin Jin,  
 Hanjie Jiang,  Subrata Jana,  B. Kaduk,  S. Kaehler,  R. Kang,  
 K. Khistyaev,  Jaehoon Kim,  Yongbin Kim,  P. Klunzinger,  Z. Koczor-Benda,  
 Joong Hoon Koh,  D. Kosenkov,  Saikiran Kotaru,  L. Koulias,  T. Kowalczyk,  
 C. M. Krauter,  K. Kue,  A. Kunitsa,  T. Kus,  A. Landau,  K. V. Lawler,  
 D. Lefrancois,  S. Lehtola,  Rain Li,  Shaozhi Li,  Yi-Pei Li,  
 Jiashu Liang,  M. Liebenthal,  Hung-Hsuan Lin,  You-Sheng Lin,  Fenglai Liu,  
 Kuan-Yu Liu,  Xiao Liu,  M. Loipersberger,  A. Luenser,  C. Malbon,  
 A. Manjanath,  P. Manohar,  E. Mansoor,  S. F. Manzer,  Shan-Ping Mao,  
 A. V. Marenich,  T. Markovich,  S. Mason,  F. Matz,  S. A. Maurer,  
 P. F. McLaughlin,  M. F. S. J. Menger,  J.-M. Mewes,  S. A. Mewes,  
 P. Morgante,  Mohammad Mostafanejad,  J. W. Mullinax,  K. J. Oosterbaan,  
 G. Paran,  V. Parravicini,  Alexander C. Paul,  Suranjan K. Paul,  
 F. Pavosevic,  Zheng Pei,  S. Prager,  E. I. Proynov,  E. Ramos,  B. Rana,  
 A. E. Rask,  A. Rettig,  R. M. Richard,  F. Rob,  E. Rossomme,  T. Scheele,  
 M. Scheurer,  M. Schneider,  P. E. Schneider,  Tim K. Schramm,  N. Sergueev,  
 S. M. Sharada,  M. Sharma,  Hengyuan Shen,  W. Skomorowski,  D. W. Small,  
 C. J. Stein,  Alistair J. Sterling,  Yingli Su,  Yu-Chuan Su,  
 E. J. Sundstrom,  J. Talbot,  Zhen Tao,  J. Thirman,  Hung-Yi Tsai,  
 T. Tsuchimochi,  N. M. Tubman,  C. Utku,  S. P. Veccham,  O. Vydrov,  
 J. Wenzel,  Jonathan Wong,  J. Witte,  A. Yamada,  Chou-Hsun Yang,  Kun Yao,  
 S. Yeganeh,  S. R. Yost,  A. Zech,  F. Zeller,  Igor Ying Zhang,  
 Xing Zhang,  Yu Zhang,  D. Zuev,  A. Aspuru-Guzik,  A. T. Bell,  
 N. A. Besley,  K. B. Bravaya,  B. R. Brooks,  D. Casanova,  Jeng-Da Chai,  
 Hsing-Ta Chen,  S. Coriani,  C. J. Cramer,  A. E. DePrince, III,  
 R. A. DiStasio Jr.,  A. Dreuw,  B. D. Dunietz,  T. R. Furlani,  
 W. A. Goddard III,  S. Grimme,  S. Hammes-Schiffer,  T. Head-Gordon,  
 W. J. Hehre,  Chao-Ping Hsu,  T.-C. Jagau,  Yousung Jung,  A. Klamt,  
 Jing Kong,  D. S. Lambrecht,  Xiangyuan Li,  WanZhen Liang,  N. J. Mayhall,  
 C. W. McCurdy,  J. B. Neaton,  T. Neudecker,  C. Ochsenfeld,  
 J. A. Parkhill,  R. Peverati,  V. A. Rassolov,  Haisheng Ren,  Yihan Shao,  
 L. V. Slipchenko,  R. P. Steele,  J. E. Subotnik,  A. J. W. Thom,  
 A. Tkatchenko,  D. G. Truhlar,  T. Van Voorhis,  Fan Wang,  
 T. A. Wesolowski,  K. B. Whaley,  H. L. Woodcock III,  P. M. Zimmerman,  
 S. Faraji,  P. M. W. Gill,  M. Head-Gordon,  J. M. Herbert,  A. I. Krylov

 Contributors to earlier versions of Q-Chem not listed above: 
 R. D. Adamson,  B. Austin,  R. Baer,  J. Baker,  G. J. O. Beran,  
 K. Brandhorst,  S. T. Brown,  E. F. C. Byrd,  Arup K. Chakraborty,  
 G. K. L. Chan,  Chun-Min Chang,  Yunqing Chen,  C.-L. Cheng,  
 Siu Hung Chien,  D. M. Chipman,  D. L. Crittenden,  H. Dachsel,  
 R. J. Doerksen,  A. D. Dutoi,  R. G. Edgar,  J. Fosso-Tande,  
 L. Fusti-Molnar,  D. Ghosh,  A. Ghysels,  A. Golubeva-Zadorozhnaya,  
 J. Gonthier,  M. S. Gordon,  S. R. Gwaltney,  G. Hawkins,  J. E. Herr,  
 A. Heyden,  S. Hirata,  E. G. Hohenstein,  G. Kedziora,  F. J. Keil,  
 C. Kelley,  Jihan Kim,  R. A. King,  R. Z. Khaliullin,  P. P. Korambath,  
 W. Kurlancheek,  A. Laurent,  A. M. Lee,  M. S. Lee,  S. V. Levchenko,  
 Ching Yeh Lin,  D. Liotard,  E. Livshits,  R. C. Lochan,  I. Lotan,  
 L. A. Martinez-Martinez,  P. E. Maslen,  N. Nair,  D. P. O'Neill,  
 D. Neuhauser,  E. Neuscamman,  C. M. Oana,  R. Olivares-Amaya,  R. Olson,  
 T. M. Perrine,  B. Peters,  P. A. Pieniazek,  A. Prociuk,  Y. M. Rhee,  
 J. Ritchie,  M. A. Rohrdanz,  E. Rosta,  N. J. Russ,  H. F. Schaefer III,  
 M. W. Schmidt,  N. E. Schultz,  S. Sharma,  N. Shenvi,  C. D. Sherrill,  
 A. C. Simmonett,  A. Sodt,  T. Stein,  D. Stuck,  K. S. Thanthiriwatte,  
 V. Vanovschi,  L. Vogt,  Tao Wang,  A. Warshel,  M. A. Watson,  
 C. F. Williams,  Q. Wu,  X. Xu,  Jun Yang,  W. Zhang,  Yan Zhao

   Please cite Q-Chem as follows:
  "Software for the frontiers of quantum chemistry:
   An overview of developments in the Q-Chem 5 package"
   J. Chem. Phys. 155, 084801 (2021)
   https://doi.org/10.1063/5.0055522 (open access)

 Q-Chem 6.1.1 for Intel X86 EM64T Linux

 Parts of Q-Chem use Armadillo 9.900.5 (Nocturnal Misbehaviour).
 http://arma.sourceforge.net/

 Q-Chem begins on Mon Mar  4 15:37:48 2024  

 Host: 
0

     Scratch files written to /scratch/qchemscratch/qchem1114077//
 Jan1824 |scratch|qcdevops|jenkins|workspace|build_RNUM UKVU   
 Processing $rem in /opt/qchem/6.1/config/preferences:
 Processing $rem in /home/mm227274/.qchemrc:

 Q-Chem warning in module libgen/rem_setup.C, line 3361:

 Neither GIA nor STOLL is specified by user. Use STOLL as the default


 Checking the input file for inconsistencies... 	...done.

--------------------------------------------------------------
User input:
--------------------------------------------------------------
$molecule
-1 1
--
0 1

O 2.596289076923077 -0.8961185641025642 -0.328655282051282
H 2.161439076923077 -0.7000585641025641 0.525264717948718
H 1.7897390769230768 -1.075128564102564 -0.8555552820512821
--
-1 1

H          1.39787        2.23823        0.78561
H          1.82227        1.35025       -0.69216
H         -2.44596       -1.04512       -1.20918
H         -3.69999       -0.51252       -0.04560
C         -2.71019       -0.29580       -0.45830
C          1.07601        2.00780       -0.23518
H          1.00241        2.93277       -0.81515
H         -2.72594        0.69264       -0.93120
O          0.63607       -0.34475        1.46511
O          0.07347       -1.04343       -1.01376
O         -1.79214       -0.32276        0.63087
O         -0.22257        1.41233       -0.23011
P         -0.19440       -0.20125        0.21592
$end

$rem
JOBTYPE          eda
EDA2             2
METHOD           b97m-v
BASIS            aug-cc-pvtz
SCF_CONVERGENCE  8
THRESH           14
SYMMETRY         false
DISP_FREE_X      revPBE
DISP_FREE_C      PBE
EDA_BSSE         true
$end
--------------------------------------------------------------
 ----------------------------------------------------------------
             Standard Nuclear Orientation (Angstroms)
    I     Atom           X                Y                Z
 ----------------------------------------------------------------
    1      O      -2.5619718131    -1.1003117333     0.3624671883
    2      H      -2.1482916951    -0.8856950564    -0.4974873771
    3      H      -1.7410015499    -1.2130189355     0.8854356443
    4      H      -1.6009447507     2.0959927212    -0.8045808585
    5      H      -1.9499080387     1.2010763566     0.6886630390
    6      H       2.4837665493    -0.8722186519     1.2052595022
    7      H       3.6880131789    -0.2672995742     0.0245667470
    8      C       2.6879848768    -0.1166756447     0.4419978375
    9      C      -1.2562852396     1.9041310168     0.2167432705
   10      H      -1.2457785447     2.8402609472     0.7832254190
   11      H       2.6354725343     0.8770331552     0.9009982526
   12      O      -0.6590729765    -0.4347746036    -1.4541495453
   13      O      -0.0304720419    -1.0552282800     1.0296715191
   14      O       1.7668491526    -0.2255301844    -0.6394334362
   15      O       0.0818809668     1.4039489953     0.2097153546
   16      P       0.1673845460    -0.2137131165    -0.2136463774
 ----------------------------------------------------------------
 Molecular Point Group                 C1    NOp =  1
 Largest Abelian Subgroup              C1    NOp =  1
 Nuclear Repulsion Energy =         551.67167133 hartrees
 There are       38 alpha and       38 beta electrons
 Requested basis set is aug-cc-pVTZ
 There are 186 shells and 556 basis functions

 Total QAlloc Memory Limit  16000 MB
 Mega-Array Size       188 MB
 MEM_STATIC part       192 MB

 A cutoff of  1.0D-14 yielded  16669 shell pairs
 There are    148369 function pairs (    199305 Cartesian)
 Smallest overlap matrix eigenvalue = 1.48E-05

 Scale SEOQF with 1.000000e-01/1.000000e-01/1.000000e-01

 Standard Electronic Orientation quadrupole field applied
 Nucleus-field energy     =     0.0000000078 hartrees

 -----------------------------------------------------------------------
  General SCF calculation program by
  Eric Jon Sundstrom, Paul Horn, Yuezhi Mao, Dmitri Zuev, Alec White,
  David Stuck, Shaama M.S., Shane Yost, Joonho Lee, David Small,
  Daniel Levine, Susi Lehtola, Hugh Burton, Evgeny Epifanovsky,
  Bang C. Huynh
 -----------------------------------------------------------------------
================================================================
                 ALMO-EDA with the EDA2 driver                  
================================================================
 The second-generation ALMO-EDA (for DFT):                      
 P. R. Horn, Y. Mao and M. Head-Gordon, PCCP, 18, 23067 (2016)  
 Y. Mao et al. Annu. Rev. Phys. Chem. 72, 641 (2021)            
 Decomposition of the frozen energy:                            
 P. R. Horn, Y. Mao and M. Head-Gordon, JCP, 144, 114107 (2016) 
================================================================
 Using eda2 option set 2
 Option set summary: Frozen orbital wavefunction, initial wavefunction decomposition, and traditional AO-based POL.
--------------------------------
Printing EDA Options
--------------------------------
eda_child_super_basis      0
fragmo_guess_mode          0
child_mp                   0
child_mp_orders            0
cls_elec                   1
cls_disp                   0
scfmi_mode                 1
scfmi_occs                 0
scfmi_virts                0
frz_relax                  0
frz_relax_method           0
dc_pen_start               0
dc_pen_conv                0
dc_pen_increment           0
dc_pen_steps               0
dc_pen_thresh_factor       0
dc_pen_pre_newton_thresh   0
frz_ortho_decomp           1
frz_ortho_decomp_conv      6
plot_mo_ortho_frz          0
frgm_method                2
scfmi_freeze_ss            0
separate_rehyb             0
plot_diff_den              0
eda_nocv                   0
eda_vct_relax              1
disp_free_x                33
disp_free_c                25
eda_bsse                   1
eda_pct_a                  0
eda_covp                   0
eda_vct_a                  0
--------------------------------
 Attempting to make child job directory: /scratch/qchemscratch/qchem1114077//Frg1/
 Attempting to make child job directory: /scratch/qchemscratch/qchem1114077//Frg2/
 Creating input file /scratch/qchemscratch/qchem1114077/Frg1.input
 using default PutDataFrgm: nothing
 calling putenv with: QCSCRATCH=/scratch/qchemscratch/qchem1114077/ 
 Spawning Job For Fragment 0
 Done Job For Fragment 0
 calling putenv with: QCSCRATCH=/scratch/qchemscratch 
 calling putenv with: QCTHREADS=1 
 Creating input file /scratch/qchemscratch/qchem1114077/Frg2.input
 using default PutDataFrgm: nothing
 calling putenv with: QCSCRATCH=/scratch/qchemscratch/qchem1114077/ 
 Spawning Job For Fragment 1
 Done Job For Fragment 1
 calling putenv with: QCSCRATCH=/scratch/qchemscratch 
 calling putenv with: QCTHREADS=1 
Doing General SCFMI
 Exchange:  B97M-V      Correlation:  B97M-V
 Using SG-2 standard quadrature grid
 Nonlocal Correlation:  VV10 with C = 0.0100 and b = 6.00 and scale = 1.00000
 Grid used for NLC:  SG-1 standard quadrature
performing fock build before subrot guess so that all methods have access
Printing subrot_rss_gen Method Specification:
Occupied Subspace Method is 0
Virtual Subspace Method is 0
Energy of the unrelaxed supersystem initial determinant -798.633011363638
write pseudocanon occs and virts to disk
write pseudocanon orbital energies to disk
Tolerance of ortho_decomp_scf: 1.00e-06
GDM subspace size: 20
Beginning the Orthogonal Decomposition of the Initial Supersystem Wavefunction
    1    -798.4621467625      1.70e-01     ortho_decomp Preconditoned Steepest Descent
    2    -798.4847544613      4.67e-04     ortho_decomp BFGS Step
    3    -798.4847553601      5.71e-06     ortho_decomp BFGS Step
    4    -798.4847553602      3.82e-08     ortho_decomp 00000 Convergence criterion met
 Exchange:  revPBE      Correlation:  PBE
 Using SG-2 standard quadrature grid
 Exchange:  revPBE      Correlation:  PBE
 Using SG-2 standard quadrature grid
 Exchange:  revPBE      Correlation:  PBE
 Using SG-2 standard quadrature grid
Doing General SCFMI
 Exchange:  B97M-V      Correlation:  B97M-V
 Using SG-2 standard quadrature grid
 Nonlocal Correlation:  VV10 with C = 0.0100 and b = 6.00 and scale = 1.00000
 Grid used for NLC:  SG-1 standard quadrature
performing fock build at end of subrot_r(subrot) constructor so that all methods have access
<S^2> of initial wavefunction before polarization iterations 0.0000000000
Beginning iterations for the determination of the polarized wavefunction
Energy prior to optimization (guess energy) = -798.633011363638
Begin Timing: Total SCF Calculation
begin iterations for algorithm: DIIS         
the SCF tolerance is set to 1.00e-08
    1    -798.6330113636      2.42e-04     00000 
    2    -798.6448969523      1.12e-04     00000 
    3    -798.6455412566      7.81e-05     00000 
    4    -798.6459858187      2.37e-05     00000 
    5    -798.6460317427      7.22e-06     00000 
    6    -798.6460350636      5.28e-06     00000 
    7    -798.6460374921      1.63e-06     00000 
    8    -798.6460377787      7.38e-07     00000 
    9    -798.6460378175      5.65e-07     00000 
   10    -798.6460378396      2.36e-07     00000 
   11    -798.6460378402      2.00e-07     00000 
   12    -798.6460378423      1.07e-07     00000 
   13    -798.6460378430      5.16e-08     00000 
   14    -798.6460378433      1.69e-08     00000 
   15    -798.6460378433      1.14e-08     00000 
   16    -798.6460378433      5.57e-09     00000 Convergence criterion met
write pseudocanon occs and virts to disk
write pseudocanon orbital energies to disk
Timing for Total SCF: 2220.00s (wall), 2212.07s (cpu)
<S^2> of polarized wavefunction after polarization iterations 0.0000000000
relaxing scfmi constraint to allow all rotations in the entire AO span
Doing General SCFMI
 Exchange:  B97M-V      Correlation:  B97M-V
 Using SG-2 standard quadrature grid
 Nonlocal Correlation:  VV10 with C = 0.0100 and b = 6.00 and scale = 1.00000
 Grid used for NLC:  SG-1 standard quadrature
performing fock build at end of subrot_r(subrot) constructor so that all methods have access
<S^2> of polarized wavefunction before ct-allowed iterations 0.0000000000
Beginning iterations for the determination of the CT-Allowed wavefunction
Energy prior to optimization (guess energy) = -798.646037843295
Begin Timing: Total SCF Calculation
begin iterations for algorithm: DIIS         
the SCF tolerance is set to 1.00e-08
    1    -798.6460378433      2.76e-04     00000 
    2    -798.6588709249      3.51e-05     00000 
    3    -798.6586775095      5.55e-05     00000 
    4    -798.6590278442      9.84e-06     00000 
    5    -798.6590377385      4.49e-06     00000 
    6    -798.6590399458      1.71e-06     00000 
    7    -798.6590402493      3.67e-07     00000 
    8    -798.6590402626      1.58e-07     00000 
    9    -798.6590402651      6.75e-08     00000 
   10    -798.6590402656      1.31e-08     00000 
   11    -798.6590402657      4.47e-09     00000 Convergence criterion met
write pseudocanon occs and virts to disk
write pseudocanon orbital energies to disk
Timing for Total SCF: 1412.00s (wall), 1408.40s (cpu)
<S^2> of ct_allowed wavefunction after ct-allowed iterations 0.0000000000
 Attempting to make child job directory: /scratch/qchemscratch/qchem1114077//FrgBSSE1/
 Attempting to make child job directory: /scratch/qchemscratch/qchem1114077//FrgBSSE2/
 Creating input file /scratch/qchemscratch/qchem1114077/FrgBSSE1.input
 calling putenv with: QCSCRATCH=/scratch/qchemscratch/qchem1114077/ 
 Spawning Job For Fragment 0
 Done Job For Fragment 0
 calling putenv with: QCSCRATCH=/scratch/qchemscratch 
 calling putenv with: QCTHREADS=1 
 Creating input file /scratch/qchemscratch/qchem1114077/FrgBSSE2.input
 calling putenv with: QCSCRATCH=/scratch/qchemscratch/qchem1114077/ 
 Spawning Job For Fragment 1
 Done Job For Fragment 1
 calling putenv with: QCSCRATCH=/scratch/qchemscratch 
 calling putenv with: QCTHREADS=1 
====================================================================
   Evaluating the BSSE with fragment SCF in the supersystem basis
   Fragment contributions (kJ/mol) 
   Frgm 1: 0.2308
   Frgm 2: 0.7425
   BSSE (kJ/mol) = 0.9733
====================================================================

================================
        Results of EDA2         
================================
Basic EDA Quantities
--------------------
Fragment Energies (Ha):
1  -76.4317545993
2 -722.2055879870
--------------------
  E_prp (kJ/mol) = 0.0000
  E_frz (kJ/mol) = 11.3718
  E_pol (kJ/mol) = -34.2014
  E_vct (kJ/mol) = -33.1650 (CP-corrected)
  E_int (kJ/mol) = -55.9946 (CP-corrected)
--------------------


Decomposition of frozen interaction energy
--------------------
  --------------------
  Orthogonal Frozen Decomposition:
  --------------------
     E_elec   (ELEC)   (kJ/mol) = -288.6567
     E_pauli  (PAULI)  (kJ/mol) = 329.8361
     E_disp   (DISP)   (kJ/mol) = -29.8077
  --------------------
  Classical Frozen Decomposition:
  --------------------
     E_cls_elec  (CLS ELEC)  (kJ/mol) = -165.5082
     E_mod_pauli (MOD PAULI) (kJ/mol) = 206.6877 (FRZ - CLS ELEC - DISP)
     E_disp      (DISP)      (kJ/mol) = -29.8077
  --------------------
--------------------

Simplified EDA Summary (kJ/mol)
--------------------
 PREPARATION      0.0000
 FROZEN           11.3718 (ELEC + PAULI + DISP)
[ELEC + PAULI = 41.1795, DISP = -29.8077]
 POLARIZATION    -34.2014
 CHARGE TRANSFER -33.1650     (counterpoise-corrected)
 TOTAL           -55.9946     (PRP + FRZ + POL + CT)
--------------------
 
 --------------------------------------------------------------
 
                    Orbital Energies (a.u.)
 --------------------------------------------------------------
 
 Alpha MOs
 -- Occupied --
-77.1079 -19.0191 -19.0091 -18.9478 -18.9387 -18.9385 -10.0926 -10.0798
 -6.5088  -4.5842  -4.5823  -4.5789  -0.8970  -0.8558  -0.8116  -0.7847
 -0.7632  -0.5368  -0.5176  -0.3785  -0.3248  -0.2947  -0.2933  -0.2809
 -0.2749  -0.2628  -0.2458  -0.2032  -0.1940  -0.1751  -0.1675  -0.1323
 -0.1236  -0.1106  -0.1040  -0.0917  -0.0813  -0.0733
 -- Virtual --
  0.0853   0.0934   0.1112   0.1165   0.1210   0.1289   0.1309   0.1466
  0.1534   0.1677   0.1688   0.1761   0.1788   0.1809   0.1849   0.1959
  0.2002   0.2018   0.2153   0.2219   0.2247   0.2303   0.2431   0.2453
  0.2529   0.2608   0.2640   0.2666   0.2739   0.2800   0.2829   0.2938
  0.3002   0.3087   0.3120   0.3148   0.3204   0.3209   0.3272   0.3367
  0.3430   0.3458   0.3494   0.3527   0.3585   0.3610   0.3750   0.3768
  0.3797   0.3867   0.3976   0.3994   0.4068   0.4110   0.4167   0.4194
  0.4234   0.4247   0.4293   0.4418   0.4484   0.4535   0.4547   0.4590
  0.4655   0.4769   0.4872   0.4890   0.5015   0.5065   0.5136   0.5157
  0.5222   0.5246   0.5372   0.5422   0.5445   0.5489   0.5561   0.5655
  0.5679   0.5703   0.5775   0.5850   0.5863   0.5957   0.6071   0.6098
  0.6207   0.6242   0.6435   0.6517   0.6622   0.6693   0.6883   0.7001
  0.7057   0.7260   0.7315   0.7368   0.7474   0.7534   0.7642   0.7720
  0.7833   0.7887   0.7922   0.7950   0.8070   0.8145   0.8254   0.8412
  0.8435   0.8495   0.8559   0.8652   0.8751   0.8844   0.8919   0.9025
  0.9041   0.9116   0.9328   0.9348   0.9432   0.9503   0.9557   0.9607
  0.9649   0.9730   0.9754   0.9889   0.9927   1.0026   1.0171   1.0183
  1.0298   1.0321   1.0389   1.0483   1.0561   1.0628   1.0728   1.0813
  1.0860   1.0956   1.1095   1.1123   1.1145   1.1192   1.1284   1.1334
  1.1376   1.1425   1.1539   1.1654   1.1698   1.1761   1.1796   1.1862
  1.1897   1.2144   1.2193   1.2258   1.2331   1.2502   1.2536   1.2574
  1.2650   1.2697   1.2819   1.2910   1.3028   1.3157   1.3263   1.3346
  1.3450   1.3529   1.3615   1.3893   1.4018   1.4127   1.4177   1.4219
  1.4330   1.4343   1.4436   1.4518   1.4706   1.4802   1.4814   1.4946
  1.5071   1.5251   1.5339   1.5552   1.5713   1.5740   1.5861   1.5944
  1.5976   1.6072   1.6225   1.6259   1.6363   1.6392   1.6467   1.6539
  1.6665   1.6781   1.6821   1.6975   1.7110   1.7220   1.7322   1.7440
  1.7575   1.7578   1.7750   1.7843   1.7911   1.8050   1.8093   1.8256
  1.8456   1.8526   1.8610   1.8834   1.8865   1.8981   1.9114   1.9132
  1.9323   1.9490   1.9560   1.9820   1.9973   2.0069   2.0201   2.0304
  2.0517   2.0623   2.0681   2.0771   2.0870   2.0948   2.1124   2.1238
  2.1310   2.1529   2.1548   2.1792   2.1842   2.1965   2.2057   2.2131
  2.2256   2.2408   2.2785   2.2971   2.3086   2.3361   2.3498   2.3754
  2.3912   2.4020   2.4100   2.4365   2.4559   2.4620   2.4720   2.4805
  2.4970   2.5084   2.5099   2.5267   2.5438   2.5578   2.5799   2.5834
  2.5952   2.6012   2.6259   2.6335   2.6454   2.6560   2.6640   2.6690
  2.6926   2.7109   2.7186   2.7410   2.7638   2.7765   2.7977   2.8119
  2.8262   2.8424   2.8487   2.8604   2.8887   2.9034   2.9306   2.9360
  2.9461   2.9654   3.0017   3.0177   3.0266   3.0407   3.0570   3.0706
  3.0951   3.1123   3.1244   3.1543   3.1882   3.1968   3.2137   3.2318
  3.2529   3.2628   3.2972   3.3080   3.3426   3.3448   3.3823   3.3917
  3.4084   3.4258   3.4477   3.4717   3.4848   3.4998   3.5153   3.5585
  3.5706   3.5865   3.6070   3.6171   3.6449   3.6689   3.6835   3.6886
  3.7330   3.7382   3.7426   3.7603   3.7822   3.8084   3.8217   3.8544
  3.8631   3.8981   3.9221   3.9705   3.9879   4.0177   4.0536   4.0692
  4.0797   4.1023   4.1330   4.1832   4.1862   4.2067   4.2277   4.2379
  4.2566   4.2752   4.2930   4.3030   4.3210   4.3231   4.3396   4.3728
  4.4038   4.4404   4.4472   4.4772   4.5011   4.5383   4.5746   4.5824
  4.6063   4.6299   4.6412   4.6595   4.6796   4.6946   4.7016   4.7266
  4.7449   4.7543   4.7700   4.7762   4.8118   4.8741   4.9107   4.9150
  4.9368   4.9421   4.9870   5.0156   5.0210   5.0737   5.1073   5.1210
  5.1399   5.1474   5.1845   5.2080   5.2319   5.2676   5.3079   5.3318
  5.3423   5.3524   5.3676   5.3954   5.3995   5.4298   5.4730   5.4937
  5.5206   5.5777   5.5995   5.6064   5.6216   5.6230   5.6302   5.6546
  5.6785   5.6964   5.7090   5.8117   5.9193   5.9525   6.0611   6.0991
  6.1262   6.1346   6.2339   6.2468   6.3949   6.5665   6.5844   6.6018
  6.6411   6.6632   6.7956   6.8053   6.8500   6.8524   6.8673   6.8812
  6.8928   6.9108   6.9222   6.9418   6.9554   6.9788   6.9932   7.0017
  7.0120   7.0402   7.0565   7.0642   7.0821   7.0858   7.0995   7.1185
  7.1367   7.1511   7.1664   7.1844   7.1931   7.2176   7.2485   7.2736
  7.2901   7.3098   7.3147   7.3321   7.3437   7.3759   7.3917   7.4031
  7.4366   7.4406   7.4879   7.5189   7.5270   7.5509   7.5721   7.5962
  7.6444   7.6895   7.7142   7.7444   7.7797   7.8901   7.9647   7.9917
  8.0176   8.0333   8.1247   8.1753   8.2250   8.9201  11.2006  13.2433
 13.8262  14.4212  14.9375  16.8223  17.5093  17.7727
 --------------------------------------------------------------
 
          Ground-State Mulliken Net Atomic Charges

     Atom                 Charge (a.u.)
  ----------------------------------------
      1 O                    -0.758399
      2 H                     0.273548
      3 H                     0.269546
      4 H                     0.334808
      5 H                     0.452839
      6 H                     0.376063
      7 H                     0.377548
      8 C                    -0.966940
      9 C                    -0.941826
     10 H                     0.334185
     11 H                     0.346266
     12 O                    -0.901161
     13 O                    -0.861035
     14 O                    -0.648453
     15 O                    -0.466438
     16 P                     1.779449
  ----------------------------------------
  Sum of atomic charges =    -1.000000

 -----------------------------------------------------------------
                    Cartesian Multipole Moments
 -----------------------------------------------------------------
    Charge (ESU x 10^10)
                -4.8032
    Dipole Moment (Debye)
         X       3.6974      Y       3.3026      Z       0.9812
       Tot       5.0538
    Quadrupole Moments (Debye-Ang)
        XX     -72.0701     XY      -7.0434     YY     -65.1629
        XZ       2.3236     YZ       1.2200     ZZ     -67.0983
    Octopole Moments (Debye-Ang^2)
       XXX      42.3269    XXY      16.6049    XYY       5.0904
       YYY       1.1431    XXZ      -3.7162    XYZ      -1.6427
       YYZ      -3.4181    XZZ      -0.4855    YZZ       3.7776
       ZZZ       5.3860
    Hexadecapole Moments (Debye-Ang^3)
      XXXX   -1034.7476   XXXY     -46.8255   XXYY    -248.8672
      XYYY      -7.6164   YYYY    -446.9606   XXXZ      25.7290
      XXYZ       5.8805   XYYZ      -0.2417   YYYZ       4.4256
      XXZZ    -193.8077   XYZZ       3.1651   YYZZ    -113.2307
      XZZZ     -10.2833   YZZZ      -3.9414   ZZZZ    -255.9818
 -----------------------------------------------------------------
 Total job time:  9731.75s(wall), 6337.16s(cpu) 
 Mon Mar  4 18:20:00 2024

        *************************************************************
        *                                                           *
        *  Thank you very much for using Q-Chem.  Have a nice day.  *
        *                                                           *
        *************************************************************


