
Running Job 1 of 1 DMP_gt_7_1.1.inp
qchem DMP_gt_7_1.1.inp_2651310.0 /scratch/qchemscratch/qchem2651310/ 1
/opt/qchem/6.1/exe/qcprog.exe_s DMP_gt_7_1.1.inp_2651310.0 /scratch/qchemscratch/qchem2651310/
                  Welcome to Q-Chem
     A Quantum Leap Into The Future Of Chemistry


 Q-Chem 6.1, Q-Chem, Inc., Pleasanton, CA (2023)

 License issued to: SRG Pengyu Ren, University of Texas at Austin

 E. Epifanovsky,  A. T. B. Gilbert,  Xintian Feng,  Joonho Lee,  Yuezhi Mao,  
 N. Mardirossian,  P. Pokhilko,  A. White,  M. Wormit,  M. P. Coons,  
 A. L. Dempwolff,  Zhengting Gan,  D. Hait,  P. R. Horn,  L. D. Jacobson,  
 I. Kaliman,  J. Kussmann,  A. W. Lange,  Ka Un Lao,  D. S. Levine,  Jie Liu,  
 S. C. McKenzie,  A. F. Morrison,  K. D. Nanda,  F. Plasser,  D. R. Rehn,  
 M. L. Vidal,  Zhi-Qiang You,  Ying Zhu,  B. Alam,  B. Albrecht,  
 A. Aldossary,  E. Alguire,  J. H. Andersen,  V. Athavale,  D. Barton,  
 K. Begam,  A. Behn,  N. Bellonzi,  Y. A. Bernard,  E. J. Berquist,  
 H. Burton,  A. Carreras,  K. Carter-Fenk,  Mathew Chow,  Romit Chakraborty,  
 Chandrima Chakravarty,  Junhan Chen,  A. D. Chien,  K. D. Closser,  
 V. Cofer-Shabica,  L. Cunha,  S. Dasgupta,  Jia Deng,  M. de Wergifosse,  
 M. Diedenhofen,  Hainam Do,  S. Ehlert,  Po-Tung Fang,  S. Fatehi,  
 Qingguo Feng,  T. Friedhoff,  Thomas Froitzheim,  B. Ganoe,  J. Gayvert,  
 Qinghui Ge,  G. Gidofalvi,  M. Gimferrer,  M. Goldey,  Montgomery Gray,  
 J. Gomes,  C. Gonzalez-Espinoza,  S. Gulania,  A. Gunina,  J. A. Gyamfi,  
 M. W. D. Hanson-Heine,  P. H. P. Harbach,  A. W. Hauser,  M. F. Herbst,  
 M. Hernandez Vera,  M. Hodecker,  Z. C. Holden,  S. Houck,  Xunkun Huang,  
 Kerwin Hui,  B. C. Huynh,  K. Ikeda,  M. Ivanov,  Hyunjun Ji,  Zuxin Jin,  
 Hanjie Jiang,  Subrata Jana,  B. Kaduk,  S. Kaehler,  R. Kang,  
 K. Khistyaev,  Jaehoon Kim,  Yongbin Kim,  P. Klunzinger,  Z. Koczor-Benda,  
 Joong Hoon Koh,  D. Kosenkov,  Saikiran Kotaru,  L. Koulias,  T. Kowalczyk,  
 C. M. Krauter,  K. Kue,  A. Kunitsa,  T. Kus,  A. Landau,  K. V. Lawler,  
 D. Lefrancois,  S. Lehtola,  Rain Li,  Shaozhi Li,  Yi-Pei Li,  
 Jiashu Liang,  M. Liebenthal,  Hung-Hsuan Lin,  You-Sheng Lin,  Fenglai Liu,  
 Kuan-Yu Liu,  Xiao Liu,  M. Loipersberger,  A. Luenser,  C. Malbon,  
 A. Manjanath,  P. Manohar,  E. Mansoor,  S. F. Manzer,  Shan-Ping Mao,  
 A. V. Marenich,  T. Markovich,  S. Mason,  F. Matz,  S. A. Maurer,  
 P. F. McLaughlin,  M. F. S. J. Menger,  J.-M. Mewes,  S. A. Mewes,  
 P. Morgante,  Mohammad Mostafanejad,  J. W. Mullinax,  K. J. Oosterbaan,  
 G. Paran,  V. Parravicini,  Alexander C. Paul,  Suranjan K. Paul,  
 F. Pavosevic,  Zheng Pei,  S. Prager,  E. I. Proynov,  E. Ramos,  B. Rana,  
 A. E. Rask,  A. Rettig,  R. M. Richard,  F. Rob,  E. Rossomme,  T. Scheele,  
 M. Scheurer,  M. Schneider,  P. E. Schneider,  Tim K. Schramm,  N. Sergueev,  
 S. M. Sharada,  M. Sharma,  Hengyuan Shen,  W. Skomorowski,  D. W. Small,  
 C. J. Stein,  Alistair J. Sterling,  Yingli Su,  Yu-Chuan Su,  
 E. J. Sundstrom,  J. Talbot,  Zhen Tao,  J. Thirman,  Hung-Yi Tsai,  
 T. Tsuchimochi,  N. M. Tubman,  C. Utku,  S. P. Veccham,  O. Vydrov,  
 J. Wenzel,  Jonathan Wong,  J. Witte,  A. Yamada,  Chou-Hsun Yang,  Kun Yao,  
 S. Yeganeh,  S. R. Yost,  A. Zech,  F. Zeller,  Igor Ying Zhang,  
 Xing Zhang,  Yu Zhang,  D. Zuev,  A. Aspuru-Guzik,  A. T. Bell,  
 N. A. Besley,  K. B. Bravaya,  B. R. Brooks,  D. Casanova,  Jeng-Da Chai,  
 Hsing-Ta Chen,  S. Coriani,  C. J. Cramer,  A. E. DePrince, III,  
 R. A. DiStasio Jr.,  A. Dreuw,  B. D. Dunietz,  T. R. Furlani,  
 W. A. Goddard III,  S. Grimme,  S. Hammes-Schiffer,  T. Head-Gordon,  
 W. J. Hehre,  Chao-Ping Hsu,  T.-C. Jagau,  Yousung Jung,  A. Klamt,  
 Jing Kong,  D. S. Lambrecht,  Xiangyuan Li,  WanZhen Liang,  N. J. Mayhall,  
 C. W. McCurdy,  J. B. Neaton,  T. Neudecker,  C. Ochsenfeld,  
 J. A. Parkhill,  R. Peverati,  V. A. Rassolov,  Haisheng Ren,  Yihan Shao,  
 L. V. Slipchenko,  R. P. Steele,  J. E. Subotnik,  A. J. W. Thom,  
 A. Tkatchenko,  D. G. Truhlar,  T. Van Voorhis,  Fan Wang,  
 T. A. Wesolowski,  K. B. Whaley,  H. L. Woodcock III,  P. M. Zimmerman,  
 S. Faraji,  P. M. W. Gill,  M. Head-Gordon,  J. M. Herbert,  A. I. Krylov

 Contributors to earlier versions of Q-Chem not listed above: 
 R. D. Adamson,  B. Austin,  R. Baer,  J. Baker,  G. J. O. Beran,  
 K. Brandhorst,  S. T. Brown,  E. F. C. Byrd,  Arup K. Chakraborty,  
 G. K. L. Chan,  Chun-Min Chang,  Yunqing Chen,  C.-L. Cheng,  
 Siu Hung Chien,  D. M. Chipman,  D. L. Crittenden,  H. Dachsel,  
 R. J. Doerksen,  A. D. Dutoi,  R. G. Edgar,  J. Fosso-Tande,  
 L. Fusti-Molnar,  D. Ghosh,  A. Ghysels,  A. Golubeva-Zadorozhnaya,  
 J. Gonthier,  M. S. Gordon,  S. R. Gwaltney,  G. Hawkins,  J. E. Herr,  
 A. Heyden,  S. Hirata,  E. G. Hohenstein,  G. Kedziora,  F. J. Keil,  
 C. Kelley,  Jihan Kim,  R. A. King,  R. Z. Khaliullin,  P. P. Korambath,  
 W. Kurlancheek,  A. Laurent,  A. M. Lee,  M. S. Lee,  S. V. Levchenko,  
 Ching Yeh Lin,  D. Liotard,  E. Livshits,  R. C. Lochan,  I. Lotan,  
 L. A. Martinez-Martinez,  P. E. Maslen,  N. Nair,  D. P. O'Neill,  
 D. Neuhauser,  E. Neuscamman,  C. M. Oana,  R. Olivares-Amaya,  R. Olson,  
 T. M. Perrine,  B. Peters,  P. A. Pieniazek,  A. Prociuk,  Y. M. Rhee,  
 J. Ritchie,  M. A. Rohrdanz,  E. Rosta,  N. J. Russ,  H. F. Schaefer III,  
 M. W. Schmidt,  N. E. Schultz,  S. Sharma,  N. Shenvi,  C. D. Sherrill,  
 A. C. Simmonett,  A. Sodt,  T. Stein,  D. Stuck,  K. S. Thanthiriwatte,  
 V. Vanovschi,  L. Vogt,  Tao Wang,  A. Warshel,  M. A. Watson,  
 C. F. Williams,  Q. Wu,  X. Xu,  Jun Yang,  W. Zhang,  Yan Zhao

   Please cite Q-Chem as follows:
  "Software for the frontiers of quantum chemistry:
   An overview of developments in the Q-Chem 5 package"
   J. Chem. Phys. 155, 084801 (2021)
   https://doi.org/10.1063/5.0055522 (open access)

 Q-Chem 6.1.1 for Intel X86 EM64T Linux

 Parts of Q-Chem use Armadillo 9.900.5 (Nocturnal Misbehaviour).
 http://arma.sourceforge.net/

 Q-Chem begins on Mon Mar  4 13:40:11 2024  

 Host: 
0

     Scratch files written to /scratch/qchemscratch/qchem2651310//
 Jan1824 |scratch|qcdevops|jenkins|workspace|build_RNUM UKVU   
 Processing $rem in /opt/qchem/6.1/config/preferences:
 Processing $rem in /home/mm227274/.qchemrc:

 Q-Chem warning in module libgen/rem_setup.C, line 3361:

 Neither GIA nor STOLL is specified by user. Use STOLL as the default


 Checking the input file for inconsistencies... 	...done.

--------------------------------------------------------------
User input:
--------------------------------------------------------------
$molecule
-1 1
--

0 1

O 3.3995713589743586 -0.8220738461538462 -0.4239499487179488
H 2.603831358974359 -1.2198838461538462 0.00906005128205127
H 3.3988013589743593 -1.1450138461538462 -1.3299499487179487
--
-1 1

H         -2.57917        0.90233       -1.41016
C         -2.71008        0.05717       -0.73043
H          1.33217        1.74463        1.01191
H          2.28153        0.92174       -0.23454
C          1.39850        1.60637       -0.07317
H         -3.50072       -0.59684       -1.09842
H         -2.96079        0.43496        0.26354
H          1.58467        2.54076       -0.60884
O         -0.93877        0.38088        1.57843
O          0.66204       -1.28559        0.44337
O         -1.52396       -0.71103       -0.67705
O          0.27579        1.01290       -0.58411
P         -0.39629       -0.24024        0.34141
$end

$rem
JOBTYPE          eda
EDA2             2
METHOD           b97m-v
BASIS            aug-cc-pvtz
SCF_CONVERGENCE  8
THRESH           14
SYMMETRY         false
DISP_FREE_X      revPBE
DISP_FREE_C      PBE
EDA_BSSE         true
$end
--------------------------------------------------------------
 ----------------------------------------------------------------
             Standard Nuclear Orientation (Angstroms)
    I     Atom           X                Y                Z
 ----------------------------------------------------------------
    1      O       3.3912440289     0.6760980684     0.3436705420
    2      H       2.6066713428     1.0899202739    -0.0946780479
    3      H       3.4169643132     1.0340455091     1.2360487876
    4      H      -2.6395009204    -0.7539805559     1.4735013312
    5      C      -2.7447576180     0.0686657291     0.7624177608
    6      H       1.1980875138    -1.8552003930    -0.9626232245
    7      H       2.1987714398    -1.0249647325     0.2379642952
    8      C       1.2857032210    -1.6774436198     0.1151708747
    9      H      -3.5020395104     0.7694425548     1.1141183519
   10      H      -3.0252655860    -0.3368551993    -0.2124797752
   11      H       1.4403725692    -2.5971547008     0.6851666731
   12      O      -1.0218368266    -0.4199019195    -1.5540466527
   13      O       0.6632811319     1.2205989117    -0.5065684385
   14      O      -1.5284890810     0.7833425031     0.6634770038
   15      O       0.1961999265    -1.0174619367     0.6163203714
   16      P      -0.4361952145     0.2257339714    -0.3496915208
 ----------------------------------------------------------------
 Molecular Point Group                 C1    NOp =  1
 Largest Abelian Subgroup              C1    NOp =  1
 Nuclear Repulsion Energy =         537.03958975 hartrees
 There are       38 alpha and       38 beta electrons
 Requested basis set is aug-cc-pVTZ
 There are 186 shells and 556 basis functions

 Total QAlloc Memory Limit  16000 MB
 Mega-Array Size       188 MB
 MEM_STATIC part       192 MB

 A cutoff of  1.0D-14 yielded  16349 shell pairs
 There are    145225 function pairs (    195032 Cartesian)
 Smallest overlap matrix eigenvalue = 2.09E-05

 Scale SEOQF with 1.000000e-01/1.000000e-01/1.000000e-01

 Standard Electronic Orientation quadrupole field applied
 Nucleus-field energy     =     0.0000000085 hartrees

 -----------------------------------------------------------------------
  General SCF calculation program by
  Eric Jon Sundstrom, Paul Horn, Yuezhi Mao, Dmitri Zuev, Alec White,
  David Stuck, Shaama M.S., Shane Yost, Joonho Lee, David Small,
  Daniel Levine, Susi Lehtola, Hugh Burton, Evgeny Epifanovsky,
  Bang C. Huynh
 -----------------------------------------------------------------------
================================================================
                 ALMO-EDA with the EDA2 driver                  
================================================================
 The second-generation ALMO-EDA (for DFT):                      
 P. R. Horn, Y. Mao and M. Head-Gordon, PCCP, 18, 23067 (2016)  
 Y. Mao et al. Annu. Rev. Phys. Chem. 72, 641 (2021)            
 Decomposition of the frozen energy:                            
 P. R. Horn, Y. Mao and M. Head-Gordon, JCP, 144, 114107 (2016) 
================================================================
 Using eda2 option set 2
 Option set summary: Frozen orbital wavefunction, initial wavefunction decomposition, and traditional AO-based POL.
--------------------------------
Printing EDA Options
--------------------------------
eda_child_super_basis      0
fragmo_guess_mode          0
child_mp                   0
child_mp_orders            0
cls_elec                   1
cls_disp                   0
scfmi_mode                 1
scfmi_occs                 0
scfmi_virts                0
frz_relax                  0
frz_relax_method           0
dc_pen_start               0
dc_pen_conv                0
dc_pen_increment           0
dc_pen_steps               0
dc_pen_thresh_factor       0
dc_pen_pre_newton_thresh   0
frz_ortho_decomp           1
frz_ortho_decomp_conv      6
plot_mo_ortho_frz          0
frgm_method                2
scfmi_freeze_ss            0
separate_rehyb             0
plot_diff_den              0
eda_nocv                   0
eda_vct_relax              1
disp_free_x                33
disp_free_c                25
eda_bsse                   1
eda_pct_a                  0
eda_covp                   0
eda_vct_a                  0
--------------------------------
 Attempting to make child job directory: /scratch/qchemscratch/qchem2651310//Frg1/
 Attempting to make child job directory: /scratch/qchemscratch/qchem2651310//Frg2/
 Creating input file /scratch/qchemscratch/qchem2651310/Frg1.input
 using default PutDataFrgm: nothing
 calling putenv with: QCSCRATCH=/scratch/qchemscratch/qchem2651310/ 
 Spawning Job For Fragment 0
 Done Job For Fragment 0
 calling putenv with: QCSCRATCH=/scratch/qchemscratch 
 calling putenv with: QCTHREADS=1 
 Creating input file /scratch/qchemscratch/qchem2651310/Frg2.input
 using default PutDataFrgm: nothing
 calling putenv with: QCSCRATCH=/scratch/qchemscratch/qchem2651310/ 
 Spawning Job For Fragment 1
 Done Job For Fragment 1
 calling putenv with: QCSCRATCH=/scratch/qchemscratch 
 calling putenv with: QCTHREADS=1 
Doing General SCFMI
 Exchange:  B97M-V      Correlation:  B97M-V
 Using SG-2 standard quadrature grid
 Nonlocal Correlation:  VV10 with C = 0.0100 and b = 6.00 and scale = 1.00000
 Grid used for NLC:  SG-1 standard quadrature
performing fock build before subrot guess so that all methods have access
Printing subrot_rss_gen Method Specification:
Occupied Subspace Method is 0
Virtual Subspace Method is 0
Energy of the unrelaxed supersystem initial determinant -798.639585786531
write pseudocanon occs and virts to disk
write pseudocanon orbital energies to disk
Tolerance of ortho_decomp_scf: 1.00e-06
GDM subspace size: 20
Beginning the Orthogonal Decomposition of the Initial Supersystem Wavefunction
    1    -798.5604584852      1.29e-01     ortho_decomp Preconditoned Steepest Descent
    2    -798.5729734736      4.63e-04     ortho_decomp BFGS Step
    3    -798.5729746035      9.69e-06     ortho_decomp BFGS Step
    4    -798.5729746038      5.96e-08     ortho_decomp 00000 Convergence criterion met
 Exchange:  revPBE      Correlation:  PBE
 Using SG-2 standard quadrature grid
 Exchange:  revPBE      Correlation:  PBE
 Using SG-2 standard quadrature grid
 Exchange:  revPBE      Correlation:  PBE
 Using SG-2 standard quadrature grid
Doing General SCFMI
 Exchange:  B97M-V      Correlation:  B97M-V
 Using SG-2 standard quadrature grid
 Nonlocal Correlation:  VV10 with C = 0.0100 and b = 6.00 and scale = 1.00000
 Grid used for NLC:  SG-1 standard quadrature
performing fock build at end of subrot_r(subrot) constructor so that all methods have access
<S^2> of initial wavefunction before polarization iterations 0.0000000000
Beginning iterations for the determination of the polarized wavefunction
Energy prior to optimization (guess energy) = -798.639585786531
Begin Timing: Total SCF Calculation
begin iterations for algorithm: DIIS         
the SCF tolerance is set to 1.00e-08
    1    -798.6395857865      1.53e-04     00000 
    2    -798.6452514111      7.51e-05     00000 
    3    -798.6455410866      5.79e-05     00000 
    4    -798.6457746474      2.10e-05     00000 
    5    -798.6458066626      8.78e-06     00000 
    6    -798.6458128161      3.26e-06     00000 
    7    -798.6458137104      7.49e-07     00000 
    8    -798.6458137648      4.02e-07     00000 
    9    -798.6458137772      2.37e-07     00000 
   10    -798.6458137816      9.71e-08     00000 
   11    -798.6458137822      4.45e-08     00000 
   12    -798.6458137822      3.60e-08     00000 
   13    -798.6458137823      1.30e-08     00000 
   14    -798.6458137823      5.23e-09     00000 Convergence criterion met
write pseudocanon occs and virts to disk
write pseudocanon orbital energies to disk
Timing for Total SCF: 2228.00s (wall), 2217.10s (cpu)
<S^2> of polarized wavefunction after polarization iterations 0.0000000000
relaxing scfmi constraint to allow all rotations in the entire AO span
Doing General SCFMI
 Exchange:  B97M-V      Correlation:  B97M-V
 Using SG-2 standard quadrature grid
 Nonlocal Correlation:  VV10 with C = 0.0100 and b = 6.00 and scale = 1.00000
 Grid used for NLC:  SG-1 standard quadrature
performing fock build at end of subrot_r(subrot) constructor so that all methods have access
<S^2> of polarized wavefunction before ct-allowed iterations 0.0000000000
Beginning iterations for the determination of the CT-Allowed wavefunction
Energy prior to optimization (guess energy) = -798.645813782340
Begin Timing: Total SCF Calculation
begin iterations for algorithm: DIIS         
the SCF tolerance is set to 1.00e-08
    1    -798.6458137823      1.57e-04     00000 
    2    -798.6511156771      1.92e-05     00000 
    3    -798.6510452717      3.20e-05     00000 
    4    -798.6511620996      5.22e-06     00000 
    5    -798.6511650684      2.37e-06     00000 
    6    -798.6511656562      8.10e-07     00000 
    7    -798.6511657291      2.46e-07     00000 
    8    -798.6511657350      1.10e-07     00000 
    9    -798.6511657363      2.92e-08     00000 
   10    -798.6511657364      4.89e-09     00000 Convergence criterion met
write pseudocanon occs and virts to disk
write pseudocanon orbital energies to disk
Timing for Total SCF: 1624.00s (wall), 1613.71s (cpu)
<S^2> of ct_allowed wavefunction after ct-allowed iterations 0.0000000000
 Attempting to make child job directory: /scratch/qchemscratch/qchem2651310//FrgBSSE1/
 Attempting to make child job directory: /scratch/qchemscratch/qchem2651310//FrgBSSE2/
 Creating input file /scratch/qchemscratch/qchem2651310/FrgBSSE1.input
 calling putenv with: QCSCRATCH=/scratch/qchemscratch/qchem2651310/ 
 Spawning Job For Fragment 0
 Done Job For Fragment 0
 calling putenv with: QCSCRATCH=/scratch/qchemscratch 
 calling putenv with: QCTHREADS=1 
 Creating input file /scratch/qchemscratch/qchem2651310/FrgBSSE2.input
 calling putenv with: QCSCRATCH=/scratch/qchemscratch/qchem2651310/ 
 Spawning Job For Fragment 1
 Done Job For Fragment 1
 calling putenv with: QCSCRATCH=/scratch/qchemscratch 
 calling putenv with: QCTHREADS=1 
====================================================================
   Evaluating the BSSE with fragment SCF in the supersystem basis
   Fragment contributions (kJ/mol) 
   Frgm 1: 0.1517
   Frgm 2: 0.2433
   BSSE (kJ/mol) = 0.3949
====================================================================

================================
        Results of EDA2         
================================
Basic EDA Quantities
--------------------
Fragment Energies (Ha):
1  -76.4322960963
2 -722.2024127483
--------------------
  E_prp (kJ/mol) = 0.0000
  E_frz (kJ/mol) = -12.8046
  E_pol (kJ/mol) = -16.3518
  E_vct (kJ/mol) = -13.6568 (CP-corrected)
  E_int (kJ/mol) = -42.8132 (CP-corrected)
--------------------


Decomposition of frozen interaction energy
--------------------
  --------------------
  Orthogonal Frozen Decomposition:
  --------------------
     E_elec   (ELEC)   (kJ/mol) = -126.3515
     E_pauli  (PAULI)  (kJ/mol) = 129.8717
     E_disp   (DISP)   (kJ/mol) = -16.3247
  --------------------
  Classical Frozen Decomposition:
  --------------------
     E_cls_elec  (CLS ELEC)  (kJ/mol) = -70.2677
     E_mod_pauli (MOD PAULI) (kJ/mol) = 73.7878 (FRZ - CLS ELEC - DISP)
     E_disp      (DISP)      (kJ/mol) = -16.3247
  --------------------
--------------------

Simplified EDA Summary (kJ/mol)
--------------------
 PREPARATION      0.0000
 FROZEN           -12.8046 (ELEC + PAULI + DISP)
[ELEC + PAULI = 3.5202, DISP = -16.3247]
 POLARIZATION    -16.3518
 CHARGE TRANSFER -13.6568     (counterpoise-corrected)
 TOTAL           -42.8132     (PRP + FRZ + POL + CT)
--------------------
 
 --------------------------------------------------------------
 
                    Orbital Energies (a.u.)
 --------------------------------------------------------------
 
 Alpha MOs
 -- Occupied --
-77.0853 -19.0212 -19.0063 -18.9822 -18.9197 -18.9156 -10.0920 -10.0553
 -6.4878  -4.5631  -4.5613  -4.5576  -0.9054  -0.8531  -0.8502  -0.7820
 -0.7454  -0.5416  -0.4930  -0.3737  -0.3510  -0.3199  -0.2948  -0.2906
 -0.2565  -0.2525  -0.2335  -0.2136  -0.1860  -0.1607  -0.1575  -0.1370
 -0.1307  -0.1090  -0.0950  -0.0874  -0.0712  -0.0497
 -- Virtual --
  0.0860   0.0911   0.1031   0.1145   0.1193   0.1275   0.1345   0.1422
  0.1434   0.1708   0.1720   0.1729   0.1773   0.1824   0.1880   0.1913
  0.1964   0.2083   0.2113   0.2176   0.2222   0.2277   0.2311   0.2421
  0.2517   0.2560   0.2581   0.2660   0.2688   0.2752   0.2846   0.2932
  0.3013   0.3065   0.3110   0.3160   0.3208   0.3238   0.3303   0.3399
  0.3423   0.3482   0.3506   0.3559   0.3571   0.3612   0.3627   0.3810
  0.3865   0.3888   0.3925   0.3981   0.4034   0.4057   0.4109   0.4150
  0.4197   0.4284   0.4333   0.4372   0.4387   0.4458   0.4522   0.4577
  0.4618   0.4682   0.4727   0.4786   0.4860   0.4915   0.5028   0.5059
  0.5179   0.5232   0.5309   0.5351   0.5399   0.5457   0.5502   0.5595
  0.5668   0.5709   0.5757   0.5865   0.5936   0.6002   0.6044   0.6150
  0.6229   0.6273   0.6388   0.6455   0.6575   0.6640   0.6708   0.6767
  0.6976   0.7184   0.7286   0.7323   0.7477   0.7487   0.7618   0.7692
  0.7828   0.7931   0.7949   0.8062   0.8098   0.8152   0.8199   0.8308
  0.8356   0.8407   0.8550   0.8568   0.8662   0.8677   0.8822   0.8860
  0.8914   0.8987   0.9077   0.9182   0.9256   0.9437   0.9472   0.9551
  0.9577   0.9688   0.9717   0.9797   0.9825   0.9883   0.9995   1.0019
  1.0107   1.0173   1.0274   1.0327   1.0499   1.0534   1.0624   1.0695
  1.0734   1.0773   1.0849   1.0905   1.0948   1.0987   1.1022   1.1191
  1.1242   1.1351   1.1448   1.1556   1.1612   1.1697   1.1768   1.1834
  1.1874   1.1988   1.2024   1.2056   1.2124   1.2190   1.2316   1.2384
  1.2446   1.2551   1.2575   1.2686   1.2889   1.2959   1.3015   1.3108
  1.3215   1.3317   1.3395   1.3477   1.3572   1.3786   1.3849   1.3969
  1.4021   1.4262   1.4368   1.4405   1.4540   1.4621   1.4761   1.4816
  1.4990   1.5070   1.5183   1.5362   1.5408   1.5513   1.5619   1.5674
  1.5711   1.5745   1.6026   1.6079   1.6133   1.6285   1.6390   1.6518
  1.6523   1.6599   1.6729   1.6831   1.6976   1.7102   1.7205   1.7300
  1.7430   1.7526   1.7608   1.7767   1.7872   1.7904   1.8000   1.8078
  1.8239   1.8309   1.8399   1.8498   1.8591   1.8815   1.8827   1.9037
  1.9167   1.9253   1.9460   1.9549   1.9702   1.9892   2.0063   2.0172
  2.0260   2.0362   2.0420   2.0586   2.0643   2.0730   2.0961   2.1067
  2.1143   2.1241   2.1403   2.1621   2.1749   2.1841   2.1972   2.2141
  2.2293   2.2352   2.2554   2.2605   2.2851   2.3080   2.3174   2.3345
  2.3428   2.3604   2.3883   2.3949   2.4229   2.4377   2.4442   2.4554
  2.4671   2.4818   2.4914   2.5044   2.5252   2.5407   2.5493   2.5640
  2.5673   2.5894   2.5962   2.6181   2.6215   2.6404   2.6424   2.6617
  2.6663   2.6853   2.6941   2.7080   2.7252   2.7290   2.7439   2.7603
  2.7853   2.8040   2.8145   2.8260   2.8428   2.8601   2.8785   2.8842
  2.8968   2.9309   2.9478   2.9537   2.9733   2.9880   3.0135   3.0383
  3.0742   3.0833   3.0938   3.1397   3.1741   3.2042   3.2126   3.2329
  3.2752   3.2784   3.3019   3.3161   3.3219   3.3463   3.3695   3.4048
  3.4165   3.4289   3.4306   3.4667   3.4976   3.5082   3.5314   3.5477
  3.5777   3.5855   3.6202   3.6293   3.6587   3.6787   3.7057   3.7185
  3.7364   3.7441   3.7518   3.7872   3.8052   3.8311   3.8420   3.8432
  3.8758   3.8989   3.9342   3.9725   3.9848   4.0128   4.0385   4.0733
  4.0812   4.1006   4.1175   4.1415   4.1518   4.1876   4.2074   4.2373
  4.2491   4.2665   4.2722   4.2845   4.3094   4.3239   4.3410   4.3757
  4.4045   4.4285   4.4460   4.4762   4.4965   4.5139   4.5389   4.5531
  4.5671   4.5734   4.5945   4.6381   4.6568   4.6880   4.6955   4.7026
  4.7221   4.7385   4.7506   4.7694   4.7830   4.8107   4.8255   4.8478
  4.8761   4.9303   4.9331   4.9622   4.9683   4.9988   5.0670   5.1271
  5.1366   5.1664   5.1955   5.2051   5.2111   5.2287   5.2668   5.2952
  5.3501   5.3625   5.3820   5.3930   5.4119   5.4320   5.4412   5.4957
  5.5375   5.5806   5.5882   5.6047   5.6163   5.6226   5.6464   5.6802
  5.6917   5.7141   5.7265   5.8247   5.9436   5.9641   6.0545   6.0897
  6.1023   6.1500   6.2166   6.2341   6.3278   6.5608   6.5860   6.5994
  6.6306   6.7024   6.7453   6.7512   6.7976   6.8214   6.8325   6.8486
  6.8726   6.8893   6.9012   6.9057   6.9263   6.9482   6.9519   6.9661
  6.9817   6.9935   7.0356   7.0542   7.0654   7.0772   7.0954   7.1119
  7.1157   7.1509   7.1584   7.1965   7.2131   7.2232   7.2366   7.2434
  7.2606   7.2838   7.2969   7.3046   7.3222   7.3455   7.3539   7.3576
  7.3766   7.4039   7.4332   7.4598   7.5223   7.5376   7.5795   7.6167
  7.6846   7.7026   7.7388   7.7474   7.7736   7.7919   7.8064   7.9419
  7.9981   8.0130   8.0237   8.0707   8.1161   8.8280  11.1419  12.5293
 13.2458  14.6791  15.0937  16.1392  17.6327  18.1083
 --------------------------------------------------------------
 
          Ground-State Mulliken Net Atomic Charges

     Atom                 Charge (a.u.)
  ----------------------------------------
      1 O                    -0.560894
      2 H                     0.333835
      3 H                     0.184789
      4 H                     0.356959
      5 C                    -0.947313
      6 H                     0.332474
      7 H                     0.369396
      8 C                    -0.858634
      9 H                     0.390885
     10 H                     0.368635
     11 H                     0.335396
     12 O                    -0.866816
     13 O                    -0.921244
     14 O                    -0.449886
     15 O                    -0.524736
     16 P                     1.457153
  ----------------------------------------
  Sum of atomic charges =    -1.000000

 -----------------------------------------------------------------
                    Cartesian Multipole Moments
 -----------------------------------------------------------------
    Charge (ESU x 10^10)
                -4.8032
    Dipole Moment (Debye)
         X      -1.6690      Y      -0.7636      Z       3.7988
       Tot       4.2190
    Quadrupole Moments (Debye-Ang)
        XX     -71.0126     XY      -1.7059     YY     -64.6191
        XZ      -0.6136     YZ       0.8456     ZZ     -65.2990
    Octopole Moments (Debye-Ang^2)
       XXX     -48.4628    XXY       0.9642    XYY       2.1522
       YYY       3.1256    XXZ      15.6776    XYZ       8.8354
       YYZ       3.7923    XZZ      17.6426    YZZ       6.8893
       ZZZ      16.7067
    Hexadecapole Moments (Debye-Ang^3)
      XXXX   -1369.1117   XXXY      -9.1450   XXYY    -257.3343
      XYYY       7.7056   YYYY    -385.6211   XXXZ      36.1387
      XXYZ      13.2772   XYYZ       8.4847   YYYZ       2.5683
      XXZZ    -218.3255   XYZZ       7.3515   YYZZ    -104.8560
      XZZZ       4.5327   YZZZ       0.5969   ZZZZ    -273.3088
 -----------------------------------------------------------------
 Total job time:  11310.54s(wall), 6890.55s(cpu) 
 Mon Mar  4 16:48:41 2024

        *************************************************************
        *                                                           *
        *  Thank you very much for using Q-Chem.  Have a nice day.  *
        *                                                           *
        *************************************************************


