
Running Job 1 of 1 DMP_tt_1_1.0_pvdz.inp
qchem DMP_tt_1_1.0_pvdz.inp_2094463.0 /scratch/qchemscratch/qchem2094463/ 1
/opt/qchem/6.1/exe/qcprog.exe_s DMP_tt_1_1.0_pvdz.inp_2094463.0 /scratch/qchemscratch/qchem2094463/
                  Welcome to Q-Chem
     A Quantum Leap Into The Future Of Chemistry


 Q-Chem 6.1, Q-Chem, Inc., Pleasanton, CA (2023)

 License issued to: SRG Pengyu Ren, University of Texas at Austin

 E. Epifanovsky,  A. T. B. Gilbert,  Xintian Feng,  Joonho Lee,  Yuezhi Mao,  
 N. Mardirossian,  P. Pokhilko,  A. White,  M. Wormit,  M. P. Coons,  
 A. L. Dempwolff,  Zhengting Gan,  D. Hait,  P. R. Horn,  L. D. Jacobson,  
 I. Kaliman,  J. Kussmann,  A. W. Lange,  Ka Un Lao,  D. S. Levine,  Jie Liu,  
 S. C. McKenzie,  A. F. Morrison,  K. D. Nanda,  F. Plasser,  D. R. Rehn,  
 M. L. Vidal,  Zhi-Qiang You,  Ying Zhu,  B. Alam,  B. Albrecht,  
 A. Aldossary,  E. Alguire,  J. H. Andersen,  V. Athavale,  D. Barton,  
 K. Begam,  A. Behn,  N. Bellonzi,  Y. A. Bernard,  E. J. Berquist,  
 H. Burton,  A. Carreras,  K. Carter-Fenk,  Mathew Chow,  Romit Chakraborty,  
 Chandrima Chakravarty,  Junhan Chen,  A. D. Chien,  K. D. Closser,  
 V. Cofer-Shabica,  L. Cunha,  S. Dasgupta,  Jia Deng,  M. de Wergifosse,  
 M. Diedenhofen,  Hainam Do,  S. Ehlert,  Po-Tung Fang,  S. Fatehi,  
 Qingguo Feng,  T. Friedhoff,  Thomas Froitzheim,  B. Ganoe,  J. Gayvert,  
 Qinghui Ge,  G. Gidofalvi,  M. Gimferrer,  M. Goldey,  Montgomery Gray,  
 J. Gomes,  C. Gonzalez-Espinoza,  S. Gulania,  A. Gunina,  J. A. Gyamfi,  
 M. W. D. Hanson-Heine,  P. H. P. Harbach,  A. W. Hauser,  M. F. Herbst,  
 M. Hernandez Vera,  M. Hodecker,  Z. C. Holden,  S. Houck,  Xunkun Huang,  
 Kerwin Hui,  B. C. Huynh,  K. Ikeda,  M. Ivanov,  Hyunjun Ji,  Zuxin Jin,  
 Hanjie Jiang,  Subrata Jana,  B. Kaduk,  S. Kaehler,  R. Kang,  
 K. Khistyaev,  Jaehoon Kim,  Yongbin Kim,  P. Klunzinger,  Z. Koczor-Benda,  
 Joong Hoon Koh,  D. Kosenkov,  Saikiran Kotaru,  L. Koulias,  T. Kowalczyk,  
 C. M. Krauter,  K. Kue,  A. Kunitsa,  T. Kus,  A. Landau,  K. V. Lawler,  
 D. Lefrancois,  S. Lehtola,  Rain Li,  Shaozhi Li,  Yi-Pei Li,  
 Jiashu Liang,  M. Liebenthal,  Hung-Hsuan Lin,  You-Sheng Lin,  Fenglai Liu,  
 Kuan-Yu Liu,  Xiao Liu,  M. Loipersberger,  A. Luenser,  C. Malbon,  
 A. Manjanath,  P. Manohar,  E. Mansoor,  S. F. Manzer,  Shan-Ping Mao,  
 A. V. Marenich,  T. Markovich,  S. Mason,  F. Matz,  S. A. Maurer,  
 P. F. McLaughlin,  M. F. S. J. Menger,  J.-M. Mewes,  S. A. Mewes,  
 P. Morgante,  Mohammad Mostafanejad,  J. W. Mullinax,  K. J. Oosterbaan,  
 G. Paran,  V. Parravicini,  Alexander C. Paul,  Suranjan K. Paul,  
 F. Pavosevic,  Zheng Pei,  S. Prager,  E. I. Proynov,  E. Ramos,  B. Rana,  
 A. E. Rask,  A. Rettig,  R. M. Richard,  F. Rob,  E. Rossomme,  T. Scheele,  
 M. Scheurer,  M. Schneider,  P. E. Schneider,  Tim K. Schramm,  N. Sergueev,  
 S. M. Sharada,  M. Sharma,  Hengyuan Shen,  W. Skomorowski,  D. W. Small,  
 C. J. Stein,  Alistair J. Sterling,  Yingli Su,  Yu-Chuan Su,  
 E. J. Sundstrom,  J. Talbot,  Zhen Tao,  J. Thirman,  Hung-Yi Tsai,  
 T. Tsuchimochi,  N. M. Tubman,  C. Utku,  S. P. Veccham,  O. Vydrov,  
 J. Wenzel,  Jonathan Wong,  J. Witte,  A. Yamada,  Chou-Hsun Yang,  Kun Yao,  
 S. Yeganeh,  S. R. Yost,  A. Zech,  F. Zeller,  Igor Ying Zhang,  
 Xing Zhang,  Yu Zhang,  D. Zuev,  A. Aspuru-Guzik,  A. T. Bell,  
 N. A. Besley,  K. B. Bravaya,  B. R. Brooks,  D. Casanova,  Jeng-Da Chai,  
 Hsing-Ta Chen,  S. Coriani,  C. J. Cramer,  A. E. DePrince, III,  
 R. A. DiStasio Jr.,  A. Dreuw,  B. D. Dunietz,  T. R. Furlani,  
 W. A. Goddard III,  S. Grimme,  S. Hammes-Schiffer,  T. Head-Gordon,  
 W. J. Hehre,  Chao-Ping Hsu,  T.-C. Jagau,  Yousung Jung,  A. Klamt,  
 Jing Kong,  D. S. Lambrecht,  Xiangyuan Li,  WanZhen Liang,  N. J. Mayhall,  
 C. W. McCurdy,  J. B. Neaton,  T. Neudecker,  C. Ochsenfeld,  
 J. A. Parkhill,  R. Peverati,  V. A. Rassolov,  Haisheng Ren,  Yihan Shao,  
 L. V. Slipchenko,  R. P. Steele,  J. E. Subotnik,  A. J. W. Thom,  
 A. Tkatchenko,  D. G. Truhlar,  T. Van Voorhis,  Fan Wang,  
 T. A. Wesolowski,  K. B. Whaley,  H. L. Woodcock III,  P. M. Zimmerman,  
 S. Faraji,  P. M. W. Gill,  M. Head-Gordon,  J. M. Herbert,  A. I. Krylov

 Contributors to earlier versions of Q-Chem not listed above: 
 R. D. Adamson,  B. Austin,  R. Baer,  J. Baker,  G. J. O. Beran,  
 K. Brandhorst,  S. T. Brown,  E. F. C. Byrd,  Arup K. Chakraborty,  
 G. K. L. Chan,  Chun-Min Chang,  Yunqing Chen,  C.-L. Cheng,  
 Siu Hung Chien,  D. M. Chipman,  D. L. Crittenden,  H. Dachsel,  
 R. J. Doerksen,  A. D. Dutoi,  R. G. Edgar,  J. Fosso-Tande,  
 L. Fusti-Molnar,  D. Ghosh,  A. Ghysels,  A. Golubeva-Zadorozhnaya,  
 J. Gonthier,  M. S. Gordon,  S. R. Gwaltney,  G. Hawkins,  J. E. Herr,  
 A. Heyden,  S. Hirata,  E. G. Hohenstein,  G. Kedziora,  F. J. Keil,  
 C. Kelley,  Jihan Kim,  R. A. King,  R. Z. Khaliullin,  P. P. Korambath,  
 W. Kurlancheek,  A. Laurent,  A. M. Lee,  M. S. Lee,  S. V. Levchenko,  
 Ching Yeh Lin,  D. Liotard,  E. Livshits,  R. C. Lochan,  I. Lotan,  
 L. A. Martinez-Martinez,  P. E. Maslen,  N. Nair,  D. P. O'Neill,  
 D. Neuhauser,  E. Neuscamman,  C. M. Oana,  R. Olivares-Amaya,  R. Olson,  
 T. M. Perrine,  B. Peters,  P. A. Pieniazek,  A. Prociuk,  Y. M. Rhee,  
 J. Ritchie,  M. A. Rohrdanz,  E. Rosta,  N. J. Russ,  H. F. Schaefer III,  
 M. W. Schmidt,  N. E. Schultz,  S. Sharma,  N. Shenvi,  C. D. Sherrill,  
 A. C. Simmonett,  A. Sodt,  T. Stein,  D. Stuck,  K. S. Thanthiriwatte,  
 V. Vanovschi,  L. Vogt,  Tao Wang,  A. Warshel,  M. A. Watson,  
 C. F. Williams,  Q. Wu,  X. Xu,  Jun Yang,  W. Zhang,  Yan Zhao

   Please cite Q-Chem as follows:
  "Software for the frontiers of quantum chemistry:
   An overview of developments in the Q-Chem 5 package"
   J. Chem. Phys. 155, 084801 (2021)
   https://doi.org/10.1063/5.0055522 (open access)

 Q-Chem 6.1.1 for Intel X86 EM64T Linux

 Parts of Q-Chem use Armadillo 9.900.5 (Nocturnal Misbehaviour).
 http://arma.sourceforge.net/

 Q-Chem begins on Mon Apr 15 16:23:48 2024  

 Host: 
0

     Scratch files written to /scratch/qchemscratch/qchem2094463//
 Jan1824 |scratch|qcdevops|jenkins|workspace|build_RNUM UKVU   
 Processing $rem in /opt/qchem/6.1/config/preferences:
 Processing $rem in /home/mm227274/.qchemrc:

 Q-Chem warning in module libgen/rem_setup.C, line 3361:

 Neither GIA nor STOLL is specified by user. Use STOLL as the default


 Checking the input file for inconsistencies... 	...done.

--------------------------------------------------------------
User input:
--------------------------------------------------------------
$molecule
-1 1
--
0 1

O          2.90531       -1.05376       -0.33141
H          2.47046       -0.85770        0.52251
H          2.09876       -1.23277       -0.85831
--
-1 1

H          1.39787        2.23823        0.78561
H          1.82227        1.35025       -0.69216
H         -2.44596       -1.04512       -1.20918
H         -3.69999       -0.51252       -0.04560
C         -2.71019       -0.29580       -0.45830
C          1.07601        2.00780       -0.23518
H          1.00241        2.93277       -0.81515
H         -2.72594        0.69264       -0.93120
O          0.63607       -0.34475        1.46511
O          0.07347       -1.04343       -1.01376
O         -1.79214       -0.32276        0.63087
O         -0.22257        1.41233       -0.23011
P         -0.19440       -0.20125        0.21592
$end

$rem
JOBTYPE          eda
EDA2             2
METHOD           b97m-v
BASIS            aug-cc-pvdz
SCF_CONVERGENCE  8
THRESH           14
SYMMETRY         false
DISP_FREE_X      revPBE
DISP_FREE_C      PBE
EDA_BSSE         true
$end
--------------------------------------------------------------
 ----------------------------------------------------------------
             Standard Nuclear Orientation (Angstroms)
    I     Atom           X                Y                Z
 ----------------------------------------------------------------
    1      O      -2.9053113655    -1.0537607501     0.3314084967
    2      H      -2.4704612458    -0.8576994022    -0.5225111329
    3      H      -2.0987614542    -1.2327718592     0.8583082558
    4      H      -1.3978704254     2.2382307708    -0.7856057524
    5      H      -1.8222707741     1.3502483535     0.6921626949
    6      H       2.4459585658    -1.0451236323     1.2091789439
    7      H       3.6999887973    -0.5125219664     0.0455999560
    8      C       2.7101888199    -0.2958024166     0.4583002466
    9      C      -1.0760105674     2.0077989423     0.2351838796
   10      H      -1.0024103755     2.9327679316     0.8151554671
   11      H       2.7259390369     0.6926367707     0.9312019380
   12      O      -0.6360710373    -0.3447482639    -1.4651101076
   13      O      -0.0734714179    -1.0434326478     1.0137587432
   14      O       1.7921389010    -0.3227603172    -0.6308698737
   15      O       0.2225692793     1.4123286157     0.2301129663
   16      P       0.1943988988    -0.2012506143    -0.2159197951
 ----------------------------------------------------------------
 Molecular Point Group                 C1    NOp =  1
 Largest Abelian Subgroup              C1    NOp =  1
 Nuclear Repulsion Energy =         541.95774773 hartrees
 There are       38 alpha and       38 beta electrons
 Requested basis set is aug-cc-pVDZ
 There are 114 shells and 260 basis functions

 Total QAlloc Memory Limit  16000 MB
 Mega-Array Size       188 MB
 MEM_STATIC part       192 MB

 A cutoff of  1.0D-14 yielded   6454 shell pairs
 There are     33646 function pairs (     37956 Cartesian)
 Smallest overlap matrix eigenvalue = 1.61E-04

 Scale SEOQF with 1.000000e-01/1.000000e-01/1.000000e-01

 Standard Electronic Orientation quadrupole field applied
 Nucleus-field energy     =     0.0000000086 hartrees

 -----------------------------------------------------------------------
  General SCF calculation program by
  Eric Jon Sundstrom, Paul Horn, Yuezhi Mao, Dmitri Zuev, Alec White,
  David Stuck, Shaama M.S., Shane Yost, Joonho Lee, David Small,
  Daniel Levine, Susi Lehtola, Hugh Burton, Evgeny Epifanovsky,
  Bang C. Huynh
 -----------------------------------------------------------------------
================================================================
                 ALMO-EDA with the EDA2 driver                  
================================================================
 The second-generation ALMO-EDA (for DFT):                      
 P. R. Horn, Y. Mao and M. Head-Gordon, PCCP, 18, 23067 (2016)  
 Y. Mao et al. Annu. Rev. Phys. Chem. 72, 641 (2021)            
 Decomposition of the frozen energy:                            
 P. R. Horn, Y. Mao and M. Head-Gordon, JCP, 144, 114107 (2016) 
================================================================
 Using eda2 option set 2
 Option set summary: Frozen orbital wavefunction, initial wavefunction decomposition, and traditional AO-based POL.
--------------------------------
Printing EDA Options
--------------------------------
eda_child_super_basis      0
fragmo_guess_mode          0
child_mp                   0
child_mp_orders            0
cls_elec                   1
cls_disp                   0
scfmi_mode                 1
scfmi_occs                 0
scfmi_virts                0
frz_relax                  0
frz_relax_method           0
dc_pen_start               0
dc_pen_conv                0
dc_pen_increment           0
dc_pen_steps               0
dc_pen_thresh_factor       0
dc_pen_pre_newton_thresh   0
frz_ortho_decomp           1
frz_ortho_decomp_conv      6
plot_mo_ortho_frz          0
frgm_method                2
scfmi_freeze_ss            0
separate_rehyb             0
plot_diff_den              0
eda_nocv                   0
eda_vct_relax              1
disp_free_x                33
disp_free_c                25
eda_bsse                   1
eda_pct_a                  0
eda_covp                   0
eda_vct_a                  0
--------------------------------
 Attempting to make child job directory: /scratch/qchemscratch/qchem2094463//Frg1/
 Attempting to make child job directory: /scratch/qchemscratch/qchem2094463//Frg2/
 Creating input file /scratch/qchemscratch/qchem2094463/Frg1.input
 using default PutDataFrgm: nothing
 calling putenv with: QCSCRATCH=/scratch/qchemscratch/qchem2094463/ 
 Spawning Job For Fragment 0
 Done Job For Fragment 0
 calling putenv with: QCSCRATCH=/scratch/qchemscratch 
 calling putenv with: QCTHREADS=1 
 Creating input file /scratch/qchemscratch/qchem2094463/Frg2.input
 using default PutDataFrgm: nothing
 calling putenv with: QCSCRATCH=/scratch/qchemscratch/qchem2094463/ 
 Spawning Job For Fragment 1
 Done Job For Fragment 1
 calling putenv with: QCSCRATCH=/scratch/qchemscratch 
 calling putenv with: QCTHREADS=1 
Doing General SCFMI
 Exchange:  B97M-V      Correlation:  B97M-V
 Using SG-2 standard quadrature grid
 Nonlocal Correlation:  VV10 with C = 0.0100 and b = 6.00 and scale = 1.00000
 Grid used for NLC:  SG-1 standard quadrature
performing fock build before subrot guess so that all methods have access
Printing subrot_rss_gen Method Specification:
Occupied Subspace Method is 0
Virtual Subspace Method is 0
Energy of the unrelaxed supersystem initial determinant -798.488057472321
write pseudocanon occs and virts to disk
write pseudocanon orbital energies to disk
Tolerance of ortho_decomp_scf: 1.00e-06
GDM subspace size: 20
Beginning the Orthogonal Decomposition of the Initial Supersystem Wavefunction
    1    -798.3959882336      1.04e-01     ortho_decomp Preconditoned Steepest Descent
    2    -798.4050424315      2.64e-04     ortho_decomp BFGS Step
    3    -798.4050427314      2.52e-06     ortho_decomp BFGS Step
    4    -798.4050427315      1.52e-08     ortho_decomp 00000 Convergence criterion met
 Exchange:  revPBE      Correlation:  PBE
 Using SG-2 standard quadrature grid
 Exchange:  revPBE      Correlation:  PBE
 Using SG-2 standard quadrature grid
 Exchange:  revPBE      Correlation:  PBE
 Using SG-2 standard quadrature grid
Doing General SCFMI
 Exchange:  B97M-V      Correlation:  B97M-V
 Using SG-2 standard quadrature grid
 Nonlocal Correlation:  VV10 with C = 0.0100 and b = 6.00 and scale = 1.00000
 Grid used for NLC:  SG-1 standard quadrature
performing fock build at end of subrot_r(subrot) constructor so that all methods have access
<S^2> of initial wavefunction before polarization iterations 0.0000000000
Beginning iterations for the determination of the polarized wavefunction
Energy prior to optimization (guess energy) = -798.488057472321
Begin Timing: Total SCF Calculation
begin iterations for algorithm: DIIS         
the SCF tolerance is set to 1.00e-08
    1    -798.4880574723      3.10e-04     00000 
    2    -798.4931348537      1.12e-04     00000 
    3    -798.4933802990      5.96e-05     00000 
    4    -798.4934234235      4.17e-05     00000 
    5    -798.4934564539      9.16e-06     00000 
    6    -798.4934577766      4.79e-06     00000 
    7    -798.4934581863      1.69e-06     00000 
    8    -798.4934582322      7.66e-07     00000 
    9    -798.4934582370      5.48e-07     00000 
   10    -798.4934582416      2.25e-07     00000 
   11    -798.4934582425      9.03e-08     00000 
   12    -798.4934582426      5.40e-08     00000 
   13    -798.4934582427      1.11e-08     00000 
   14    -798.4934582427      3.68e-09     00000 Convergence criterion met
write pseudocanon occs and virts to disk
write pseudocanon orbital energies to disk
Timing for Total SCF: 713.00s (wall), 709.67s (cpu)
<S^2> of polarized wavefunction after polarization iterations 0.0000000000
relaxing scfmi constraint to allow all rotations in the entire AO span
Doing General SCFMI
 Exchange:  B97M-V      Correlation:  B97M-V
 Using SG-2 standard quadrature grid
 Nonlocal Correlation:  VV10 with C = 0.0100 and b = 6.00 and scale = 1.00000
 Grid used for NLC:  SG-1 standard quadrature
performing fock build at end of subrot_r(subrot) constructor so that all methods have access
<S^2> of polarized wavefunction before ct-allowed iterations 0.0000000000
Beginning iterations for the determination of the CT-Allowed wavefunction
Energy prior to optimization (guess energy) = -798.493458242660
Begin Timing: Total SCF Calculation
begin iterations for algorithm: DIIS         
the SCF tolerance is set to 1.00e-08
    1    -798.4934582427      3.89e-04     00000 
    2    -798.5019331985      5.13e-05     00000 
    3    -798.5018230888      8.61e-05     00000 
    4    -798.5020239871      1.33e-05     00000 
    5    -798.5020290391      5.55e-06     00000 
    6    -798.5020297998      1.96e-06     00000 
    7    -798.5020298937      4.76e-07     00000 
    8    -798.5020298986      2.55e-07     00000 
    9    -798.5020299002      7.40e-08     00000 
   10    -798.5020299004      1.47e-08     00000 
   11    -798.5020299004      5.18e-09     00000 Convergence criterion met
write pseudocanon occs and virts to disk
write pseudocanon orbital energies to disk
Timing for Total SCF: 441.00s (wall), 439.29s (cpu)
<S^2> of ct_allowed wavefunction after ct-allowed iterations 0.0000000000
 Attempting to make child job directory: /scratch/qchemscratch/qchem2094463//FrgBSSE1/
 Attempting to make child job directory: /scratch/qchemscratch/qchem2094463//FrgBSSE2/
 Creating input file /scratch/qchemscratch/qchem2094463/FrgBSSE1.input
 calling putenv with: QCSCRATCH=/scratch/qchemscratch/qchem2094463/ 
 Spawning Job For Fragment 0
 Done Job For Fragment 0
 calling putenv with: QCSCRATCH=/scratch/qchemscratch 
 calling putenv with: QCTHREADS=1 
 Creating input file /scratch/qchemscratch/qchem2094463/FrgBSSE2.input
 calling putenv with: QCSCRATCH=/scratch/qchemscratch/qchem2094463/ 
 Spawning Job For Fragment 1
 Done Job For Fragment 1
 calling putenv with: QCSCRATCH=/scratch/qchemscratch 
 calling putenv with: QCTHREADS=1 
====================================================================
   Evaluating the BSSE with fragment SCF in the supersystem basis
   Fragment contributions (kJ/mol) 
   Frgm 1: 1.3280
   Frgm 2: 3.4410
   BSSE (kJ/mol) = 4.7690
====================================================================

================================
        Results of EDA2         
================================
Basic EDA Quantities
--------------------
Fragment Energies (Ha):
1  -76.4130203557
2 -722.0596330260
--------------------
  E_prp (kJ/mol) = 0.0000
  E_frz (kJ/mol) = -40.4439
  E_pol (kJ/mol) = -14.1799
  E_vct (kJ/mol) = -17.7361 (CP-corrected)
  E_int (kJ/mol) = -72.3599 (CP-corrected)
--------------------


Decomposition of frozen interaction energy
--------------------
  --------------------
  Orthogonal Frozen Decomposition:
  --------------------
     E_elec   (ELEC)   (kJ/mol) = -162.9948
     E_pauli  (PAULI)  (kJ/mol) = 144.1224
     E_disp   (DISP)   (kJ/mol) = -21.5715
  --------------------
  Classical Frozen Decomposition:
  --------------------
     E_cls_elec  (CLS ELEC)  (kJ/mol) = -96.8251
     E_mod_pauli (MOD PAULI) (kJ/mol) = 77.9526 (FRZ - CLS ELEC - DISP)
     E_disp      (DISP)      (kJ/mol) = -21.5715
  --------------------
--------------------

Simplified EDA Summary (kJ/mol)
--------------------
 PREPARATION      0.0000
 FROZEN           -40.4439 (ELEC + PAULI + DISP)
[ELEC + PAULI = -18.8724, DISP = -21.5715]
 POLARIZATION    -14.1799
 CHARGE TRANSFER -17.7361     (counterpoise-corrected)
 TOTAL           -72.3599     (PRP + FRZ + POL + CT)
--------------------
 
 --------------------------------------------------------------
 
                    Orbital Energies (a.u.)
 --------------------------------------------------------------
 
 Alpha MOs
 -- Occupied --
-77.1312 -19.0224 -19.0137 -18.9845 -18.9434 -18.9434 -10.0958 -10.0880
 -6.5315  -4.6064  -4.6052  -4.6028  -0.8984  -0.8566  -0.8246  -0.7928
 -0.7607  -0.5370  -0.5190  -0.3789  -0.3245  -0.3046  -0.2914  -0.2844
 -0.2741  -0.2613  -0.2440  -0.2058  -0.1959  -0.1741  -0.1672  -0.1280
 -0.1179  -0.1107  -0.1103  -0.0947  -0.0833  -0.0670
 -- Virtual --
  0.0889   0.0966   0.1171   0.1230   0.1281   0.1336   0.1383   0.1539
  0.1619   0.1786   0.1881   0.1931   0.1956   0.1991   0.2027   0.2177
  0.2187   0.2236   0.2408   0.2459   0.2536   0.2565   0.2620   0.2729
  0.2778   0.2862   0.2913   0.2988   0.3033   0.3088   0.3193   0.3264
  0.3307   0.3325   0.3433   0.3556   0.3618   0.3666   0.3747   0.3799
  0.3840   0.3896   0.3968   0.4028   0.4186   0.4200   0.4289   0.4347
  0.4402   0.4513   0.4553   0.4581   0.4611   0.4746   0.4808   0.4851
  0.4973   0.5155   0.5224   0.5383   0.5423   0.5586   0.5596   0.5722
  0.5806   0.5868   0.5992   0.6047   0.6109   0.6332   0.6393   0.6471
  0.6507   0.6614   0.6619   0.6769   0.7018   0.7063   0.7221   0.7245
  0.7274   0.7465   0.7533   0.7574   0.7612   0.7741   0.7859   0.7978
  0.8079   0.8150   0.8351   0.8435   0.8842   0.8964   0.9073   0.9183
  0.9346   0.9467   0.9633   0.9745   0.9907   1.0079   1.0181   1.0241
  1.0351   1.0614   1.0746   1.0931   1.1104   1.1446   1.1706   1.1750
  1.1802   1.1982   1.2140   1.2262   1.2334   1.2456   1.2695   1.2847
  1.3089   1.3142   1.3370   1.3436   1.3726   1.3880   1.4080   1.4146
  1.4291   1.4315   1.4450   1.4897   1.5095   1.5236   1.5374   1.5537
  1.5638   1.5891   1.6021   1.6331   1.6552   1.6637   1.6764   1.6888
  1.7100   1.7362   1.7526   1.7585   1.7889   1.8065   1.8270   1.8321
  1.8540   1.8633   1.9063   1.9410   1.9691   1.9837   1.9970   2.0052
  2.0233   2.0689   2.0806   2.1024   2.1059   2.1172   2.1388   2.1596
  2.1711   2.2028   2.2115   2.2334   2.2784   2.3051   2.3817   2.4022
  2.4849   2.5303   2.5469   2.5782   2.5794   2.5991   2.6272   2.6447
  2.7072   2.7608   2.7834   2.7892   2.8474   2.8772   2.9381   2.9582
  3.0573   3.0830   3.1318   3.1553   3.1789   3.5465   3.5714   3.5905
  3.5972   3.6120   3.6200   3.6299   3.6362   3.6520   3.6675   3.6988
  3.7224   3.7287   3.7366   3.7514   3.7694   3.7873   3.8156   3.8663
  3.8819   3.9259   3.9644   4.0217   4.0761   4.2857
 --------------------------------------------------------------
 
          Ground-State Mulliken Net Atomic Charges

     Atom                 Charge (a.u.)
  ----------------------------------------
      1 O                    -0.458076
      2 H                     0.234225
      3 H                     0.195389
      4 H                    -0.201685
      5 H                    -0.308166
      6 H                    -0.185999
      7 H                    -0.374604
      8 C                     1.027081
      9 C                     1.208031
     10 H                    -0.360878
     11 H                    -0.217732
     12 O                    -1.094811
     13 O                    -1.057966
     14 O                    -1.013478
     15 O                    -1.046904
     16 P                     2.655574
  ----------------------------------------
  Sum of atomic charges =    -1.000000

 -----------------------------------------------------------------
                    Cartesian Multipole Moments
 -----------------------------------------------------------------
    Charge (ESU x 10^10)
                -4.8032
    Dipole Moment (Debye)
         X       3.4343      Y       2.9455      Z       1.0986
       Tot       4.6558
    Quadrupole Moments (Debye-Ang)
        XX     -73.8864     XY      -6.5079     YY     -64.4359
        XZ       2.3556     YZ       1.1108     ZZ     -67.4734
    Octopole Moments (Debye-Ang^2)
       XXX      50.4452    XXY      15.8665    XYY       3.1686
       YYY       1.0993    XXZ      -4.5991    XYZ      -1.5456
       YYZ      -2.9270    XZZ      -1.6959    YZZ       3.1433
       ZZZ       5.6711
    Hexadecapole Moments (Debye-Ang^3)
      XXXX   -1158.5730   XXXY     -54.2095   XXYY    -264.5603
      XYYY      -4.6989   YYYY    -463.5789   XXXZ      30.7927
      XXYZ       4.6919   XYYZ      -1.0849   YYYZ       4.1120
      XXZZ    -203.0423   XYZZ       5.2952   YYZZ    -116.0811
      XZZZ     -10.9187   YZZZ      -3.1996   ZZZZ    -259.5093
 -----------------------------------------------------------------
 Total job time:  3075.05s(wall), 1901.16s(cpu) 
 Mon Apr 15 17:15:03 2024

        *************************************************************
        *                                                           *
        *  Thank you very much for using Q-Chem.  Have a nice day.  *
        *                                                           *
        *************************************************************


