
Running Job 1 of 1 DMP_gt_15_0.9.inp
qchem DMP_gt_15_0.9.inp_1110318.0 /scratch/qchemscratch/qchem1110318/ 1
/opt/qchem/6.1/exe/qcprog.exe_s DMP_gt_15_0.9.inp_1110318.0 /scratch/qchemscratch/qchem1110318/
                  Welcome to Q-Chem
     A Quantum Leap Into The Future Of Chemistry


 Q-Chem 6.1, Q-Chem, Inc., Pleasanton, CA (2023)

 License issued to: SRG Pengyu Ren, University of Texas at Austin

 E. Epifanovsky,  A. T. B. Gilbert,  Xintian Feng,  Joonho Lee,  Yuezhi Mao,  
 N. Mardirossian,  P. Pokhilko,  A. White,  M. Wormit,  M. P. Coons,  
 A. L. Dempwolff,  Zhengting Gan,  D. Hait,  P. R. Horn,  L. D. Jacobson,  
 I. Kaliman,  J. Kussmann,  A. W. Lange,  Ka Un Lao,  D. S. Levine,  Jie Liu,  
 S. C. McKenzie,  A. F. Morrison,  K. D. Nanda,  F. Plasser,  D. R. Rehn,  
 M. L. Vidal,  Zhi-Qiang You,  Ying Zhu,  B. Alam,  B. Albrecht,  
 A. Aldossary,  E. Alguire,  J. H. Andersen,  V. Athavale,  D. Barton,  
 K. Begam,  A. Behn,  N. Bellonzi,  Y. A. Bernard,  E. J. Berquist,  
 H. Burton,  A. Carreras,  K. Carter-Fenk,  Mathew Chow,  Romit Chakraborty,  
 Chandrima Chakravarty,  Junhan Chen,  A. D. Chien,  K. D. Closser,  
 V. Cofer-Shabica,  L. Cunha,  S. Dasgupta,  Jia Deng,  M. de Wergifosse,  
 M. Diedenhofen,  Hainam Do,  S. Ehlert,  Po-Tung Fang,  S. Fatehi,  
 Qingguo Feng,  T. Friedhoff,  Thomas Froitzheim,  B. Ganoe,  J. Gayvert,  
 Qinghui Ge,  G. Gidofalvi,  M. Gimferrer,  M. Goldey,  Montgomery Gray,  
 J. Gomes,  C. Gonzalez-Espinoza,  S. Gulania,  A. Gunina,  J. A. Gyamfi,  
 M. W. D. Hanson-Heine,  P. H. P. Harbach,  A. W. Hauser,  M. F. Herbst,  
 M. Hernandez Vera,  M. Hodecker,  Z. C. Holden,  S. Houck,  Xunkun Huang,  
 Kerwin Hui,  B. C. Huynh,  K. Ikeda,  M. Ivanov,  Hyunjun Ji,  Zuxin Jin,  
 Hanjie Jiang,  Subrata Jana,  B. Kaduk,  S. Kaehler,  R. Kang,  
 K. Khistyaev,  Jaehoon Kim,  Yongbin Kim,  P. Klunzinger,  Z. Koczor-Benda,  
 Joong Hoon Koh,  D. Kosenkov,  Saikiran Kotaru,  L. Koulias,  T. Kowalczyk,  
 C. M. Krauter,  K. Kue,  A. Kunitsa,  T. Kus,  A. Landau,  K. V. Lawler,  
 D. Lefrancois,  S. Lehtola,  Rain Li,  Shaozhi Li,  Yi-Pei Li,  
 Jiashu Liang,  M. Liebenthal,  Hung-Hsuan Lin,  You-Sheng Lin,  Fenglai Liu,  
 Kuan-Yu Liu,  Xiao Liu,  M. Loipersberger,  A. Luenser,  C. Malbon,  
 A. Manjanath,  P. Manohar,  E. Mansoor,  S. F. Manzer,  Shan-Ping Mao,  
 A. V. Marenich,  T. Markovich,  S. Mason,  F. Matz,  S. A. Maurer,  
 P. F. McLaughlin,  M. F. S. J. Menger,  J.-M. Mewes,  S. A. Mewes,  
 P. Morgante,  Mohammad Mostafanejad,  J. W. Mullinax,  K. J. Oosterbaan,  
 G. Paran,  V. Parravicini,  Alexander C. Paul,  Suranjan K. Paul,  
 F. Pavosevic,  Zheng Pei,  S. Prager,  E. I. Proynov,  E. Ramos,  B. Rana,  
 A. E. Rask,  A. Rettig,  R. M. Richard,  F. Rob,  E. Rossomme,  T. Scheele,  
 M. Scheurer,  M. Schneider,  P. E. Schneider,  Tim K. Schramm,  N. Sergueev,  
 S. M. Sharada,  M. Sharma,  Hengyuan Shen,  W. Skomorowski,  D. W. Small,  
 C. J. Stein,  Alistair J. Sterling,  Yingli Su,  Yu-Chuan Su,  
 E. J. Sundstrom,  J. Talbot,  Zhen Tao,  J. Thirman,  Hung-Yi Tsai,  
 T. Tsuchimochi,  N. M. Tubman,  C. Utku,  S. P. Veccham,  O. Vydrov,  
 J. Wenzel,  Jonathan Wong,  J. Witte,  A. Yamada,  Chou-Hsun Yang,  Kun Yao,  
 S. Yeganeh,  S. R. Yost,  A. Zech,  F. Zeller,  Igor Ying Zhang,  
 Xing Zhang,  Yu Zhang,  D. Zuev,  A. Aspuru-Guzik,  A. T. Bell,  
 N. A. Besley,  K. B. Bravaya,  B. R. Brooks,  D. Casanova,  Jeng-Da Chai,  
 Hsing-Ta Chen,  S. Coriani,  C. J. Cramer,  A. E. DePrince, III,  
 R. A. DiStasio Jr.,  A. Dreuw,  B. D. Dunietz,  T. R. Furlani,  
 W. A. Goddard III,  S. Grimme,  S. Hammes-Schiffer,  T. Head-Gordon,  
 W. J. Hehre,  Chao-Ping Hsu,  T.-C. Jagau,  Yousung Jung,  A. Klamt,  
 Jing Kong,  D. S. Lambrecht,  Xiangyuan Li,  WanZhen Liang,  N. J. Mayhall,  
 C. W. McCurdy,  J. B. Neaton,  T. Neudecker,  C. Ochsenfeld,  
 J. A. Parkhill,  R. Peverati,  V. A. Rassolov,  Haisheng Ren,  Yihan Shao,  
 L. V. Slipchenko,  R. P. Steele,  J. E. Subotnik,  A. J. W. Thom,  
 A. Tkatchenko,  D. G. Truhlar,  T. Van Voorhis,  Fan Wang,  
 T. A. Wesolowski,  K. B. Whaley,  H. L. Woodcock III,  P. M. Zimmerman,  
 S. Faraji,  P. M. W. Gill,  M. Head-Gordon,  J. M. Herbert,  A. I. Krylov

 Contributors to earlier versions of Q-Chem not listed above: 
 R. D. Adamson,  B. Austin,  R. Baer,  J. Baker,  G. J. O. Beran,  
 K. Brandhorst,  S. T. Brown,  E. F. C. Byrd,  Arup K. Chakraborty,  
 G. K. L. Chan,  Chun-Min Chang,  Yunqing Chen,  C.-L. Cheng,  
 Siu Hung Chien,  D. M. Chipman,  D. L. Crittenden,  H. Dachsel,  
 R. J. Doerksen,  A. D. Dutoi,  R. G. Edgar,  J. Fosso-Tande,  
 L. Fusti-Molnar,  D. Ghosh,  A. Ghysels,  A. Golubeva-Zadorozhnaya,  
 J. Gonthier,  M. S. Gordon,  S. R. Gwaltney,  G. Hawkins,  J. E. Herr,  
 A. Heyden,  S. Hirata,  E. G. Hohenstein,  G. Kedziora,  F. J. Keil,  
 C. Kelley,  Jihan Kim,  R. A. King,  R. Z. Khaliullin,  P. P. Korambath,  
 W. Kurlancheek,  A. Laurent,  A. M. Lee,  M. S. Lee,  S. V. Levchenko,  
 Ching Yeh Lin,  D. Liotard,  E. Livshits,  R. C. Lochan,  I. Lotan,  
 L. A. Martinez-Martinez,  P. E. Maslen,  N. Nair,  D. P. O'Neill,  
 D. Neuhauser,  E. Neuscamman,  C. M. Oana,  R. Olivares-Amaya,  R. Olson,  
 T. M. Perrine,  B. Peters,  P. A. Pieniazek,  A. Prociuk,  Y. M. Rhee,  
 J. Ritchie,  M. A. Rohrdanz,  E. Rosta,  N. J. Russ,  H. F. Schaefer III,  
 M. W. Schmidt,  N. E. Schultz,  S. Sharma,  N. Shenvi,  C. D. Sherrill,  
 A. C. Simmonett,  A. Sodt,  T. Stein,  D. Stuck,  K. S. Thanthiriwatte,  
 V. Vanovschi,  L. Vogt,  Tao Wang,  A. Warshel,  M. A. Watson,  
 C. F. Williams,  Q. Wu,  X. Xu,  Jun Yang,  W. Zhang,  Yan Zhao

   Please cite Q-Chem as follows:
  "Software for the frontiers of quantum chemistry:
   An overview of developments in the Q-Chem 5 package"
   J. Chem. Phys. 155, 084801 (2021)
   https://doi.org/10.1063/5.0055522 (open access)

 Q-Chem 6.1.1 for Intel X86 EM64T Linux

 Parts of Q-Chem use Armadillo 9.900.5 (Nocturnal Misbehaviour).
 http://arma.sourceforge.net/

 Q-Chem begins on Mon Mar  4 15:14:11 2024  

 Host: 
0

     Scratch files written to /scratch/qchemscratch/qchem1110318//
 Jan1824 |scratch|qcdevops|jenkins|workspace|build_RNUM UKVU   
 Processing $rem in /opt/qchem/6.1/config/preferences:
 Processing $rem in /home/mm227274/.qchemrc:

 Q-Chem warning in module libgen/rem_setup.C, line 3361:

 Neither GIA nor STOLL is specified by user. Use STOLL as the default


 Checking the input file for inconsistencies... 	...done.

--------------------------------------------------------------
User input:
--------------------------------------------------------------
$molecule
-1 1
--
0 1

O -2.271040435897436 1.2815788205128207 -0.307745
H -1.3822804358974359 1.5274488205128205 0.011614999999999986
H -2.0620804358974363 0.3864588205128205 -0.630495
--
-1 1

H         -0.62476       -1.89092        1.59684
C         -1.39881       -1.36633        1.03182
H          1.99909        1.19331        1.50888
H          1.99411        2.06902       -0.04457
C          1.38451        1.78128        0.82063
H         -1.69671       -0.45873        1.56479
H         -2.27204       -2.01315        0.90498
H          1.02692        2.68638        1.32071
O          1.53117       -1.18639        0.58649
O          0.92634       -0.17769       -1.79943
O         -0.92570       -1.04165       -0.27691
O          0.24074        1.03886        0.41272
P          0.62993       -0.43156       -0.35358
$end

$rem
JOBTYPE          eda
EDA2             2
METHOD           b97m-v
BASIS            aug-cc-pvtz
SCF_CONVERGENCE  8
THRESH           14
SYMMETRY         false
DISP_FREE_X      revPBE
DISP_FREE_C      PBE
EDA_BSSE         true
$end
--------------------------------------------------------------
 ----------------------------------------------------------------
             Standard Nuclear Orientation (Angstroms)
    I     Atom           X                Y                Z
 ----------------------------------------------------------------
    1      O       2.0092447862     1.6791176894     0.4798069356
    2      H       1.1025777107     1.7738271776     0.1314936697
    3      H       1.9580013324     0.7456967179     0.7539803422
    4      H       1.0494034663    -1.6407817589    -1.6319232448
    5      C       1.6918093291    -1.0125290983    -1.0104661082
    6      H      -2.1015636912     0.9020152734    -1.5299933560
    7      H      -2.3154707494     1.6840494431     0.0583284107
    8      C      -1.6319920283     1.5570370251    -0.7900242230
    9      H       1.8357512783    -0.0399203324    -1.4898950339
   10      H       2.6644838981    -1.4939801326    -0.8722481089
   11      H      -1.4301692342     2.5364633269    -1.2340380784
   12      O      -1.2350855971    -1.3952472932    -0.6906335159
   13      O      -0.9149057648    -0.4148741028     1.7613580313
   14      O       1.1193521910    -0.8466897487     0.2883081303
   15      O      -0.3861890084     1.0170727337    -0.3631738545
   16      P      -0.5240833781    -0.5366301002     0.3207941047
 ----------------------------------------------------------------
 Molecular Point Group                 C1    NOp =  1
 Largest Abelian Subgroup              C1    NOp =  1
 Nuclear Repulsion Energy =         550.69375766 hartrees
 There are       38 alpha and       38 beta electrons
 Requested basis set is aug-cc-pVTZ
 There are 186 shells and 556 basis functions

 Total QAlloc Memory Limit  16000 MB
 Mega-Array Size       188 MB
 MEM_STATIC part       192 MB

 A cutoff of  1.0D-14 yielded  16866 shell pairs
 There are    150318 function pairs (    201935 Cartesian)
 Smallest overlap matrix eigenvalue = 1.71E-05

 Scale SEOQF with 1.000000e-01/1.000000e-01/1.000000e-01

 Standard Electronic Orientation quadrupole field applied
 Nucleus-field energy     =     0.0000000058 hartrees

 -----------------------------------------------------------------------
  General SCF calculation program by
  Eric Jon Sundstrom, Paul Horn, Yuezhi Mao, Dmitri Zuev, Alec White,
  David Stuck, Shaama M.S., Shane Yost, Joonho Lee, David Small,
  Daniel Levine, Susi Lehtola, Hugh Burton, Evgeny Epifanovsky,
  Bang C. Huynh
 -----------------------------------------------------------------------
================================================================
                 ALMO-EDA with the EDA2 driver                  
================================================================
 The second-generation ALMO-EDA (for DFT):                      
 P. R. Horn, Y. Mao and M. Head-Gordon, PCCP, 18, 23067 (2016)  
 Y. Mao et al. Annu. Rev. Phys. Chem. 72, 641 (2021)            
 Decomposition of the frozen energy:                            
 P. R. Horn, Y. Mao and M. Head-Gordon, JCP, 144, 114107 (2016) 
================================================================
 Using eda2 option set 2
 Option set summary: Frozen orbital wavefunction, initial wavefunction decomposition, and traditional AO-based POL.
--------------------------------
Printing EDA Options
--------------------------------
eda_child_super_basis      0
fragmo_guess_mode          0
child_mp                   0
child_mp_orders            0
cls_elec                   1
cls_disp                   0
scfmi_mode                 1
scfmi_occs                 0
scfmi_virts                0
frz_relax                  0
frz_relax_method           0
dc_pen_start               0
dc_pen_conv                0
dc_pen_increment           0
dc_pen_steps               0
dc_pen_thresh_factor       0
dc_pen_pre_newton_thresh   0
frz_ortho_decomp           1
frz_ortho_decomp_conv      6
plot_mo_ortho_frz          0
frgm_method                2
scfmi_freeze_ss            0
separate_rehyb             0
plot_diff_den              0
eda_nocv                   0
eda_vct_relax              1
disp_free_x                33
disp_free_c                25
eda_bsse                   1
eda_pct_a                  0
eda_covp                   0
eda_vct_a                  0
--------------------------------
 Attempting to make child job directory: /scratch/qchemscratch/qchem1110318//Frg1/
 Attempting to make child job directory: /scratch/qchemscratch/qchem1110318//Frg2/
 Creating input file /scratch/qchemscratch/qchem1110318/Frg1.input
 using default PutDataFrgm: nothing
 calling putenv with: QCSCRATCH=/scratch/qchemscratch/qchem1110318/ 
 Spawning Job For Fragment 0
 Done Job For Fragment 0
 calling putenv with: QCSCRATCH=/scratch/qchemscratch 
 calling putenv with: QCTHREADS=1 
 Creating input file /scratch/qchemscratch/qchem1110318/Frg2.input
 using default PutDataFrgm: nothing
 calling putenv with: QCSCRATCH=/scratch/qchemscratch/qchem1110318/ 
 Spawning Job For Fragment 1
 Done Job For Fragment 1
 calling putenv with: QCSCRATCH=/scratch/qchemscratch 
 calling putenv with: QCTHREADS=1 
Doing General SCFMI
 Exchange:  B97M-V      Correlation:  B97M-V
 Using SG-2 standard quadrature grid
 Nonlocal Correlation:  VV10 with C = 0.0100 and b = 6.00 and scale = 1.00000
 Grid used for NLC:  SG-1 standard quadrature
performing fock build before subrot guess so that all methods have access
Printing subrot_rss_gen Method Specification:
Occupied Subspace Method is 0
Virtual Subspace Method is 0
Energy of the unrelaxed supersystem initial determinant -798.637150944718
write pseudocanon occs and virts to disk
write pseudocanon orbital energies to disk
Tolerance of ortho_decomp_scf: 1.00e-06
GDM subspace size: 20
Beginning the Orthogonal Decomposition of the Initial Supersystem Wavefunction
    1    -798.5064112642      1.59e-01     ortho_decomp Preconditoned Steepest Descent
    2    -798.5240624757      3.63e-04     ortho_decomp BFGS Step
    3    -798.5240630172      4.02e-06     ortho_decomp BFGS Step
    4    -798.5240630172      2.22e-08     ortho_decomp 00000 Convergence criterion met
 Exchange:  revPBE      Correlation:  PBE
 Using SG-2 standard quadrature grid
 Exchange:  revPBE      Correlation:  PBE
 Using SG-2 standard quadrature grid
 Exchange:  revPBE      Correlation:  PBE
 Using SG-2 standard quadrature grid
Doing General SCFMI
 Exchange:  B97M-V      Correlation:  B97M-V
 Using SG-2 standard quadrature grid
 Nonlocal Correlation:  VV10 with C = 0.0100 and b = 6.00 and scale = 1.00000
 Grid used for NLC:  SG-1 standard quadrature
performing fock build at end of subrot_r(subrot) constructor so that all methods have access
<S^2> of initial wavefunction before polarization iterations 0.0000000000
Beginning iterations for the determination of the polarized wavefunction
Energy prior to optimization (guess energy) = -798.637150944718
Begin Timing: Total SCF Calculation
begin iterations for algorithm: DIIS         
the SCF tolerance is set to 1.00e-08
    1    -798.6371509447      2.06e-04     00000 
    2    -798.6456651370      9.42e-05     00000 
    3    -798.6458449848      9.35e-05     00000 
    4    -798.6465223890      2.69e-05     00000 
    5    -798.6465786658      9.55e-06     00000 
    6    -798.6465863215      4.70e-06     00000 
    7    -798.6465883667      1.85e-06     00000 
    8    -798.6465886456      1.24e-06     00000 
    9    -798.6465887854      5.12e-07     00000 
   10    -798.6465888026      2.89e-07     00000 
   11    -798.6465888070      1.50e-07     00000 
   12    -798.6465888078      9.15e-08     00000 
   13    -798.6465888084      3.74e-08     00000 
   14    -798.6465888085      1.44e-08     00000 
   15    -798.6465888085      1.03e-08     00000 
   16    -798.6465888085      5.90e-09     00000 Convergence criterion met
write pseudocanon occs and virts to disk
write pseudocanon orbital energies to disk
Timing for Total SCF: 2348.00s (wall), 2339.88s (cpu)
<S^2> of polarized wavefunction after polarization iterations 0.0000000000
relaxing scfmi constraint to allow all rotations in the entire AO span
Doing General SCFMI
 Exchange:  B97M-V      Correlation:  B97M-V
 Using SG-2 standard quadrature grid
 Nonlocal Correlation:  VV10 with C = 0.0100 and b = 6.00 and scale = 1.00000
 Grid used for NLC:  SG-1 standard quadrature
performing fock build at end of subrot_r(subrot) constructor so that all methods have access
<S^2> of polarized wavefunction before ct-allowed iterations 0.0000000000
Beginning iterations for the determination of the CT-Allowed wavefunction
Energy prior to optimization (guess energy) = -798.646588808541
Begin Timing: Total SCF Calculation
begin iterations for algorithm: DIIS         
the SCF tolerance is set to 1.00e-08
    1    -798.6465888085      2.36e-04     00000 
    2    -798.6554004570      2.55e-05     00000 
    3    -798.6553033274      3.99e-05     00000 
    4    -798.6554780576      6.79e-06     00000 
    5    -798.6554822748      3.78e-06     00000 
    6    -798.6554837292      1.27e-06     00000 
    7    -798.6554839091      2.59e-07     00000 
    8    -798.6554839159      1.20e-07     00000 
    9    -798.6554839173      5.15e-08     00000 
   10    -798.6554839176      9.88e-09     00000 Convergence criterion met
write pseudocanon occs and virts to disk
write pseudocanon orbital energies to disk
Timing for Total SCF: 1362.00s (wall), 1357.48s (cpu)
<S^2> of ct_allowed wavefunction after ct-allowed iterations 0.0000000000
 Attempting to make child job directory: /scratch/qchemscratch/qchem1110318//FrgBSSE1/
 Attempting to make child job directory: /scratch/qchemscratch/qchem1110318//FrgBSSE2/
 Creating input file /scratch/qchemscratch/qchem1110318/FrgBSSE1.input
 calling putenv with: QCSCRATCH=/scratch/qchemscratch/qchem1110318/ 
 Spawning Job For Fragment 0
 Done Job For Fragment 0
 calling putenv with: QCSCRATCH=/scratch/qchemscratch 
 calling putenv with: QCTHREADS=1 
 Creating input file /scratch/qchemscratch/qchem1110318/FrgBSSE2.input
 calling putenv with: QCSCRATCH=/scratch/qchemscratch/qchem1110318/ 
 Spawning Job For Fragment 1
 Done Job For Fragment 1
 calling putenv with: QCSCRATCH=/scratch/qchemscratch 
 calling putenv with: QCTHREADS=1 
====================================================================
   Evaluating the BSSE with fragment SCF in the supersystem basis
   Fragment contributions (kJ/mol) 
   Frgm 1: 0.2446
   Frgm 2: 0.6616
   BSSE (kJ/mol) = 0.9062
====================================================================

================================
        Results of EDA2         
================================
Basic EDA Quantities
--------------------
Fragment Energies (Ha):
1  -76.4324632457
2 -722.2063986467
--------------------
  E_prp (kJ/mol) = 0.0000
  E_frz (kJ/mol) = 4.4921
  E_pol (kJ/mol) = -24.7794
  E_vct (kJ/mol) = -22.4482 (CP-corrected)
  E_int (kJ/mol) = -42.7354 (CP-corrected)
--------------------


Decomposition of frozen interaction energy
--------------------
  --------------------
  Orthogonal Frozen Decomposition:
  --------------------
     E_elec   (ELEC)   (kJ/mol) = -216.6015
     E_pauli  (PAULI)  (kJ/mol) = 249.3452
     E_disp   (DISP)   (kJ/mol) = -28.2516
  --------------------
  Classical Frozen Decomposition:
  --------------------
     E_cls_elec  (CLS ELEC)  (kJ/mol) = -118.1243
     E_mod_pauli (MOD PAULI) (kJ/mol) = 150.8681 (FRZ - CLS ELEC - DISP)
     E_disp      (DISP)      (kJ/mol) = -28.2516
  --------------------
--------------------

Simplified EDA Summary (kJ/mol)
--------------------
 PREPARATION      0.0000
 FROZEN           4.4921 (ELEC + PAULI + DISP)
[ELEC + PAULI = 32.7437, DISP = -28.2516]
 POLARIZATION    -24.7794
 CHARGE TRANSFER -22.4482     (counterpoise-corrected)
 TOTAL           -42.7354     (PRP + FRZ + POL + CT)
--------------------
 
 --------------------------------------------------------------
 
                    Orbital Energies (a.u.)
 --------------------------------------------------------------
 
 Alpha MOs
 -- Occupied --
-77.1026 -19.0208 -19.0185 -18.9734 -18.9348 -18.9326 -10.0936 -10.0864
 -6.5036  -4.5794  -4.5773  -4.5730  -0.8998  -0.8611  -0.8249  -0.7885
 -0.7554  -0.5380  -0.5233  -0.3797  -0.3351  -0.3124  -0.3017  -0.2916
 -0.2780  -0.2649  -0.2460  -0.2038  -0.1916  -0.1769  -0.1654  -0.1306
 -0.1272  -0.1138  -0.1083  -0.1033  -0.0855  -0.0698
 -- Virtual --
  0.0864   0.0934   0.1124   0.1130   0.1243   0.1261   0.1274   0.1498
  0.1511   0.1654   0.1699   0.1738   0.1755   0.1784   0.1849   0.1928
  0.1978   0.2033   0.2101   0.2154   0.2230   0.2295   0.2376   0.2437
  0.2474   0.2515   0.2603   0.2667   0.2697   0.2771   0.2781   0.2915
  0.2943   0.3025   0.3047   0.3126   0.3164   0.3185   0.3279   0.3313
  0.3431   0.3464   0.3483   0.3558   0.3588   0.3631   0.3665   0.3759
  0.3809   0.3813   0.3947   0.4008   0.4052   0.4121   0.4131   0.4199
  0.4238   0.4341   0.4357   0.4388   0.4394   0.4495   0.4563   0.4634
  0.4661   0.4697   0.4770   0.4828   0.4876   0.5009   0.5051   0.5176
  0.5246   0.5289   0.5329   0.5372   0.5457   0.5507   0.5536   0.5646
  0.5707   0.5773   0.5840   0.5863   0.5886   0.5962   0.6008   0.6068
  0.6099   0.6198   0.6283   0.6337   0.6394   0.6554   0.6716   0.6884
  0.6938   0.6995   0.7336   0.7394   0.7472   0.7488   0.7576   0.7753
  0.7825   0.7912   0.7957   0.7992   0.8127   0.8195   0.8259   0.8348
  0.8440   0.8510   0.8585   0.8696   0.8779   0.8851   0.8900   0.9014
  0.9061   0.9127   0.9210   0.9263   0.9334   0.9489   0.9566   0.9581
  0.9667   0.9774   0.9806   0.9919   0.9955   1.0003   1.0078   1.0128
  1.0210   1.0259   1.0369   1.0499   1.0556   1.0662   1.0732   1.0774
  1.0812   1.0821   1.0971   1.0991   1.1039   1.1099   1.1166   1.1249
  1.1397   1.1405   1.1477   1.1522   1.1589   1.1690   1.1707   1.1811
  1.1905   1.1988   1.2130   1.2173   1.2303   1.2417   1.2478   1.2624
  1.2716   1.2739   1.2800   1.2959   1.3006   1.3180   1.3298   1.3306
  1.3373   1.3611   1.3752   1.3775   1.3886   1.3953   1.4045   1.4184
  1.4223   1.4358   1.4420   1.4634   1.4782   1.4844   1.4981   1.5098
  1.5220   1.5253   1.5493   1.5614   1.5694   1.5764   1.5903   1.5914
  1.5978   1.6099   1.6187   1.6279   1.6351   1.6380   1.6587   1.6638
  1.6692   1.6784   1.6882   1.6910   1.6976   1.7122   1.7206   1.7299
  1.7406   1.7580   1.7636   1.7684   1.7898   1.8077   1.8130   1.8196
  1.8398   1.8408   1.8534   1.8569   1.8953   1.9007   1.9115   1.9218
  1.9438   1.9561   1.9628   1.9742   1.9987   2.0078   2.0142   2.0293
  2.0371   2.0447   2.0603   2.0720   2.0831   2.1015   2.1302   2.1325
  2.1419   2.1451   2.1679   2.1717   2.1873   2.1997   2.2065   2.2176
  2.2358   2.2518   2.2637   2.2751   2.2898   2.3071   2.3439   2.3543
  2.3613   2.3888   2.4064   2.4163   2.4273   2.4502   2.4583   2.4765
  2.4832   2.4987   2.5096   2.5192   2.5327   2.5420   2.5637   2.5900
  2.5926   2.6065   2.6125   2.6251   2.6428   2.6471   2.6581   2.6665
  2.6812   2.6820   2.7000   2.7059   2.7271   2.7421   2.7539   2.7666
  2.7919   2.8257   2.8329   2.8423   2.8672   2.8962   2.9166   2.9299
  2.9547   2.9609   2.9776   2.9989   3.0045   3.0065   3.0573   3.0653
  3.0771   3.1142   3.1390   3.1653   3.1818   3.1974   3.2087   3.2315
  3.2498   3.2636   3.2845   3.3129   3.3343   3.3577   3.3763   3.3853
  3.4030   3.4195   3.4461   3.4609   3.4950   3.5138   3.5339   3.5515
  3.5551   3.5753   3.6049   3.6413   3.6466   3.6798   3.6960   3.7071
  3.7115   3.7386   3.7479   3.7654   3.7892   3.8006   3.8305   3.8465
  3.8562   3.8950   3.9054   3.9677   3.9808   4.0257   4.0484   4.0908
  4.1046   4.1247   4.1505   4.1753   4.1792   4.1982   4.2110   4.2416
  4.2447   4.2679   4.2769   4.2893   4.3038   4.3336   4.3794   4.4051
  4.4150   4.4374   4.4725   4.5154   4.5345   4.5401   4.5790   4.5847
  4.6158   4.6240   4.6387   4.6588   4.6812   4.6936   4.7121   4.7230
  4.7420   4.7507   4.7862   4.8041   4.8276   4.8431   4.8843   4.8966
  4.9289   4.9391   4.9761   4.9817   4.9989   5.0569   5.0740   5.1408
  5.1524   5.2028   5.2099   5.2452   5.2662   5.2750   5.3103   5.3329
  5.3530   5.3829   5.4010   5.4088   5.4186   5.4547   5.4824   5.5184
  5.5487   5.5565   5.5871   5.6115   5.6277   5.6404   5.6457   5.6861
  5.6933   5.6999   5.7176   5.8647   5.9355   5.9496   6.0593   6.0883
  6.0902   6.1142   6.2873   6.3348   6.4137   6.5751   6.5924   6.6259
  6.6494   6.6715   6.6959   6.7220   6.7752   6.8195   6.8593   6.8621
  6.8775   6.8895   6.9042   6.9204   6.9402   6.9473   6.9634   6.9778
  6.9917   7.0093   7.0245   7.0522   7.0565   7.0816   7.1145   7.1280
  7.1465   7.1552   7.1790   7.1842   7.1924   7.2310   7.2524   7.2626
  7.2796   7.3066   7.3285   7.3395   7.3635   7.3806   7.3993   7.4197
  7.4441   7.4579   7.4743   7.5111   7.5681   7.5833   7.6084   7.6495
  7.6562   7.6872   7.7018   7.7635   7.7887   7.8311   7.9469   7.9728
  7.9909   8.0485   8.1248   8.1851   8.2464   8.9255  10.9670  12.1575
 13.0752  15.2641  15.7190  17.0439  17.6313  17.7529
 --------------------------------------------------------------
 
          Ground-State Mulliken Net Atomic Charges

     Atom                 Charge (a.u.)
  ----------------------------------------
      1 O                    -0.694042
      2 H                     0.294340
      3 H                     0.293915
      4 H                     0.420968
      5 C                    -0.959968
      6 H                     0.406374
      7 H                     0.378209
      8 C                    -1.097511
      9 H                     0.367478
     10 H                     0.394999
     11 H                     0.339470
     12 O                    -0.897340
     13 O                    -0.920392
     14 O                    -0.531290
     15 O                    -0.307196
     16 P                     1.511986
  ----------------------------------------
  Sum of atomic charges =    -1.000000

 -----------------------------------------------------------------
                    Cartesian Multipole Moments
 -----------------------------------------------------------------
    Charge (ESU x 10^10)
                -4.8032
    Dipole Moment (Debye)
         X       0.6628      Y       1.2221      Z      -3.5710
       Tot       3.8321
    Quadrupole Moments (Debye-Ang)
        XX     -70.3542     XY     -13.4049     YY     -68.7543
        XZ      -0.2456     YZ      -2.4615     ZZ     -68.6938
    Octopole Moments (Debye-Ang^2)
       XXX      -7.7507    XXY      -9.4915    XYY      -7.2307
       YYY       0.7136    XXZ      -3.2949    XYZ      -0.7157
       YYZ      -1.2187    XZZ      10.3352    YZZ       4.1273
       ZZZ     -12.6433
    Hexadecapole Moments (Debye-Ang^3)
      XXXX    -720.8342   XXXY     -49.1373   XXYY    -247.1793
      XYYY     -30.6977   YYYY    -546.3883   XXXZ      -0.3658
      XXYZ     -10.0732   XYYZ     -14.5893   YYYZ     -18.2569
      XXZZ    -178.9473   XYZZ      -6.6705   YYZZ    -149.5247
      XZZZ      17.0576   YZZZ       3.4986   ZZZZ    -357.0105
 -----------------------------------------------------------------
 Total job time:  9785.87s(wall), 6304.50s(cpu) 
 Mon Mar  4 17:57:17 2024

        *************************************************************
        *                                                           *
        *  Thank you very much for using Q-Chem.  Have a nice day.  *
        *                                                           *
        *************************************************************


