
Running Job 1 of 1 DMP_tt_1_0.9_pvdz.inp
qchem DMP_tt_1_0.9_pvdz.inp_2094441.0 /scratch/qchemscratch/qchem2094441/ 1
/opt/qchem/6.1/exe/qcprog.exe_s DMP_tt_1_0.9_pvdz.inp_2094441.0 /scratch/qchemscratch/qchem2094441/
                  Welcome to Q-Chem
     A Quantum Leap Into The Future Of Chemistry


 Q-Chem 6.1, Q-Chem, Inc., Pleasanton, CA (2023)

 License issued to: SRG Pengyu Ren, University of Texas at Austin

 E. Epifanovsky,  A. T. B. Gilbert,  Xintian Feng,  Joonho Lee,  Yuezhi Mao,  
 N. Mardirossian,  P. Pokhilko,  A. White,  M. Wormit,  M. P. Coons,  
 A. L. Dempwolff,  Zhengting Gan,  D. Hait,  P. R. Horn,  L. D. Jacobson,  
 I. Kaliman,  J. Kussmann,  A. W. Lange,  Ka Un Lao,  D. S. Levine,  Jie Liu,  
 S. C. McKenzie,  A. F. Morrison,  K. D. Nanda,  F. Plasser,  D. R. Rehn,  
 M. L. Vidal,  Zhi-Qiang You,  Ying Zhu,  B. Alam,  B. Albrecht,  
 A. Aldossary,  E. Alguire,  J. H. Andersen,  V. Athavale,  D. Barton,  
 K. Begam,  A. Behn,  N. Bellonzi,  Y. A. Bernard,  E. J. Berquist,  
 H. Burton,  A. Carreras,  K. Carter-Fenk,  Mathew Chow,  Romit Chakraborty,  
 Chandrima Chakravarty,  Junhan Chen,  A. D. Chien,  K. D. Closser,  
 V. Cofer-Shabica,  L. Cunha,  S. Dasgupta,  Jia Deng,  M. de Wergifosse,  
 M. Diedenhofen,  Hainam Do,  S. Ehlert,  Po-Tung Fang,  S. Fatehi,  
 Qingguo Feng,  T. Friedhoff,  Thomas Froitzheim,  B. Ganoe,  J. Gayvert,  
 Qinghui Ge,  G. Gidofalvi,  M. Gimferrer,  M. Goldey,  Montgomery Gray,  
 J. Gomes,  C. Gonzalez-Espinoza,  S. Gulania,  A. Gunina,  J. A. Gyamfi,  
 M. W. D. Hanson-Heine,  P. H. P. Harbach,  A. W. Hauser,  M. F. Herbst,  
 M. Hernandez Vera,  M. Hodecker,  Z. C. Holden,  S. Houck,  Xunkun Huang,  
 Kerwin Hui,  B. C. Huynh,  K. Ikeda,  M. Ivanov,  Hyunjun Ji,  Zuxin Jin,  
 Hanjie Jiang,  Subrata Jana,  B. Kaduk,  S. Kaehler,  R. Kang,  
 K. Khistyaev,  Jaehoon Kim,  Yongbin Kim,  P. Klunzinger,  Z. Koczor-Benda,  
 Joong Hoon Koh,  D. Kosenkov,  Saikiran Kotaru,  L. Koulias,  T. Kowalczyk,  
 C. M. Krauter,  K. Kue,  A. Kunitsa,  T. Kus,  A. Landau,  K. V. Lawler,  
 D. Lefrancois,  S. Lehtola,  Rain Li,  Shaozhi Li,  Yi-Pei Li,  
 Jiashu Liang,  M. Liebenthal,  Hung-Hsuan Lin,  You-Sheng Lin,  Fenglai Liu,  
 Kuan-Yu Liu,  Xiao Liu,  M. Loipersberger,  A. Luenser,  C. Malbon,  
 A. Manjanath,  P. Manohar,  E. Mansoor,  S. F. Manzer,  Shan-Ping Mao,  
 A. V. Marenich,  T. Markovich,  S. Mason,  F. Matz,  S. A. Maurer,  
 P. F. McLaughlin,  M. F. S. J. Menger,  J.-M. Mewes,  S. A. Mewes,  
 P. Morgante,  Mohammad Mostafanejad,  J. W. Mullinax,  K. J. Oosterbaan,  
 G. Paran,  V. Parravicini,  Alexander C. Paul,  Suranjan K. Paul,  
 F. Pavosevic,  Zheng Pei,  S. Prager,  E. I. Proynov,  E. Ramos,  B. Rana,  
 A. E. Rask,  A. Rettig,  R. M. Richard,  F. Rob,  E. Rossomme,  T. Scheele,  
 M. Scheurer,  M. Schneider,  P. E. Schneider,  Tim K. Schramm,  N. Sergueev,  
 S. M. Sharada,  M. Sharma,  Hengyuan Shen,  W. Skomorowski,  D. W. Small,  
 C. J. Stein,  Alistair J. Sterling,  Yingli Su,  Yu-Chuan Su,  
 E. J. Sundstrom,  J. Talbot,  Zhen Tao,  J. Thirman,  Hung-Yi Tsai,  
 T. Tsuchimochi,  N. M. Tubman,  C. Utku,  S. P. Veccham,  O. Vydrov,  
 J. Wenzel,  Jonathan Wong,  J. Witte,  A. Yamada,  Chou-Hsun Yang,  Kun Yao,  
 S. Yeganeh,  S. R. Yost,  A. Zech,  F. Zeller,  Igor Ying Zhang,  
 Xing Zhang,  Yu Zhang,  D. Zuev,  A. Aspuru-Guzik,  A. T. Bell,  
 N. A. Besley,  K. B. Bravaya,  B. R. Brooks,  D. Casanova,  Jeng-Da Chai,  
 Hsing-Ta Chen,  S. Coriani,  C. J. Cramer,  A. E. DePrince, III,  
 R. A. DiStasio Jr.,  A. Dreuw,  B. D. Dunietz,  T. R. Furlani,  
 W. A. Goddard III,  S. Grimme,  S. Hammes-Schiffer,  T. Head-Gordon,  
 W. J. Hehre,  Chao-Ping Hsu,  T.-C. Jagau,  Yousung Jung,  A. Klamt,  
 Jing Kong,  D. S. Lambrecht,  Xiangyuan Li,  WanZhen Liang,  N. J. Mayhall,  
 C. W. McCurdy,  J. B. Neaton,  T. Neudecker,  C. Ochsenfeld,  
 J. A. Parkhill,  R. Peverati,  V. A. Rassolov,  Haisheng Ren,  Yihan Shao,  
 L. V. Slipchenko,  R. P. Steele,  J. E. Subotnik,  A. J. W. Thom,  
 A. Tkatchenko,  D. G. Truhlar,  T. Van Voorhis,  Fan Wang,  
 T. A. Wesolowski,  K. B. Whaley,  H. L. Woodcock III,  P. M. Zimmerman,  
 S. Faraji,  P. M. W. Gill,  M. Head-Gordon,  J. M. Herbert,  A. I. Krylov

 Contributors to earlier versions of Q-Chem not listed above: 
 R. D. Adamson,  B. Austin,  R. Baer,  J. Baker,  G. J. O. Beran,  
 K. Brandhorst,  S. T. Brown,  E. F. C. Byrd,  Arup K. Chakraborty,  
 G. K. L. Chan,  Chun-Min Chang,  Yunqing Chen,  C.-L. Cheng,  
 Siu Hung Chien,  D. M. Chipman,  D. L. Crittenden,  H. Dachsel,  
 R. J. Doerksen,  A. D. Dutoi,  R. G. Edgar,  J. Fosso-Tande,  
 L. Fusti-Molnar,  D. Ghosh,  A. Ghysels,  A. Golubeva-Zadorozhnaya,  
 J. Gonthier,  M. S. Gordon,  S. R. Gwaltney,  G. Hawkins,  J. E. Herr,  
 A. Heyden,  S. Hirata,  E. G. Hohenstein,  G. Kedziora,  F. J. Keil,  
 C. Kelley,  Jihan Kim,  R. A. King,  R. Z. Khaliullin,  P. P. Korambath,  
 W. Kurlancheek,  A. Laurent,  A. M. Lee,  M. S. Lee,  S. V. Levchenko,  
 Ching Yeh Lin,  D. Liotard,  E. Livshits,  R. C. Lochan,  I. Lotan,  
 L. A. Martinez-Martinez,  P. E. Maslen,  N. Nair,  D. P. O'Neill,  
 D. Neuhauser,  E. Neuscamman,  C. M. Oana,  R. Olivares-Amaya,  R. Olson,  
 T. M. Perrine,  B. Peters,  P. A. Pieniazek,  A. Prociuk,  Y. M. Rhee,  
 J. Ritchie,  M. A. Rohrdanz,  E. Rosta,  N. J. Russ,  H. F. Schaefer III,  
 M. W. Schmidt,  N. E. Schultz,  S. Sharma,  N. Shenvi,  C. D. Sherrill,  
 A. C. Simmonett,  A. Sodt,  T. Stein,  D. Stuck,  K. S. Thanthiriwatte,  
 V. Vanovschi,  L. Vogt,  Tao Wang,  A. Warshel,  M. A. Watson,  
 C. F. Williams,  Q. Wu,  X. Xu,  Jun Yang,  W. Zhang,  Yan Zhao

   Please cite Q-Chem as follows:
  "Software for the frontiers of quantum chemistry:
   An overview of developments in the Q-Chem 5 package"
   J. Chem. Phys. 155, 084801 (2021)
   https://doi.org/10.1063/5.0055522 (open access)

 Q-Chem 6.1.1 for Intel X86 EM64T Linux

 Parts of Q-Chem use Armadillo 9.900.5 (Nocturnal Misbehaviour).
 http://arma.sourceforge.net/

 Q-Chem begins on Mon Apr 15 16:23:18 2024  

 Host: 
0

     Scratch files written to /scratch/qchemscratch/qchem2094441//
 Jan1824 |scratch|qcdevops|jenkins|workspace|build_RNUM UKVU   
 Processing $rem in /opt/qchem/6.1/config/preferences:
 Processing $rem in /home/mm227274/.qchemrc:

 Q-Chem warning in module libgen/rem_setup.C, line 3361:

 Neither GIA nor STOLL is specified by user. Use STOLL as the default


 Checking the input file for inconsistencies... 	...done.

--------------------------------------------------------------
User input:
--------------------------------------------------------------
$molecule
-1 1
--
0 1

O 2.596289076923077 -0.8961185641025642 -0.328655282051282
H 2.161439076923077 -0.7000585641025641 0.525264717948718
H 1.7897390769230768 -1.075128564102564 -0.8555552820512821
--
-1 1

H          1.39787        2.23823        0.78561
H          1.82227        1.35025       -0.69216
H         -2.44596       -1.04512       -1.20918
H         -3.69999       -0.51252       -0.04560
C         -2.71019       -0.29580       -0.45830
C          1.07601        2.00780       -0.23518
H          1.00241        2.93277       -0.81515
H         -2.72594        0.69264       -0.93120
O          0.63607       -0.34475        1.46511
O          0.07347       -1.04343       -1.01376
O         -1.79214       -0.32276        0.63087
O         -0.22257        1.41233       -0.23011
P         -0.19440       -0.20125        0.21592
$end

$rem
JOBTYPE          eda
EDA2             2
METHOD           b97m-v
BASIS            aug-cc-pvdz
SCF_CONVERGENCE  8
THRESH           14
SYMMETRY         false
DISP_FREE_X      revPBE
DISP_FREE_C      PBE
EDA_BSSE         true
$end
--------------------------------------------------------------
 ----------------------------------------------------------------
             Standard Nuclear Orientation (Angstroms)
    I     Atom           X                Y                Z
 ----------------------------------------------------------------
    1      O      -2.5619718131    -1.1003117333     0.3624671883
    2      H      -2.1482916951    -0.8856950564    -0.4974873771
    3      H      -1.7410015499    -1.2130189355     0.8854356443
    4      H      -1.6009447507     2.0959927212    -0.8045808585
    5      H      -1.9499080387     1.2010763566     0.6886630390
    6      H       2.4837665493    -0.8722186519     1.2052595022
    7      H       3.6880131789    -0.2672995742     0.0245667470
    8      C       2.6879848768    -0.1166756447     0.4419978375
    9      C      -1.2562852396     1.9041310168     0.2167432705
   10      H      -1.2457785447     2.8402609472     0.7832254190
   11      H       2.6354725343     0.8770331552     0.9009982526
   12      O      -0.6590729765    -0.4347746036    -1.4541495453
   13      O      -0.0304720419    -1.0552282800     1.0296715191
   14      O       1.7668491526    -0.2255301844    -0.6394334362
   15      O       0.0818809668     1.4039489953     0.2097153546
   16      P       0.1673845460    -0.2137131165    -0.2136463774
 ----------------------------------------------------------------
 Molecular Point Group                 C1    NOp =  1
 Largest Abelian Subgroup              C1    NOp =  1
 Nuclear Repulsion Energy =         551.67167133 hartrees
 There are       38 alpha and       38 beta electrons
 Requested basis set is aug-cc-pVDZ
 There are 114 shells and 260 basis functions

 Total QAlloc Memory Limit  16000 MB
 Mega-Array Size       188 MB
 MEM_STATIC part       192 MB

 A cutoff of  1.0D-14 yielded   6476 shell pairs
 There are     33730 function pairs (     38044 Cartesian)
 Smallest overlap matrix eigenvalue = 1.56E-04

 Scale SEOQF with 1.000000e-01/1.000000e-01/1.000000e-01

 Standard Electronic Orientation quadrupole field applied
 Nucleus-field energy     =     0.0000000078 hartrees

 -----------------------------------------------------------------------
  General SCF calculation program by
  Eric Jon Sundstrom, Paul Horn, Yuezhi Mao, Dmitri Zuev, Alec White,
  David Stuck, Shaama M.S., Shane Yost, Joonho Lee, David Small,
  Daniel Levine, Susi Lehtola, Hugh Burton, Evgeny Epifanovsky,
  Bang C. Huynh
 -----------------------------------------------------------------------
================================================================
                 ALMO-EDA with the EDA2 driver                  
================================================================
 The second-generation ALMO-EDA (for DFT):                      
 P. R. Horn, Y. Mao and M. Head-Gordon, PCCP, 18, 23067 (2016)  
 Y. Mao et al. Annu. Rev. Phys. Chem. 72, 641 (2021)            
 Decomposition of the frozen energy:                            
 P. R. Horn, Y. Mao and M. Head-Gordon, JCP, 144, 114107 (2016) 
================================================================
 Using eda2 option set 2
 Option set summary: Frozen orbital wavefunction, initial wavefunction decomposition, and traditional AO-based POL.
--------------------------------
Printing EDA Options
--------------------------------
eda_child_super_basis      0
fragmo_guess_mode          0
child_mp                   0
child_mp_orders            0
cls_elec                   1
cls_disp                   0
scfmi_mode                 1
scfmi_occs                 0
scfmi_virts                0
frz_relax                  0
frz_relax_method           0
dc_pen_start               0
dc_pen_conv                0
dc_pen_increment           0
dc_pen_steps               0
dc_pen_thresh_factor       0
dc_pen_pre_newton_thresh   0
frz_ortho_decomp           1
frz_ortho_decomp_conv      6
plot_mo_ortho_frz          0
frgm_method                2
scfmi_freeze_ss            0
separate_rehyb             0
plot_diff_den              0
eda_nocv                   0
eda_vct_relax              1
disp_free_x                33
disp_free_c                25
eda_bsse                   1
eda_pct_a                  0
eda_covp                   0
eda_vct_a                  0
--------------------------------
 Attempting to make child job directory: /scratch/qchemscratch/qchem2094441//Frg1/
 Attempting to make child job directory: /scratch/qchemscratch/qchem2094441//Frg2/
 Creating input file /scratch/qchemscratch/qchem2094441/Frg1.input
 using default PutDataFrgm: nothing
 calling putenv with: QCSCRATCH=/scratch/qchemscratch/qchem2094441/ 
 Spawning Job For Fragment 0
 Done Job For Fragment 0
 calling putenv with: QCSCRATCH=/scratch/qchemscratch 
 calling putenv with: QCTHREADS=1 
 Creating input file /scratch/qchemscratch/qchem2094441/Frg2.input
 using default PutDataFrgm: nothing
 calling putenv with: QCSCRATCH=/scratch/qchemscratch/qchem2094441/ 
 Spawning Job For Fragment 1
 Done Job For Fragment 1
 calling putenv with: QCSCRATCH=/scratch/qchemscratch 
 calling putenv with: QCTHREADS=1 
Doing General SCFMI
 Exchange:  B97M-V      Correlation:  B97M-V
 Using SG-2 standard quadrature grid
 Nonlocal Correlation:  VV10 with C = 0.0100 and b = 6.00 and scale = 1.00000
 Grid used for NLC:  SG-1 standard quadrature
performing fock build before subrot guess so that all methods have access
Printing subrot_rss_gen Method Specification:
Occupied Subspace Method is 0
Virtual Subspace Method is 0
Energy of the unrelaxed supersystem initial determinant -798.468165531705
write pseudocanon occs and virts to disk
write pseudocanon orbital energies to disk
Tolerance of ortho_decomp_scf: 1.00e-06
GDM subspace size: 20
Beginning the Orthogonal Decomposition of the Initial Supersystem Wavefunction
    1    -798.3020608174      1.67e-01     ortho_decomp Preconditoned Steepest Descent
    2    -798.3239352591      4.57e-04     ortho_decomp BFGS Step
    3    -798.3239361130      5.54e-06     ortho_decomp BFGS Step
    4    -798.3239361131      4.40e-08     ortho_decomp 00000 Convergence criterion met
 Exchange:  revPBE      Correlation:  PBE
 Using SG-2 standard quadrature grid
 Exchange:  revPBE      Correlation:  PBE
 Using SG-2 standard quadrature grid
 Exchange:  revPBE      Correlation:  PBE
 Using SG-2 standard quadrature grid
Doing General SCFMI
 Exchange:  B97M-V      Correlation:  B97M-V
 Using SG-2 standard quadrature grid
 Nonlocal Correlation:  VV10 with C = 0.0100 and b = 6.00 and scale = 1.00000
 Grid used for NLC:  SG-1 standard quadrature
performing fock build at end of subrot_r(subrot) constructor so that all methods have access
<S^2> of initial wavefunction before polarization iterations 0.0000000000
Beginning iterations for the determination of the polarized wavefunction
Energy prior to optimization (guess energy) = -798.468165531705
Begin Timing: Total SCF Calculation
begin iterations for algorithm: DIIS         
the SCF tolerance is set to 1.00e-08
    1    -798.4681655317      4.70e-04     00000 
    2    -798.4783571235      2.05e-04     00000 
    3    -798.4788542329      1.53e-04     00000 
    4    -798.4792594851      4.72e-05     00000 
    5    -798.4792980673      1.91e-05     00000 
    6    -798.4793046240      7.43e-06     00000 
    7    -798.4793058067      2.66e-06     00000 
    8    -798.4793059377      1.53e-06     00000 
    9    -798.4793059666      9.05e-07     00000 
   10    -798.4793059766      4.70e-07     00000 
   11    -798.4793059797      2.63e-07     00000 
   12    -798.4793059805      1.57e-07     00000 
   13    -798.4793059810      3.87e-08     00000 
   14    -798.4793059810      2.11e-08     00000 
   15    -798.4793059810      1.49e-08     00000 
   16    -798.4793059810      3.64e-09     00000 Convergence criterion met
write pseudocanon occs and virts to disk
write pseudocanon orbital energies to disk
Timing for Total SCF: 640.00s (wall), 637.78s (cpu)
<S^2> of polarized wavefunction after polarization iterations 0.0000000000
relaxing scfmi constraint to allow all rotations in the entire AO span
Doing General SCFMI
 Exchange:  B97M-V      Correlation:  B97M-V
 Using SG-2 standard quadrature grid
 Nonlocal Correlation:  VV10 with C = 0.0100 and b = 6.00 and scale = 1.00000
 Grid used for NLC:  SG-1 standard quadrature
performing fock build at end of subrot_r(subrot) constructor so that all methods have access
<S^2> of polarized wavefunction before ct-allowed iterations 0.0000000000
Beginning iterations for the determination of the CT-Allowed wavefunction
Energy prior to optimization (guess energy) = -798.479305981040
Begin Timing: Total SCF Calculation
begin iterations for algorithm: DIIS         
the SCF tolerance is set to 1.00e-08
    1    -798.4793059810      5.73e-04     00000 
    2    -798.4958085004      8.47e-05     00000 
    3    -798.4955228140      1.38e-04     00000 
    4    -798.4960335572      2.21e-05     00000 
    5    -798.4960463907      9.43e-06     00000 
    6    -798.4960486057      3.38e-06     00000 
    7    -798.4960488874      6.89e-07     00000 
    8    -798.4960488979      3.66e-07     00000 
    9    -798.4960489011      1.38e-07     00000 
   10    -798.4960489016      2.87e-08     00000 
   11    -798.4960489016      9.07e-09     00000 Convergence criterion met
write pseudocanon occs and virts to disk
write pseudocanon orbital energies to disk
Timing for Total SCF: 426.00s (wall), 424.61s (cpu)
<S^2> of ct_allowed wavefunction after ct-allowed iterations 0.0000000000
 Attempting to make child job directory: /scratch/qchemscratch/qchem2094441//FrgBSSE1/
 Attempting to make child job directory: /scratch/qchemscratch/qchem2094441//FrgBSSE2/
 Creating input file /scratch/qchemscratch/qchem2094441/FrgBSSE1.input
 calling putenv with: QCSCRATCH=/scratch/qchemscratch/qchem2094441/ 
 Spawning Job For Fragment 0
 Done Job For Fragment 0
 calling putenv with: QCSCRATCH=/scratch/qchemscratch 
 calling putenv with: QCTHREADS=1 
 Creating input file /scratch/qchemscratch/qchem2094441/FrgBSSE2.input
 calling putenv with: QCSCRATCH=/scratch/qchemscratch/qchem2094441/ 
 Spawning Job For Fragment 1
 Done Job For Fragment 1
 calling putenv with: QCSCRATCH=/scratch/qchemscratch 
 calling putenv with: QCTHREADS=1 
====================================================================
   Evaluating the BSSE with fragment SCF in the supersystem basis
   Fragment contributions (kJ/mol) 
   Frgm 1: 1.7737
   Frgm 2: 4.8868
   BSSE (kJ/mol) = 6.6605
====================================================================

================================
        Results of EDA2         
================================
Basic EDA Quantities
--------------------
Fragment Energies (Ha):
1  -76.4130551682
2 -722.0597160601
--------------------
  E_prp (kJ/mol) = 0.0000
  E_frz (kJ/mol) = 12.0924
  E_pol (kJ/mol) = -29.2496
  E_vct (kJ/mol) = -37.2985 (CP-corrected)
  E_int (kJ/mol) = -54.4557 (CP-corrected)
--------------------


Decomposition of frozen interaction energy
--------------------
  --------------------
  Orthogonal Frozen Decomposition:
  --------------------
     E_elec   (ELEC)   (kJ/mol) = -280.4263
     E_pauli  (PAULI)  (kJ/mol) = 321.3241
     E_disp   (DISP)   (kJ/mol) = -28.8054
  --------------------
  Classical Frozen Decomposition:
  --------------------
     E_cls_elec  (CLS ELEC)  (kJ/mol) = -162.8374
     E_mod_pauli (MOD PAULI) (kJ/mol) = 203.7352 (FRZ - CLS ELEC - DISP)
     E_disp      (DISP)      (kJ/mol) = -28.8054
  --------------------
--------------------

Simplified EDA Summary (kJ/mol)
--------------------
 PREPARATION      0.0000
 FROZEN           12.0924 (ELEC + PAULI + DISP)
[ELEC + PAULI = 40.8978, DISP = -28.8054]
 POLARIZATION    -29.2496
 CHARGE TRANSFER -37.2985     (counterpoise-corrected)
 TOTAL           -54.4557     (PRP + FRZ + POL + CT)
--------------------
 
 --------------------------------------------------------------
 
                    Orbital Energies (a.u.)
 --------------------------------------------------------------
 
 Alpha MOs
 -- Occupied --
-77.1363 -19.0257 -19.0152 -18.9556 -18.9480 -18.9476 -10.0981 -10.0848
 -6.5367  -4.6116  -4.6104  -4.6081  -0.9019  -0.8587  -0.8148  -0.7888
 -0.7688  -0.5388  -0.5185  -0.3816  -0.3264  -0.2954  -0.2932  -0.2807
 -0.2740  -0.2620  -0.2485  -0.2042  -0.1960  -0.1759  -0.1674  -0.1297
 -0.1210  -0.1090  -0.1029  -0.0903  -0.0798  -0.0713
 -- Virtual --
  0.0883   0.0974   0.1174   0.1243   0.1285   0.1352   0.1406   0.1580
  0.1656   0.1791   0.1885   0.1928   0.1956   0.2012   0.2026   0.2189
  0.2207   0.2234   0.2406   0.2477   0.2541   0.2556   0.2668   0.2768
  0.2788   0.2906   0.2966   0.3037   0.3053   0.3147   0.3237   0.3315
  0.3345   0.3366   0.3523   0.3606   0.3656   0.3709   0.3769   0.3800
  0.3878   0.3958   0.3998   0.4028   0.4182   0.4222   0.4296   0.4354
  0.4419   0.4569   0.4582   0.4668   0.4733   0.4792   0.4905   0.5001
  0.5081   0.5131   0.5357   0.5441   0.5550   0.5584   0.5651   0.5762
  0.5870   0.5893   0.6092   0.6121   0.6173   0.6376   0.6415   0.6499
  0.6597   0.6675   0.6699   0.6784   0.7045   0.7172   0.7260   0.7267
  0.7337   0.7490   0.7547   0.7643   0.7695   0.7730   0.7881   0.8023
  0.8105   0.8186   0.8457   0.8570   0.8927   0.8984   0.9192   0.9409
  0.9480   0.9505   0.9630   0.9811   0.9920   1.0130   1.0276   1.0355
  1.0513   1.0718   1.0867   1.1180   1.1247   1.1615   1.1683   1.1787
  1.1853   1.2148   1.2269   1.2452   1.2559   1.2622   1.2799   1.2956
  1.3226   1.3288   1.3506   1.3590   1.3808   1.3921   1.4067   1.4205
  1.4367   1.4571   1.4847   1.4975   1.5111   1.5342   1.5441   1.5669
  1.6011   1.6151   1.6389   1.6456   1.6557   1.6791   1.6871   1.7033
  1.7125   1.7388   1.7690   1.7704   1.7879   1.8037   1.8343   1.8399
  1.8568   1.8654   1.9210   1.9421   1.9690   1.9947   2.0007   2.0169
  2.0620   2.0836   2.0976   2.1029   2.1134   2.1372   2.1553   2.1725
  2.2067   2.2311   2.2690   2.2787   2.3017   2.3091   2.3867   2.4015
  2.5272   2.5585   2.5663   2.5891   2.6006   2.6167   2.6345   2.6795
  2.7714   2.7948   2.8436   2.8545   2.8803   2.9289   2.9628   2.9708
  3.0541   3.1416   3.1577   3.1761   3.2482   3.5493   3.5618   3.5926
  3.6011   3.6127   3.6352   3.6438   3.6747   3.6833   3.6850   3.7193
  3.7239   3.7404   3.7577   3.7647   3.7941   3.8140   3.8344   3.8709
  3.9248   3.9596   3.9742   4.0265   4.1346   4.3655
 --------------------------------------------------------------
 
          Ground-State Mulliken Net Atomic Charges

     Atom                 Charge (a.u.)
  ----------------------------------------
      1 O                    -0.528859
      2 H                     0.280512
      3 H                     0.238605
      4 H                    -0.209999
      5 H                    -0.277692
      6 H                    -0.182534
      7 H                    -0.375151
      8 C                     1.016322
      9 C                     1.220682
     10 H                    -0.373084
     11 H                    -0.211740
     12 O                    -1.111558
     13 O                    -1.084559
     14 O                    -1.008185
     15 O                    -1.046599
     16 P                     2.653839
  ----------------------------------------
  Sum of atomic charges =    -1.000000

 -----------------------------------------------------------------
                    Cartesian Multipole Moments
 -----------------------------------------------------------------
    Charge (ESU x 10^10)
                -4.8032
    Dipole Moment (Debye)
         X       3.6893      Y       3.2809      Z       0.9742
       Tot       5.0324
    Quadrupole Moments (Debye-Ang)
        XX     -72.3242     XY      -7.0271     YY     -65.3966
        XZ       2.3496     YZ       1.2157     ZZ     -67.2547
    Octopole Moments (Debye-Ang^2)
       XXX      42.5821    XXY      16.5938    XYY       5.1152
       YYY       1.3040    XXZ      -3.9264    XYZ      -1.6377
       YYZ      -3.1838    XZZ      -0.6654    YZZ       3.6609
       ZZZ       5.3093
    Hexadecapole Moments (Debye-Ang^3)
      XXXX   -1038.7866   XXXY     -47.1155   XXYY    -250.2737
      XYYY      -7.5166   YYYY    -448.5273   XXXZ      25.3716
      XXYZ       5.9626   XYYZ      -0.0822   YYYZ       4.6603
      XXZZ    -194.5165   XYZZ       3.1772   YYZZ    -113.5602
      XZZZ     -10.1099   YZZZ      -4.0125   ZZZZ    -256.9402
 -----------------------------------------------------------------
 Total job time:  3246.02s(wall), 1931.71s(cpu) 
 Mon Apr 15 17:17:24 2024

        *************************************************************
        *                                                           *
        *  Thank you very much for using Q-Chem.  Have a nice day.  *
        *                                                           *
        *************************************************************


