
Running Job 1 of 1 DMP_gt_10_1.0.inp
qchem DMP_gt_10_1.0.inp_2652520.0 /scratch/qchemscratch/qchem2652520/ 1
/opt/qchem/6.1/exe/qcprog.exe_s DMP_gt_10_1.0.inp_2652520.0 /scratch/qchemscratch/qchem2652520/
                  Welcome to Q-Chem
     A Quantum Leap Into The Future Of Chemistry


 Q-Chem 6.1, Q-Chem, Inc., Pleasanton, CA (2023)

 License issued to: SRG Pengyu Ren, University of Texas at Austin

 E. Epifanovsky,  A. T. B. Gilbert,  Xintian Feng,  Joonho Lee,  Yuezhi Mao,  
 N. Mardirossian,  P. Pokhilko,  A. White,  M. Wormit,  M. P. Coons,  
 A. L. Dempwolff,  Zhengting Gan,  D. Hait,  P. R. Horn,  L. D. Jacobson,  
 I. Kaliman,  J. Kussmann,  A. W. Lange,  Ka Un Lao,  D. S. Levine,  Jie Liu,  
 S. C. McKenzie,  A. F. Morrison,  K. D. Nanda,  F. Plasser,  D. R. Rehn,  
 M. L. Vidal,  Zhi-Qiang You,  Ying Zhu,  B. Alam,  B. Albrecht,  
 A. Aldossary,  E. Alguire,  J. H. Andersen,  V. Athavale,  D. Barton,  
 K. Begam,  A. Behn,  N. Bellonzi,  Y. A. Bernard,  E. J. Berquist,  
 H. Burton,  A. Carreras,  K. Carter-Fenk,  Mathew Chow,  Romit Chakraborty,  
 Chandrima Chakravarty,  Junhan Chen,  A. D. Chien,  K. D. Closser,  
 V. Cofer-Shabica,  L. Cunha,  S. Dasgupta,  Jia Deng,  M. de Wergifosse,  
 M. Diedenhofen,  Hainam Do,  S. Ehlert,  Po-Tung Fang,  S. Fatehi,  
 Qingguo Feng,  T. Friedhoff,  Thomas Froitzheim,  B. Ganoe,  J. Gayvert,  
 Qinghui Ge,  G. Gidofalvi,  M. Gimferrer,  M. Goldey,  Montgomery Gray,  
 J. Gomes,  C. Gonzalez-Espinoza,  S. Gulania,  A. Gunina,  J. A. Gyamfi,  
 M. W. D. Hanson-Heine,  P. H. P. Harbach,  A. W. Hauser,  M. F. Herbst,  
 M. Hernandez Vera,  M. Hodecker,  Z. C. Holden,  S. Houck,  Xunkun Huang,  
 Kerwin Hui,  B. C. Huynh,  K. Ikeda,  M. Ivanov,  Hyunjun Ji,  Zuxin Jin,  
 Hanjie Jiang,  Subrata Jana,  B. Kaduk,  S. Kaehler,  R. Kang,  
 K. Khistyaev,  Jaehoon Kim,  Yongbin Kim,  P. Klunzinger,  Z. Koczor-Benda,  
 Joong Hoon Koh,  D. Kosenkov,  Saikiran Kotaru,  L. Koulias,  T. Kowalczyk,  
 C. M. Krauter,  K. Kue,  A. Kunitsa,  T. Kus,  A. Landau,  K. V. Lawler,  
 D. Lefrancois,  S. Lehtola,  Rain Li,  Shaozhi Li,  Yi-Pei Li,  
 Jiashu Liang,  M. Liebenthal,  Hung-Hsuan Lin,  You-Sheng Lin,  Fenglai Liu,  
 Kuan-Yu Liu,  Xiao Liu,  M. Loipersberger,  A. Luenser,  C. Malbon,  
 A. Manjanath,  P. Manohar,  E. Mansoor,  S. F. Manzer,  Shan-Ping Mao,  
 A. V. Marenich,  T. Markovich,  S. Mason,  F. Matz,  S. A. Maurer,  
 P. F. McLaughlin,  M. F. S. J. Menger,  J.-M. Mewes,  S. A. Mewes,  
 P. Morgante,  Mohammad Mostafanejad,  J. W. Mullinax,  K. J. Oosterbaan,  
 G. Paran,  V. Parravicini,  Alexander C. Paul,  Suranjan K. Paul,  
 F. Pavosevic,  Zheng Pei,  S. Prager,  E. I. Proynov,  E. Ramos,  B. Rana,  
 A. E. Rask,  A. Rettig,  R. M. Richard,  F. Rob,  E. Rossomme,  T. Scheele,  
 M. Scheurer,  M. Schneider,  P. E. Schneider,  Tim K. Schramm,  N. Sergueev,  
 S. M. Sharada,  M. Sharma,  Hengyuan Shen,  W. Skomorowski,  D. W. Small,  
 C. J. Stein,  Alistair J. Sterling,  Yingli Su,  Yu-Chuan Su,  
 E. J. Sundstrom,  J. Talbot,  Zhen Tao,  J. Thirman,  Hung-Yi Tsai,  
 T. Tsuchimochi,  N. M. Tubman,  C. Utku,  S. P. Veccham,  O. Vydrov,  
 J. Wenzel,  Jonathan Wong,  J. Witte,  A. Yamada,  Chou-Hsun Yang,  Kun Yao,  
 S. Yeganeh,  S. R. Yost,  A. Zech,  F. Zeller,  Igor Ying Zhang,  
 Xing Zhang,  Yu Zhang,  D. Zuev,  A. Aspuru-Guzik,  A. T. Bell,  
 N. A. Besley,  K. B. Bravaya,  B. R. Brooks,  D. Casanova,  Jeng-Da Chai,  
 Hsing-Ta Chen,  S. Coriani,  C. J. Cramer,  A. E. DePrince, III,  
 R. A. DiStasio Jr.,  A. Dreuw,  B. D. Dunietz,  T. R. Furlani,  
 W. A. Goddard III,  S. Grimme,  S. Hammes-Schiffer,  T. Head-Gordon,  
 W. J. Hehre,  Chao-Ping Hsu,  T.-C. Jagau,  Yousung Jung,  A. Klamt,  
 Jing Kong,  D. S. Lambrecht,  Xiangyuan Li,  WanZhen Liang,  N. J. Mayhall,  
 C. W. McCurdy,  J. B. Neaton,  T. Neudecker,  C. Ochsenfeld,  
 J. A. Parkhill,  R. Peverati,  V. A. Rassolov,  Haisheng Ren,  Yihan Shao,  
 L. V. Slipchenko,  R. P. Steele,  J. E. Subotnik,  A. J. W. Thom,  
 A. Tkatchenko,  D. G. Truhlar,  T. Van Voorhis,  Fan Wang,  
 T. A. Wesolowski,  K. B. Whaley,  H. L. Woodcock III,  P. M. Zimmerman,  
 S. Faraji,  P. M. W. Gill,  M. Head-Gordon,  J. M. Herbert,  A. I. Krylov

 Contributors to earlier versions of Q-Chem not listed above: 
 R. D. Adamson,  B. Austin,  R. Baer,  J. Baker,  G. J. O. Beran,  
 K. Brandhorst,  S. T. Brown,  E. F. C. Byrd,  Arup K. Chakraborty,  
 G. K. L. Chan,  Chun-Min Chang,  Yunqing Chen,  C.-L. Cheng,  
 Siu Hung Chien,  D. M. Chipman,  D. L. Crittenden,  H. Dachsel,  
 R. J. Doerksen,  A. D. Dutoi,  R. G. Edgar,  J. Fosso-Tande,  
 L. Fusti-Molnar,  D. Ghosh,  A. Ghysels,  A. Golubeva-Zadorozhnaya,  
 J. Gonthier,  M. S. Gordon,  S. R. Gwaltney,  G. Hawkins,  J. E. Herr,  
 A. Heyden,  S. Hirata,  E. G. Hohenstein,  G. Kedziora,  F. J. Keil,  
 C. Kelley,  Jihan Kim,  R. A. King,  R. Z. Khaliullin,  P. P. Korambath,  
 W. Kurlancheek,  A. Laurent,  A. M. Lee,  M. S. Lee,  S. V. Levchenko,  
 Ching Yeh Lin,  D. Liotard,  E. Livshits,  R. C. Lochan,  I. Lotan,  
 L. A. Martinez-Martinez,  P. E. Maslen,  N. Nair,  D. P. O'Neill,  
 D. Neuhauser,  E. Neuscamman,  C. M. Oana,  R. Olivares-Amaya,  R. Olson,  
 T. M. Perrine,  B. Peters,  P. A. Pieniazek,  A. Prociuk,  Y. M. Rhee,  
 J. Ritchie,  M. A. Rohrdanz,  E. Rosta,  N. J. Russ,  H. F. Schaefer III,  
 M. W. Schmidt,  N. E. Schultz,  S. Sharma,  N. Shenvi,  C. D. Sherrill,  
 A. C. Simmonett,  A. Sodt,  T. Stein,  D. Stuck,  K. S. Thanthiriwatte,  
 V. Vanovschi,  L. Vogt,  Tao Wang,  A. Warshel,  M. A. Watson,  
 C. F. Williams,  Q. Wu,  X. Xu,  Jun Yang,  W. Zhang,  Yan Zhao

   Please cite Q-Chem as follows:
  "Software for the frontiers of quantum chemistry:
   An overview of developments in the Q-Chem 5 package"
   J. Chem. Phys. 155, 084801 (2021)
   https://doi.org/10.1063/5.0055522 (open access)

 Q-Chem 6.1.1 for Intel X86 EM64T Linux

 Parts of Q-Chem use Armadillo 9.900.5 (Nocturnal Misbehaviour).
 http://arma.sourceforge.net/

 Q-Chem begins on Mon Mar  4 13:46:46 2024  

 Host: 
0

     Scratch files written to /scratch/qchemscratch/qchem2652520//
 Jan1824 |scratch|qcdevops|jenkins|workspace|build_RNUM UKVU   
 Processing $rem in /opt/qchem/6.1/config/preferences:
 Processing $rem in /home/mm227274/.qchemrc:

 Q-Chem warning in module libgen/rem_setup.C, line 3361:

 Neither GIA nor STOLL is specified by user. Use STOLL as the default


 Checking the input file for inconsistencies... 	...done.

--------------------------------------------------------------
User input:
--------------------------------------------------------------
$molecule
-1 1
--
0 1

O          2.99042        0.68515        0.66401
H          2.77944        0.38161       -0.23391
H          2.07795        0.83460        1.00631
--
-1 1

H          0.12648       -2.37084        0.27838
C          1.03399       -1.87115       -0.07295
H         -2.11701       -0.01440        1.83984
H         -2.99279        0.84304        0.54764
C         -2.57652       -0.12512        0.85320
H          1.62668       -2.57221       -0.66825
H          1.62163       -1.52727        0.78062
H         -3.38895       -0.85690        0.89959
O          0.19938        0.72599        1.11009
O         -0.52744        1.41273       -1.34659
O          0.70721       -0.77942       -0.93597
O         -1.63456       -0.60573       -0.09822
P         -0.29054        0.38334       -0.28521
$end

$rem
JOBTYPE          eda
EDA2             2
METHOD           b97m-v
BASIS            aug-cc-pvtz
SCF_CONVERGENCE  8
THRESH           14
SYMMETRY         false
DISP_FREE_X      revPBE
DISP_FREE_C      PBE
EDA_BSSE         true
$end
--------------------------------------------------------------
 ----------------------------------------------------------------
             Standard Nuclear Orientation (Angstroms)
    I     Atom           X                Y                Z
 ----------------------------------------------------------------
    1      O      -2.9904162208    -0.6851571367     0.6640059003
    2      H      -2.7794366913    -0.3816128637    -0.2339127657
    3      H      -2.0779460147    -0.8346079797     1.0063049829
    4      H      -0.1264787385     2.3708368936     0.2783891406
    5      C      -1.0339884331     1.8711477818    -0.0729429118
    6      H       2.1170135270     0.0143915290     1.8398377897
    7      H       2.9927938744    -0.8430418687     0.5476336442
    8      C       2.5765231864     0.1251164045     0.8531981782
    9      H      -1.6266791406     2.5722100349    -0.6682395539
   10      H      -1.6216279420     1.5272634135     0.7806256664
   11      H       3.3889526191     0.8568968354     0.8995913162
   12      O      -0.1993760741    -0.7259969674     1.1100849979
   13      O       0.5274438396    -1.4127251581    -1.3465983288
   14      O      -0.7072077902     0.7794219869    -0.9359679878
   15      O       1.6345625620     0.6057300096    -0.0982193825
   16      P       0.2905432970    -0.3833401991    -0.2852135608
 ----------------------------------------------------------------
 Molecular Point Group                 C1    NOp =  1
 Largest Abelian Subgroup              C1    NOp =  1
 Nuclear Repulsion Energy =         541.37758238 hartrees
 There are       38 alpha and       38 beta electrons
 Requested basis set is aug-cc-pVTZ
 There are 186 shells and 556 basis functions

 Total QAlloc Memory Limit  16000 MB
 Mega-Array Size       188 MB
 MEM_STATIC part       192 MB

 A cutoff of  1.0D-14 yielded  16631 shell pairs
 There are    148121 function pairs (    198906 Cartesian)
 Smallest overlap matrix eigenvalue = 2.02E-05

 Scale SEOQF with 1.000000e-01/1.000000e-01/1.000000e-01

 Standard Electronic Orientation quadrupole field applied
 Nucleus-field energy     =     0.0000000068 hartrees

 -----------------------------------------------------------------------
  General SCF calculation program by
  Eric Jon Sundstrom, Paul Horn, Yuezhi Mao, Dmitri Zuev, Alec White,
  David Stuck, Shaama M.S., Shane Yost, Joonho Lee, David Small,
  Daniel Levine, Susi Lehtola, Hugh Burton, Evgeny Epifanovsky,
  Bang C. Huynh
 -----------------------------------------------------------------------
================================================================
                 ALMO-EDA with the EDA2 driver                  
================================================================
 The second-generation ALMO-EDA (for DFT):                      
 P. R. Horn, Y. Mao and M. Head-Gordon, PCCP, 18, 23067 (2016)  
 Y. Mao et al. Annu. Rev. Phys. Chem. 72, 641 (2021)            
 Decomposition of the frozen energy:                            
 P. R. Horn, Y. Mao and M. Head-Gordon, JCP, 144, 114107 (2016) 
================================================================
 Using eda2 option set 2
 Option set summary: Frozen orbital wavefunction, initial wavefunction decomposition, and traditional AO-based POL.
--------------------------------
Printing EDA Options
--------------------------------
eda_child_super_basis      0
fragmo_guess_mode          0
child_mp                   0
child_mp_orders            0
cls_elec                   1
cls_disp                   0
scfmi_mode                 1
scfmi_occs                 0
scfmi_virts                0
frz_relax                  0
frz_relax_method           0
dc_pen_start               0
dc_pen_conv                0
dc_pen_increment           0
dc_pen_steps               0
dc_pen_thresh_factor       0
dc_pen_pre_newton_thresh   0
frz_ortho_decomp           1
frz_ortho_decomp_conv      6
plot_mo_ortho_frz          0
frgm_method                2
scfmi_freeze_ss            0
separate_rehyb             0
plot_diff_den              0
eda_nocv                   0
eda_vct_relax              1
disp_free_x                33
disp_free_c                25
eda_bsse                   1
eda_pct_a                  0
eda_covp                   0
eda_vct_a                  0
--------------------------------
 Attempting to make child job directory: /scratch/qchemscratch/qchem2652520//Frg1/
 Attempting to make child job directory: /scratch/qchemscratch/qchem2652520//Frg2/
 Creating input file /scratch/qchemscratch/qchem2652520/Frg1.input
 using default PutDataFrgm: nothing
 calling putenv with: QCSCRATCH=/scratch/qchemscratch/qchem2652520/ 
 Spawning Job For Fragment 0
 Done Job For Fragment 0
 calling putenv with: QCSCRATCH=/scratch/qchemscratch 
 calling putenv with: QCTHREADS=1 
 Creating input file /scratch/qchemscratch/qchem2652520/Frg2.input
 using default PutDataFrgm: nothing
 calling putenv with: QCSCRATCH=/scratch/qchemscratch/qchem2652520/ 
 Spawning Job For Fragment 1
 Done Job For Fragment 1
 calling putenv with: QCSCRATCH=/scratch/qchemscratch 
 calling putenv with: QCTHREADS=1 
Doing General SCFMI
 Exchange:  B97M-V      Correlation:  B97M-V
 Using SG-2 standard quadrature grid
 Nonlocal Correlation:  VV10 with C = 0.0100 and b = 6.00 and scale = 1.00000
 Grid used for NLC:  SG-1 standard quadrature
performing fock build before subrot guess so that all methods have access
Printing subrot_rss_gen Method Specification:
Occupied Subspace Method is 0
Virtual Subspace Method is 0
Energy of the unrelaxed supersystem initial determinant -798.650621000572
write pseudocanon occs and virts to disk
write pseudocanon orbital energies to disk
Tolerance of ortho_decomp_scf: 1.00e-06
GDM subspace size: 20
Beginning the Orthogonal Decomposition of the Initial Supersystem Wavefunction
    1    -798.5655869422      1.06e-01     ortho_decomp Preconditoned Steepest Descent
    2    -798.5746517085      2.85e-04     ortho_decomp BFGS Step
    3    -798.5746520705      3.24e-06     ortho_decomp BFGS Step
    4    -798.5746520705      2.18e-08     ortho_decomp 00000 Convergence criterion met
 Exchange:  revPBE      Correlation:  PBE
 Using SG-2 standard quadrature grid
 Exchange:  revPBE      Correlation:  PBE
 Using SG-2 standard quadrature grid
 Exchange:  revPBE      Correlation:  PBE
 Using SG-2 standard quadrature grid
Doing General SCFMI
 Exchange:  B97M-V      Correlation:  B97M-V
 Using SG-2 standard quadrature grid
 Nonlocal Correlation:  VV10 with C = 0.0100 and b = 6.00 and scale = 1.00000
 Grid used for NLC:  SG-1 standard quadrature
performing fock build at end of subrot_r(subrot) constructor so that all methods have access
<S^2> of initial wavefunction before polarization iterations 0.0000000000
Beginning iterations for the determination of the polarized wavefunction
Energy prior to optimization (guess energy) = -798.650621000572
Begin Timing: Total SCF Calculation
begin iterations for algorithm: DIIS         
the SCF tolerance is set to 1.00e-08
    1    -798.6506210006      1.61e-04     00000 
    2    -798.6564606870      6.58e-05     00000 
    3    -798.6567582691      4.46e-05     00000 
    4    -798.6568903424      2.41e-05     00000 
    5    -798.6569363962      5.99e-06     00000 
    6    -798.6569386836      4.23e-06     00000 
    7    -798.6569402421      1.24e-06     00000 
    8    -798.6569403904      5.38e-07     00000 
    9    -798.6569404190      2.98e-07     00000 
   10    -798.6569404260      1.56e-07     00000 
   11    -798.6569404277      6.11e-08     00000 
   12    -798.6569404278      4.27e-08     00000 
   13    -798.6569404279      1.57e-08     00000 
   14    -798.6569404279      6.03e-09     00000 Convergence criterion met
write pseudocanon occs and virts to disk
write pseudocanon orbital energies to disk
Timing for Total SCF: 2344.00s (wall), 2334.22s (cpu)
<S^2> of polarized wavefunction after polarization iterations 0.0000000000
relaxing scfmi constraint to allow all rotations in the entire AO span
Doing General SCFMI
 Exchange:  B97M-V      Correlation:  B97M-V
 Using SG-2 standard quadrature grid
 Nonlocal Correlation:  VV10 with C = 0.0100 and b = 6.00 and scale = 1.00000
 Grid used for NLC:  SG-1 standard quadrature
performing fock build at end of subrot_r(subrot) constructor so that all methods have access
<S^2> of polarized wavefunction before ct-allowed iterations 0.0000000000
Beginning iterations for the determination of the CT-Allowed wavefunction
Energy prior to optimization (guess energy) = -798.656940427940
Begin Timing: Total SCF Calculation
begin iterations for algorithm: DIIS         
the SCF tolerance is set to 1.00e-08
    1    -798.6569404279      1.75e-04     00000 
    2    -798.6626082236      2.28e-05     00000 
    3    -798.6624866916      4.06e-05     00000 
    4    -798.6626753028      6.67e-06     00000 
    5    -798.6626802058      3.06e-06     00000 
    6    -798.6626811794      1.15e-06     00000 
    7    -798.6626813202      3.24e-07     00000 
    8    -798.6626813308      1.46e-07     00000 
    9    -798.6626813330      4.07e-08     00000 
   10    -798.6626813332      6.56e-09     00000 Convergence criterion met
write pseudocanon occs and virts to disk
write pseudocanon orbital energies to disk
Timing for Total SCF: 1656.00s (wall), 1647.64s (cpu)
<S^2> of ct_allowed wavefunction after ct-allowed iterations 0.0000000000
 Attempting to make child job directory: /scratch/qchemscratch/qchem2652520//FrgBSSE1/
 Attempting to make child job directory: /scratch/qchemscratch/qchem2652520//FrgBSSE2/
 Creating input file /scratch/qchemscratch/qchem2652520/FrgBSSE1.input
 calling putenv with: QCSCRATCH=/scratch/qchemscratch/qchem2652520/ 
 Spawning Job For Fragment 0
 Done Job For Fragment 0
 calling putenv with: QCSCRATCH=/scratch/qchemscratch 
 calling putenv with: QCTHREADS=1 
 Creating input file /scratch/qchemscratch/qchem2652520/FrgBSSE2.input
 calling putenv with: QCSCRATCH=/scratch/qchemscratch/qchem2652520/ 
 Spawning Job For Fragment 1
 Done Job For Fragment 1
 calling putenv with: QCSCRATCH=/scratch/qchemscratch 
 calling putenv with: QCTHREADS=1 
====================================================================
   Evaluating the BSSE with fragment SCF in the supersystem basis
   Fragment contributions (kJ/mol) 
   Frgm 1: 0.1545
   Frgm 2: 0.3796
   BSSE (kJ/mol) = 0.5340
====================================================================

================================
        Results of EDA2         
================================
Basic EDA Quantities
--------------------
Fragment Energies (Ha):
1  -76.4323610444
2 -722.2063334367
--------------------
  E_prp (kJ/mol) = -0.0000
  E_frz (kJ/mol) = -31.3134
  E_pol (kJ/mol) = -16.5919
  E_vct (kJ/mol) = -14.5389 (CP-corrected)
  E_int (kJ/mol) = -62.4442 (CP-corrected)
--------------------


Decomposition of frozen interaction energy
--------------------
  --------------------
  Orthogonal Frozen Decomposition:
  --------------------
     E_elec   (ELEC)   (kJ/mol) = -146.8838
     E_pauli  (PAULI)  (kJ/mol) = 136.5074
     E_disp   (DISP)   (kJ/mol) = -20.9370
  --------------------
  Classical Frozen Decomposition:
  --------------------
     E_cls_elec  (CLS ELEC)  (kJ/mol) = -84.7198
     E_mod_pauli (MOD PAULI) (kJ/mol) = 74.3434 (FRZ - CLS ELEC - DISP)
     E_disp      (DISP)      (kJ/mol) = -20.9370
  --------------------
--------------------

Simplified EDA Summary (kJ/mol)
--------------------
 PREPARATION      -0.0000
 FROZEN           -31.3134 (ELEC + PAULI + DISP)
[ELEC + PAULI = -10.3764, DISP = -20.9370]
 POLARIZATION    -16.5919
 CHARGE TRANSFER -14.5389     (counterpoise-corrected)
 TOTAL           -62.4442     (PRP + FRZ + POL + CT)
--------------------
 
 --------------------------------------------------------------
 
                    Orbital Energies (a.u.)
 --------------------------------------------------------------
 
 Alpha MOs
 -- Occupied --
-77.1019 -19.0155 -19.0118 -18.9883 -18.9368 -18.9298 -10.0902 -10.0854
 -6.5025  -4.5780  -4.5762  -4.5722  -0.8937  -0.8549  -0.8335  -0.7871
 -0.7547  -0.5346  -0.5210  -0.3761  -0.3256  -0.3189  -0.2929  -0.2856
 -0.2766  -0.2646  -0.2448  -0.2097  -0.1908  -0.1754  -0.1648  -0.1280
 -0.1247  -0.1195  -0.1113  -0.1011  -0.0847  -0.0683
 -- Virtual --
  0.0843   0.0924   0.1092   0.1134   0.1196   0.1259   0.1291   0.1439
  0.1499   0.1652   0.1673   0.1740   0.1750   0.1797   0.1860   0.1898
  0.1973   0.2020   0.2110   0.2194   0.2231   0.2299   0.2361   0.2401
  0.2474   0.2511   0.2588   0.2645   0.2685   0.2721   0.2748   0.2882
  0.2914   0.2977   0.3017   0.3129   0.3155   0.3256   0.3296   0.3346
  0.3359   0.3459   0.3515   0.3559   0.3594   0.3622   0.3665   0.3711
  0.3762   0.3808   0.3864   0.3913   0.3987   0.4018   0.4109   0.4178
  0.4195   0.4294   0.4313   0.4333   0.4377   0.4411   0.4506   0.4519
  0.4630   0.4711   0.4783   0.4831   0.4874   0.4942   0.5075   0.5088
  0.5113   0.5173   0.5324   0.5365   0.5441   0.5457   0.5516   0.5606
  0.5633   0.5678   0.5724   0.5758   0.5805   0.5930   0.5948   0.6040
  0.6083   0.6185   0.6216   0.6422   0.6551   0.6562   0.6707   0.6858
  0.6904   0.7026   0.7145   0.7320   0.7400   0.7453   0.7503   0.7617
  0.7748   0.7818   0.7891   0.7973   0.8020   0.8038   0.8139   0.8205
  0.8389   0.8543   0.8595   0.8665   0.8727   0.8775   0.8920   0.8975
  0.9040   0.9050   0.9172   0.9223   0.9254   0.9354   0.9406   0.9460
  0.9518   0.9585   0.9672   0.9780   0.9817   0.9957   1.0026   1.0057
  1.0135   1.0158   1.0236   1.0390   1.0465   1.0521   1.0586   1.0618
  1.0710   1.0725   1.0848   1.0914   1.0993   1.1104   1.1150   1.1203
  1.1323   1.1388   1.1431   1.1493   1.1550   1.1644   1.1670   1.1704
  1.1930   1.2029   1.2056   1.2157   1.2222   1.2306   1.2346   1.2425
  1.2519   1.2586   1.2722   1.2857   1.2924   1.2991   1.3054   1.3135
  1.3259   1.3347   1.3519   1.3664   1.3735   1.3756   1.3852   1.4142
  1.4273   1.4313   1.4439   1.4521   1.4589   1.4685   1.4747   1.4810
  1.5008   1.5125   1.5181   1.5279   1.5438   1.5597   1.5654   1.5724
  1.5859   1.5933   1.5987   1.6049   1.6077   1.6212   1.6406   1.6532
  1.6538   1.6642   1.6756   1.6791   1.6863   1.7038   1.7092   1.7205
  1.7378   1.7425   1.7658   1.7773   1.7792   1.7823   1.7909   1.8074
  1.8167   1.8307   1.8418   1.8534   1.8700   1.8900   1.8968   1.9117
  1.9248   1.9391   1.9503   1.9527   1.9625   1.9894   1.9983   1.9989
  2.0223   2.0271   2.0360   2.0523   2.0648   2.0806   2.0988   2.1067
  2.1222   2.1303   2.1503   2.1545   2.1689   2.1856   2.2046   2.2144
  2.2148   2.2303   2.2475   2.2579   2.2999   2.3200   2.3315   2.3448
  2.3548   2.3808   2.3850   2.3890   2.4113   2.4234   2.4463   2.4631
  2.4826   2.4973   2.5112   2.5145   2.5355   2.5401   2.5521   2.5590
  2.5738   2.5892   2.5937   2.6146   2.6290   2.6367   2.6434   2.6552
  2.6632   2.6730   2.7049   2.7072   2.7166   2.7303   2.7414   2.7635
  2.7738   2.7868   2.7946   2.8121   2.8370   2.8676   2.8816   2.8940
  2.9132   2.9183   2.9404   2.9756   2.9819   3.0017   3.0115   3.0438
  3.0737   3.0843   3.1001   3.1244   3.1297   3.1704   3.2065   3.2108
  3.2357   3.2508   3.2531   3.2952   3.3218   3.3378   3.3450   3.3582
  3.3859   3.4065   3.4287   3.4657   3.4872   3.5138   3.5391   3.5475
  3.5786   3.5828   3.5993   3.6148   3.6293   3.6357   3.6649   3.6816
  3.7069   3.7189   3.7446   3.7524   3.7626   3.7900   3.8080   3.8196
  3.8501   3.8588   3.8833   3.9144   3.9635   4.0059   4.0105   4.0311
  4.0959   4.1061   4.1178   4.1381   4.1510   4.1851   4.1982   4.2035
  4.2268   4.2499   4.2562   4.2684   4.3026   4.3299   4.3317   4.3646
  4.3827   4.3866   4.4219   4.4433   4.4839   4.5182   4.5313   4.5507
  4.5722   4.5893   4.6042   4.6142   4.6379   4.6509   4.6787   4.7023
  4.7064   4.7399   4.7645   4.7822   4.7913   4.8082   4.8349   4.8730
  4.8858   4.9089   4.9324   4.9464   4.9836   4.9940   5.0289   5.1039
  5.1393   5.1516   5.1806   5.1924   5.2105   5.2258   5.2816   5.3113
  5.3347   5.3504   5.3559   5.3725   5.3926   5.4098   5.4237   5.4620
  5.5075   5.5476   5.5760   5.5870   5.6172   5.6320   5.6385   5.6449
  5.6655   5.6827   5.7054   5.7620   5.9077   5.9502   6.0585   6.0927
  6.1061   6.1254   6.2637   6.2895   6.3351   6.5290   6.5951   6.6237
  6.6471   6.6748   6.7112   6.7206   6.8151   6.8332   6.8407   6.8705
  6.8797   6.8923   6.9014   6.9132   6.9295   6.9492   6.9528   6.9742
  6.9964   7.0124   7.0271   7.0381   7.0708   7.0797   7.0908   7.0952
  7.1282   7.1321   7.1550   7.1632   7.1881   7.2116   7.2156   7.2341
  7.2467   7.2824   7.3080   7.3137   7.3435   7.3569   7.3652   7.3823
  7.3852   7.4162   7.4242   7.4420   7.4711   7.5091   7.5373   7.5791
  7.6384   7.6693   7.6915   7.7208   7.7311   7.7810   7.7987   7.9441
  7.9613   8.0006   8.0417   8.0808   8.1077   8.8285  11.0947  12.3738
 13.5548  14.6598  15.1235  16.3312  17.4945  17.7276
 --------------------------------------------------------------
 
          Ground-State Mulliken Net Atomic Charges

     Atom                 Charge (a.u.)
  ----------------------------------------
      1 O                    -0.640468
      2 H                     0.245047
      3 H                     0.300344
      4 H                     0.419006
      5 C                    -1.009417
      6 H                     0.374713
      7 H                     0.339940
      8 C                    -0.960404
      9 H                     0.412701
     10 H                     0.396630
     11 H                     0.400318
     12 O                    -0.850178
     13 O                    -0.947724
     14 O                    -0.538258
     15 O                    -0.519518
     16 P                     1.577268
  ----------------------------------------
  Sum of atomic charges =    -1.000000

 -----------------------------------------------------------------
                    Cartesian Multipole Moments
 -----------------------------------------------------------------
    Charge (ESU x 10^10)
                -4.8032
    Dipole Moment (Debye)
         X       2.3020      Y       4.2959      Z       1.1233
       Tot       5.0016
    Quadrupole Moments (Debye-Ang)
        XX     -72.7066     XY      -3.4145     YY     -66.1453
        XZ       7.7171     YZ      -1.5479     ZZ     -68.3939
    Octopole Moments (Debye-Ang^2)
       XXX      44.3007    XXY      10.2059    XYY      -2.1942
       YYY       9.6410    XXZ     -14.5594    XYZ      -4.9498
       YYZ       5.7081    XZZ      -2.4500    YZZ       7.8005
       ZZZ       3.6317
    Hexadecapole Moments (Debye-Ang^3)
      XXXX   -1131.4129   XXXY     -40.0440   XXYY    -242.9991
      XYYY       3.7068   YYYY    -432.8733   XXXZ      60.9439
      XXYZ       6.2058   XYYZ       5.5415   YYYZ     -14.0506
      XXZZ    -215.9092   XYZZ       7.2446   YYZZ    -130.3609
      XZZZ      -3.8377   YZZZ     -10.6716   ZZZZ    -302.3140
 -----------------------------------------------------------------
 Total job time:  11857.69s(wall), 7160.61s(cpu) 
 Mon Mar  4 17:04:24 2024

        *************************************************************
        *                                                           *
        *  Thank you very much for using Q-Chem.  Have a nice day.  *
        *                                                           *
        *************************************************************


