
Running Job 1 of 1 DMP_tt_9_0.9.inp
qchem DMP_tt_9_0.9.inp_1114360.0 /scratch/qchemscratch/qchem1114360/ 1
/opt/qchem/6.1/exe/qcprog.exe_s DMP_tt_9_0.9.inp_1114360.0 /scratch/qchemscratch/qchem1114360/
                  Welcome to Q-Chem
     A Quantum Leap Into The Future Of Chemistry


 Q-Chem 6.1, Q-Chem, Inc., Pleasanton, CA (2023)

 License issued to: SRG Pengyu Ren, University of Texas at Austin

 E. Epifanovsky,  A. T. B. Gilbert,  Xintian Feng,  Joonho Lee,  Yuezhi Mao,  
 N. Mardirossian,  P. Pokhilko,  A. White,  M. Wormit,  M. P. Coons,  
 A. L. Dempwolff,  Zhengting Gan,  D. Hait,  P. R. Horn,  L. D. Jacobson,  
 I. Kaliman,  J. Kussmann,  A. W. Lange,  Ka Un Lao,  D. S. Levine,  Jie Liu,  
 S. C. McKenzie,  A. F. Morrison,  K. D. Nanda,  F. Plasser,  D. R. Rehn,  
 M. L. Vidal,  Zhi-Qiang You,  Ying Zhu,  B. Alam,  B. Albrecht,  
 A. Aldossary,  E. Alguire,  J. H. Andersen,  V. Athavale,  D. Barton,  
 K. Begam,  A. Behn,  N. Bellonzi,  Y. A. Bernard,  E. J. Berquist,  
 H. Burton,  A. Carreras,  K. Carter-Fenk,  Mathew Chow,  Romit Chakraborty,  
 Chandrima Chakravarty,  Junhan Chen,  A. D. Chien,  K. D. Closser,  
 V. Cofer-Shabica,  L. Cunha,  S. Dasgupta,  Jia Deng,  M. de Wergifosse,  
 M. Diedenhofen,  Hainam Do,  S. Ehlert,  Po-Tung Fang,  S. Fatehi,  
 Qingguo Feng,  T. Friedhoff,  Thomas Froitzheim,  B. Ganoe,  J. Gayvert,  
 Qinghui Ge,  G. Gidofalvi,  M. Gimferrer,  M. Goldey,  Montgomery Gray,  
 J. Gomes,  C. Gonzalez-Espinoza,  S. Gulania,  A. Gunina,  J. A. Gyamfi,  
 M. W. D. Hanson-Heine,  P. H. P. Harbach,  A. W. Hauser,  M. F. Herbst,  
 M. Hernandez Vera,  M. Hodecker,  Z. C. Holden,  S. Houck,  Xunkun Huang,  
 Kerwin Hui,  B. C. Huynh,  K. Ikeda,  M. Ivanov,  Hyunjun Ji,  Zuxin Jin,  
 Hanjie Jiang,  Subrata Jana,  B. Kaduk,  S. Kaehler,  R. Kang,  
 K. Khistyaev,  Jaehoon Kim,  Yongbin Kim,  P. Klunzinger,  Z. Koczor-Benda,  
 Joong Hoon Koh,  D. Kosenkov,  Saikiran Kotaru,  L. Koulias,  T. Kowalczyk,  
 C. M. Krauter,  K. Kue,  A. Kunitsa,  T. Kus,  A. Landau,  K. V. Lawler,  
 D. Lefrancois,  S. Lehtola,  Rain Li,  Shaozhi Li,  Yi-Pei Li,  
 Jiashu Liang,  M. Liebenthal,  Hung-Hsuan Lin,  You-Sheng Lin,  Fenglai Liu,  
 Kuan-Yu Liu,  Xiao Liu,  M. Loipersberger,  A. Luenser,  C. Malbon,  
 A. Manjanath,  P. Manohar,  E. Mansoor,  S. F. Manzer,  Shan-Ping Mao,  
 A. V. Marenich,  T. Markovich,  S. Mason,  F. Matz,  S. A. Maurer,  
 P. F. McLaughlin,  M. F. S. J. Menger,  J.-M. Mewes,  S. A. Mewes,  
 P. Morgante,  Mohammad Mostafanejad,  J. W. Mullinax,  K. J. Oosterbaan,  
 G. Paran,  V. Parravicini,  Alexander C. Paul,  Suranjan K. Paul,  
 F. Pavosevic,  Zheng Pei,  S. Prager,  E. I. Proynov,  E. Ramos,  B. Rana,  
 A. E. Rask,  A. Rettig,  R. M. Richard,  F. Rob,  E. Rossomme,  T. Scheele,  
 M. Scheurer,  M. Schneider,  P. E. Schneider,  Tim K. Schramm,  N. Sergueev,  
 S. M. Sharada,  M. Sharma,  Hengyuan Shen,  W. Skomorowski,  D. W. Small,  
 C. J. Stein,  Alistair J. Sterling,  Yingli Su,  Yu-Chuan Su,  
 E. J. Sundstrom,  J. Talbot,  Zhen Tao,  J. Thirman,  Hung-Yi Tsai,  
 T. Tsuchimochi,  N. M. Tubman,  C. Utku,  S. P. Veccham,  O. Vydrov,  
 J. Wenzel,  Jonathan Wong,  J. Witte,  A. Yamada,  Chou-Hsun Yang,  Kun Yao,  
 S. Yeganeh,  S. R. Yost,  A. Zech,  F. Zeller,  Igor Ying Zhang,  
 Xing Zhang,  Yu Zhang,  D. Zuev,  A. Aspuru-Guzik,  A. T. Bell,  
 N. A. Besley,  K. B. Bravaya,  B. R. Brooks,  D. Casanova,  Jeng-Da Chai,  
 Hsing-Ta Chen,  S. Coriani,  C. J. Cramer,  A. E. DePrince, III,  
 R. A. DiStasio Jr.,  A. Dreuw,  B. D. Dunietz,  T. R. Furlani,  
 W. A. Goddard III,  S. Grimme,  S. Hammes-Schiffer,  T. Head-Gordon,  
 W. J. Hehre,  Chao-Ping Hsu,  T.-C. Jagau,  Yousung Jung,  A. Klamt,  
 Jing Kong,  D. S. Lambrecht,  Xiangyuan Li,  WanZhen Liang,  N. J. Mayhall,  
 C. W. McCurdy,  J. B. Neaton,  T. Neudecker,  C. Ochsenfeld,  
 J. A. Parkhill,  R. Peverati,  V. A. Rassolov,  Haisheng Ren,  Yihan Shao,  
 L. V. Slipchenko,  R. P. Steele,  J. E. Subotnik,  A. J. W. Thom,  
 A. Tkatchenko,  D. G. Truhlar,  T. Van Voorhis,  Fan Wang,  
 T. A. Wesolowski,  K. B. Whaley,  H. L. Woodcock III,  P. M. Zimmerman,  
 S. Faraji,  P. M. W. Gill,  M. Head-Gordon,  J. M. Herbert,  A. I. Krylov

 Contributors to earlier versions of Q-Chem not listed above: 
 R. D. Adamson,  B. Austin,  R. Baer,  J. Baker,  G. J. O. Beran,  
 K. Brandhorst,  S. T. Brown,  E. F. C. Byrd,  Arup K. Chakraborty,  
 G. K. L. Chan,  Chun-Min Chang,  Yunqing Chen,  C.-L. Cheng,  
 Siu Hung Chien,  D. M. Chipman,  D. L. Crittenden,  H. Dachsel,  
 R. J. Doerksen,  A. D. Dutoi,  R. G. Edgar,  J. Fosso-Tande,  
 L. Fusti-Molnar,  D. Ghosh,  A. Ghysels,  A. Golubeva-Zadorozhnaya,  
 J. Gonthier,  M. S. Gordon,  S. R. Gwaltney,  G. Hawkins,  J. E. Herr,  
 A. Heyden,  S. Hirata,  E. G. Hohenstein,  G. Kedziora,  F. J. Keil,  
 C. Kelley,  Jihan Kim,  R. A. King,  R. Z. Khaliullin,  P. P. Korambath,  
 W. Kurlancheek,  A. Laurent,  A. M. Lee,  M. S. Lee,  S. V. Levchenko,  
 Ching Yeh Lin,  D. Liotard,  E. Livshits,  R. C. Lochan,  I. Lotan,  
 L. A. Martinez-Martinez,  P. E. Maslen,  N. Nair,  D. P. O'Neill,  
 D. Neuhauser,  E. Neuscamman,  C. M. Oana,  R. Olivares-Amaya,  R. Olson,  
 T. M. Perrine,  B. Peters,  P. A. Pieniazek,  A. Prociuk,  Y. M. Rhee,  
 J. Ritchie,  M. A. Rohrdanz,  E. Rosta,  N. J. Russ,  H. F. Schaefer III,  
 M. W. Schmidt,  N. E. Schultz,  S. Sharma,  N. Shenvi,  C. D. Sherrill,  
 A. C. Simmonett,  A. Sodt,  T. Stein,  D. Stuck,  K. S. Thanthiriwatte,  
 V. Vanovschi,  L. Vogt,  Tao Wang,  A. Warshel,  M. A. Watson,  
 C. F. Williams,  Q. Wu,  X. Xu,  Jun Yang,  W. Zhang,  Yan Zhao

   Please cite Q-Chem as follows:
  "Software for the frontiers of quantum chemistry:
   An overview of developments in the Q-Chem 5 package"
   J. Chem. Phys. 155, 084801 (2021)
   https://doi.org/10.1063/5.0055522 (open access)

 Q-Chem 6.1.1 for Intel X86 EM64T Linux

 Parts of Q-Chem use Armadillo 9.900.5 (Nocturnal Misbehaviour).
 http://arma.sourceforge.net/

 Q-Chem begins on Mon Mar  4 15:39:17 2024  

 Host: 
0

     Scratch files written to /scratch/qchemscratch/qchem1114360//
 Jan1824 |scratch|qcdevops|jenkins|workspace|build_RNUM UKVU   
 Processing $rem in /opt/qchem/6.1/config/preferences:
 Processing $rem in /home/mm227274/.qchemrc:

 Q-Chem warning in module libgen/rem_setup.C, line 3361:

 Neither GIA nor STOLL is specified by user. Use STOLL as the default


 Checking the input file for inconsistencies... 	...done.

--------------------------------------------------------------
User input:
--------------------------------------------------------------
$molecule
-1 1
--
0 1

O 0.6259174102564102 2.422573128205128 0.22215446153846152
H 0.30017741025641026 1.7463531282051281 0.8606944615384615
H 0.7922574102564103 1.8306131282051283 -0.5324255384615384
--
-1 1

H          2.49032        0.32053        0.43225
H          2.50306       -1.28947       -0.34304
H         -2.65786        0.84471        0.49215
H         -1.48999        1.61142       -0.59647
C         -2.18364        0.77403       -0.49118
C          2.27687       -0.22919       -0.49128
H          2.89770        0.17022       -1.29863
H         -2.94793        0.82858       -1.27209
O         -0.18603        0.21862        1.44009
O          0.09972       -2.19053        0.36566
O         -1.53082       -0.48622       -0.65356
O          0.91387       -0.05895       -0.88121
P         -0.16420       -0.72104        0.24952
$end

$rem
JOBTYPE          eda
EDA2             2
METHOD           b97m-v
BASIS            aug-cc-pvtz
SCF_CONVERGENCE  8
THRESH           14
SYMMETRY         false
DISP_FREE_X      revPBE
DISP_FREE_C      PBE
EDA_BSSE         true
$end
--------------------------------------------------------------
 ----------------------------------------------------------------
             Standard Nuclear Orientation (Angstroms)
    I     Atom           X                Y                Z
 ----------------------------------------------------------------
    1      O       0.2159738030     2.5179721889     0.2866866090
    2      H       0.0064405450     1.7824126619     0.9081054400
    3      H       0.4801018573     1.9795328270    -0.4799919666
    4      H       2.4045181484     0.7519362581     0.4602181747
    5      H       2.6870595688    -0.8151542194    -0.3507902549
    6      H      -2.7590683699     0.4089113541     0.5028582686
    7      H      -1.7334828624     1.3844217068    -0.5617599653
    8      C      -2.2779156314     0.4409057525    -0.4791226682
    9      C       2.2874392408     0.1956953310    -0.4765577869
   10      H       2.8344099872     0.7114734091    -1.2712704622
   11      H      -3.0391754120     0.3851960079    -1.2629053585
   12      O      -0.2191596530     0.1820917086     1.4504547221
   13      O       0.4664192100    -2.1203549629     0.3240544570
   14      O      -1.4237212939    -0.6887906241    -0.6659632678
   15      O       0.9158498410     0.1452170392    -0.8702461445
   16      P      -0.0387226917    -0.7131612869     0.2393151899
 ----------------------------------------------------------------
 Molecular Point Group                 C1    NOp =  1
 Largest Abelian Subgroup              C1    NOp =  1
 Nuclear Repulsion Energy =         552.73951590 hartrees
 There are       38 alpha and       38 beta electrons
 Requested basis set is aug-cc-pVTZ
 There are 186 shells and 556 basis functions

 Total QAlloc Memory Limit  16000 MB
 Mega-Array Size       188 MB
 MEM_STATIC part       192 MB

 A cutoff of  1.0D-14 yielded  16851 shell pairs
 There are    150253 function pairs (    201811 Cartesian)
 Smallest overlap matrix eigenvalue = 1.67E-05

 Scale SEOQF with 1.000000e-01/1.000000e-01/1.000000e-01

 Standard Electronic Orientation quadrupole field applied
 Nucleus-field energy     =     0.0000000086 hartrees

 -----------------------------------------------------------------------
  General SCF calculation program by
  Eric Jon Sundstrom, Paul Horn, Yuezhi Mao, Dmitri Zuev, Alec White,
  David Stuck, Shaama M.S., Shane Yost, Joonho Lee, David Small,
  Daniel Levine, Susi Lehtola, Hugh Burton, Evgeny Epifanovsky,
  Bang C. Huynh
 -----------------------------------------------------------------------
================================================================
                 ALMO-EDA with the EDA2 driver                  
================================================================
 The second-generation ALMO-EDA (for DFT):                      
 P. R. Horn, Y. Mao and M. Head-Gordon, PCCP, 18, 23067 (2016)  
 Y. Mao et al. Annu. Rev. Phys. Chem. 72, 641 (2021)            
 Decomposition of the frozen energy:                            
 P. R. Horn, Y. Mao and M. Head-Gordon, JCP, 144, 114107 (2016) 
================================================================
 Using eda2 option set 2
 Option set summary: Frozen orbital wavefunction, initial wavefunction decomposition, and traditional AO-based POL.
--------------------------------
Printing EDA Options
--------------------------------
eda_child_super_basis      0
fragmo_guess_mode          0
child_mp                   0
child_mp_orders            0
cls_elec                   1
cls_disp                   0
scfmi_mode                 1
scfmi_occs                 0
scfmi_virts                0
frz_relax                  0
frz_relax_method           0
dc_pen_start               0
dc_pen_conv                0
dc_pen_increment           0
dc_pen_steps               0
dc_pen_thresh_factor       0
dc_pen_pre_newton_thresh   0
frz_ortho_decomp           1
frz_ortho_decomp_conv      6
plot_mo_ortho_frz          0
frgm_method                2
scfmi_freeze_ss            0
separate_rehyb             0
plot_diff_den              0
eda_nocv                   0
eda_vct_relax              1
disp_free_x                33
disp_free_c                25
eda_bsse                   1
eda_pct_a                  0
eda_covp                   0
eda_vct_a                  0
--------------------------------
 Attempting to make child job directory: /scratch/qchemscratch/qchem1114360//Frg1/
 Attempting to make child job directory: /scratch/qchemscratch/qchem1114360//Frg2/
 Creating input file /scratch/qchemscratch/qchem1114360/Frg1.input
 using default PutDataFrgm: nothing
 calling putenv with: QCSCRATCH=/scratch/qchemscratch/qchem1114360/ 
 Spawning Job For Fragment 0
 Done Job For Fragment 0
 calling putenv with: QCSCRATCH=/scratch/qchemscratch 
 calling putenv with: QCTHREADS=1 
 Creating input file /scratch/qchemscratch/qchem1114360/Frg2.input
 using default PutDataFrgm: nothing
 calling putenv with: QCSCRATCH=/scratch/qchemscratch/qchem1114360/ 
 Spawning Job For Fragment 1
 Done Job For Fragment 1
 calling putenv with: QCSCRATCH=/scratch/qchemscratch 
 calling putenv with: QCTHREADS=1 
Doing General SCFMI
 Exchange:  B97M-V      Correlation:  B97M-V
 Using SG-2 standard quadrature grid
 Nonlocal Correlation:  VV10 with C = 0.0100 and b = 6.00 and scale = 1.00000
 Grid used for NLC:  SG-1 standard quadrature
performing fock build before subrot guess so that all methods have access
Printing subrot_rss_gen Method Specification:
Occupied Subspace Method is 0
Virtual Subspace Method is 0
Energy of the unrelaxed supersystem initial determinant -798.636546406515
write pseudocanon occs and virts to disk
write pseudocanon orbital energies to disk
Tolerance of ortho_decomp_scf: 1.00e-06
GDM subspace size: 20
Beginning the Orthogonal Decomposition of the Initial Supersystem Wavefunction
    1    -798.4832361995      1.60e-01     ortho_decomp Preconditoned Steepest Descent
    2    -798.5034777039      4.34e-04     ortho_decomp BFGS Step
    3    -798.5034785041      4.73e-06     ortho_decomp BFGS Step
    4    -798.5034785042      3.15e-08     ortho_decomp 00000 Convergence criterion met
 Exchange:  revPBE      Correlation:  PBE
 Using SG-2 standard quadrature grid
 Exchange:  revPBE      Correlation:  PBE
 Using SG-2 standard quadrature grid
 Exchange:  revPBE      Correlation:  PBE
 Using SG-2 standard quadrature grid
Doing General SCFMI
 Exchange:  B97M-V      Correlation:  B97M-V
 Using SG-2 standard quadrature grid
 Nonlocal Correlation:  VV10 with C = 0.0100 and b = 6.00 and scale = 1.00000
 Grid used for NLC:  SG-1 standard quadrature
performing fock build at end of subrot_r(subrot) constructor so that all methods have access
<S^2> of initial wavefunction before polarization iterations 0.0000000000
Beginning iterations for the determination of the polarized wavefunction
Energy prior to optimization (guess energy) = -798.636546406515
Begin Timing: Total SCF Calculation
begin iterations for algorithm: DIIS         
the SCF tolerance is set to 1.00e-08
    1    -798.6365464065      2.31e-04     00000 
    2    -798.6471801650      1.13e-04     00000 
    3    -798.6476447925      9.55e-05     00000 
    4    -798.6483173457      3.32e-05     00000 
    5    -798.6484004568      1.35e-05     00000 
    6    -798.6484161059      5.10e-06     00000 
    7    -798.6484191104      1.88e-06     00000 
    8    -798.6484194728      1.31e-06     00000 
    9    -798.6484196601      4.88e-07     00000 
   10    -798.6484196897      2.41e-07     00000 
   11    -798.6484196940      1.28e-07     00000 
   12    -798.6484196956      6.86e-08     00000 
   13    -798.6484196959      4.42e-08     00000 
   14    -798.6484196960      2.06e-08     00000 
   15    -798.6484196960      1.32e-08     00000 
   16    -798.6484196960      6.31e-09     00000 Convergence criterion met
write pseudocanon occs and virts to disk
write pseudocanon orbital energies to disk
Timing for Total SCF: 2452.00s (wall), 2443.48s (cpu)
<S^2> of polarized wavefunction after polarization iterations 0.0000000000
relaxing scfmi constraint to allow all rotations in the entire AO span
Doing General SCFMI
 Exchange:  B97M-V      Correlation:  B97M-V
 Using SG-2 standard quadrature grid
 Nonlocal Correlation:  VV10 with C = 0.0100 and b = 6.00 and scale = 1.00000
 Grid used for NLC:  SG-1 standard quadrature
performing fock build at end of subrot_r(subrot) constructor so that all methods have access
<S^2> of polarized wavefunction before ct-allowed iterations 0.0000000000
Beginning iterations for the determination of the CT-Allowed wavefunction
Energy prior to optimization (guess energy) = -798.648419696026
Begin Timing: Total SCF Calculation
begin iterations for algorithm: DIIS         
the SCF tolerance is set to 1.00e-08
    1    -798.6484196960      2.63e-04     00000 
    2    -798.6599037111      3.36e-05     00000 
    3    -798.6597303419      5.27e-05     00000 
    4    -798.6600424595      1.02e-05     00000 
    5    -798.6600527361      5.10e-06     00000 
    6    -798.6600554654      1.94e-06     00000 
    7    -798.6600558751      4.36e-07     00000 
    8    -798.6600558938      2.02e-07     00000 
    9    -798.6600558980      6.38e-08     00000 
   10    -798.6600558985      1.55e-08     00000 
   11    -798.6600558985      6.10e-09     00000 Convergence criterion met
write pseudocanon occs and virts to disk
write pseudocanon orbital energies to disk
Timing for Total SCF: 1420.00s (wall), 1416.04s (cpu)
<S^2> of ct_allowed wavefunction after ct-allowed iterations 0.0000000000
 Attempting to make child job directory: /scratch/qchemscratch/qchem1114360//FrgBSSE1/
 Attempting to make child job directory: /scratch/qchemscratch/qchem1114360//FrgBSSE2/
 Creating input file /scratch/qchemscratch/qchem1114360/FrgBSSE1.input
 calling putenv with: QCSCRATCH=/scratch/qchemscratch/qchem1114360/ 
 Spawning Job For Fragment 0
 Done Job For Fragment 0
 calling putenv with: QCSCRATCH=/scratch/qchemscratch 
 calling putenv with: QCTHREADS=1 
 Creating input file /scratch/qchemscratch/qchem1114360/FrgBSSE2.input
 calling putenv with: QCSCRATCH=/scratch/qchemscratch/qchem1114360/ 
 Spawning Job For Fragment 1
 Done Job For Fragment 1
 calling putenv with: QCSCRATCH=/scratch/qchemscratch 
 calling putenv with: QCTHREADS=1 
====================================================================
   Evaluating the BSSE with fragment SCF in the supersystem basis
   Fragment contributions (kJ/mol) 
   Frgm 1: 0.2371
   Frgm 2: 0.5008
   BSSE (kJ/mol) = 0.7379
====================================================================

================================
        Results of EDA2         
================================
Basic EDA Quantities
--------------------
Fragment Energies (Ha):
1  -76.4314552723
2 -722.2053874303
--------------------
  E_prp (kJ/mol) = 0.0000
  E_frz (kJ/mol) = 0.7779
  E_pol (kJ/mol) = -31.1737
  E_vct (kJ/mol) = -29.8133 (CP-corrected)
  E_int (kJ/mol) = -60.2091 (CP-corrected)
--------------------


Decomposition of frozen interaction energy
--------------------
  --------------------
  Orthogonal Frozen Decomposition:
  --------------------
     E_elec   (ELEC)   (kJ/mol) = -255.4636
     E_pauli  (PAULI)  (kJ/mol) = 288.0300
     E_disp   (DISP)   (kJ/mol) = -31.7885
  --------------------
  Classical Frozen Decomposition:
  --------------------
     E_cls_elec  (CLS ELEC)  (kJ/mol) = -142.9645
     E_mod_pauli (MOD PAULI) (kJ/mol) = 175.5309 (FRZ - CLS ELEC - DISP)
     E_disp      (DISP)      (kJ/mol) = -31.7885
  --------------------
--------------------

Simplified EDA Summary (kJ/mol)
--------------------
 PREPARATION      0.0000
 FROZEN           0.7779 (ELEC + PAULI + DISP)
[ELEC + PAULI = 32.5664, DISP = -31.7885]
 POLARIZATION    -31.1737
 CHARGE TRANSFER -29.8133     (counterpoise-corrected)
 TOTAL           -60.2091     (PRP + FRZ + POL + CT)
--------------------
 
 --------------------------------------------------------------
 
                    Orbital Energies (a.u.)
 --------------------------------------------------------------
 
 Alpha MOs
 -- Occupied --
-77.1057 -19.0152 -19.0149 -18.9685 -18.9408 -18.9336 -10.0879 -10.0839
 -6.5064  -4.5818  -4.5801  -4.5761  -0.8955  -0.8576  -0.8197  -0.7913
 -0.7596  -0.5358  -0.5180  -0.3769  -0.3258  -0.3100  -0.2911  -0.2850
 -0.2768  -0.2635  -0.2484  -0.2016  -0.1936  -0.1785  -0.1667  -0.1322
 -0.1228  -0.1137  -0.1046  -0.1012  -0.0878  -0.0740
 -- Virtual --
  0.0898   0.0937   0.1148   0.1170   0.1244   0.1291   0.1301   0.1493
  0.1582   0.1648   0.1693   0.1719   0.1758   0.1775   0.1903   0.1972
  0.1987   0.2053   0.2142   0.2223   0.2297   0.2338   0.2412   0.2449
  0.2463   0.2551   0.2634   0.2661   0.2693   0.2748   0.2836   0.2901
  0.2961   0.3013   0.3101   0.3136   0.3162   0.3226   0.3268   0.3327
  0.3381   0.3478   0.3519   0.3547   0.3592   0.3643   0.3717   0.3799
  0.3823   0.3847   0.3922   0.3935   0.4071   0.4105   0.4195   0.4224
  0.4234   0.4319   0.4333   0.4410   0.4495   0.4530   0.4605   0.4676
  0.4709   0.4744   0.4793   0.4906   0.5002   0.5054   0.5069   0.5126
  0.5219   0.5332   0.5348   0.5400   0.5456   0.5533   0.5582   0.5594
  0.5703   0.5771   0.5794   0.5898   0.5953   0.5958   0.6057   0.6160
  0.6204   0.6235   0.6339   0.6441   0.6567   0.6646   0.6773   0.6888
  0.7029   0.7149   0.7264   0.7281   0.7359   0.7426   0.7517   0.7659
  0.7689   0.7795   0.7882   0.7919   0.8133   0.8153   0.8244   0.8426
  0.8494   0.8570   0.8647   0.8705   0.8787   0.8870   0.9015   0.9067
  0.9118   0.9182   0.9244   0.9261   0.9381   0.9503   0.9557   0.9699
  0.9709   0.9791   0.9872   0.9938   1.0005   1.0100   1.0197   1.0258
  1.0319   1.0388   1.0455   1.0579   1.0636   1.0724   1.0783   1.0799
  1.0925   1.0964   1.1054   1.1125   1.1170   1.1212   1.1308   1.1361
  1.1465   1.1506   1.1568   1.1667   1.1751   1.1842   1.1894   1.1935
  1.2037   1.2107   1.2252   1.2303   1.2351   1.2476   1.2512   1.2553
  1.2731   1.2794   1.2925   1.3039   1.3062   1.3171   1.3207   1.3427
  1.3566   1.3696   1.3782   1.3959   1.4027   1.4137   1.4176   1.4251
  1.4383   1.4476   1.4562   1.4608   1.4674   1.4877   1.4920   1.4969
  1.5255   1.5333   1.5417   1.5584   1.5742   1.5802   1.5811   1.5971
  1.6065   1.6166   1.6255   1.6342   1.6357   1.6458   1.6560   1.6574
  1.6669   1.6716   1.6846   1.6987   1.7196   1.7229   1.7307   1.7412
  1.7538   1.7569   1.7774   1.7891   1.8052   1.8158   1.8247   1.8330
  1.8591   1.8635   1.8720   1.8842   1.8935   1.9114   1.9133   1.9280
  1.9473   1.9543   1.9587   1.9709   1.9800   1.9905   2.0063   2.0219
  2.0445   2.0548   2.0751   2.0872   2.0894   2.1097   2.1280   2.1348
  2.1356   2.1502   2.1668   2.1783   2.1847   2.2140   2.2222   2.2294
  2.2593   2.2723   2.2823   2.3070   2.3146   2.3311   2.3393   2.3630
  2.3718   2.3889   2.4045   2.4164   2.4224   2.4406   2.4679   2.4842
  2.4946   2.5085   2.5288   2.5424   2.5502   2.5513   2.5791   2.5901
  2.6028   2.6147   2.6271   2.6404   2.6651   2.6700   2.6840   2.6867
  2.6998   2.7135   2.7349   2.7404   2.7437   2.7619   2.7817   2.7944
  2.8147   2.8417   2.8516   2.8718   2.8791   2.9152   2.9186   2.9284
  2.9582   2.9785   2.9848   2.9877   3.0194   3.0321   3.0503   3.0718
  3.0846   3.1138   3.1497   3.1643   3.1759   3.2013   3.2335   3.2448
  3.2819   3.2916   3.3039   3.3395   3.3477   3.3635   3.3919   3.4020
  3.4175   3.4276   3.4398   3.4545   3.4800   3.5325   3.5399   3.5636
  3.5739   3.5999   3.6030   3.6351   3.6500   3.6532   3.6934   3.7084
  3.7191   3.7413   3.7531   3.7853   3.7994   3.8195   3.8224   3.8312
  3.8596   3.8996   3.9219   3.9627   3.9973   4.0128   4.0428   4.0745
  4.0822   4.1029   4.1315   4.1751   4.1838   4.2063   4.2251   4.2361
  4.2396   4.2415   4.2867   4.3188   4.3360   4.3574   4.3670   4.4118
  4.4297   4.4401   4.4797   4.5120   4.5340   4.5737   4.5908   4.6007
  4.6317   4.6475   4.6618   4.6754   4.6922   4.6948   4.7192   4.7337
  4.7691   4.7738   4.7834   4.8135   4.8291   4.8715   4.8910   4.9154
  4.9328   4.9515   4.9619   4.9921   5.0197   5.0772   5.1191   5.1297
  5.1509   5.1984   5.2012   5.2249   5.2455   5.2585   5.2860   5.3192
  5.3478   5.3670   5.3756   5.4168   5.4200   5.4634   5.4989   5.5155
  5.5440   5.5694   5.6030   5.6046   5.6088   5.6329   5.6495   5.6770
  5.6888   5.7130   5.7314   5.8281   5.9170   5.9523   6.0780   6.0882
  6.1206   6.1574   6.2674   6.3084   6.4648   6.5517   6.6300   6.6515
  6.6579   6.6785   6.7163   6.7456   6.8058   6.8286   6.8555   6.8697
  6.9009   6.9135   6.9193   6.9282   6.9523   6.9660   6.9864   7.0042
  7.0103   7.0334   7.0504   7.0639   7.0693   7.1034   7.1145   7.1243
  7.1507   7.1616   7.1743   7.1876   7.2030   7.2172   7.2605   7.2706
  7.2831   7.2978   7.3205   7.3258   7.3548   7.3674   7.3996   7.4222
  7.4331   7.4439   7.4490   7.5053   7.5298   7.5693   7.5909   7.6338
  7.6610   7.6626   7.6982   7.7543   7.7965   7.8474   7.9553   7.9777
  8.0051   8.0287   8.0700   8.1446   8.1816   8.9239  11.1334  12.7099
 14.0725  14.5593  15.2961  16.9050  17.6539  17.9060
 --------------------------------------------------------------
 
          Ground-State Mulliken Net Atomic Charges

     Atom                 Charge (a.u.)
  ----------------------------------------
      1 O                    -0.749866
      2 H                     0.333622
      3 H                     0.304948
      4 H                     0.365492
      5 H                     0.380485
      6 H                     0.319690
      7 H                     0.433008
      8 C                    -0.929181
      9 C                    -0.991358
     10 H                     0.395895
     11 H                     0.388381
     12 O                    -0.841742
     13 O                    -0.951415
     14 O                    -0.509575
     15 O                    -0.504882
     16 P                     1.556499
  ----------------------------------------
  Sum of atomic charges =    -1.000000

 -----------------------------------------------------------------
                    Cartesian Multipole Moments
 -----------------------------------------------------------------
    Charge (ESU x 10^10)
                -4.8032
    Dipole Moment (Debye)
         X      -0.0858      Y       1.2451      Z      -2.4037
       Tot       2.7084
    Quadrupole Moments (Debye-Ang)
        XX     -57.5167     XY       0.2123     YY     -83.7526
        XZ      -0.9209     YZ      -1.6773     ZZ     -65.0153
    Octopole Moments (Debye-Ang^2)
       XXX       2.1060    XXY       2.8378    XYY      -7.6475
       YYY     -12.9333    XXZ       0.2510    XYZ       0.9546
       YYZ      -8.4196    XZZ       0.6472    YZZ       3.1564
       ZZZ      -7.2282
    Hexadecapole Moments (Debye-Ang^3)
      XXXX    -700.0573   XXXY       0.0790   XXYY    -222.3381
      XYYY       6.8508   YYYY    -768.6662   XXXZ      -2.9604
      XXYZ      -3.1189   XYYZ      -9.6253   YYYZ      -4.4193
      XXZZ    -154.2480   XYZZ       2.4295   YYZZ    -131.7598
      XZZZ       1.4852   YZZZ       2.2006   ZZZZ    -248.8232
 -----------------------------------------------------------------
 Total job time:  10022.55s(wall), 6604.30s(cpu) 
 Mon Mar  4 18:26:19 2024

        *************************************************************
        *                                                           *
        *  Thank you very much for using Q-Chem.  Have a nice day.  *
        *                                                           *
        *************************************************************


