
Running Job 1 of 1 DMP_tt_9_1.1.inp
qchem DMP_tt_9_1.1.inp_1114159.0 /scratch/qchemscratch/qchem1114159/ 1
/opt/qchem/6.1/exe/qcprog.exe_s DMP_tt_9_1.1.inp_1114159.0 /scratch/qchemscratch/qchem1114159/
                  Welcome to Q-Chem
     A Quantum Leap Into The Future Of Chemistry


 Q-Chem 6.1, Q-Chem, Inc., Pleasanton, CA (2023)

 License issued to: SRG Pengyu Ren, University of Texas at Austin

 E. Epifanovsky,  A. T. B. Gilbert,  Xintian Feng,  Joonho Lee,  Yuezhi Mao,  
 N. Mardirossian,  P. Pokhilko,  A. White,  M. Wormit,  M. P. Coons,  
 A. L. Dempwolff,  Zhengting Gan,  D. Hait,  P. R. Horn,  L. D. Jacobson,  
 I. Kaliman,  J. Kussmann,  A. W. Lange,  Ka Un Lao,  D. S. Levine,  Jie Liu,  
 S. C. McKenzie,  A. F. Morrison,  K. D. Nanda,  F. Plasser,  D. R. Rehn,  
 M. L. Vidal,  Zhi-Qiang You,  Ying Zhu,  B. Alam,  B. Albrecht,  
 A. Aldossary,  E. Alguire,  J. H. Andersen,  V. Athavale,  D. Barton,  
 K. Begam,  A. Behn,  N. Bellonzi,  Y. A. Bernard,  E. J. Berquist,  
 H. Burton,  A. Carreras,  K. Carter-Fenk,  Mathew Chow,  Romit Chakraborty,  
 Chandrima Chakravarty,  Junhan Chen,  A. D. Chien,  K. D. Closser,  
 V. Cofer-Shabica,  L. Cunha,  S. Dasgupta,  Jia Deng,  M. de Wergifosse,  
 M. Diedenhofen,  Hainam Do,  S. Ehlert,  Po-Tung Fang,  S. Fatehi,  
 Qingguo Feng,  T. Friedhoff,  Thomas Froitzheim,  B. Ganoe,  J. Gayvert,  
 Qinghui Ge,  G. Gidofalvi,  M. Gimferrer,  M. Goldey,  Montgomery Gray,  
 J. Gomes,  C. Gonzalez-Espinoza,  S. Gulania,  A. Gunina,  J. A. Gyamfi,  
 M. W. D. Hanson-Heine,  P. H. P. Harbach,  A. W. Hauser,  M. F. Herbst,  
 M. Hernandez Vera,  M. Hodecker,  Z. C. Holden,  S. Houck,  Xunkun Huang,  
 Kerwin Hui,  B. C. Huynh,  K. Ikeda,  M. Ivanov,  Hyunjun Ji,  Zuxin Jin,  
 Hanjie Jiang,  Subrata Jana,  B. Kaduk,  S. Kaehler,  R. Kang,  
 K. Khistyaev,  Jaehoon Kim,  Yongbin Kim,  P. Klunzinger,  Z. Koczor-Benda,  
 Joong Hoon Koh,  D. Kosenkov,  Saikiran Kotaru,  L. Koulias,  T. Kowalczyk,  
 C. M. Krauter,  K. Kue,  A. Kunitsa,  T. Kus,  A. Landau,  K. V. Lawler,  
 D. Lefrancois,  S. Lehtola,  Rain Li,  Shaozhi Li,  Yi-Pei Li,  
 Jiashu Liang,  M. Liebenthal,  Hung-Hsuan Lin,  You-Sheng Lin,  Fenglai Liu,  
 Kuan-Yu Liu,  Xiao Liu,  M. Loipersberger,  A. Luenser,  C. Malbon,  
 A. Manjanath,  P. Manohar,  E. Mansoor,  S. F. Manzer,  Shan-Ping Mao,  
 A. V. Marenich,  T. Markovich,  S. Mason,  F. Matz,  S. A. Maurer,  
 P. F. McLaughlin,  M. F. S. J. Menger,  J.-M. Mewes,  S. A. Mewes,  
 P. Morgante,  Mohammad Mostafanejad,  J. W. Mullinax,  K. J. Oosterbaan,  
 G. Paran,  V. Parravicini,  Alexander C. Paul,  Suranjan K. Paul,  
 F. Pavosevic,  Zheng Pei,  S. Prager,  E. I. Proynov,  E. Ramos,  B. Rana,  
 A. E. Rask,  A. Rettig,  R. M. Richard,  F. Rob,  E. Rossomme,  T. Scheele,  
 M. Scheurer,  M. Schneider,  P. E. Schneider,  Tim K. Schramm,  N. Sergueev,  
 S. M. Sharada,  M. Sharma,  Hengyuan Shen,  W. Skomorowski,  D. W. Small,  
 C. J. Stein,  Alistair J. Sterling,  Yingli Su,  Yu-Chuan Su,  
 E. J. Sundstrom,  J. Talbot,  Zhen Tao,  J. Thirman,  Hung-Yi Tsai,  
 T. Tsuchimochi,  N. M. Tubman,  C. Utku,  S. P. Veccham,  O. Vydrov,  
 J. Wenzel,  Jonathan Wong,  J. Witte,  A. Yamada,  Chou-Hsun Yang,  Kun Yao,  
 S. Yeganeh,  S. R. Yost,  A. Zech,  F. Zeller,  Igor Ying Zhang,  
 Xing Zhang,  Yu Zhang,  D. Zuev,  A. Aspuru-Guzik,  A. T. Bell,  
 N. A. Besley,  K. B. Bravaya,  B. R. Brooks,  D. Casanova,  Jeng-Da Chai,  
 Hsing-Ta Chen,  S. Coriani,  C. J. Cramer,  A. E. DePrince, III,  
 R. A. DiStasio Jr.,  A. Dreuw,  B. D. Dunietz,  T. R. Furlani,  
 W. A. Goddard III,  S. Grimme,  S. Hammes-Schiffer,  T. Head-Gordon,  
 W. J. Hehre,  Chao-Ping Hsu,  T.-C. Jagau,  Yousung Jung,  A. Klamt,  
 Jing Kong,  D. S. Lambrecht,  Xiangyuan Li,  WanZhen Liang,  N. J. Mayhall,  
 C. W. McCurdy,  J. B. Neaton,  T. Neudecker,  C. Ochsenfeld,  
 J. A. Parkhill,  R. Peverati,  V. A. Rassolov,  Haisheng Ren,  Yihan Shao,  
 L. V. Slipchenko,  R. P. Steele,  J. E. Subotnik,  A. J. W. Thom,  
 A. Tkatchenko,  D. G. Truhlar,  T. Van Voorhis,  Fan Wang,  
 T. A. Wesolowski,  K. B. Whaley,  H. L. Woodcock III,  P. M. Zimmerman,  
 S. Faraji,  P. M. W. Gill,  M. Head-Gordon,  J. M. Herbert,  A. I. Krylov

 Contributors to earlier versions of Q-Chem not listed above: 
 R. D. Adamson,  B. Austin,  R. Baer,  J. Baker,  G. J. O. Beran,  
 K. Brandhorst,  S. T. Brown,  E. F. C. Byrd,  Arup K. Chakraborty,  
 G. K. L. Chan,  Chun-Min Chang,  Yunqing Chen,  C.-L. Cheng,  
 Siu Hung Chien,  D. M. Chipman,  D. L. Crittenden,  H. Dachsel,  
 R. J. Doerksen,  A. D. Dutoi,  R. G. Edgar,  J. Fosso-Tande,  
 L. Fusti-Molnar,  D. Ghosh,  A. Ghysels,  A. Golubeva-Zadorozhnaya,  
 J. Gonthier,  M. S. Gordon,  S. R. Gwaltney,  G. Hawkins,  J. E. Herr,  
 A. Heyden,  S. Hirata,  E. G. Hohenstein,  G. Kedziora,  F. J. Keil,  
 C. Kelley,  Jihan Kim,  R. A. King,  R. Z. Khaliullin,  P. P. Korambath,  
 W. Kurlancheek,  A. Laurent,  A. M. Lee,  M. S. Lee,  S. V. Levchenko,  
 Ching Yeh Lin,  D. Liotard,  E. Livshits,  R. C. Lochan,  I. Lotan,  
 L. A. Martinez-Martinez,  P. E. Maslen,  N. Nair,  D. P. O'Neill,  
 D. Neuhauser,  E. Neuscamman,  C. M. Oana,  R. Olivares-Amaya,  R. Olson,  
 T. M. Perrine,  B. Peters,  P. A. Pieniazek,  A. Prociuk,  Y. M. Rhee,  
 J. Ritchie,  M. A. Rohrdanz,  E. Rosta,  N. J. Russ,  H. F. Schaefer III,  
 M. W. Schmidt,  N. E. Schultz,  S. Sharma,  N. Shenvi,  C. D. Sherrill,  
 A. C. Simmonett,  A. Sodt,  T. Stein,  D. Stuck,  K. S. Thanthiriwatte,  
 V. Vanovschi,  L. Vogt,  Tao Wang,  A. Warshel,  M. A. Watson,  
 C. F. Williams,  Q. Wu,  X. Xu,  Jun Yang,  W. Zhang,  Yan Zhao

   Please cite Q-Chem as follows:
  "Software for the frontiers of quantum chemistry:
   An overview of developments in the Q-Chem 5 package"
   J. Chem. Phys. 155, 084801 (2021)
   https://doi.org/10.1063/5.0055522 (open access)

 Q-Chem 6.1.1 for Intel X86 EM64T Linux

 Parts of Q-Chem use Armadillo 9.900.5 (Nocturnal Misbehaviour).
 http://arma.sourceforge.net/

 Q-Chem begins on Mon Mar  4 15:40:10 2024  

 Host: 
0

     Scratch files written to /scratch/qchemscratch/qchem1114159//
 Jan1824 |scratch|qcdevops|jenkins|workspace|build_RNUM UKVU   
 Processing $rem in /opt/qchem/6.1/config/preferences:
 Processing $rem in /home/mm227274/.qchemrc:

 Q-Chem warning in module libgen/rem_setup.C, line 3361:

 Neither GIA nor STOLL is specified by user. Use STOLL as the default


 Checking the input file for inconsistencies... 	...done.

--------------------------------------------------------------
User input:
--------------------------------------------------------------
$molecule
-1 1
--
0 1

O 0.7528425897435898 2.8705268717948718 0.31502553846153847
H 0.4271025897435898 2.194306871794872 0.9535655384615385
H 0.9191825897435898 2.278566871794872 -0.4395544615384615
--
-1 1

H          2.49032        0.32053        0.43225
H          2.50306       -1.28947       -0.34304
H         -2.65786        0.84471        0.49215
H         -1.48999        1.61142       -0.59647
C         -2.18364        0.77403       -0.49118
C          2.27687       -0.22919       -0.49128
H          2.89770        0.17022       -1.29863
H         -2.94793        0.82858       -1.27209
O         -0.18603        0.21862        1.44009
O          0.09972       -2.19053        0.36566
O         -1.53082       -0.48622       -0.65356
O          0.91387       -0.05895       -0.88121
P         -0.16420       -0.72104        0.24952
$end

$rem
JOBTYPE          eda
EDA2             2
METHOD           b97m-v
BASIS            aug-cc-pvtz
SCF_CONVERGENCE  8
THRESH           14
SYMMETRY         false
DISP_FREE_X      revPBE
DISP_FREE_C      PBE
EDA_BSSE         true
$end
--------------------------------------------------------------
 ----------------------------------------------------------------
             Standard Nuclear Orientation (Angstroms)
    I     Atom           X                Y                Z
 ----------------------------------------------------------------
    1      O      -2.8393242144     0.7704800825    -0.2518734611
    2      H      -2.1027437993     0.7196253197    -0.9045421771
    3      H      -2.3948286106     0.3275193329     0.4922273696
    4      H      -1.4957156829    -2.0053352240    -0.4087774760
    5      H      -0.0916877542    -2.8220931161     0.3361715242
    6      H       0.6120466995     2.7205418099    -0.4831683017
    7      H      -0.6139051128     2.0837810163     0.6251799789
    8      C       0.4555480224     2.2689318063     0.5008920259
    9      C      -0.8955887235    -2.0987934397     0.5032388815
   10      H      -1.5359490107    -2.4425581625     1.3208798647
   11      H       0.8033691090     2.9547906889     1.2790651555
   12      O      -0.0935603853     0.2701847435    -1.4310033979
   13      O       1.8729944941    -1.1828078010    -0.4006970446
   14      O       1.2261962229     1.0744535569     0.6426465395
   15      O      -0.3572596432    -0.8340674986     0.8898474142
   16      P       0.7324857717    -0.2228697687    -0.2582121189
 ----------------------------------------------------------------
 Molecular Point Group                 C1    NOp =  1
 Largest Abelian Subgroup              C1    NOp =  1
 Nuclear Repulsion Energy =         539.97894255 hartrees
 There are       38 alpha and       38 beta electrons
 Requested basis set is aug-cc-pVTZ
 There are 186 shells and 556 basis functions

 Total QAlloc Memory Limit  16000 MB
 Mega-Array Size       188 MB
 MEM_STATIC part       192 MB

 A cutoff of  1.0D-14 yielded  16728 shell pairs
 There are    148998 function pairs (    200111 Cartesian)
 Smallest overlap matrix eigenvalue = 1.87E-05

 Scale SEOQF with 1.000000e-01/1.000000e-01/1.000000e-01

 Standard Electronic Orientation quadrupole field applied
 Nucleus-field energy     =     0.0000000100 hartrees

 -----------------------------------------------------------------------
  General SCF calculation program by
  Eric Jon Sundstrom, Paul Horn, Yuezhi Mao, Dmitri Zuev, Alec White,
  David Stuck, Shaama M.S., Shane Yost, Joonho Lee, David Small,
  Daniel Levine, Susi Lehtola, Hugh Burton, Evgeny Epifanovsky,
  Bang C. Huynh
 -----------------------------------------------------------------------
================================================================
                 ALMO-EDA with the EDA2 driver                  
================================================================
 The second-generation ALMO-EDA (for DFT):                      
 P. R. Horn, Y. Mao and M. Head-Gordon, PCCP, 18, 23067 (2016)  
 Y. Mao et al. Annu. Rev. Phys. Chem. 72, 641 (2021)            
 Decomposition of the frozen energy:                            
 P. R. Horn, Y. Mao and M. Head-Gordon, JCP, 144, 114107 (2016) 
================================================================
 Using eda2 option set 2
 Option set summary: Frozen orbital wavefunction, initial wavefunction decomposition, and traditional AO-based POL.
--------------------------------
Printing EDA Options
--------------------------------
eda_child_super_basis      0
fragmo_guess_mode          0
child_mp                   0
child_mp_orders            0
cls_elec                   1
cls_disp                   0
scfmi_mode                 1
scfmi_occs                 0
scfmi_virts                0
frz_relax                  0
frz_relax_method           0
dc_pen_start               0
dc_pen_conv                0
dc_pen_increment           0
dc_pen_steps               0
dc_pen_thresh_factor       0
dc_pen_pre_newton_thresh   0
frz_ortho_decomp           1
frz_ortho_decomp_conv      6
plot_mo_ortho_frz          0
frgm_method                2
scfmi_freeze_ss            0
separate_rehyb             0
plot_diff_den              0
eda_nocv                   0
eda_vct_relax              1
disp_free_x                33
disp_free_c                25
eda_bsse                   1
eda_pct_a                  0
eda_covp                   0
eda_vct_a                  0
--------------------------------
 Attempting to make child job directory: /scratch/qchemscratch/qchem1114159//Frg1/
 Attempting to make child job directory: /scratch/qchemscratch/qchem1114159//Frg2/
 Creating input file /scratch/qchemscratch/qchem1114159/Frg1.input
 using default PutDataFrgm: nothing
 calling putenv with: QCSCRATCH=/scratch/qchemscratch/qchem1114159/ 
 Spawning Job For Fragment 0
 Done Job For Fragment 0
 calling putenv with: QCSCRATCH=/scratch/qchemscratch 
 calling putenv with: QCTHREADS=1 
 Creating input file /scratch/qchemscratch/qchem1114159/Frg2.input
 using default PutDataFrgm: nothing
 calling putenv with: QCSCRATCH=/scratch/qchemscratch/qchem1114159/ 
 Spawning Job For Fragment 1
 Done Job For Fragment 1
 calling putenv with: QCSCRATCH=/scratch/qchemscratch 
 calling putenv with: QCTHREADS=1 
Doing General SCFMI
 Exchange:  B97M-V      Correlation:  B97M-V
 Using SG-2 standard quadrature grid
 Nonlocal Correlation:  VV10 with C = 0.0100 and b = 6.00 and scale = 1.00000
 Grid used for NLC:  SG-1 standard quadrature
performing fock build before subrot guess so that all methods have access
Printing subrot_rss_gen Method Specification:
Occupied Subspace Method is 0
Virtual Subspace Method is 0
Energy of the unrelaxed supersystem initial determinant -798.653568796558
write pseudocanon occs and virts to disk
write pseudocanon orbital energies to disk
Tolerance of ortho_decomp_scf: 1.00e-06
GDM subspace size: 20
Beginning the Orthogonal Decomposition of the Initial Supersystem Wavefunction
    1    -798.5854435216      8.33e-02     ortho_decomp Preconditoned Steepest Descent
    2    -798.5914863057      2.06e-04     ortho_decomp BFGS Step
    3    -798.5914865031      1.72e-06     ortho_decomp BFGS Step
    4    -798.5914865031      9.64e-09     ortho_decomp 00000 Convergence criterion met
 Exchange:  revPBE      Correlation:  PBE
 Using SG-2 standard quadrature grid
 Exchange:  revPBE      Correlation:  PBE
 Using SG-2 standard quadrature grid
 Exchange:  revPBE      Correlation:  PBE
 Using SG-2 standard quadrature grid
Doing General SCFMI
 Exchange:  B97M-V      Correlation:  B97M-V
 Using SG-2 standard quadrature grid
 Nonlocal Correlation:  VV10 with C = 0.0100 and b = 6.00 and scale = 1.00000
 Grid used for NLC:  SG-1 standard quadrature
performing fock build at end of subrot_r(subrot) constructor so that all methods have access
<S^2> of initial wavefunction before polarization iterations 0.0000000000
Beginning iterations for the determination of the polarized wavefunction
Energy prior to optimization (guess energy) = -798.653568796558
Begin Timing: Total SCF Calculation
begin iterations for algorithm: DIIS         
the SCF tolerance is set to 1.00e-08
    1    -798.6535687966      1.34e-04     00000 
    2    -798.6577447434      5.86e-05     00000 
    3    -798.6579226152      4.91e-05     00000 
    4    -798.6580956463      2.23e-05     00000 
    5    -798.6581360632      4.60e-06     00000 
    6    -798.6581373425      3.25e-06     00000 
    7    -798.6581382073      1.05e-06     00000 
    8    -798.6581382994      4.79e-07     00000 
    9    -798.6581383163      2.70e-07     00000 
   10    -798.6581383213      1.26e-07     00000 
   11    -798.6581383221      6.51e-08     00000 
   12    -798.6581383223      3.28e-08     00000 
   13    -798.6581383224      1.61e-08     00000 
   14    -798.6581383224      3.79e-09     00000 Convergence criterion met
write pseudocanon occs and virts to disk
write pseudocanon orbital energies to disk
Timing for Total SCF: 2010.00s (wall), 2002.29s (cpu)
<S^2> of polarized wavefunction after polarization iterations 0.0000000000
relaxing scfmi constraint to allow all rotations in the entire AO span
Doing General SCFMI
 Exchange:  B97M-V      Correlation:  B97M-V
 Using SG-2 standard quadrature grid
 Nonlocal Correlation:  VV10 with C = 0.0100 and b = 6.00 and scale = 1.00000
 Grid used for NLC:  SG-1 standard quadrature
performing fock build at end of subrot_r(subrot) constructor so that all methods have access
<S^2> of polarized wavefunction before ct-allowed iterations 0.0000000000
Beginning iterations for the determination of the CT-Allowed wavefunction
Energy prior to optimization (guess energy) = -798.658138322425
Begin Timing: Total SCF Calculation
begin iterations for algorithm: DIIS         
the SCF tolerance is set to 1.00e-08
    1    -798.6581383224      1.37e-04     00000 
    2    -798.6621235487      1.62e-05     00000 
    3    -798.6620693600      2.81e-05     00000 
    4    -798.6621604634      4.65e-06     00000 
    5    -798.6621629747      2.15e-06     00000 
    6    -798.6621634581      7.71e-07     00000 
    7    -798.6621635224      1.90e-07     00000 
    8    -798.6621635259      9.47e-08     00000 
    9    -798.6621635268      3.07e-08     00000 
   10    -798.6621635269      6.71e-09     00000 Convergence criterion met
write pseudocanon occs and virts to disk
write pseudocanon orbital energies to disk
Timing for Total SCF: 1254.00s (wall), 1250.03s (cpu)
<S^2> of ct_allowed wavefunction after ct-allowed iterations 0.0000000000
 Attempting to make child job directory: /scratch/qchemscratch/qchem1114159//FrgBSSE1/
 Attempting to make child job directory: /scratch/qchemscratch/qchem1114159//FrgBSSE2/
 Creating input file /scratch/qchemscratch/qchem1114159/FrgBSSE1.input
 calling putenv with: QCSCRATCH=/scratch/qchemscratch/qchem1114159/ 
 Spawning Job For Fragment 0
 Done Job For Fragment 0
 calling putenv with: QCSCRATCH=/scratch/qchemscratch 
 calling putenv with: QCTHREADS=1 
 Creating input file /scratch/qchemscratch/qchem1114159/FrgBSSE2.input
 calling putenv with: QCSCRATCH=/scratch/qchemscratch/qchem1114159/ 
 Spawning Job For Fragment 1
 Done Job For Fragment 1
 calling putenv with: QCSCRATCH=/scratch/qchemscratch 
 calling putenv with: QCTHREADS=1 
====================================================================
   Evaluating the BSSE with fragment SCF in the supersystem basis
   Fragment contributions (kJ/mol) 
   Frgm 1: 0.1350
   Frgm 2: 0.5105
   BSSE (kJ/mol) = 0.6455
====================================================================

================================
        Results of EDA2         
================================
Basic EDA Quantities
--------------------
Fragment Energies (Ha):
1  -76.4314418110
2 -722.2053533604
--------------------
  E_prp (kJ/mol) = 0.0000
  E_frz (kJ/mol) = -44.0397
  E_pol (kJ/mol) = -11.9974
  E_vct (kJ/mol) = -9.9228 (CP-corrected)
  E_int (kJ/mol) = -65.9600 (CP-corrected)
--------------------


Decomposition of frozen interaction energy
--------------------
  --------------------
  Orthogonal Frozen Decomposition:
  --------------------
     E_elec   (ELEC)   (kJ/mol) = -119.4118
     E_pauli  (PAULI)  (kJ/mol) = 95.6435
     E_disp   (DISP)   (kJ/mol) = -20.2714
  --------------------
  Classical Frozen Decomposition:
  --------------------
     E_cls_elec  (CLS ELEC)  (kJ/mol) = -70.5287
     E_mod_pauli (MOD PAULI) (kJ/mol) = 46.7604 (FRZ - CLS ELEC - DISP)
     E_disp      (DISP)      (kJ/mol) = -20.2714
  --------------------
--------------------

Simplified EDA Summary (kJ/mol)
--------------------
 PREPARATION      0.0000
 FROZEN           -44.0397 (ELEC + PAULI + DISP)
[ELEC + PAULI = -23.7683, DISP = -20.2714]
 POLARIZATION    -11.9974
 CHARGE TRANSFER -9.9228     (counterpoise-corrected)
 TOTAL           -65.9600     (PRP + FRZ + POL + CT)
--------------------
 
 --------------------------------------------------------------
 
                    Orbital Energies (a.u.)
 --------------------------------------------------------------
 
 Alpha MOs
 -- Occupied --
-77.0999 -19.0128 -19.0099 -19.0049 -18.9340 -18.9292 -10.0867 -10.0865
 -6.5005  -4.5760  -4.5742  -4.5701  -0.8900  -0.8528  -0.8472  -0.7843
 -0.7527  -0.5347  -0.5169  -0.3734  -0.3299  -0.3210  -0.2885  -0.2835
 -0.2762  -0.2623  -0.2452  -0.2208  -0.1900  -0.1750  -0.1637  -0.1363
 -0.1257  -0.1209  -0.1100  -0.0970  -0.0829  -0.0676
 -- Virtual --
  0.0875   0.0931   0.1122   0.1136   0.1222   0.1267   0.1296   0.1440
  0.1511   0.1645   0.1694   0.1719   0.1753   0.1758   0.1881   0.1947
  0.1993   0.2036   0.2139   0.2185   0.2212   0.2325   0.2345   0.2418
  0.2451   0.2542   0.2592   0.2646   0.2666   0.2693   0.2721   0.2858
  0.2906   0.2998   0.3052   0.3128   0.3151   0.3159   0.3234   0.3302
  0.3369   0.3459   0.3495   0.3524   0.3582   0.3609   0.3679   0.3685
  0.3768   0.3800   0.3847   0.3895   0.3936   0.4031   0.4051   0.4148
  0.4181   0.4223   0.4252   0.4375   0.4464   0.4471   0.4582   0.4627
  0.4671   0.4702   0.4740   0.4827   0.4900   0.4927   0.5004   0.5081
  0.5115   0.5251   0.5300   0.5334   0.5434   0.5495   0.5542   0.5630
  0.5648   0.5742   0.5772   0.5824   0.5884   0.5910   0.5984   0.6056
  0.6102   0.6167   0.6329   0.6354   0.6467   0.6543   0.6645   0.6764
  0.6805   0.7029   0.7135   0.7227   0.7311   0.7410   0.7592   0.7623
  0.7680   0.7762   0.7817   0.7937   0.7997   0.8135   0.8219   0.8262
  0.8401   0.8508   0.8566   0.8585   0.8725   0.8788   0.8863   0.8890
  0.8981   0.9045   0.9199   0.9218   0.9284   0.9415   0.9479   0.9513
  0.9548   0.9587   0.9688   0.9738   0.9943   0.9967   1.0082   1.0138
  1.0154   1.0274   1.0382   1.0403   1.0512   1.0578   1.0614   1.0631
  1.0690   1.0790   1.0871   1.0993   1.1044   1.1103   1.1186   1.1204
  1.1300   1.1364   1.1441   1.1537   1.1637   1.1672   1.1737   1.1887
  1.1946   1.1971   1.2042   1.2180   1.2226   1.2257   1.2281   1.2403
  1.2466   1.2514   1.2686   1.2750   1.2854   1.2893   1.2940   1.3129
  1.3256   1.3364   1.3488   1.3552   1.3645   1.3741   1.3968   1.4116
  1.4194   1.4241   1.4305   1.4354   1.4449   1.4580   1.4651   1.4781
  1.4805   1.4987   1.5167   1.5285   1.5366   1.5497   1.5636   1.5702
  1.5815   1.5901   1.6075   1.6156   1.6315   1.6374   1.6435   1.6487
  1.6567   1.6617   1.6764   1.6820   1.6913   1.7159   1.7222   1.7289
  1.7387   1.7411   1.7471   1.7566   1.7832   1.7895   1.8032   1.8161
  1.8192   1.8284   1.8518   1.8591   1.8729   1.8925   1.9035   1.9081
  1.9195   1.9321   1.9446   1.9607   1.9749   1.9823   1.9877   2.0116
  2.0179   2.0327   2.0483   2.0513   2.0558   2.0771   2.0997   2.1016
  2.1083   2.1214   2.1325   2.1491   2.1734   2.1761   2.1952   2.2070
  2.2192   2.2489   2.2694   2.2875   2.3015   2.3066   2.3232   2.3414
  2.3552   2.3607   2.3696   2.3883   2.4146   2.4230   2.4421   2.4483
  2.4634   2.4695   2.4933   2.4984   2.5136   2.5346   2.5485   2.5634
  2.5664   2.5848   2.5926   2.6116   2.6207   2.6329   2.6534   2.6670
  2.6751   2.6764   2.6834   2.7071   2.7094   2.7239   2.7478   2.7601
  2.7754   2.7768   2.8090   2.8319   2.8550   2.8661   2.8776   2.8867
  2.9076   2.9266   2.9446   2.9625   2.9767   2.9963   3.0078   3.0280
  3.0567   3.0882   3.1014   3.1298   3.1531   3.1666   3.1906   3.2258
  3.2303   3.2487   3.2561   3.2827   3.3227   3.3361   3.3423   3.3809
  3.3961   3.4107   3.4391   3.4484   3.4784   3.4888   3.5310   3.5535
  3.5581   3.5699   3.5829   3.6137   3.6333   3.6474   3.6741   3.6890
  3.7007   3.7195   3.7427   3.7639   3.7915   3.7969   3.8090   3.8264
  3.8436   3.8672   3.9045   3.9149   3.9573   3.9904   4.0105   4.0292
  4.0526   4.0792   4.0960   4.1134   4.1612   4.1728   4.2008   4.2078
  4.2200   4.2334   4.2569   4.2712   4.2831   4.3211   4.3243   4.3534
  4.3873   4.4276   4.4306   4.4494   4.4862   4.4997   4.5413   4.5521
  4.5568   4.5725   4.6003   4.6262   4.6455   4.6626   4.6732   4.6813
  4.7146   4.7369   4.7724   4.7904   4.8017   4.8170   4.8502   4.8607
  4.8830   4.9070   4.9161   4.9404   4.9747   4.9839   5.0742   5.1315
  5.1433   5.1565   5.1751   5.1959   5.2207   5.2236   5.2348   5.2978
  5.3365   5.3434   5.3687   5.3735   5.3910   5.4146   5.4260   5.4376
  5.5085   5.5471   5.5562   5.5809   5.5975   5.6079   5.6365   5.6401
  5.6528   5.6824   5.7064   5.7554   5.9162   5.9382   6.0729   6.0851
  6.1161   6.1272   6.2517   6.2841   6.4026   6.5040   6.6167   6.6377
  6.6532   6.6648   6.7154   6.7437   6.7836   6.8145   6.8398   6.8473
  6.8530   6.8835   6.9051   6.9127   6.9216   6.9450   6.9528   6.9635
  6.9924   7.0065   7.0241   7.0360   7.0515   7.0634   7.0720   7.0930
  7.1078   7.1376   7.1477   7.1609   7.1755   7.2207   7.2246   7.2378
  7.2569   7.2591   7.2766   7.2875   7.3135   7.3340   7.3440   7.3717
  7.3873   7.3944   7.4129   7.4284   7.4354   7.4899   7.5320   7.5721
  7.6328   7.6490   7.6592   7.6890   7.7369   7.7502   7.7891   7.9348
  7.9612   7.9953   8.0208   8.0347   8.1077   8.7802  11.0320  12.5353
 13.3144  14.5014  14.9964  16.0092  17.6510  17.8598
 --------------------------------------------------------------
 
          Ground-State Mulliken Net Atomic Charges

     Atom                 Charge (a.u.)
  ----------------------------------------
      1 O                    -0.661801
      2 H                     0.331672
      3 H                     0.292290
      4 H                     0.365426
      5 H                     0.404758
      6 H                     0.314879
      7 H                     0.374505
      8 C                    -0.876656
      9 C                    -1.011599
     10 H                     0.389731
     11 H                     0.405427
     12 O                    -0.878351
     13 O                    -0.913639
     14 O                    -0.517267
     15 O                    -0.522351
     16 P                     1.502975
  ----------------------------------------
  Sum of atomic charges =    -1.000000

 -----------------------------------------------------------------
                    Cartesian Multipole Moments
 -----------------------------------------------------------------
    Charge (ESU x 10^10)
                -4.8032
    Dipole Moment (Debye)
         X      -1.6149      Y       0.7447      Z       2.5181
       Tot       3.0827
    Quadrupole Moments (Debye-Ang)
        XX     -81.8765     XY       9.0477     YY     -61.3039
        XZ      -1.2821     YZ      -0.5044     ZZ     -65.2094
    Octopole Moments (Debye-Ang^2)
       XXX      22.3334    XXY      -2.5737    XYY      -4.2162
       YYY       3.6168    XXZ       7.4017    XYZ      -3.5591
       YYZ       1.6099    XZZ      -4.9199    YZZ       1.3097
       ZZZ       7.3206
    Hexadecapole Moments (Debye-Ang^3)
      XXXX    -889.7601   XXXY      57.0355   XXYY    -263.6768
      XYYY      11.4189   YYYY    -705.4123   XXXZ     -14.0660
      XXYZ      -8.6394   XYYZ       4.0383   YYYZ      -3.3238
      XXZZ    -146.6065   XYZZ      -1.8599   YYZZ    -155.1912
      XZZZ       3.5390   YZZZ       0.3401   ZZZZ    -252.8549
 -----------------------------------------------------------------
 Total job time:  9826.54s(wall), 6010.06s(cpu) 
 Mon Mar  4 18:23:57 2024

        *************************************************************
        *                                                           *
        *  Thank you very much for using Q-Chem.  Have a nice day.  *
        *                                                           *
        *************************************************************


