
Running Job 1 of 1 DMP_gt_10_1.0_jun.inp
qchem DMP_gt_10_1.0_jun.inp_2094006.0 /scratch/qchemscratch/qchem2094006/ 1
/opt/qchem/6.1/exe/qcprog.exe_s DMP_gt_10_1.0_jun.inp_2094006.0 /scratch/qchemscratch/qchem2094006/
                  Welcome to Q-Chem
     A Quantum Leap Into The Future Of Chemistry


 Q-Chem 6.1, Q-Chem, Inc., Pleasanton, CA (2023)

 License issued to: SRG Pengyu Ren, University of Texas at Austin

 E. Epifanovsky,  A. T. B. Gilbert,  Xintian Feng,  Joonho Lee,  Yuezhi Mao,  
 N. Mardirossian,  P. Pokhilko,  A. White,  M. Wormit,  M. P. Coons,  
 A. L. Dempwolff,  Zhengting Gan,  D. Hait,  P. R. Horn,  L. D. Jacobson,  
 I. Kaliman,  J. Kussmann,  A. W. Lange,  Ka Un Lao,  D. S. Levine,  Jie Liu,  
 S. C. McKenzie,  A. F. Morrison,  K. D. Nanda,  F. Plasser,  D. R. Rehn,  
 M. L. Vidal,  Zhi-Qiang You,  Ying Zhu,  B. Alam,  B. Albrecht,  
 A. Aldossary,  E. Alguire,  J. H. Andersen,  V. Athavale,  D. Barton,  
 K. Begam,  A. Behn,  N. Bellonzi,  Y. A. Bernard,  E. J. Berquist,  
 H. Burton,  A. Carreras,  K. Carter-Fenk,  Mathew Chow,  Romit Chakraborty,  
 Chandrima Chakravarty,  Junhan Chen,  A. D. Chien,  K. D. Closser,  
 V. Cofer-Shabica,  L. Cunha,  S. Dasgupta,  Jia Deng,  M. de Wergifosse,  
 M. Diedenhofen,  Hainam Do,  S. Ehlert,  Po-Tung Fang,  S. Fatehi,  
 Qingguo Feng,  T. Friedhoff,  Thomas Froitzheim,  B. Ganoe,  J. Gayvert,  
 Qinghui Ge,  G. Gidofalvi,  M. Gimferrer,  M. Goldey,  Montgomery Gray,  
 J. Gomes,  C. Gonzalez-Espinoza,  S. Gulania,  A. Gunina,  J. A. Gyamfi,  
 M. W. D. Hanson-Heine,  P. H. P. Harbach,  A. W. Hauser,  M. F. Herbst,  
 M. Hernandez Vera,  M. Hodecker,  Z. C. Holden,  S. Houck,  Xunkun Huang,  
 Kerwin Hui,  B. C. Huynh,  K. Ikeda,  M. Ivanov,  Hyunjun Ji,  Zuxin Jin,  
 Hanjie Jiang,  Subrata Jana,  B. Kaduk,  S. Kaehler,  R. Kang,  
 K. Khistyaev,  Jaehoon Kim,  Yongbin Kim,  P. Klunzinger,  Z. Koczor-Benda,  
 Joong Hoon Koh,  D. Kosenkov,  Saikiran Kotaru,  L. Koulias,  T. Kowalczyk,  
 C. M. Krauter,  K. Kue,  A. Kunitsa,  T. Kus,  A. Landau,  K. V. Lawler,  
 D. Lefrancois,  S. Lehtola,  Rain Li,  Shaozhi Li,  Yi-Pei Li,  
 Jiashu Liang,  M. Liebenthal,  Hung-Hsuan Lin,  You-Sheng Lin,  Fenglai Liu,  
 Kuan-Yu Liu,  Xiao Liu,  M. Loipersberger,  A. Luenser,  C. Malbon,  
 A. Manjanath,  P. Manohar,  E. Mansoor,  S. F. Manzer,  Shan-Ping Mao,  
 A. V. Marenich,  T. Markovich,  S. Mason,  F. Matz,  S. A. Maurer,  
 P. F. McLaughlin,  M. F. S. J. Menger,  J.-M. Mewes,  S. A. Mewes,  
 P. Morgante,  Mohammad Mostafanejad,  J. W. Mullinax,  K. J. Oosterbaan,  
 G. Paran,  V. Parravicini,  Alexander C. Paul,  Suranjan K. Paul,  
 F. Pavosevic,  Zheng Pei,  S. Prager,  E. I. Proynov,  E. Ramos,  B. Rana,  
 A. E. Rask,  A. Rettig,  R. M. Richard,  F. Rob,  E. Rossomme,  T. Scheele,  
 M. Scheurer,  M. Schneider,  P. E. Schneider,  Tim K. Schramm,  N. Sergueev,  
 S. M. Sharada,  M. Sharma,  Hengyuan Shen,  W. Skomorowski,  D. W. Small,  
 C. J. Stein,  Alistair J. Sterling,  Yingli Su,  Yu-Chuan Su,  
 E. J. Sundstrom,  J. Talbot,  Zhen Tao,  J. Thirman,  Hung-Yi Tsai,  
 T. Tsuchimochi,  N. M. Tubman,  C. Utku,  S. P. Veccham,  O. Vydrov,  
 J. Wenzel,  Jonathan Wong,  J. Witte,  A. Yamada,  Chou-Hsun Yang,  Kun Yao,  
 S. Yeganeh,  S. R. Yost,  A. Zech,  F. Zeller,  Igor Ying Zhang,  
 Xing Zhang,  Yu Zhang,  D. Zuev,  A. Aspuru-Guzik,  A. T. Bell,  
 N. A. Besley,  K. B. Bravaya,  B. R. Brooks,  D. Casanova,  Jeng-Da Chai,  
 Hsing-Ta Chen,  S. Coriani,  C. J. Cramer,  A. E. DePrince, III,  
 R. A. DiStasio Jr.,  A. Dreuw,  B. D. Dunietz,  T. R. Furlani,  
 W. A. Goddard III,  S. Grimme,  S. Hammes-Schiffer,  T. Head-Gordon,  
 W. J. Hehre,  Chao-Ping Hsu,  T.-C. Jagau,  Yousung Jung,  A. Klamt,  
 Jing Kong,  D. S. Lambrecht,  Xiangyuan Li,  WanZhen Liang,  N. J. Mayhall,  
 C. W. McCurdy,  J. B. Neaton,  T. Neudecker,  C. Ochsenfeld,  
 J. A. Parkhill,  R. Peverati,  V. A. Rassolov,  Haisheng Ren,  Yihan Shao,  
 L. V. Slipchenko,  R. P. Steele,  J. E. Subotnik,  A. J. W. Thom,  
 A. Tkatchenko,  D. G. Truhlar,  T. Van Voorhis,  Fan Wang,  
 T. A. Wesolowski,  K. B. Whaley,  H. L. Woodcock III,  P. M. Zimmerman,  
 S. Faraji,  P. M. W. Gill,  M. Head-Gordon,  J. M. Herbert,  A. I. Krylov

 Contributors to earlier versions of Q-Chem not listed above: 
 R. D. Adamson,  B. Austin,  R. Baer,  J. Baker,  G. J. O. Beran,  
 K. Brandhorst,  S. T. Brown,  E. F. C. Byrd,  Arup K. Chakraborty,  
 G. K. L. Chan,  Chun-Min Chang,  Yunqing Chen,  C.-L. Cheng,  
 Siu Hung Chien,  D. M. Chipman,  D. L. Crittenden,  H. Dachsel,  
 R. J. Doerksen,  A. D. Dutoi,  R. G. Edgar,  J. Fosso-Tande,  
 L. Fusti-Molnar,  D. Ghosh,  A. Ghysels,  A. Golubeva-Zadorozhnaya,  
 J. Gonthier,  M. S. Gordon,  S. R. Gwaltney,  G. Hawkins,  J. E. Herr,  
 A. Heyden,  S. Hirata,  E. G. Hohenstein,  G. Kedziora,  F. J. Keil,  
 C. Kelley,  Jihan Kim,  R. A. King,  R. Z. Khaliullin,  P. P. Korambath,  
 W. Kurlancheek,  A. Laurent,  A. M. Lee,  M. S. Lee,  S. V. Levchenko,  
 Ching Yeh Lin,  D. Liotard,  E. Livshits,  R. C. Lochan,  I. Lotan,  
 L. A. Martinez-Martinez,  P. E. Maslen,  N. Nair,  D. P. O'Neill,  
 D. Neuhauser,  E. Neuscamman,  C. M. Oana,  R. Olivares-Amaya,  R. Olson,  
 T. M. Perrine,  B. Peters,  P. A. Pieniazek,  A. Prociuk,  Y. M. Rhee,  
 J. Ritchie,  M. A. Rohrdanz,  E. Rosta,  N. J. Russ,  H. F. Schaefer III,  
 M. W. Schmidt,  N. E. Schultz,  S. Sharma,  N. Shenvi,  C. D. Sherrill,  
 A. C. Simmonett,  A. Sodt,  T. Stein,  D. Stuck,  K. S. Thanthiriwatte,  
 V. Vanovschi,  L. Vogt,  Tao Wang,  A. Warshel,  M. A. Watson,  
 C. F. Williams,  Q. Wu,  X. Xu,  Jun Yang,  W. Zhang,  Yan Zhao

   Please cite Q-Chem as follows:
  "Software for the frontiers of quantum chemistry:
   An overview of developments in the Q-Chem 5 package"
   J. Chem. Phys. 155, 084801 (2021)
   https://doi.org/10.1063/5.0055522 (open access)

 Q-Chem 6.1.1 for Intel X86 EM64T Linux

 Parts of Q-Chem use Armadillo 9.900.5 (Nocturnal Misbehaviour).
 http://arma.sourceforge.net/

 Q-Chem begins on Mon Apr 15 16:21:01 2024  

 Host: 
0

     Scratch files written to /scratch/qchemscratch/qchem2094006//
 Jan1824 |scratch|qcdevops|jenkins|workspace|build_RNUM UKVU   
 Processing $rem in /opt/qchem/6.1/config/preferences:
 Processing $rem in /home/mm227274/.qchemrc:

 Q-Chem warning in module libgen/rem_setup.C, line 3361:

 Neither GIA nor STOLL is specified by user. Use STOLL as the default


 Checking the input file for inconsistencies... 	...done.

--------------------------------------------------------------
User input:
--------------------------------------------------------------
$molecule
-1 1
--
0 1

O          2.99042        0.68515        0.66401
H          2.77944        0.38161       -0.23391
H          2.07795        0.83460        1.00631
--
-1 1

H          0.12648       -2.37084        0.27838
C          1.03399       -1.87115       -0.07295
H         -2.11701       -0.01440        1.83984
H         -2.99279        0.84304        0.54764
C         -2.57652       -0.12512        0.85320
H          1.62668       -2.57221       -0.66825
H          1.62163       -1.52727        0.78062
H         -3.38895       -0.85690        0.89959
O          0.19938        0.72599        1.11009
O         -0.52744        1.41273       -1.34659
O          0.70721       -0.77942       -0.93597
O         -1.63456       -0.60573       -0.09822
P         -0.29054        0.38334       -0.28521
$end

$rem
JOBTYPE          eda
EDA2             2
METHOD           b97m-v
BASIS            jun-cc-pvdz
SCF_CONVERGENCE  8
THRESH           14
SYMMETRY         false
DISP_FREE_X      revPBE
DISP_FREE_C      PBE
EDA_BSSE         true
$end
--------------------------------------------------------------
 ----------------------------------------------------------------
             Standard Nuclear Orientation (Angstroms)
    I     Atom           X                Y                Z
 ----------------------------------------------------------------
    1      O      -2.9904162208    -0.6851571367     0.6640059003
    2      H      -2.7794366913    -0.3816128637    -0.2339127657
    3      H      -2.0779460147    -0.8346079797     1.0063049829
    4      H      -0.1264787385     2.3708368936     0.2783891406
    5      C      -1.0339884331     1.8711477818    -0.0729429118
    6      H       2.1170135270     0.0143915290     1.8398377897
    7      H       2.9927938744    -0.8430418687     0.5476336442
    8      C       2.5765231864     0.1251164045     0.8531981782
    9      H      -1.6266791406     2.5722100349    -0.6682395539
   10      H      -1.6216279420     1.5272634135     0.7806256664
   11      H       3.3889526191     0.8568968354     0.8995913162
   12      O      -0.1993760741    -0.7259969674     1.1100849979
   13      O       0.5274438396    -1.4127251581    -1.3465983288
   14      O      -0.7072077902     0.7794219869    -0.9359679878
   15      O       1.6345625620     0.6057300096    -0.0982193825
   16      P       0.2905432970    -0.3833401991    -0.2852135608
 ----------------------------------------------------------------
 Molecular Point Group                 C1    NOp =  1
 Largest Abelian Subgroup              C1    NOp =  1
 Nuclear Repulsion Energy =         541.37758238 hartrees
 There are       38 alpha and       38 beta electrons
 Requested basis set is jun-cc-pVDZ
 There are 90 shells and 188 basis functions

 Total QAlloc Memory Limit  16000 MB
 Mega-Array Size       188 MB
 MEM_STATIC part       192 MB

 A cutoff of  1.0D-14 yielded   3997 shell pairs
 There are     17363 function pairs (     18862 Cartesian)
 Smallest overlap matrix eigenvalue = 3.79E-04

 Scale SEOQF with 1.000000e-01/1.000000e-01/1.000000e-01

 Standard Electronic Orientation quadrupole field applied
 Nucleus-field energy     =     0.0000000068 hartrees

 -----------------------------------------------------------------------
  General SCF calculation program by
  Eric Jon Sundstrom, Paul Horn, Yuezhi Mao, Dmitri Zuev, Alec White,
  David Stuck, Shaama M.S., Shane Yost, Joonho Lee, David Small,
  Daniel Levine, Susi Lehtola, Hugh Burton, Evgeny Epifanovsky,
  Bang C. Huynh
 -----------------------------------------------------------------------
================================================================
                 ALMO-EDA with the EDA2 driver                  
================================================================
 The second-generation ALMO-EDA (for DFT):                      
 P. R. Horn, Y. Mao and M. Head-Gordon, PCCP, 18, 23067 (2016)  
 Y. Mao et al. Annu. Rev. Phys. Chem. 72, 641 (2021)            
 Decomposition of the frozen energy:                            
 P. R. Horn, Y. Mao and M. Head-Gordon, JCP, 144, 114107 (2016) 
================================================================
 Using eda2 option set 2
 Option set summary: Frozen orbital wavefunction, initial wavefunction decomposition, and traditional AO-based POL.
--------------------------------
Printing EDA Options
--------------------------------
eda_child_super_basis      0
fragmo_guess_mode          0
child_mp                   0
child_mp_orders            0
cls_elec                   1
cls_disp                   0
scfmi_mode                 1
scfmi_occs                 0
scfmi_virts                0
frz_relax                  0
frz_relax_method           0
dc_pen_start               0
dc_pen_conv                0
dc_pen_increment           0
dc_pen_steps               0
dc_pen_thresh_factor       0
dc_pen_pre_newton_thresh   0
frz_ortho_decomp           1
frz_ortho_decomp_conv      6
plot_mo_ortho_frz          0
frgm_method                2
scfmi_freeze_ss            0
separate_rehyb             0
plot_diff_den              0
eda_nocv                   0
eda_vct_relax              1
disp_free_x                33
disp_free_c                25
eda_bsse                   1
eda_pct_a                  0
eda_covp                   0
eda_vct_a                  0
--------------------------------
 Attempting to make child job directory: /scratch/qchemscratch/qchem2094006//Frg1/
 Attempting to make child job directory: /scratch/qchemscratch/qchem2094006//Frg2/
 Creating input file /scratch/qchemscratch/qchem2094006/Frg1.input
 using default PutDataFrgm: nothing
 calling putenv with: QCSCRATCH=/scratch/qchemscratch/qchem2094006/ 
 Spawning Job For Fragment 0
 Done Job For Fragment 0
 calling putenv with: QCSCRATCH=/scratch/qchemscratch 
 calling putenv with: QCTHREADS=1 
 Creating input file /scratch/qchemscratch/qchem2094006/Frg2.input
 using default PutDataFrgm: nothing
 calling putenv with: QCSCRATCH=/scratch/qchemscratch/qchem2094006/ 
 Spawning Job For Fragment 1
 Done Job For Fragment 1
 calling putenv with: QCSCRATCH=/scratch/qchemscratch 
 calling putenv with: QCTHREADS=1 
Doing General SCFMI
 Exchange:  B97M-V      Correlation:  B97M-V
 Using SG-2 standard quadrature grid
 Nonlocal Correlation:  VV10 with C = 0.0100 and b = 6.00 and scale = 1.00000
 Grid used for NLC:  SG-1 standard quadrature
performing fock build before subrot guess so that all methods have access
Printing subrot_rss_gen Method Specification:
Occupied Subspace Method is 0
Virtual Subspace Method is 0
Energy of the unrelaxed supersystem initial determinant -798.462648737759
write pseudocanon occs and virts to disk
write pseudocanon orbital energies to disk
Tolerance of ortho_decomp_scf: 1.00e-06
GDM subspace size: 20
Beginning the Orthogonal Decomposition of the Initial Supersystem Wavefunction
    1    -798.3824636763      1.00e-01     ortho_decomp Preconditoned Steepest Descent
    2    -798.3907966126      2.81e-04     ortho_decomp BFGS Step
    3    -798.3907969614      3.26e-06     ortho_decomp BFGS Step
    4    -798.3907969614      2.37e-08     ortho_decomp 00000 Convergence criterion met
 Exchange:  revPBE      Correlation:  PBE
 Using SG-2 standard quadrature grid
 Exchange:  revPBE      Correlation:  PBE
 Using SG-2 standard quadrature grid
 Exchange:  revPBE      Correlation:  PBE
 Using SG-2 standard quadrature grid
Doing General SCFMI
 Exchange:  B97M-V      Correlation:  B97M-V
 Using SG-2 standard quadrature grid
 Nonlocal Correlation:  VV10 with C = 0.0100 and b = 6.00 and scale = 1.00000
 Grid used for NLC:  SG-1 standard quadrature
performing fock build at end of subrot_r(subrot) constructor so that all methods have access
<S^2> of initial wavefunction before polarization iterations 0.0000000000
Beginning iterations for the determination of the polarized wavefunction
Energy prior to optimization (guess energy) = -798.462648737759
Begin Timing: Total SCF Calculation
begin iterations for algorithm: DIIS         
the SCF tolerance is set to 1.00e-08
    1    -798.4626487378      3.99e-04     00000 
    2    -798.4668987143      1.59e-04     00000 
    3    -798.4669815123      1.49e-04     00000 
    4    -798.4671927681      5.34e-05     00000 
    5    -798.4672193638      1.96e-05     00000 
    6    -798.4672233372      6.03e-06     00000 
    7    -798.4672236716      1.97e-06     00000 
    8    -798.4672237106      6.88e-07     00000 
    9    -798.4672237149      3.02e-07     00000 
   10    -798.4672237154      2.05e-07     00000 
   11    -798.4672237158      5.54e-08     00000 
   12    -798.4672237158      2.18e-08     00000 
   13    -798.4672237158      5.96e-09     00000 Convergence criterion met
write pseudocanon occs and virts to disk
write pseudocanon orbital energies to disk
Timing for Total SCF: 463.00s (wall), 460.07s (cpu)
<S^2> of polarized wavefunction after polarization iterations 0.0000000000
relaxing scfmi constraint to allow all rotations in the entire AO span
Doing General SCFMI
 Exchange:  B97M-V      Correlation:  B97M-V
 Using SG-2 standard quadrature grid
 Nonlocal Correlation:  VV10 with C = 0.0100 and b = 6.00 and scale = 1.00000
 Grid used for NLC:  SG-1 standard quadrature
performing fock build at end of subrot_r(subrot) constructor so that all methods have access
<S^2> of polarized wavefunction before ct-allowed iterations 0.0000000000
Beginning iterations for the determination of the CT-Allowed wavefunction
Energy prior to optimization (guess energy) = -798.467223715840
Begin Timing: Total SCF Calculation
begin iterations for algorithm: DIIS         
the SCF tolerance is set to 1.00e-08
    1    -798.4672237158      4.73e-04     00000 
    2    -798.4746205883      8.24e-05     00000 
    3    -798.4744787551      1.34e-04     00000 
    4    -798.4747259612      2.78e-05     00000 
    5    -798.4747370424      8.96e-06     00000 
    6    -798.4747380999      2.82e-06     00000 
    7    -798.4747381955      1.08e-06     00000 
    8    -798.4747382115      3.63e-07     00000 
    9    -798.4747382132      8.29e-08     00000 
   10    -798.4747382133      1.91e-08     00000 
   11    -798.4747382133      7.63e-09     00000 Convergence criterion met
write pseudocanon occs and virts to disk
write pseudocanon orbital energies to disk
Timing for Total SCF: 393.00s (wall), 391.17s (cpu)
<S^2> of ct_allowed wavefunction after ct-allowed iterations 0.0000000000
 Attempting to make child job directory: /scratch/qchemscratch/qchem2094006//FrgBSSE1/
 Attempting to make child job directory: /scratch/qchemscratch/qchem2094006//FrgBSSE2/
 Creating input file /scratch/qchemscratch/qchem2094006/FrgBSSE1.input
 calling putenv with: QCSCRATCH=/scratch/qchemscratch/qchem2094006/ 
 Spawning Job For Fragment 0
 Done Job For Fragment 0
 calling putenv with: QCSCRATCH=/scratch/qchemscratch 
 calling putenv with: QCTHREADS=1 
 Creating input file /scratch/qchemscratch/qchem2094006/FrgBSSE2.input
 calling putenv with: QCSCRATCH=/scratch/qchemscratch/qchem2094006/ 
 Spawning Job For Fragment 1
 Done Job For Fragment 1
 calling putenv with: QCSCRATCH=/scratch/qchemscratch 
 calling putenv with: QCTHREADS=1 
====================================================================
   Evaluating the BSSE with fragment SCF in the supersystem basis
   Fragment contributions (kJ/mol) 
   Frgm 1: 3.0210
   Frgm 2: 1.1486
   BSSE (kJ/mol) = 4.1695
====================================================================

================================
        Results of EDA2         
================================
Basic EDA Quantities
--------------------
Fragment Energies (Ha):
1  -76.4094802833
2 -722.0402410845
--------------------
  E_prp (kJ/mol) = 0.0000
  E_frz (kJ/mol) = -33.9412
  E_pol (kJ/mol) = -12.0117
  E_vct (kJ/mol) = -15.5600 (CP-corrected)
  E_int (kJ/mol) = -61.5130 (CP-corrected)
--------------------


Decomposition of frozen interaction energy
--------------------
  --------------------
  Orthogonal Frozen Decomposition:
  --------------------
     E_elec   (ELEC)   (kJ/mol) = -141.2713
     E_pauli  (PAULI)  (kJ/mol) = 126.5642
     E_disp   (DISP)   (kJ/mol) = -19.2342
  --------------------
  Classical Frozen Decomposition:
  --------------------
     E_cls_elec  (CLS ELEC)  (kJ/mol) = -86.6788
     E_mod_pauli (MOD PAULI) (kJ/mol) = 71.9718 (FRZ - CLS ELEC - DISP)
     E_disp      (DISP)      (kJ/mol) = -19.2342
  --------------------
--------------------

Simplified EDA Summary (kJ/mol)
--------------------
 PREPARATION      0.0000
 FROZEN           -33.9412 (ELEC + PAULI + DISP)
[ELEC + PAULI = -14.7070, DISP = -19.2342]
 POLARIZATION    -12.0117
 CHARGE TRANSFER -15.5600     (counterpoise-corrected)
 TOTAL           -61.5130     (PRP + FRZ + POL + CT)
--------------------
 
 --------------------------------------------------------------
 
                    Orbital Energies (a.u.)
 --------------------------------------------------------------
 
 Alpha MOs
 -- Occupied --
-77.1289 -19.0201 -19.0160 -18.9970 -18.9457 -18.9385 -10.0978 -10.0932
 -6.5318  -4.6065  -4.6055  -4.6031  -0.9009  -0.8597  -0.8363  -0.7958
 -0.7634  -0.5379  -0.5230  -0.3809  -0.3284  -0.3205  -0.2934  -0.2860
 -0.2767  -0.2642  -0.2490  -0.2100  -0.1953  -0.1770  -0.1657  -0.1265
 -0.1236  -0.1187  -0.1109  -0.1000  -0.0844  -0.0672
 -- Virtual --
  0.1031   0.1083   0.1324   0.1392   0.1474   0.1572   0.1606   0.1825
  0.1905   0.1919   0.2163   0.2296   0.2382   0.2463   0.2524   0.2634
  0.2656   0.2813   0.2849   0.2916   0.2950   0.2974   0.3080   0.3189
  0.3254   0.3352   0.3409   0.3507   0.3597   0.3685   0.3812   0.3832
  0.3887   0.3960   0.4021   0.4072   0.4173   0.4224   0.4353   0.4425
  0.4561   0.4604   0.4997   0.5402   0.5475   0.5661   0.6702   0.7012
  0.7136   0.7310   0.7465   0.7589   0.7787   0.8045   0.8092   0.8243
  0.8302   0.8389   0.8672   0.8766   0.8818   0.9024   0.9390   0.9570
  1.0279   1.0369   1.0550   1.1051   1.1219   1.1400   1.1614   1.1797
  1.2210   1.2841   1.3204   1.3438   1.3743   1.3909   1.3989   1.4143
  1.4372   1.4486   1.4687   1.4738   1.4947   1.5191   1.5394   1.5509
  1.5684   1.5789   1.5973   1.6158   1.6533   1.6669   1.7331   1.7522
  1.7820   1.7864   1.7992   1.8393   1.8475   1.8626   1.8782   1.8997
  1.9228   1.9781   2.0660   2.0871   2.1047   2.1848   2.2680   2.2781
  2.2921   2.2968   2.3395   2.3806   2.4025   2.4744   2.5726   2.6434
  2.6597   2.6680   2.7065   2.7406   2.7657   2.8340   2.8468   2.8682
  2.8789   2.9039   2.9467   2.9654   3.0149   3.0756   3.1278   3.1407
  3.1545   3.1674   3.1835   3.2272   3.2451   3.2997   3.3843   3.4033
  3.4460   3.4769   3.6316   3.6894   3.7870   4.0764
 --------------------------------------------------------------
 
          Ground-State Mulliken Net Atomic Charges

     Atom                 Charge (a.u.)
  ----------------------------------------
      1 O                    -0.550548
      2 H                     0.240394
      3 H                     0.308634
      4 H                     0.091191
      5 C                    -0.121169
      6 H                     0.099634
      7 H                     0.079409
      8 C                    -0.086979
      9 H                     0.049632
     10 H                     0.117899
     11 H                     0.041289
     12 O                    -0.768305
     13 O                    -0.681200
     14 O                    -0.541203
     15 O                    -0.512648
     16 P                     1.233970
  ----------------------------------------
  Sum of atomic charges =    -1.000000

 -----------------------------------------------------------------
                    Cartesian Multipole Moments
 -----------------------------------------------------------------
    Charge (ESU x 10^10)
                -4.8032
    Dipole Moment (Debye)
         X       2.4028      Y       4.3529      Z       1.2442
       Tot       5.1254
    Quadrupole Moments (Debye-Ang)
        XX     -72.8318     XY      -3.7705     YY     -66.2598
        XZ       8.1527     YZ      -1.3219     ZZ     -68.9848
    Octopole Moments (Debye-Ang^2)
       XXX      47.8849    XXY      10.5261    XYY      -2.4597
       YYY      11.2698    XXZ     -14.1036    XYZ      -5.1996
       YYZ       6.0156    XZZ      -1.6241    YZZ       8.0409
       ZZZ       4.2200
    Hexadecapole Moments (Debye-Ang^3)
      XXXX   -1134.9284   XXXY     -43.6140   XXYY    -243.8195
      XYYY       1.3832   YYYY    -431.3889   XXXZ      68.3877
      XXYZ       7.0575   XYYZ       6.1514   YYYZ     -13.4699
      XXZZ    -216.4593   XYZZ       7.2249   YYZZ    -131.3732
      XZZZ      -2.4699   YZZZ     -10.3479   ZZZZ    -304.7856
 -----------------------------------------------------------------
 Total job time:  2479.35s(wall), 1371.13s(cpu) 
 Mon Apr 15 17:02:20 2024

        *************************************************************
        *                                                           *
        *  Thank you very much for using Q-Chem.  Have a nice day.  *
        *                                                           *
        *************************************************************


