
Running Job 1 of 1 DMP_gt_10_0.95_pvdz.inp
qchem DMP_gt_10_0.95_pvdz.inp_2093238.0 /scratch/qchemscratch/qchem2093238/ 1
/opt/qchem/6.1/exe/qcprog.exe_s DMP_gt_10_0.95_pvdz.inp_2093238.0 /scratch/qchemscratch/qchem2093238/
                  Welcome to Q-Chem
     A Quantum Leap Into The Future Of Chemistry


 Q-Chem 6.1, Q-Chem, Inc., Pleasanton, CA (2023)

 License issued to: SRG Pengyu Ren, University of Texas at Austin

 E. Epifanovsky,  A. T. B. Gilbert,  Xintian Feng,  Joonho Lee,  Yuezhi Mao,  
 N. Mardirossian,  P. Pokhilko,  A. White,  M. Wormit,  M. P. Coons,  
 A. L. Dempwolff,  Zhengting Gan,  D. Hait,  P. R. Horn,  L. D. Jacobson,  
 I. Kaliman,  J. Kussmann,  A. W. Lange,  Ka Un Lao,  D. S. Levine,  Jie Liu,  
 S. C. McKenzie,  A. F. Morrison,  K. D. Nanda,  F. Plasser,  D. R. Rehn,  
 M. L. Vidal,  Zhi-Qiang You,  Ying Zhu,  B. Alam,  B. Albrecht,  
 A. Aldossary,  E. Alguire,  J. H. Andersen,  V. Athavale,  D. Barton,  
 K. Begam,  A. Behn,  N. Bellonzi,  Y. A. Bernard,  E. J. Berquist,  
 H. Burton,  A. Carreras,  K. Carter-Fenk,  Mathew Chow,  Romit Chakraborty,  
 Chandrima Chakravarty,  Junhan Chen,  A. D. Chien,  K. D. Closser,  
 V. Cofer-Shabica,  L. Cunha,  S. Dasgupta,  Jia Deng,  M. de Wergifosse,  
 M. Diedenhofen,  Hainam Do,  S. Ehlert,  Po-Tung Fang,  S. Fatehi,  
 Qingguo Feng,  T. Friedhoff,  Thomas Froitzheim,  B. Ganoe,  J. Gayvert,  
 Qinghui Ge,  G. Gidofalvi,  M. Gimferrer,  M. Goldey,  Montgomery Gray,  
 J. Gomes,  C. Gonzalez-Espinoza,  S. Gulania,  A. Gunina,  J. A. Gyamfi,  
 M. W. D. Hanson-Heine,  P. H. P. Harbach,  A. W. Hauser,  M. F. Herbst,  
 M. Hernandez Vera,  M. Hodecker,  Z. C. Holden,  S. Houck,  Xunkun Huang,  
 Kerwin Hui,  B. C. Huynh,  K. Ikeda,  M. Ivanov,  Hyunjun Ji,  Zuxin Jin,  
 Hanjie Jiang,  Subrata Jana,  B. Kaduk,  S. Kaehler,  R. Kang,  
 K. Khistyaev,  Jaehoon Kim,  Yongbin Kim,  P. Klunzinger,  Z. Koczor-Benda,  
 Joong Hoon Koh,  D. Kosenkov,  Saikiran Kotaru,  L. Koulias,  T. Kowalczyk,  
 C. M. Krauter,  K. Kue,  A. Kunitsa,  T. Kus,  A. Landau,  K. V. Lawler,  
 D. Lefrancois,  S. Lehtola,  Rain Li,  Shaozhi Li,  Yi-Pei Li,  
 Jiashu Liang,  M. Liebenthal,  Hung-Hsuan Lin,  You-Sheng Lin,  Fenglai Liu,  
 Kuan-Yu Liu,  Xiao Liu,  M. Loipersberger,  A. Luenser,  C. Malbon,  
 A. Manjanath,  P. Manohar,  E. Mansoor,  S. F. Manzer,  Shan-Ping Mao,  
 A. V. Marenich,  T. Markovich,  S. Mason,  F. Matz,  S. A. Maurer,  
 P. F. McLaughlin,  M. F. S. J. Menger,  J.-M. Mewes,  S. A. Mewes,  
 P. Morgante,  Mohammad Mostafanejad,  J. W. Mullinax,  K. J. Oosterbaan,  
 G. Paran,  V. Parravicini,  Alexander C. Paul,  Suranjan K. Paul,  
 F. Pavosevic,  Zheng Pei,  S. Prager,  E. I. Proynov,  E. Ramos,  B. Rana,  
 A. E. Rask,  A. Rettig,  R. M. Richard,  F. Rob,  E. Rossomme,  T. Scheele,  
 M. Scheurer,  M. Schneider,  P. E. Schneider,  Tim K. Schramm,  N. Sergueev,  
 S. M. Sharada,  M. Sharma,  Hengyuan Shen,  W. Skomorowski,  D. W. Small,  
 C. J. Stein,  Alistair J. Sterling,  Yingli Su,  Yu-Chuan Su,  
 E. J. Sundstrom,  J. Talbot,  Zhen Tao,  J. Thirman,  Hung-Yi Tsai,  
 T. Tsuchimochi,  N. M. Tubman,  C. Utku,  S. P. Veccham,  O. Vydrov,  
 J. Wenzel,  Jonathan Wong,  J. Witte,  A. Yamada,  Chou-Hsun Yang,  Kun Yao,  
 S. Yeganeh,  S. R. Yost,  A. Zech,  F. Zeller,  Igor Ying Zhang,  
 Xing Zhang,  Yu Zhang,  D. Zuev,  A. Aspuru-Guzik,  A. T. Bell,  
 N. A. Besley,  K. B. Bravaya,  B. R. Brooks,  D. Casanova,  Jeng-Da Chai,  
 Hsing-Ta Chen,  S. Coriani,  C. J. Cramer,  A. E. DePrince, III,  
 R. A. DiStasio Jr.,  A. Dreuw,  B. D. Dunietz,  T. R. Furlani,  
 W. A. Goddard III,  S. Grimme,  S. Hammes-Schiffer,  T. Head-Gordon,  
 W. J. Hehre,  Chao-Ping Hsu,  T.-C. Jagau,  Yousung Jung,  A. Klamt,  
 Jing Kong,  D. S. Lambrecht,  Xiangyuan Li,  WanZhen Liang,  N. J. Mayhall,  
 C. W. McCurdy,  J. B. Neaton,  T. Neudecker,  C. Ochsenfeld,  
 J. A. Parkhill,  R. Peverati,  V. A. Rassolov,  Haisheng Ren,  Yihan Shao,  
 L. V. Slipchenko,  R. P. Steele,  J. E. Subotnik,  A. J. W. Thom,  
 A. Tkatchenko,  D. G. Truhlar,  T. Van Voorhis,  Fan Wang,  
 T. A. Wesolowski,  K. B. Whaley,  H. L. Woodcock III,  P. M. Zimmerman,  
 S. Faraji,  P. M. W. Gill,  M. Head-Gordon,  J. M. Herbert,  A. I. Krylov

 Contributors to earlier versions of Q-Chem not listed above: 
 R. D. Adamson,  B. Austin,  R. Baer,  J. Baker,  G. J. O. Beran,  
 K. Brandhorst,  S. T. Brown,  E. F. C. Byrd,  Arup K. Chakraborty,  
 G. K. L. Chan,  Chun-Min Chang,  Yunqing Chen,  C.-L. Cheng,  
 Siu Hung Chien,  D. M. Chipman,  D. L. Crittenden,  H. Dachsel,  
 R. J. Doerksen,  A. D. Dutoi,  R. G. Edgar,  J. Fosso-Tande,  
 L. Fusti-Molnar,  D. Ghosh,  A. Ghysels,  A. Golubeva-Zadorozhnaya,  
 J. Gonthier,  M. S. Gordon,  S. R. Gwaltney,  G. Hawkins,  J. E. Herr,  
 A. Heyden,  S. Hirata,  E. G. Hohenstein,  G. Kedziora,  F. J. Keil,  
 C. Kelley,  Jihan Kim,  R. A. King,  R. Z. Khaliullin,  P. P. Korambath,  
 W. Kurlancheek,  A. Laurent,  A. M. Lee,  M. S. Lee,  S. V. Levchenko,  
 Ching Yeh Lin,  D. Liotard,  E. Livshits,  R. C. Lochan,  I. Lotan,  
 L. A. Martinez-Martinez,  P. E. Maslen,  N. Nair,  D. P. O'Neill,  
 D. Neuhauser,  E. Neuscamman,  C. M. Oana,  R. Olivares-Amaya,  R. Olson,  
 T. M. Perrine,  B. Peters,  P. A. Pieniazek,  A. Prociuk,  Y. M. Rhee,  
 J. Ritchie,  M. A. Rohrdanz,  E. Rosta,  N. J. Russ,  H. F. Schaefer III,  
 M. W. Schmidt,  N. E. Schultz,  S. Sharma,  N. Shenvi,  C. D. Sherrill,  
 A. C. Simmonett,  A. Sodt,  T. Stein,  D. Stuck,  K. S. Thanthiriwatte,  
 V. Vanovschi,  L. Vogt,  Tao Wang,  A. Warshel,  M. A. Watson,  
 C. F. Williams,  Q. Wu,  X. Xu,  Jun Yang,  W. Zhang,  Yan Zhao

   Please cite Q-Chem as follows:
  "Software for the frontiers of quantum chemistry:
   An overview of developments in the Q-Chem 5 package"
   J. Chem. Phys. 155, 084801 (2021)
   https://doi.org/10.1063/5.0055522 (open access)

 Q-Chem 6.1.1 for Intel X86 EM64T Linux

 Parts of Q-Chem use Armadillo 9.900.5 (Nocturnal Misbehaviour).
 http://arma.sourceforge.net/

 Q-Chem begins on Mon Apr 15 16:17:15 2024  

 Host: 
0

     Scratch files written to /scratch/qchemscratch/qchem2093238//
 Jan1824 |scratch|qcdevops|jenkins|workspace|build_RNUM UKVU   
 Processing $rem in /opt/qchem/6.1/config/preferences:
 Processing $rem in /home/mm227274/.qchemrc:

 Q-Chem warning in module libgen/rem_setup.C, line 3361:

 Neither GIA nor STOLL is specified by user. Use STOLL as the default


 Checking the input file for inconsistencies... 	...done.

--------------------------------------------------------------
User input:
--------------------------------------------------------------
$molecule
-1 1
--
0 1

O 2.8280368589743587 0.6251608974358975 0.6512320256410257
H 2.617056858974359 0.32162089743589745 -0.24668797435897435
H 1.9155668589743589 0.7746108974358974 0.9935320256410257
--
-1 1

H          0.12648       -2.37084        0.27838
C          1.03399       -1.87115       -0.07295
H         -2.11701       -0.01440        1.83984
H         -2.99279        0.84304        0.54764
C         -2.57652       -0.12512        0.85320
H          1.62668       -2.57221       -0.66825
H          1.62163       -1.52727        0.78062
H         -3.38895       -0.85690        0.89959
O          0.19938        0.72599        1.11009
O         -0.52744        1.41273       -1.34659
O          0.70721       -0.77942       -0.93597
O         -1.63456       -0.60573       -0.09822
P         -0.29054        0.38334       -0.28521
$end

$rem
JOBTYPE          eda
EDA2             2
METHOD           b97m-v
BASIS            aug-cc-pvdz
SCF_CONVERGENCE  8
THRESH           14
SYMMETRY         false
DISP_FREE_X      revPBE
DISP_FREE_C      PBE
EDA_BSSE         true
$end
--------------------------------------------------------------
 ----------------------------------------------------------------
             Standard Nuclear Orientation (Angstroms)
    I     Atom           X                Y                Z
 ----------------------------------------------------------------
    1      O      -2.8263307808    -0.6904341400     0.6950358499
    2      H      -2.6319591548    -0.3997117971    -0.2108392015
    3      H      -1.9070458926    -0.8103810266     1.0306459393
    4      H      -0.2043016715     2.3635559283     0.2350820634
    5      C      -1.1025041419     1.8346339532    -0.0968383060
    6      H       2.1128002775     0.0950039915     1.8190406655
    7      H       2.9968003271    -0.7660519956     0.5348672732
    8      C       2.5595439316     0.1973935484     0.8256609122
    9      H      -1.7184246489     2.5087936342    -0.6995814546
   10      H      -1.6728339894     1.4933762899     0.7694313063
   11      H       3.3538640819     0.9498564724     0.8491460602
   12      O      -0.1915324000    -0.7169424760     1.1282665404
   13      O       0.5276905384    -1.4342780417    -1.3218974977
   14      O      -0.7571754679     0.7343561076    -0.9415867011
   15      O       1.5964364394     0.6354654411    -0.1251238191
   16      P       0.2757436867    -0.3901294423    -0.2785522179
 ----------------------------------------------------------------
 Molecular Point Group                 C1    NOp =  1
 Largest Abelian Subgroup              C1    NOp =  1
 Nuclear Repulsion Energy =         545.93782647 hartrees
 There are       38 alpha and       38 beta electrons
 Requested basis set is aug-cc-pVDZ
 There are 114 shells and 260 basis functions

 Total QAlloc Memory Limit  16000 MB
 Mega-Array Size       188 MB
 MEM_STATIC part       192 MB

 A cutoff of  1.0D-14 yielded   6467 shell pairs
 There are     33705 function pairs (     38017 Cartesian)
 Smallest overlap matrix eigenvalue = 1.30E-04

 Scale SEOQF with 1.000000e-01/1.000000e-01/1.000000e-01

 Standard Electronic Orientation quadrupole field applied
 Nucleus-field energy     =     0.0000000065 hartrees

 -----------------------------------------------------------------------
  General SCF calculation program by
  Eric Jon Sundstrom, Paul Horn, Yuezhi Mao, Dmitri Zuev, Alec White,
  David Stuck, Shaama M.S., Shane Yost, Joonho Lee, David Small,
  Daniel Levine, Susi Lehtola, Hugh Burton, Evgeny Epifanovsky,
  Bang C. Huynh
 -----------------------------------------------------------------------
================================================================
                 ALMO-EDA with the EDA2 driver                  
================================================================
 The second-generation ALMO-EDA (for DFT):                      
 P. R. Horn, Y. Mao and M. Head-Gordon, PCCP, 18, 23067 (2016)  
 Y. Mao et al. Annu. Rev. Phys. Chem. 72, 641 (2021)            
 Decomposition of the frozen energy:                            
 P. R. Horn, Y. Mao and M. Head-Gordon, JCP, 144, 114107 (2016) 
================================================================
 Using eda2 option set 2
 Option set summary: Frozen orbital wavefunction, initial wavefunction decomposition, and traditional AO-based POL.
--------------------------------
Printing EDA Options
--------------------------------
eda_child_super_basis      0
fragmo_guess_mode          0
child_mp                   0
child_mp_orders            0
cls_elec                   1
cls_disp                   0
scfmi_mode                 1
scfmi_occs                 0
scfmi_virts                0
frz_relax                  0
frz_relax_method           0
dc_pen_start               0
dc_pen_conv                0
dc_pen_increment           0
dc_pen_steps               0
dc_pen_thresh_factor       0
dc_pen_pre_newton_thresh   0
frz_ortho_decomp           1
frz_ortho_decomp_conv      6
plot_mo_ortho_frz          0
frgm_method                2
scfmi_freeze_ss            0
separate_rehyb             0
plot_diff_den              0
eda_nocv                   0
eda_vct_relax              1
disp_free_x                33
disp_free_c                25
eda_bsse                   1
eda_pct_a                  0
eda_covp                   0
eda_vct_a                  0
--------------------------------
 Attempting to make child job directory: /scratch/qchemscratch/qchem2093238//Frg1/
 Attempting to make child job directory: /scratch/qchemscratch/qchem2093238//Frg2/
 Creating input file /scratch/qchemscratch/qchem2093238/Frg1.input
 using default PutDataFrgm: nothing
 calling putenv with: QCSCRATCH=/scratch/qchemscratch/qchem2093238/ 
 Spawning Job For Fragment 0
 Done Job For Fragment 0
 calling putenv with: QCSCRATCH=/scratch/qchemscratch 
 calling putenv with: QCTHREADS=1 
 Creating input file /scratch/qchemscratch/qchem2093238/Frg2.input
 using default PutDataFrgm: nothing
 calling putenv with: QCSCRATCH=/scratch/qchemscratch/qchem2093238/ 
 Spawning Job For Fragment 1
 Done Job For Fragment 1
 calling putenv with: QCSCRATCH=/scratch/qchemscratch 
 calling putenv with: QCTHREADS=1 
Doing General SCFMI
 Exchange:  B97M-V      Correlation:  B97M-V
 Using SG-2 standard quadrature grid
 Nonlocal Correlation:  VV10 with C = 0.0100 and b = 6.00 and scale = 1.00000
 Grid used for NLC:  SG-1 standard quadrature
performing fock build before subrot guess so that all methods have access
Printing subrot_rss_gen Method Specification:
Occupied Subspace Method is 0
Virtual Subspace Method is 0
Energy of the unrelaxed supersystem initial determinant -798.478672878779
write pseudocanon occs and virts to disk
write pseudocanon orbital energies to disk
Tolerance of ortho_decomp_scf: 1.00e-06
GDM subspace size: 20
Beginning the Orthogonal Decomposition of the Initial Supersystem Wavefunction
    1    -798.3650159593      1.37e-01     ortho_decomp Preconditoned Steepest Descent
    2    -798.3795267040      3.64e-04     ortho_decomp BFGS Step
    3    -798.3795272629      4.39e-06     ortho_decomp BFGS Step
    4    -798.3795272630      3.49e-08     ortho_decomp 00000 Convergence criterion met
 Exchange:  revPBE      Correlation:  PBE
 Using SG-2 standard quadrature grid
 Exchange:  revPBE      Correlation:  PBE
 Using SG-2 standard quadrature grid
 Exchange:  revPBE      Correlation:  PBE
 Using SG-2 standard quadrature grid
Doing General SCFMI
 Exchange:  B97M-V      Correlation:  B97M-V
 Using SG-2 standard quadrature grid
 Nonlocal Correlation:  VV10 with C = 0.0100 and b = 6.00 and scale = 1.00000
 Grid used for NLC:  SG-1 standard quadrature
performing fock build at end of subrot_r(subrot) constructor so that all methods have access
<S^2> of initial wavefunction before polarization iterations 0.0000000000
Beginning iterations for the determination of the polarized wavefunction
Energy prior to optimization (guess energy) = -798.478672878779
Begin Timing: Total SCF Calculation
begin iterations for algorithm: DIIS         
the SCF tolerance is set to 1.00e-08
    1    -798.4786728788      3.94e-04     00000 
    2    -798.4859859205      1.73e-04     00000 
    3    -798.4863353083      1.38e-04     00000 
    4    -798.4866637264      5.49e-05     00000 
    5    -798.4867183601      2.02e-05     00000 
    6    -798.4867261970      7.80e-06     00000 
    7    -798.4867274608      3.57e-06     00000 
    8    -798.4867276810      1.91e-06     00000 
    9    -798.4867277379      8.69e-07     00000 
   10    -798.4867277441      5.27e-07     00000 
   11    -798.4867277478      2.89e-07     00000 
   12    -798.4867277489      1.90e-07     00000 
   13    -798.4867277497      3.57e-08     00000 
   14    -798.4867277497      1.62e-08     00000 
   15    -798.4867277497      1.05e-08     00000 
   16    -798.4867277497      3.26e-09     00000 Convergence criterion met
write pseudocanon occs and virts to disk
write pseudocanon orbital energies to disk
Timing for Total SCF: 897.00s (wall), 892.40s (cpu)
<S^2> of polarized wavefunction after polarization iterations 0.0000000000
relaxing scfmi constraint to allow all rotations in the entire AO span
Doing General SCFMI
 Exchange:  B97M-V      Correlation:  B97M-V
 Using SG-2 standard quadrature grid
 Nonlocal Correlation:  VV10 with C = 0.0100 and b = 6.00 and scale = 1.00000
 Grid used for NLC:  SG-1 standard quadrature
performing fock build at end of subrot_r(subrot) constructor so that all methods have access
<S^2> of polarized wavefunction before ct-allowed iterations 0.0000000000
Beginning iterations for the determination of the CT-Allowed wavefunction
Energy prior to optimization (guess energy) = -798.486727749710
Begin Timing: Total SCF Calculation
begin iterations for algorithm: DIIS         
the SCF tolerance is set to 1.00e-08
    1    -798.4867277497      4.63e-04     00000 
    2    -798.4975660459      7.04e-05     00000 
    3    -798.4973296460      1.20e-04     00000 
    4    -798.4977115906      2.12e-05     00000 
    5    -798.4977234957      8.75e-06     00000 
    6    -798.4977253565      3.16e-06     00000 
    7    -798.4977256071      8.91e-07     00000 
    8    -798.4977256266      3.73e-07     00000 
    9    -798.4977256300      9.61e-08     00000 
   10    -798.4977256302      2.19e-08     00000 
   11    -798.4977256303      7.70e-09     00000 Convergence criterion met
write pseudocanon occs and virts to disk
write pseudocanon orbital energies to disk
Timing for Total SCF: 555.00s (wall), 552.78s (cpu)
<S^2> of ct_allowed wavefunction after ct-allowed iterations 0.0000000000
 Attempting to make child job directory: /scratch/qchemscratch/qchem2093238//FrgBSSE1/
 Attempting to make child job directory: /scratch/qchemscratch/qchem2093238//FrgBSSE2/
 Creating input file /scratch/qchemscratch/qchem2093238/FrgBSSE1.input
 calling putenv with: QCSCRATCH=/scratch/qchemscratch/qchem2093238/ 
 Spawning Job For Fragment 0
 Done Job For Fragment 0
 calling putenv with: QCSCRATCH=/scratch/qchemscratch 
 calling putenv with: QCTHREADS=1 
 Creating input file /scratch/qchemscratch/qchem2093238/FrgBSSE2.input
 calling putenv with: QCSCRATCH=/scratch/qchemscratch/qchem2093238/ 
 Spawning Job For Fragment 1
 Done Job For Fragment 1
 calling putenv with: QCSCRATCH=/scratch/qchemscratch 
 calling putenv with: QCTHREADS=1 
====================================================================
   Evaluating the BSSE with fragment SCF in the supersystem basis
   Fragment contributions (kJ/mol) 
   Frgm 1: 1.5855
   Frgm 2: 2.4116
   BSSE (kJ/mol) = 3.9972
====================================================================

================================
        Results of EDA2         
================================
Basic EDA Quantities
--------------------
Fragment Energies (Ha):
1  -76.4136844077
2 -722.0607747978
--------------------
  E_prp (kJ/mol) = -0.0000
  E_frz (kJ/mol) = -11.0631
  E_pol (kJ/mol) = -21.1483
  E_vct (kJ/mol) = -24.8781 (CP-corrected)
  E_int (kJ/mol) = -57.0896 (CP-corrected)
--------------------


Decomposition of frozen interaction energy
--------------------
  --------------------
  Orthogonal Frozen Decomposition:
  --------------------
     E_elec   (ELEC)   (kJ/mol) = -191.5328
     E_pauli  (PAULI)  (kJ/mol) = 204.4578
     E_disp   (DISP)   (kJ/mol) = -23.9881
  --------------------
  Classical Frozen Decomposition:
  --------------------
     E_cls_elec  (CLS ELEC)  (kJ/mol) = -111.3413
     E_mod_pauli (MOD PAULI) (kJ/mol) = 124.2662 (FRZ - CLS ELEC - DISP)
     E_disp      (DISP)      (kJ/mol) = -23.9881
  --------------------
--------------------

Simplified EDA Summary (kJ/mol)
--------------------
 PREPARATION      -0.0000
 FROZEN           -11.0631 (ELEC + PAULI + DISP)
[ELEC + PAULI = 12.9249, DISP = -23.9881]
 POLARIZATION    -21.1483
 CHARGE TRANSFER -24.8781     (counterpoise-corrected)
 TOTAL           -57.0896     (PRP + FRZ + POL + CT)
--------------------
 
 --------------------------------------------------------------
 
                    Orbital Energies (a.u.)
 --------------------------------------------------------------
 
 Alpha MOs
 -- Occupied --
-77.1329 -19.0237 -19.0196 -18.9824 -18.9483 -18.9408 -10.0967 -10.0899
 -6.5331  -4.6081  -4.6070  -4.6043  -0.9004  -0.8594  -0.8255  -0.7955
 -0.7635  -0.5375  -0.5225  -0.3810  -0.3282  -0.3133  -0.2924  -0.2859
 -0.2768  -0.2644  -0.2498  -0.2044  -0.1959  -0.1763  -0.1661  -0.1254
 -0.1239  -0.1162  -0.1043  -0.1008  -0.0850  -0.0688
 -- Virtual --
  0.0870   0.0962   0.1158   0.1205   0.1278   0.1337   0.1380   0.1556
  0.1628   0.1777   0.1817   0.1911   0.1963   0.2005   0.2066   0.2101
  0.2205   0.2253   0.2376   0.2447   0.2470   0.2579   0.2615   0.2696
  0.2810   0.2857   0.2924   0.2956   0.3013   0.3113   0.3180   0.3222
  0.3230   0.3312   0.3380   0.3435   0.3705   0.3759   0.3794   0.3829
  0.3874   0.3964   0.3986   0.4058   0.4084   0.4183   0.4304   0.4325
  0.4399   0.4465   0.4557   0.4606   0.4690   0.4808   0.4884   0.5008
  0.5149   0.5235   0.5301   0.5402   0.5451   0.5503   0.5613   0.5688
  0.5780   0.5919   0.5968   0.6034   0.6123   0.6315   0.6407   0.6460
  0.6494   0.6637   0.6761   0.6843   0.6939   0.7008   0.7084   0.7133
  0.7238   0.7327   0.7504   0.7579   0.7732   0.7838   0.7919   0.8012
  0.8141   0.8192   0.8289   0.8320   0.8649   0.9036   0.9118   0.9227
  0.9351   0.9544   0.9731   0.9869   0.9985   1.0003   1.0265   1.0361
  1.0486   1.0664   1.0813   1.0932   1.1164   1.1296   1.1614   1.1729
  1.1790   1.2010   1.2283   1.2341   1.2551   1.2598   1.2829   1.2919
  1.3050   1.3214   1.3436   1.3530   1.3903   1.3936   1.4167   1.4336
  1.4387   1.4557   1.4667   1.4723   1.5150   1.5323   1.5464   1.5557
  1.5724   1.5866   1.5984   1.6339   1.6376   1.6560   1.6810   1.7166
  1.7339   1.7480   1.7625   1.7789   1.7876   1.8118   1.8372   1.8549
  1.8704   1.8871   1.9272   1.9371   1.9721   1.9853   2.0054   2.0325
  2.0622   2.0694   2.0785   2.0999   2.1025   2.1138   2.1342   2.1555
  2.1764   2.1782   2.2111   2.2540   2.2843   2.3077   2.3929   2.4360
  2.4926   2.5311   2.5490   2.5710   2.6014   2.6125   2.6305   2.6722
  2.7626   2.7805   2.8048   2.8420   2.8893   2.9301   2.9469   2.9654
  3.0306   3.0968   3.1125   3.1531   3.2164   3.5692   3.5752   3.5952
  3.6002   3.6064   3.6273   3.6445   3.6514   3.6541   3.6765   3.6985
  3.7191   3.7357   3.7391   3.7481   3.7747   3.8029   3.8472   3.8602
  3.9009   3.9562   3.9856   4.0219   4.1285   4.3173
 --------------------------------------------------------------
 
          Ground-State Mulliken Net Atomic Charges

     Atom                 Charge (a.u.)
  ----------------------------------------
      1 O                    -0.453706
      2 H                     0.197130
      3 H                     0.267479
      4 H                    -0.212095
      5 C                     1.169681
      6 H                    -0.182192
      7 H                    -0.223135
      8 C                     1.087027
      9 H                    -0.360490
     10 H                    -0.234458
     11 H                    -0.376294
     12 O                    -1.108056
     13 O                    -1.011879
     14 O                    -1.034058
     15 O                    -1.024162
     16 P                     2.499207
  ----------------------------------------
  Sum of atomic charges =    -1.000000

 -----------------------------------------------------------------
                    Cartesian Multipole Moments
 -----------------------------------------------------------------
    Charge (ESU x 10^10)
                -4.8032
    Dipole Moment (Debye)
         X       2.4721      Y       4.3802      Z       1.0045
       Tot       5.1290
    Quadrupole Moments (Debye-Ang)
        XX     -72.5099     XY      -3.5140     YY     -66.4960
        XZ       7.7332     YZ      -1.3883     ZZ     -68.5078
    Octopole Moments (Debye-Ang^2)
       XXX      41.4970    XXY      10.5727    XYY      -1.9247
       YYY       9.7095    XXZ     -14.1039    XYZ      -5.1505
       YYZ       5.4699    XZZ      -1.8259    YZZ       7.7124
       ZZZ       3.3710
    Hexadecapole Moments (Debye-Ang^3)
      XXXX   -1074.2795   XXXY     -36.7255   XXYY    -235.6937
      XYYY       3.1030   YYYY    -431.6756   XXXZ      56.8930
      XXYZ       7.0463   XYYZ       6.4013   YYYZ     -13.8730
      XXZZ    -211.7970   XYZZ       6.1545   YYZZ    -129.6460
      XZZZ      -3.5897   YZZZ     -10.1370   ZZZZ    -301.0557
 -----------------------------------------------------------------
 Total job time:  3494.31s(wall), 2313.14s(cpu) 
 Mon Apr 15 17:15:29 2024

        *************************************************************
        *                                                           *
        *  Thank you very much for using Q-Chem.  Have a nice day.  *
        *                                                           *
        *************************************************************


