
Running Job 1 of 1 DMP_gg_12_1.0_jun.inp
qchem DMP_gg_12_1.0_jun.inp_2092147.0 /scratch/qchemscratch/qchem2092147/ 1
/opt/qchem/6.1/exe/qcprog.exe_s DMP_gg_12_1.0_jun.inp_2092147.0 /scratch/qchemscratch/qchem2092147/
                  Welcome to Q-Chem
     A Quantum Leap Into The Future Of Chemistry


 Q-Chem 6.1, Q-Chem, Inc., Pleasanton, CA (2023)

 License issued to: SRG Pengyu Ren, University of Texas at Austin

 E. Epifanovsky,  A. T. B. Gilbert,  Xintian Feng,  Joonho Lee,  Yuezhi Mao,  
 N. Mardirossian,  P. Pokhilko,  A. White,  M. Wormit,  M. P. Coons,  
 A. L. Dempwolff,  Zhengting Gan,  D. Hait,  P. R. Horn,  L. D. Jacobson,  
 I. Kaliman,  J. Kussmann,  A. W. Lange,  Ka Un Lao,  D. S. Levine,  Jie Liu,  
 S. C. McKenzie,  A. F. Morrison,  K. D. Nanda,  F. Plasser,  D. R. Rehn,  
 M. L. Vidal,  Zhi-Qiang You,  Ying Zhu,  B. Alam,  B. Albrecht,  
 A. Aldossary,  E. Alguire,  J. H. Andersen,  V. Athavale,  D. Barton,  
 K. Begam,  A. Behn,  N. Bellonzi,  Y. A. Bernard,  E. J. Berquist,  
 H. Burton,  A. Carreras,  K. Carter-Fenk,  Mathew Chow,  Romit Chakraborty,  
 Chandrima Chakravarty,  Junhan Chen,  A. D. Chien,  K. D. Closser,  
 V. Cofer-Shabica,  L. Cunha,  S. Dasgupta,  Jia Deng,  M. de Wergifosse,  
 M. Diedenhofen,  Hainam Do,  S. Ehlert,  Po-Tung Fang,  S. Fatehi,  
 Qingguo Feng,  T. Friedhoff,  Thomas Froitzheim,  B. Ganoe,  J. Gayvert,  
 Qinghui Ge,  G. Gidofalvi,  M. Gimferrer,  M. Goldey,  Montgomery Gray,  
 J. Gomes,  C. Gonzalez-Espinoza,  S. Gulania,  A. Gunina,  J. A. Gyamfi,  
 M. W. D. Hanson-Heine,  P. H. P. Harbach,  A. W. Hauser,  M. F. Herbst,  
 M. Hernandez Vera,  M. Hodecker,  Z. C. Holden,  S. Houck,  Xunkun Huang,  
 Kerwin Hui,  B. C. Huynh,  K. Ikeda,  M. Ivanov,  Hyunjun Ji,  Zuxin Jin,  
 Hanjie Jiang,  Subrata Jana,  B. Kaduk,  S. Kaehler,  R. Kang,  
 K. Khistyaev,  Jaehoon Kim,  Yongbin Kim,  P. Klunzinger,  Z. Koczor-Benda,  
 Joong Hoon Koh,  D. Kosenkov,  Saikiran Kotaru,  L. Koulias,  T. Kowalczyk,  
 C. M. Krauter,  K. Kue,  A. Kunitsa,  T. Kus,  A. Landau,  K. V. Lawler,  
 D. Lefrancois,  S. Lehtola,  Rain Li,  Shaozhi Li,  Yi-Pei Li,  
 Jiashu Liang,  M. Liebenthal,  Hung-Hsuan Lin,  You-Sheng Lin,  Fenglai Liu,  
 Kuan-Yu Liu,  Xiao Liu,  M. Loipersberger,  A. Luenser,  C. Malbon,  
 A. Manjanath,  P. Manohar,  E. Mansoor,  S. F. Manzer,  Shan-Ping Mao,  
 A. V. Marenich,  T. Markovich,  S. Mason,  F. Matz,  S. A. Maurer,  
 P. F. McLaughlin,  M. F. S. J. Menger,  J.-M. Mewes,  S. A. Mewes,  
 P. Morgante,  Mohammad Mostafanejad,  J. W. Mullinax,  K. J. Oosterbaan,  
 G. Paran,  V. Parravicini,  Alexander C. Paul,  Suranjan K. Paul,  
 F. Pavosevic,  Zheng Pei,  S. Prager,  E. I. Proynov,  E. Ramos,  B. Rana,  
 A. E. Rask,  A. Rettig,  R. M. Richard,  F. Rob,  E. Rossomme,  T. Scheele,  
 M. Scheurer,  M. Schneider,  P. E. Schneider,  Tim K. Schramm,  N. Sergueev,  
 S. M. Sharada,  M. Sharma,  Hengyuan Shen,  W. Skomorowski,  D. W. Small,  
 C. J. Stein,  Alistair J. Sterling,  Yingli Su,  Yu-Chuan Su,  
 E. J. Sundstrom,  J. Talbot,  Zhen Tao,  J. Thirman,  Hung-Yi Tsai,  
 T. Tsuchimochi,  N. M. Tubman,  C. Utku,  S. P. Veccham,  O. Vydrov,  
 J. Wenzel,  Jonathan Wong,  J. Witte,  A. Yamada,  Chou-Hsun Yang,  Kun Yao,  
 S. Yeganeh,  S. R. Yost,  A. Zech,  F. Zeller,  Igor Ying Zhang,  
 Xing Zhang,  Yu Zhang,  D. Zuev,  A. Aspuru-Guzik,  A. T. Bell,  
 N. A. Besley,  K. B. Bravaya,  B. R. Brooks,  D. Casanova,  Jeng-Da Chai,  
 Hsing-Ta Chen,  S. Coriani,  C. J. Cramer,  A. E. DePrince, III,  
 R. A. DiStasio Jr.,  A. Dreuw,  B. D. Dunietz,  T. R. Furlani,  
 W. A. Goddard III,  S. Grimme,  S. Hammes-Schiffer,  T. Head-Gordon,  
 W. J. Hehre,  Chao-Ping Hsu,  T.-C. Jagau,  Yousung Jung,  A. Klamt,  
 Jing Kong,  D. S. Lambrecht,  Xiangyuan Li,  WanZhen Liang,  N. J. Mayhall,  
 C. W. McCurdy,  J. B. Neaton,  T. Neudecker,  C. Ochsenfeld,  
 J. A. Parkhill,  R. Peverati,  V. A. Rassolov,  Haisheng Ren,  Yihan Shao,  
 L. V. Slipchenko,  R. P. Steele,  J. E. Subotnik,  A. J. W. Thom,  
 A. Tkatchenko,  D. G. Truhlar,  T. Van Voorhis,  Fan Wang,  
 T. A. Wesolowski,  K. B. Whaley,  H. L. Woodcock III,  P. M. Zimmerman,  
 S. Faraji,  P. M. W. Gill,  M. Head-Gordon,  J. M. Herbert,  A. I. Krylov

 Contributors to earlier versions of Q-Chem not listed above: 
 R. D. Adamson,  B. Austin,  R. Baer,  J. Baker,  G. J. O. Beran,  
 K. Brandhorst,  S. T. Brown,  E. F. C. Byrd,  Arup K. Chakraborty,  
 G. K. L. Chan,  Chun-Min Chang,  Yunqing Chen,  C.-L. Cheng,  
 Siu Hung Chien,  D. M. Chipman,  D. L. Crittenden,  H. Dachsel,  
 R. J. Doerksen,  A. D. Dutoi,  R. G. Edgar,  J. Fosso-Tande,  
 L. Fusti-Molnar,  D. Ghosh,  A. Ghysels,  A. Golubeva-Zadorozhnaya,  
 J. Gonthier,  M. S. Gordon,  S. R. Gwaltney,  G. Hawkins,  J. E. Herr,  
 A. Heyden,  S. Hirata,  E. G. Hohenstein,  G. Kedziora,  F. J. Keil,  
 C. Kelley,  Jihan Kim,  R. A. King,  R. Z. Khaliullin,  P. P. Korambath,  
 W. Kurlancheek,  A. Laurent,  A. M. Lee,  M. S. Lee,  S. V. Levchenko,  
 Ching Yeh Lin,  D. Liotard,  E. Livshits,  R. C. Lochan,  I. Lotan,  
 L. A. Martinez-Martinez,  P. E. Maslen,  N. Nair,  D. P. O'Neill,  
 D. Neuhauser,  E. Neuscamman,  C. M. Oana,  R. Olivares-Amaya,  R. Olson,  
 T. M. Perrine,  B. Peters,  P. A. Pieniazek,  A. Prociuk,  Y. M. Rhee,  
 J. Ritchie,  M. A. Rohrdanz,  E. Rosta,  N. J. Russ,  H. F. Schaefer III,  
 M. W. Schmidt,  N. E. Schultz,  S. Sharma,  N. Shenvi,  C. D. Sherrill,  
 A. C. Simmonett,  A. Sodt,  T. Stein,  D. Stuck,  K. S. Thanthiriwatte,  
 V. Vanovschi,  L. Vogt,  Tao Wang,  A. Warshel,  M. A. Watson,  
 C. F. Williams,  Q. Wu,  X. Xu,  Jun Yang,  W. Zhang,  Yan Zhao

   Please cite Q-Chem as follows:
  "Software for the frontiers of quantum chemistry:
   An overview of developments in the Q-Chem 5 package"
   J. Chem. Phys. 155, 084801 (2021)
   https://doi.org/10.1063/5.0055522 (open access)

 Q-Chem 6.1.1 for Intel X86 EM64T Linux

 Parts of Q-Chem use Armadillo 9.900.5 (Nocturnal Misbehaviour).
 http://arma.sourceforge.net/

 Q-Chem begins on Mon Apr 15 16:13:21 2024  

 Host: 
0

     Scratch files written to /scratch/qchemscratch/qchem2092147//
 Jan1824 |scratch|qcdevops|jenkins|workspace|build_RNUM UKVU   
 Processing $rem in /opt/qchem/6.1/config/preferences:
 Processing $rem in /home/mm227274/.qchemrc:

 Q-Chem warning in module libgen/rem_setup.C, line 3361:

 Neither GIA nor STOLL is specified by user. Use STOLL as the default


 Checking the input file for inconsistencies... 	...done.

--------------------------------------------------------------
User input:
--------------------------------------------------------------
$molecule
-1 1
--
0 1

O         -3.00488       -0.68889       -0.43838
H         -2.50000       -0.96813        0.35232
H         -2.25265       -0.60458       -1.05920
--
-1 1

H          2.66325        0.98686       -0.48269
C          2.65349       -0.10579       -0.56157
H         -0.65153        2.23848       -1.03879
H         -1.77806        1.59760        0.17287
C         -0.80526        2.07919        0.03334
H          3.65248       -0.49359       -0.34144
H          2.36007       -0.38643       -1.57703
H         -0.79656        3.04109        0.55485
O         -0.19800       -0.39991       -1.28827
O         -0.60634       -1.08479        1.22500
O          1.76851       -0.67484        0.39820
O          0.25555        1.29858        0.58805
P          0.16633       -0.32353        0.18077
$end

$rem
JOBTYPE          eda
EDA2             2
METHOD           b97m-v
BASIS            jun-cc-pvdz
SCF_CONVERGENCE  8
THRESH           14
SYMMETRY         false
DISP_FREE_X      revPBE
DISP_FREE_C      PBE
EDA_BSSE         true
$end
--------------------------------------------------------------
 ----------------------------------------------------------------
             Standard Nuclear Orientation (Angstroms)
    I     Atom           X                Y                Z
 ----------------------------------------------------------------
    1      O      -3.0048797446     0.6888941167     0.4383769370
    2      H      -2.4999991157     0.9681328916    -0.3523230941
    3      H      -2.2526500351     0.6045833486     1.0591971847
    4      H       2.6632477199    -0.9868643942     0.4826894148
    5      C       2.6534893448     0.1057856669     0.5615687701
    6      H      -0.6515343117    -2.2384790749     1.0387892772
    7      H      -1.7780630273    -1.5975980903    -0.1728713961
    8      C      -0.8052637894    -2.0791894734    -0.0333408569
    9      H       3.6524799868     0.4935840329     0.3414388053
   10      H       2.3600695000     0.3864267055     1.5770285279
   11      H      -0.7965651008    -3.0410897930    -0.5548502893
   12      O      -0.1980004037     0.3999103886     1.2882678462
   13      O      -0.6063387102     1.0847895267    -1.2250026639
   14      O       1.7685104546     0.6748364357    -0.3982017974
   15      O       0.2555475324    -1.2985813971    -0.5880510362
   16      P       0.1663298682     0.3235289766    -0.1807720130
 ----------------------------------------------------------------
 Molecular Point Group                 C1    NOp =  1
 Largest Abelian Subgroup              C1    NOp =  1
 Nuclear Repulsion Energy =         542.81349302 hartrees
 There are       38 alpha and       38 beta electrons
 Requested basis set is jun-cc-pVDZ
 There are 90 shells and 188 basis functions

 Total QAlloc Memory Limit  16000 MB
 Mega-Array Size       188 MB
 MEM_STATIC part       192 MB

 A cutoff of  1.0D-14 yielded   4006 shell pairs
 There are     17458 function pairs (     18979 Cartesian)
 Smallest overlap matrix eigenvalue = 4.05E-04

 Scale SEOQF with 1.000000e-01/1.000000e-01/1.000000e-01

 Standard Electronic Orientation quadrupole field applied
 Nucleus-field energy     =     0.0000000082 hartrees

 -----------------------------------------------------------------------
  General SCF calculation program by
  Eric Jon Sundstrom, Paul Horn, Yuezhi Mao, Dmitri Zuev, Alec White,
  David Stuck, Shaama M.S., Shane Yost, Joonho Lee, David Small,
  Daniel Levine, Susi Lehtola, Hugh Burton, Evgeny Epifanovsky,
  Bang C. Huynh
 -----------------------------------------------------------------------
================================================================
                 ALMO-EDA with the EDA2 driver                  
================================================================
 The second-generation ALMO-EDA (for DFT):                      
 P. R. Horn, Y. Mao and M. Head-Gordon, PCCP, 18, 23067 (2016)  
 Y. Mao et al. Annu. Rev. Phys. Chem. 72, 641 (2021)            
 Decomposition of the frozen energy:                            
 P. R. Horn, Y. Mao and M. Head-Gordon, JCP, 144, 114107 (2016) 
================================================================
 Using eda2 option set 2
 Option set summary: Frozen orbital wavefunction, initial wavefunction decomposition, and traditional AO-based POL.
--------------------------------
Printing EDA Options
--------------------------------
eda_child_super_basis      0
fragmo_guess_mode          0
child_mp                   0
child_mp_orders            0
cls_elec                   1
cls_disp                   0
scfmi_mode                 1
scfmi_occs                 0
scfmi_virts                0
frz_relax                  0
frz_relax_method           0
dc_pen_start               0
dc_pen_conv                0
dc_pen_increment           0
dc_pen_steps               0
dc_pen_thresh_factor       0
dc_pen_pre_newton_thresh   0
frz_ortho_decomp           1
frz_ortho_decomp_conv      6
plot_mo_ortho_frz          0
frgm_method                2
scfmi_freeze_ss            0
separate_rehyb             0
plot_diff_den              0
eda_nocv                   0
eda_vct_relax              1
disp_free_x                33
disp_free_c                25
eda_bsse                   1
eda_pct_a                  0
eda_covp                   0
eda_vct_a                  0
--------------------------------
 Attempting to make child job directory: /scratch/qchemscratch/qchem2092147//Frg1/
 Attempting to make child job directory: /scratch/qchemscratch/qchem2092147//Frg2/
 Creating input file /scratch/qchemscratch/qchem2092147/Frg1.input
 using default PutDataFrgm: nothing
 calling putenv with: QCSCRATCH=/scratch/qchemscratch/qchem2092147/ 
 Spawning Job For Fragment 0
 Done Job For Fragment 0
 calling putenv with: QCSCRATCH=/scratch/qchemscratch 
 calling putenv with: QCTHREADS=1 
 Creating input file /scratch/qchemscratch/qchem2092147/Frg2.input
 using default PutDataFrgm: nothing
 calling putenv with: QCSCRATCH=/scratch/qchemscratch/qchem2092147/ 
 Spawning Job For Fragment 1
 Done Job For Fragment 1
 calling putenv with: QCSCRATCH=/scratch/qchemscratch 
 calling putenv with: QCTHREADS=1 
Doing General SCFMI
 Exchange:  B97M-V      Correlation:  B97M-V
 Using SG-2 standard quadrature grid
 Nonlocal Correlation:  VV10 with C = 0.0100 and b = 6.00 and scale = 1.00000
 Grid used for NLC:  SG-1 standard quadrature
performing fock build before subrot guess so that all methods have access
Printing subrot_rss_gen Method Specification:
Occupied Subspace Method is 0
Virtual Subspace Method is 0
Energy of the unrelaxed supersystem initial determinant -798.465983904746
write pseudocanon occs and virts to disk
write pseudocanon orbital energies to disk
Tolerance of ortho_decomp_scf: 1.00e-06
GDM subspace size: 20
Beginning the Orthogonal Decomposition of the Initial Supersystem Wavefunction
    1    -798.3775241091      9.75e-02     ortho_decomp Preconditoned Steepest Descent
    2    -798.3858140755      2.65e-04     ortho_decomp BFGS Step
    3    -798.3858143882      2.71e-06     ortho_decomp BFGS Step
    4    -798.3858143882      1.65e-08     ortho_decomp 00000 Convergence criterion met
 Exchange:  revPBE      Correlation:  PBE
 Using SG-2 standard quadrature grid
 Exchange:  revPBE      Correlation:  PBE
 Using SG-2 standard quadrature grid
 Exchange:  revPBE      Correlation:  PBE
 Using SG-2 standard quadrature grid
Doing General SCFMI
 Exchange:  B97M-V      Correlation:  B97M-V
 Using SG-2 standard quadrature grid
 Nonlocal Correlation:  VV10 with C = 0.0100 and b = 6.00 and scale = 1.00000
 Grid used for NLC:  SG-1 standard quadrature
performing fock build at end of subrot_r(subrot) constructor so that all methods have access
<S^2> of initial wavefunction before polarization iterations 0.0000000000
Beginning iterations for the determination of the polarized wavefunction
Energy prior to optimization (guess energy) = -798.465983904746
Begin Timing: Total SCF Calculation
begin iterations for algorithm: DIIS         
the SCF tolerance is set to 1.00e-08
    1    -798.4659839047      3.92e-04     00000 
    2    -798.4702455842      1.23e-04     00000 
    3    -798.4703304959      9.92e-05     00000 
    4    -798.4704135937      4.78e-05     00000 
    5    -798.4704360906      1.08e-05     00000 
    6    -798.4704372017      4.26e-06     00000 
    7    -798.4704373634      1.68e-06     00000 
    8    -798.4704373904      6.48e-07     00000 
    9    -798.4704373936      3.30e-07     00000 
   10    -798.4704373946      1.44e-07     00000 
   11    -798.4704373948      3.96e-08     00000 
   12    -798.4704373948      1.79e-08     00000 
   13    -798.4704373948      3.35e-09     00000 Convergence criterion met
write pseudocanon occs and virts to disk
write pseudocanon orbital energies to disk
Timing for Total SCF: 420.00s (wall), 418.19s (cpu)
<S^2> of polarized wavefunction after polarization iterations 0.0000000000
relaxing scfmi constraint to allow all rotations in the entire AO span
Doing General SCFMI
 Exchange:  B97M-V      Correlation:  B97M-V
 Using SG-2 standard quadrature grid
 Nonlocal Correlation:  VV10 with C = 0.0100 and b = 6.00 and scale = 1.00000
 Grid used for NLC:  SG-1 standard quadrature
performing fock build at end of subrot_r(subrot) constructor so that all methods have access
<S^2> of polarized wavefunction before ct-allowed iterations 0.0000000000
Beginning iterations for the determination of the CT-Allowed wavefunction
Energy prior to optimization (guess energy) = -798.470437394797
Begin Timing: Total SCF Calculation
begin iterations for algorithm: DIIS         
the SCF tolerance is set to 1.00e-08
    1    -798.4704373948      4.65e-04     00000 
    2    -798.4779162019      7.57e-05     00000 
    3    -798.4778389671      1.13e-04     00000 
    4    -798.4780172254      2.25e-05     00000 
    5    -798.4780245272      7.66e-06     00000 
    6    -798.4780253123      2.27e-06     00000 
    7    -798.4780253773      5.25e-07     00000 
    8    -798.4780253815      1.21e-07     00000 
    9    -798.4780253817      6.19e-08     00000 
   10    -798.4780253818      1.95e-08     00000 
   11    -798.4780253818      8.50e-09     00000 Convergence criterion met
write pseudocanon occs and virts to disk
write pseudocanon orbital energies to disk
Timing for Total SCF: 380.00s (wall), 377.64s (cpu)
<S^2> of ct_allowed wavefunction after ct-allowed iterations 0.0000000000
 Attempting to make child job directory: /scratch/qchemscratch/qchem2092147//FrgBSSE1/
 Attempting to make child job directory: /scratch/qchemscratch/qchem2092147//FrgBSSE2/
 Creating input file /scratch/qchemscratch/qchem2092147/FrgBSSE1.input
 calling putenv with: QCSCRATCH=/scratch/qchemscratch/qchem2092147/ 
 Spawning Job For Fragment 0
 Done Job For Fragment 0
 calling putenv with: QCSCRATCH=/scratch/qchemscratch 
 calling putenv with: QCTHREADS=1 
 Creating input file /scratch/qchemscratch/qchem2092147/FrgBSSE2.input
 calling putenv with: QCSCRATCH=/scratch/qchemscratch/qchem2092147/ 
 Spawning Job For Fragment 1
 Done Job For Fragment 1
 calling putenv with: QCSCRATCH=/scratch/qchemscratch 
 calling putenv with: QCTHREADS=1 
====================================================================
   Evaluating the BSSE with fragment SCF in the supersystem basis
   Fragment contributions (kJ/mol) 
   Frgm 1: 2.7610
   Frgm 2: 0.7410
   BSSE (kJ/mol) = 3.5020
====================================================================

================================
        Results of EDA2         
================================
Basic EDA Quantities
--------------------
Fragment Energies (Ha):
1  -76.4087720450
2 -722.0403197139
--------------------
  E_prp (kJ/mol) = 0.0000
  E_frz (kJ/mol) = -44.3509
  E_pol (kJ/mol) = -11.6928
  E_vct (kJ/mol) = -16.4205 (CP-corrected)
  E_int (kJ/mol) = -72.4641 (CP-corrected)
--------------------


Decomposition of frozen interaction energy
--------------------
  --------------------
  Orthogonal Frozen Decomposition:
  --------------------
     E_elec   (ELEC)   (kJ/mol) = -159.2028
     E_pauli  (PAULI)  (kJ/mol) = 135.6754
     E_disp   (DISP)   (kJ/mol) = -20.8234
  --------------------
  Classical Frozen Decomposition:
  --------------------
     E_cls_elec  (CLS ELEC)  (kJ/mol) = -98.6501
     E_mod_pauli (MOD PAULI) (kJ/mol) = 75.1227 (FRZ - CLS ELEC - DISP)
     E_disp      (DISP)      (kJ/mol) = -20.8234
  --------------------
--------------------

Simplified EDA Summary (kJ/mol)
--------------------
 PREPARATION      0.0000
 FROZEN           -44.3509 (ELEC + PAULI + DISP)
[ELEC + PAULI = -23.5274, DISP = -20.8234]
 POLARIZATION    -11.6928
 CHARGE TRANSFER -16.4205     (counterpoise-corrected)
 TOTAL           -72.4641     (PRP + FRZ + POL + CT)
--------------------
 
 --------------------------------------------------------------
 
                    Orbital Energies (a.u.)
 --------------------------------------------------------------
 
 Alpha MOs
 -- Occupied --
-77.1299 -19.0203 -19.0129 -18.9863 -18.9443 -18.9421 -10.0977 -10.0908
 -6.5329  -4.6075  -4.6065  -4.6043  -0.9014  -0.8588  -0.8265  -0.7958
 -0.7637  -0.5387  -0.5205  -0.3808  -0.3265  -0.3064  -0.2924  -0.2860
 -0.2735  -0.2631  -0.2476  -0.2072  -0.1962  -0.1770  -0.1640  -0.1270
 -0.1221  -0.1125  -0.1119  -0.0946  -0.0858  -0.0687
 -- Virtual --
  0.1018   0.1106   0.1375   0.1416   0.1467   0.1588   0.1599   0.1833
  0.1882   0.1940   0.2201   0.2282   0.2395   0.2505   0.2557   0.2647
  0.2687   0.2842   0.2861   0.2993   0.3022   0.3030   0.3157   0.3182
  0.3243   0.3293   0.3403   0.3568   0.3600   0.3708   0.3726   0.3793
  0.3857   0.3915   0.4000   0.4033   0.4161   0.4213   0.4365   0.4570
  0.4610   0.4836   0.4937   0.5211   0.5395   0.5642   0.6730   0.7032
  0.7163   0.7264   0.7384   0.7566   0.7830   0.7896   0.8179   0.8301
  0.8361   0.8523   0.8721   0.8809   0.8820   0.9122   0.9553   0.9704
  1.0152   1.0252   1.1021   1.1150   1.1220   1.1342   1.1609   1.1767
  1.2207   1.3050   1.3173   1.3497   1.3597   1.3856   1.4073   1.4312
  1.4363   1.4386   1.4741   1.4880   1.4981   1.5216   1.5352   1.5616
  1.5689   1.5840   1.6021   1.6185   1.6450   1.6808   1.7039   1.7573
  1.7698   1.7947   1.8146   1.8444   1.8476   1.8621   1.8790   1.8988
  1.9118   2.0308   2.0481   2.0769   2.1051   2.2178   2.2472   2.2733
  2.2911   2.3179   2.3492   2.3849   2.4009   2.4757   2.5480   2.6517
  2.6546   2.6825   2.6944   2.7419   2.7640   2.8368   2.8511   2.8542
  2.8808   2.9168   2.9260   2.9600   3.0196   3.0788   3.1262   3.1474
  3.1627   3.1682   3.1751   3.2322   3.2545   3.3020   3.3938   3.3972
  3.4361   3.4875   3.6363   3.6882   3.8095   4.0860
 --------------------------------------------------------------
 
          Ground-State Mulliken Net Atomic Charges

     Atom                 Charge (a.u.)
  ----------------------------------------
      1 O                    -0.564696
      2 H                     0.268791
      3 H                     0.278277
      4 H                     0.083293
      5 C                    -0.117868
      6 H                     0.088939
      7 H                     0.094884
      8 C                    -0.071547
      9 H                     0.046052
     10 H                     0.103949
     11 H                     0.037469
     12 O                    -0.785143
     13 O                    -0.731621
     14 O                    -0.473471
     15 O                    -0.509571
     16 P                     1.252261
  ----------------------------------------
  Sum of atomic charges =    -1.000000

 -----------------------------------------------------------------
                    Cartesian Multipole Moments
 -----------------------------------------------------------------
    Charge (ESU x 10^10)
                -4.8032
    Dipole Moment (Debye)
         X       3.7893      Y      -3.4775      Z       0.9996
       Tot       5.2394
    Quadrupole Moments (Debye-Ang)
        XX     -74.9089     XY       4.1383     YY     -63.7605
        XZ       4.0296     YZ       0.7223     ZZ     -67.9296
    Octopole Moments (Debye-Ang^2)
       XXX      58.0409    XXY     -11.7052    XYY      -0.7294
       YYY      -2.1228    XXZ      -5.8614    XYZ       1.8833
       YYZ       3.8024    XZZ      -0.9450    YZZ      -4.6630
       ZZZ      -0.2956
    Hexadecapole Moments (Debye-Ang^3)
      XXXX   -1165.5962   XXXY      32.7194   XXYY    -248.7871
      XYYY       3.7590   YYYY    -449.9526   XXXZ      40.3252
      XXYZ      -8.0510   XYYZ       2.7977   YYYZ       4.9525
      XXZZ    -198.9663   XYZZ       0.8229   YYZZ    -123.7836
      XZZZ     -10.8595   YZZZ       4.2664   ZZZZ    -262.6664
 -----------------------------------------------------------------
 Total job time:  2098.01s(wall), 1194.72s(cpu) 
 Mon Apr 15 16:48:19 2024

        *************************************************************
        *                                                           *
        *  Thank you very much for using Q-Chem.  Have a nice day.  *
        *                                                           *
        *************************************************************


