
Running Job 1 of 1 DMP_gt_10_1.1_jun.inp
qchem DMP_gt_10_1.1_jun.inp_2094030.0 /scratch/qchemscratch/qchem2094030/ 1
/opt/qchem/6.1/exe/qcprog.exe_s DMP_gt_10_1.1_jun.inp_2094030.0 /scratch/qchemscratch/qchem2094030/
                  Welcome to Q-Chem
     A Quantum Leap Into The Future Of Chemistry


 Q-Chem 6.1, Q-Chem, Inc., Pleasanton, CA (2023)

 License issued to: SRG Pengyu Ren, University of Texas at Austin

 E. Epifanovsky,  A. T. B. Gilbert,  Xintian Feng,  Joonho Lee,  Yuezhi Mao,  
 N. Mardirossian,  P. Pokhilko,  A. White,  M. Wormit,  M. P. Coons,  
 A. L. Dempwolff,  Zhengting Gan,  D. Hait,  P. R. Horn,  L. D. Jacobson,  
 I. Kaliman,  J. Kussmann,  A. W. Lange,  Ka Un Lao,  D. S. Levine,  Jie Liu,  
 S. C. McKenzie,  A. F. Morrison,  K. D. Nanda,  F. Plasser,  D. R. Rehn,  
 M. L. Vidal,  Zhi-Qiang You,  Ying Zhu,  B. Alam,  B. Albrecht,  
 A. Aldossary,  E. Alguire,  J. H. Andersen,  V. Athavale,  D. Barton,  
 K. Begam,  A. Behn,  N. Bellonzi,  Y. A. Bernard,  E. J. Berquist,  
 H. Burton,  A. Carreras,  K. Carter-Fenk,  Mathew Chow,  Romit Chakraborty,  
 Chandrima Chakravarty,  Junhan Chen,  A. D. Chien,  K. D. Closser,  
 V. Cofer-Shabica,  L. Cunha,  S. Dasgupta,  Jia Deng,  M. de Wergifosse,  
 M. Diedenhofen,  Hainam Do,  S. Ehlert,  Po-Tung Fang,  S. Fatehi,  
 Qingguo Feng,  T. Friedhoff,  Thomas Froitzheim,  B. Ganoe,  J. Gayvert,  
 Qinghui Ge,  G. Gidofalvi,  M. Gimferrer,  M. Goldey,  Montgomery Gray,  
 J. Gomes,  C. Gonzalez-Espinoza,  S. Gulania,  A. Gunina,  J. A. Gyamfi,  
 M. W. D. Hanson-Heine,  P. H. P. Harbach,  A. W. Hauser,  M. F. Herbst,  
 M. Hernandez Vera,  M. Hodecker,  Z. C. Holden,  S. Houck,  Xunkun Huang,  
 Kerwin Hui,  B. C. Huynh,  K. Ikeda,  M. Ivanov,  Hyunjun Ji,  Zuxin Jin,  
 Hanjie Jiang,  Subrata Jana,  B. Kaduk,  S. Kaehler,  R. Kang,  
 K. Khistyaev,  Jaehoon Kim,  Yongbin Kim,  P. Klunzinger,  Z. Koczor-Benda,  
 Joong Hoon Koh,  D. Kosenkov,  Saikiran Kotaru,  L. Koulias,  T. Kowalczyk,  
 C. M. Krauter,  K. Kue,  A. Kunitsa,  T. Kus,  A. Landau,  K. V. Lawler,  
 D. Lefrancois,  S. Lehtola,  Rain Li,  Shaozhi Li,  Yi-Pei Li,  
 Jiashu Liang,  M. Liebenthal,  Hung-Hsuan Lin,  You-Sheng Lin,  Fenglai Liu,  
 Kuan-Yu Liu,  Xiao Liu,  M. Loipersberger,  A. Luenser,  C. Malbon,  
 A. Manjanath,  P. Manohar,  E. Mansoor,  S. F. Manzer,  Shan-Ping Mao,  
 A. V. Marenich,  T. Markovich,  S. Mason,  F. Matz,  S. A. Maurer,  
 P. F. McLaughlin,  M. F. S. J. Menger,  J.-M. Mewes,  S. A. Mewes,  
 P. Morgante,  Mohammad Mostafanejad,  J. W. Mullinax,  K. J. Oosterbaan,  
 G. Paran,  V. Parravicini,  Alexander C. Paul,  Suranjan K. Paul,  
 F. Pavosevic,  Zheng Pei,  S. Prager,  E. I. Proynov,  E. Ramos,  B. Rana,  
 A. E. Rask,  A. Rettig,  R. M. Richard,  F. Rob,  E. Rossomme,  T. Scheele,  
 M. Scheurer,  M. Schneider,  P. E. Schneider,  Tim K. Schramm,  N. Sergueev,  
 S. M. Sharada,  M. Sharma,  Hengyuan Shen,  W. Skomorowski,  D. W. Small,  
 C. J. Stein,  Alistair J. Sterling,  Yingli Su,  Yu-Chuan Su,  
 E. J. Sundstrom,  J. Talbot,  Zhen Tao,  J. Thirman,  Hung-Yi Tsai,  
 T. Tsuchimochi,  N. M. Tubman,  C. Utku,  S. P. Veccham,  O. Vydrov,  
 J. Wenzel,  Jonathan Wong,  J. Witte,  A. Yamada,  Chou-Hsun Yang,  Kun Yao,  
 S. Yeganeh,  S. R. Yost,  A. Zech,  F. Zeller,  Igor Ying Zhang,  
 Xing Zhang,  Yu Zhang,  D. Zuev,  A. Aspuru-Guzik,  A. T. Bell,  
 N. A. Besley,  K. B. Bravaya,  B. R. Brooks,  D. Casanova,  Jeng-Da Chai,  
 Hsing-Ta Chen,  S. Coriani,  C. J. Cramer,  A. E. DePrince, III,  
 R. A. DiStasio Jr.,  A. Dreuw,  B. D. Dunietz,  T. R. Furlani,  
 W. A. Goddard III,  S. Grimme,  S. Hammes-Schiffer,  T. Head-Gordon,  
 W. J. Hehre,  Chao-Ping Hsu,  T.-C. Jagau,  Yousung Jung,  A. Klamt,  
 Jing Kong,  D. S. Lambrecht,  Xiangyuan Li,  WanZhen Liang,  N. J. Mayhall,  
 C. W. McCurdy,  J. B. Neaton,  T. Neudecker,  C. Ochsenfeld,  
 J. A. Parkhill,  R. Peverati,  V. A. Rassolov,  Haisheng Ren,  Yihan Shao,  
 L. V. Slipchenko,  R. P. Steele,  J. E. Subotnik,  A. J. W. Thom,  
 A. Tkatchenko,  D. G. Truhlar,  T. Van Voorhis,  Fan Wang,  
 T. A. Wesolowski,  K. B. Whaley,  H. L. Woodcock III,  P. M. Zimmerman,  
 S. Faraji,  P. M. W. Gill,  M. Head-Gordon,  J. M. Herbert,  A. I. Krylov

 Contributors to earlier versions of Q-Chem not listed above: 
 R. D. Adamson,  B. Austin,  R. Baer,  J. Baker,  G. J. O. Beran,  
 K. Brandhorst,  S. T. Brown,  E. F. C. Byrd,  Arup K. Chakraborty,  
 G. K. L. Chan,  Chun-Min Chang,  Yunqing Chen,  C.-L. Cheng,  
 Siu Hung Chien,  D. M. Chipman,  D. L. Crittenden,  H. Dachsel,  
 R. J. Doerksen,  A. D. Dutoi,  R. G. Edgar,  J. Fosso-Tande,  
 L. Fusti-Molnar,  D. Ghosh,  A. Ghysels,  A. Golubeva-Zadorozhnaya,  
 J. Gonthier,  M. S. Gordon,  S. R. Gwaltney,  G. Hawkins,  J. E. Herr,  
 A. Heyden,  S. Hirata,  E. G. Hohenstein,  G. Kedziora,  F. J. Keil,  
 C. Kelley,  Jihan Kim,  R. A. King,  R. Z. Khaliullin,  P. P. Korambath,  
 W. Kurlancheek,  A. Laurent,  A. M. Lee,  M. S. Lee,  S. V. Levchenko,  
 Ching Yeh Lin,  D. Liotard,  E. Livshits,  R. C. Lochan,  I. Lotan,  
 L. A. Martinez-Martinez,  P. E. Maslen,  N. Nair,  D. P. O'Neill,  
 D. Neuhauser,  E. Neuscamman,  C. M. Oana,  R. Olivares-Amaya,  R. Olson,  
 T. M. Perrine,  B. Peters,  P. A. Pieniazek,  A. Prociuk,  Y. M. Rhee,  
 J. Ritchie,  M. A. Rohrdanz,  E. Rosta,  N. J. Russ,  H. F. Schaefer III,  
 M. W. Schmidt,  N. E. Schultz,  S. Sharma,  N. Shenvi,  C. D. Sherrill,  
 A. C. Simmonett,  A. Sodt,  T. Stein,  D. Stuck,  K. S. Thanthiriwatte,  
 V. Vanovschi,  L. Vogt,  Tao Wang,  A. Warshel,  M. A. Watson,  
 C. F. Williams,  Q. Wu,  X. Xu,  Jun Yang,  W. Zhang,  Yan Zhao

   Please cite Q-Chem as follows:
  "Software for the frontiers of quantum chemistry:
   An overview of developments in the Q-Chem 5 package"
   J. Chem. Phys. 155, 084801 (2021)
   https://doi.org/10.1063/5.0055522 (open access)

 Q-Chem 6.1.1 for Intel X86 EM64T Linux

 Parts of Q-Chem use Armadillo 9.900.5 (Nocturnal Misbehaviour).
 http://arma.sourceforge.net/

 Q-Chem begins on Mon Apr 15 16:21:29 2024  

 Host: 
0

     Scratch files written to /scratch/qchemscratch/qchem2094030//
 Jan1824 |scratch|qcdevops|jenkins|workspace|build_RNUM UKVU   
 Processing $rem in /opt/qchem/6.1/config/preferences:
 Processing $rem in /home/mm227274/.qchemrc:

 Q-Chem warning in module libgen/rem_setup.C, line 3361:

 Neither GIA nor STOLL is specified by user. Use STOLL as the default


 Checking the input file for inconsistencies... 	...done.

--------------------------------------------------------------
User input:
--------------------------------------------------------------
$molecule
-1 1
--
0 1

O 3.315186282051282 0.8051282051282052 0.6895659487179487
H 3.1042062820512824 0.5015882051282051 -0.20835405128205128
H 2.402716282051282 0.9545782051282051 1.0318659487179487
--
-1 1

H          0.12648       -2.37084        0.27838
C          1.03399       -1.87115       -0.07295
H         -2.11701       -0.01440        1.83984
H         -2.99279        0.84304        0.54764
C         -2.57652       -0.12512        0.85320
H          1.62668       -2.57221       -0.66825
H          1.62163       -1.52727        0.78062
H         -3.38895       -0.85690        0.89959
O          0.19938        0.72599        1.11009
O         -0.52744        1.41273       -1.34659
O          0.70721       -0.77942       -0.93597
O         -1.63456       -0.60573       -0.09822
P         -0.29054        0.38334       -0.28521
$end

$rem
JOBTYPE          eda
EDA2             2
METHOD           b97m-v
BASIS            jun-cc-pvdz
SCF_CONVERGENCE  8
THRESH           14
SYMMETRY         false
DISP_FREE_X      revPBE
DISP_FREE_C      PBE
EDA_BSSE         true
$end
--------------------------------------------------------------
 ----------------------------------------------------------------
             Standard Nuclear Orientation (Angstroms)
    I     Atom           X                Y                Z
 ----------------------------------------------------------------
    1      O      -3.3149763913    -0.6633288324     0.6080079717
    2      H      -3.0751688926    -0.3417098465    -0.2762787521
    3      H      -2.4161004295    -0.8639229343     0.9599882338
    4      H       0.0173535197     2.3784555740     0.3495110335
    5      C      -0.9050312630     1.9309305560    -0.0320973206
    6      H       2.1271526096    -0.1231880537     1.8709383718
    7      H       2.9867097335    -0.9782231675     0.5663114876
    8      C       2.6082583813    -0.0024318480     0.8958373394
    9      H      -1.4557477332     2.6759226811    -0.6142027688
   10      H      -1.5220790396     1.5872175894     0.8005306917
   11      H       3.4512287108     0.6905712318     0.9785673841
   12      O      -0.2065307287    -0.7364179723     1.0808458519
   13      O       0.5320971907    -1.3781222474    -1.3844736370
   14      O      -0.6116817917     0.8530926136    -0.9241032282
   15      O       1.7051645405     0.5491027657    -0.0547970355
   16      P       0.3223137505    -0.3727150627    -0.2947763452
 ----------------------------------------------------------------
 Molecular Point Group                 C1    NOp =  1
 Largest Abelian Subgroup              C1    NOp =  1
 Nuclear Repulsion Energy =         533.31334969 hartrees
 There are       38 alpha and       38 beta electrons
 Requested basis set is jun-cc-pVDZ
 There are 90 shells and 188 basis functions

 Total QAlloc Memory Limit  16000 MB
 Mega-Array Size       188 MB
 MEM_STATIC part       192 MB

 A cutoff of  1.0D-14 yielded   3980 shell pairs
 There are     17290 function pairs (     18786 Cartesian)
 Smallest overlap matrix eigenvalue = 4.00E-04

 Scale SEOQF with 1.000000e-01/1.000000e-01/1.000000e-01

 Standard Electronic Orientation quadrupole field applied
 Nucleus-field energy     =     0.0000000076 hartrees

 -----------------------------------------------------------------------
  General SCF calculation program by
  Eric Jon Sundstrom, Paul Horn, Yuezhi Mao, Dmitri Zuev, Alec White,
  David Stuck, Shaama M.S., Shane Yost, Joonho Lee, David Small,
  Daniel Levine, Susi Lehtola, Hugh Burton, Evgeny Epifanovsky,
  Bang C. Huynh
 -----------------------------------------------------------------------
================================================================
                 ALMO-EDA with the EDA2 driver                  
================================================================
 The second-generation ALMO-EDA (for DFT):                      
 P. R. Horn, Y. Mao and M. Head-Gordon, PCCP, 18, 23067 (2016)  
 Y. Mao et al. Annu. Rev. Phys. Chem. 72, 641 (2021)            
 Decomposition of the frozen energy:                            
 P. R. Horn, Y. Mao and M. Head-Gordon, JCP, 144, 114107 (2016) 
================================================================
 Using eda2 option set 2
 Option set summary: Frozen orbital wavefunction, initial wavefunction decomposition, and traditional AO-based POL.
--------------------------------
Printing EDA Options
--------------------------------
eda_child_super_basis      0
fragmo_guess_mode          0
child_mp                   0
child_mp_orders            0
cls_elec                   1
cls_disp                   0
scfmi_mode                 1
scfmi_occs                 0
scfmi_virts                0
frz_relax                  0
frz_relax_method           0
dc_pen_start               0
dc_pen_conv                0
dc_pen_increment           0
dc_pen_steps               0
dc_pen_thresh_factor       0
dc_pen_pre_newton_thresh   0
frz_ortho_decomp           1
frz_ortho_decomp_conv      6
plot_mo_ortho_frz          0
frgm_method                2
scfmi_freeze_ss            0
separate_rehyb             0
plot_diff_den              0
eda_nocv                   0
eda_vct_relax              1
disp_free_x                33
disp_free_c                25
eda_bsse                   1
eda_pct_a                  0
eda_covp                   0
eda_vct_a                  0
--------------------------------
 Attempting to make child job directory: /scratch/qchemscratch/qchem2094030//Frg1/
 Attempting to make child job directory: /scratch/qchemscratch/qchem2094030//Frg2/
 Creating input file /scratch/qchemscratch/qchem2094030/Frg1.input
 using default PutDataFrgm: nothing
 calling putenv with: QCSCRATCH=/scratch/qchemscratch/qchem2094030/ 
 Spawning Job For Fragment 0
 Done Job For Fragment 0
 calling putenv with: QCSCRATCH=/scratch/qchemscratch 
 calling putenv with: QCTHREADS=1 
 Creating input file /scratch/qchemscratch/qchem2094030/Frg2.input
 using default PutDataFrgm: nothing
 calling putenv with: QCSCRATCH=/scratch/qchemscratch/qchem2094030/ 
 Spawning Job For Fragment 1
 Done Job For Fragment 1
 calling putenv with: QCSCRATCH=/scratch/qchemscratch 
 calling putenv with: QCTHREADS=1 
Doing General SCFMI
 Exchange:  B97M-V      Correlation:  B97M-V
 Using SG-2 standard quadrature grid
 Nonlocal Correlation:  VV10 with C = 0.0100 and b = 6.00 and scale = 1.00000
 Grid used for NLC:  SG-1 standard quadrature
performing fock build before subrot guess so that all methods have access
Printing subrot_rss_gen Method Specification:
Occupied Subspace Method is 0
Virtual Subspace Method is 0
Energy of the unrelaxed supersystem initial determinant -798.466247612128
write pseudocanon occs and virts to disk
write pseudocanon orbital energies to disk
Tolerance of ortho_decomp_scf: 1.00e-06
GDM subspace size: 20
Beginning the Orthogonal Decomposition of the Initial Supersystem Wavefunction
    1    -798.4214958733      6.03e-02     ortho_decomp Preconditoned Steepest Descent
    2    -798.4248445512      1.59e-04     ortho_decomp BFGS Step
    3    -798.4248446669      1.39e-06     ortho_decomp BFGS Step
    4    -798.4248446669      7.66e-09     ortho_decomp 00000 Convergence criterion met
 Exchange:  revPBE      Correlation:  PBE
 Using SG-2 standard quadrature grid
 Exchange:  revPBE      Correlation:  PBE
 Using SG-2 standard quadrature grid
 Exchange:  revPBE      Correlation:  PBE
 Using SG-2 standard quadrature grid
Doing General SCFMI
 Exchange:  B97M-V      Correlation:  B97M-V
 Using SG-2 standard quadrature grid
 Nonlocal Correlation:  VV10 with C = 0.0100 and b = 6.00 and scale = 1.00000
 Grid used for NLC:  SG-1 standard quadrature
performing fock build at end of subrot_r(subrot) constructor so that all methods have access
<S^2> of initial wavefunction before polarization iterations 0.0000000000
Beginning iterations for the determination of the polarized wavefunction
Energy prior to optimization (guess energy) = -798.466247612128
Begin Timing: Total SCF Calculation
begin iterations for algorithm: DIIS         
the SCF tolerance is set to 1.00e-08
    1    -798.4662476121      3.00e-04     00000 
    2    -798.4687176032      1.33e-04     00000 
    3    -798.4688122012      1.11e-04     00000 
    4    -798.4689261710      3.86e-05     00000 
    5    -798.4689389588      1.77e-05     00000 
    6    -798.4689421796      4.07e-06     00000 
    7    -798.4689423205      1.73e-06     00000 
    8    -798.4689423500      4.81e-07     00000 
    9    -798.4689423522      1.61e-07     00000 
   10    -798.4689423525      8.03e-08     00000 
   11    -798.4689423525      4.09e-08     00000 
   12    -798.4689423525      7.11e-09     00000 Convergence criterion met
write pseudocanon occs and virts to disk
write pseudocanon orbital energies to disk
Timing for Total SCF: 358.00s (wall), 356.00s (cpu)
<S^2> of polarized wavefunction after polarization iterations 0.0000000000
relaxing scfmi constraint to allow all rotations in the entire AO span
Doing General SCFMI
 Exchange:  B97M-V      Correlation:  B97M-V
 Using SG-2 standard quadrature grid
 Nonlocal Correlation:  VV10 with C = 0.0100 and b = 6.00 and scale = 1.00000
 Grid used for NLC:  SG-1 standard quadrature
performing fock build at end of subrot_r(subrot) constructor so that all methods have access
<S^2> of polarized wavefunction before ct-allowed iterations 0.0000000000
Beginning iterations for the determination of the CT-Allowed wavefunction
Energy prior to optimization (guess energy) = -798.468942352551
Begin Timing: Total SCF Calculation
begin iterations for algorithm: DIIS         
the SCF tolerance is set to 1.00e-08
    1    -798.4689423526      3.21e-04     00000 
    2    -798.4725393634      4.69e-05     00000 
    3    -798.4724837019      8.09e-05     00000 
    4    -798.4725744103      1.57e-05     00000 
    5    -798.4725779536      5.12e-06     00000 
    6    -798.4725783029      1.55e-06     00000 
    7    -798.4725783314      6.10e-07     00000 
    8    -798.4725783365      2.08e-07     00000 
    9    -798.4725783371      4.33e-08     00000 
   10    -798.4725783371      9.65e-09     00000 Convergence criterion met
write pseudocanon occs and virts to disk
write pseudocanon orbital energies to disk
Timing for Total SCF: 297.00s (wall), 295.70s (cpu)
<S^2> of ct_allowed wavefunction after ct-allowed iterations 0.0000000000
 Attempting to make child job directory: /scratch/qchemscratch/qchem2094030//FrgBSSE1/
 Attempting to make child job directory: /scratch/qchemscratch/qchem2094030//FrgBSSE2/
 Creating input file /scratch/qchemscratch/qchem2094030/FrgBSSE1.input
 calling putenv with: QCSCRATCH=/scratch/qchemscratch/qchem2094030/ 
 Spawning Job For Fragment 0
 Done Job For Fragment 0
 calling putenv with: QCSCRATCH=/scratch/qchemscratch 
 calling putenv with: QCTHREADS=1 
 Creating input file /scratch/qchemscratch/qchem2094030/FrgBSSE2.input
 calling putenv with: QCSCRATCH=/scratch/qchemscratch/qchem2094030/ 
 Spawning Job For Fragment 1
 Done Job For Fragment 1
 calling putenv with: QCSCRATCH=/scratch/qchemscratch 
 calling putenv with: QCTHREADS=1 
====================================================================
   Evaluating the BSSE with fragment SCF in the supersystem basis
   Fragment contributions (kJ/mol) 
   Frgm 1: 2.3154
   Frgm 2: 0.6534
   BSSE (kJ/mol) = 2.9688
====================================================================

================================
        Results of EDA2         
================================
Basic EDA Quantities
--------------------
Fragment Energies (Ha):
1  -76.4094052748
2 -722.0402139134
--------------------
  E_prp (kJ/mol) = -0.0000
  E_frz (kJ/mol) = -43.6584
  E_pol (kJ/mol) = -7.0751
  E_vct (kJ/mol) = -6.5775 (CP-corrected)
  E_int (kJ/mol) = -57.3111 (CP-corrected)
--------------------


Decomposition of frozen interaction energy
--------------------
  --------------------
  Orthogonal Frozen Decomposition:
  --------------------
     E_elec   (ELEC)   (kJ/mol) = -84.2123
     E_pauli  (PAULI)  (kJ/mol) = 52.6290
     E_disp   (DISP)   (kJ/mol) = -12.0751
  --------------------
  Classical Frozen Decomposition:
  --------------------
     E_cls_elec  (CLS ELEC)  (kJ/mol) = -57.9104
     E_mod_pauli (MOD PAULI) (kJ/mol) = 26.3271 (FRZ - CLS ELEC - DISP)
     E_disp      (DISP)      (kJ/mol) = -12.0751
  --------------------
--------------------

Simplified EDA Summary (kJ/mol)
--------------------
 PREPARATION      -0.0000
 FROZEN           -43.6584 (ELEC + PAULI + DISP)
[ELEC + PAULI = -31.5833, DISP = -12.0751]
 POLARIZATION    -7.0751
 CHARGE TRANSFER -6.5775     (counterpoise-corrected)
 TOTAL           -57.3111     (PRP + FRZ + POL + CT)
--------------------
 
 --------------------------------------------------------------
 
                    Orbital Energies (a.u.)
 --------------------------------------------------------------
 
 Alpha MOs
 -- Occupied --
-77.1251 -19.0173 -19.0171 -19.0136 -18.9413 -18.9358 -10.0960 -10.0935
 -6.5281  -4.6028  -4.6017  -4.5993  -0.8978  -0.8571  -0.8531  -0.7916
 -0.7589  -0.5365  -0.5217  -0.3783  -0.3366  -0.3246  -0.2921  -0.2842
 -0.2750  -0.2627  -0.2453  -0.2231  -0.1925  -0.1757  -0.1631  -0.1346
 -0.1241  -0.1208  -0.1088  -0.0966  -0.0809  -0.0635
 -- Virtual --
  0.1035   0.1076   0.1277   0.1394   0.1467   0.1576   0.1602   0.1812
  0.1884   0.1916   0.2135   0.2276   0.2346   0.2434   0.2525   0.2600
  0.2619   0.2739   0.2779   0.2885   0.2936   0.2949   0.3040   0.3171
  0.3255   0.3269   0.3385   0.3495   0.3555   0.3629   0.3781   0.3823
  0.3907   0.3962   0.4026   0.4052   0.4101   0.4224   0.4260   0.4400
  0.4497   0.4596   0.4985   0.5293   0.5466   0.5506   0.6690   0.7028
  0.7169   0.7334   0.7506   0.7601   0.7803   0.8038   0.8112   0.8321
  0.8347   0.8377   0.8695   0.8804   0.8866   0.8897   0.9413   0.9574
  1.0279   1.0415   1.0646   1.0874   1.1186   1.1384   1.1609   1.1775
  1.2232   1.2492   1.2916   1.2985   1.3651   1.3963   1.4022   1.4184
  1.4294   1.4403   1.4487   1.4780   1.4866   1.5071   1.5341   1.5508
  1.5610   1.5731   1.5854   1.6155   1.6366   1.6683   1.7302   1.7525
  1.7650   1.7873   1.7963   1.8393   1.8510   1.8559   1.8776   1.9028
  1.9215   1.9330   2.0131   2.0853   2.1003   2.2181   2.2585   2.2799
  2.2962   2.3013   2.3458   2.3545   2.3889   2.3940   2.5422   2.6412
  2.6570   2.6631   2.7023   2.7412   2.7620   2.8353   2.8510   2.8684
  2.8699   2.9007   2.9250   2.9667   3.0192   3.0776   3.1178   3.1279
  3.1359   3.1692   3.1853   3.2295   3.2485   3.3014   3.3542   3.3962
  3.4427   3.4781   3.6347   3.6911   3.7553   4.0404
 --------------------------------------------------------------
 
          Ground-State Mulliken Net Atomic Charges

     Atom                 Charge (a.u.)
  ----------------------------------------
      1 O                    -0.526705
      2 H                     0.242566
      3 H                     0.294639
      4 H                     0.091148
      5 C                    -0.118653
      6 H                     0.099311
      7 H                     0.079081
      8 C                    -0.090555
      9 H                     0.048110
     10 H                     0.110699
     11 H                     0.040389
     12 O                    -0.775213
     13 O                    -0.686778
     14 O                    -0.531606
     15 O                    -0.517735
     16 P                     1.241302
  ----------------------------------------
  Sum of atomic charges =    -1.000000

 -----------------------------------------------------------------
                    Cartesian Multipole Moments
 -----------------------------------------------------------------
    Charge (ESU x 10^10)
                -4.8032
    Dipole Moment (Debye)
         X       2.1320      Y       4.1425      Z       1.4177
       Tot       4.8699
    Quadrupole Moments (Debye-Ang)
        XX     -74.0577     XY      -3.6157     YY     -65.9552
        XZ       8.2699     YZ      -1.5852     ZZ     -69.0438
    Octopole Moments (Debye-Ang^2)
       XXX      55.6683    XXY      10.3983    XYY      -2.5924
       YYY      10.8246    XXZ     -15.6289    XYZ      -4.6500
       YYZ       6.2429    XZZ      -3.0278    YZZ       7.9967
       ZZZ       4.9803
    Hexadecapole Moments (Debye-Ang^3)
      XXXX   -1282.4375   XXXY     -51.7048   XXYY    -260.6757
      XYYY       2.5629   YYYY    -437.6574   XXXZ      80.1624
      XXYZ       4.8367   XYYZ       4.8433   YYYZ     -13.6262
      XXZZ    -228.2453   XYZZ       8.8626   YYZZ    -133.4244
      XZZZ      -2.7824   YZZZ     -11.2777   ZZZZ    -308.7585
 -----------------------------------------------------------------
 Total job time:  2063.65s(wall), 1149.14s(cpu) 
 Mon Apr 15 16:55:53 2024

        *************************************************************
        *                                                           *
        *  Thank you very much for using Q-Chem.  Have a nice day.  *
        *                                                           *
        *************************************************************


