
Running Job 1 of 1 DMP_gt_10_1.1_pvdz.inp
qchem DMP_gt_10_1.1_pvdz.inp_2093394.0 /scratch/qchemscratch/qchem2093394/ 1
/opt/qchem/6.1/exe/qcprog.exe_s DMP_gt_10_1.1_pvdz.inp_2093394.0 /scratch/qchemscratch/qchem2093394/
                  Welcome to Q-Chem
     A Quantum Leap Into The Future Of Chemistry


 Q-Chem 6.1, Q-Chem, Inc., Pleasanton, CA (2023)

 License issued to: SRG Pengyu Ren, University of Texas at Austin

 E. Epifanovsky,  A. T. B. Gilbert,  Xintian Feng,  Joonho Lee,  Yuezhi Mao,  
 N. Mardirossian,  P. Pokhilko,  A. White,  M. Wormit,  M. P. Coons,  
 A. L. Dempwolff,  Zhengting Gan,  D. Hait,  P. R. Horn,  L. D. Jacobson,  
 I. Kaliman,  J. Kussmann,  A. W. Lange,  Ka Un Lao,  D. S. Levine,  Jie Liu,  
 S. C. McKenzie,  A. F. Morrison,  K. D. Nanda,  F. Plasser,  D. R. Rehn,  
 M. L. Vidal,  Zhi-Qiang You,  Ying Zhu,  B. Alam,  B. Albrecht,  
 A. Aldossary,  E. Alguire,  J. H. Andersen,  V. Athavale,  D. Barton,  
 K. Begam,  A. Behn,  N. Bellonzi,  Y. A. Bernard,  E. J. Berquist,  
 H. Burton,  A. Carreras,  K. Carter-Fenk,  Mathew Chow,  Romit Chakraborty,  
 Chandrima Chakravarty,  Junhan Chen,  A. D. Chien,  K. D. Closser,  
 V. Cofer-Shabica,  L. Cunha,  S. Dasgupta,  Jia Deng,  M. de Wergifosse,  
 M. Diedenhofen,  Hainam Do,  S. Ehlert,  Po-Tung Fang,  S. Fatehi,  
 Qingguo Feng,  T. Friedhoff,  Thomas Froitzheim,  B. Ganoe,  J. Gayvert,  
 Qinghui Ge,  G. Gidofalvi,  M. Gimferrer,  M. Goldey,  Montgomery Gray,  
 J. Gomes,  C. Gonzalez-Espinoza,  S. Gulania,  A. Gunina,  J. A. Gyamfi,  
 M. W. D. Hanson-Heine,  P. H. P. Harbach,  A. W. Hauser,  M. F. Herbst,  
 M. Hernandez Vera,  M. Hodecker,  Z. C. Holden,  S. Houck,  Xunkun Huang,  
 Kerwin Hui,  B. C. Huynh,  K. Ikeda,  M. Ivanov,  Hyunjun Ji,  Zuxin Jin,  
 Hanjie Jiang,  Subrata Jana,  B. Kaduk,  S. Kaehler,  R. Kang,  
 K. Khistyaev,  Jaehoon Kim,  Yongbin Kim,  P. Klunzinger,  Z. Koczor-Benda,  
 Joong Hoon Koh,  D. Kosenkov,  Saikiran Kotaru,  L. Koulias,  T. Kowalczyk,  
 C. M. Krauter,  K. Kue,  A. Kunitsa,  T. Kus,  A. Landau,  K. V. Lawler,  
 D. Lefrancois,  S. Lehtola,  Rain Li,  Shaozhi Li,  Yi-Pei Li,  
 Jiashu Liang,  M. Liebenthal,  Hung-Hsuan Lin,  You-Sheng Lin,  Fenglai Liu,  
 Kuan-Yu Liu,  Xiao Liu,  M. Loipersberger,  A. Luenser,  C. Malbon,  
 A. Manjanath,  P. Manohar,  E. Mansoor,  S. F. Manzer,  Shan-Ping Mao,  
 A. V. Marenich,  T. Markovich,  S. Mason,  F. Matz,  S. A. Maurer,  
 P. F. McLaughlin,  M. F. S. J. Menger,  J.-M. Mewes,  S. A. Mewes,  
 P. Morgante,  Mohammad Mostafanejad,  J. W. Mullinax,  K. J. Oosterbaan,  
 G. Paran,  V. Parravicini,  Alexander C. Paul,  Suranjan K. Paul,  
 F. Pavosevic,  Zheng Pei,  S. Prager,  E. I. Proynov,  E. Ramos,  B. Rana,  
 A. E. Rask,  A. Rettig,  R. M. Richard,  F. Rob,  E. Rossomme,  T. Scheele,  
 M. Scheurer,  M. Schneider,  P. E. Schneider,  Tim K. Schramm,  N. Sergueev,  
 S. M. Sharada,  M. Sharma,  Hengyuan Shen,  W. Skomorowski,  D. W. Small,  
 C. J. Stein,  Alistair J. Sterling,  Yingli Su,  Yu-Chuan Su,  
 E. J. Sundstrom,  J. Talbot,  Zhen Tao,  J. Thirman,  Hung-Yi Tsai,  
 T. Tsuchimochi,  N. M. Tubman,  C. Utku,  S. P. Veccham,  O. Vydrov,  
 J. Wenzel,  Jonathan Wong,  J. Witte,  A. Yamada,  Chou-Hsun Yang,  Kun Yao,  
 S. Yeganeh,  S. R. Yost,  A. Zech,  F. Zeller,  Igor Ying Zhang,  
 Xing Zhang,  Yu Zhang,  D. Zuev,  A. Aspuru-Guzik,  A. T. Bell,  
 N. A. Besley,  K. B. Bravaya,  B. R. Brooks,  D. Casanova,  Jeng-Da Chai,  
 Hsing-Ta Chen,  S. Coriani,  C. J. Cramer,  A. E. DePrince, III,  
 R. A. DiStasio Jr.,  A. Dreuw,  B. D. Dunietz,  T. R. Furlani,  
 W. A. Goddard III,  S. Grimme,  S. Hammes-Schiffer,  T. Head-Gordon,  
 W. J. Hehre,  Chao-Ping Hsu,  T.-C. Jagau,  Yousung Jung,  A. Klamt,  
 Jing Kong,  D. S. Lambrecht,  Xiangyuan Li,  WanZhen Liang,  N. J. Mayhall,  
 C. W. McCurdy,  J. B. Neaton,  T. Neudecker,  C. Ochsenfeld,  
 J. A. Parkhill,  R. Peverati,  V. A. Rassolov,  Haisheng Ren,  Yihan Shao,  
 L. V. Slipchenko,  R. P. Steele,  J. E. Subotnik,  A. J. W. Thom,  
 A. Tkatchenko,  D. G. Truhlar,  T. Van Voorhis,  Fan Wang,  
 T. A. Wesolowski,  K. B. Whaley,  H. L. Woodcock III,  P. M. Zimmerman,  
 S. Faraji,  P. M. W. Gill,  M. Head-Gordon,  J. M. Herbert,  A. I. Krylov

 Contributors to earlier versions of Q-Chem not listed above: 
 R. D. Adamson,  B. Austin,  R. Baer,  J. Baker,  G. J. O. Beran,  
 K. Brandhorst,  S. T. Brown,  E. F. C. Byrd,  Arup K. Chakraborty,  
 G. K. L. Chan,  Chun-Min Chang,  Yunqing Chen,  C.-L. Cheng,  
 Siu Hung Chien,  D. M. Chipman,  D. L. Crittenden,  H. Dachsel,  
 R. J. Doerksen,  A. D. Dutoi,  R. G. Edgar,  J. Fosso-Tande,  
 L. Fusti-Molnar,  D. Ghosh,  A. Ghysels,  A. Golubeva-Zadorozhnaya,  
 J. Gonthier,  M. S. Gordon,  S. R. Gwaltney,  G. Hawkins,  J. E. Herr,  
 A. Heyden,  S. Hirata,  E. G. Hohenstein,  G. Kedziora,  F. J. Keil,  
 C. Kelley,  Jihan Kim,  R. A. King,  R. Z. Khaliullin,  P. P. Korambath,  
 W. Kurlancheek,  A. Laurent,  A. M. Lee,  M. S. Lee,  S. V. Levchenko,  
 Ching Yeh Lin,  D. Liotard,  E. Livshits,  R. C. Lochan,  I. Lotan,  
 L. A. Martinez-Martinez,  P. E. Maslen,  N. Nair,  D. P. O'Neill,  
 D. Neuhauser,  E. Neuscamman,  C. M. Oana,  R. Olivares-Amaya,  R. Olson,  
 T. M. Perrine,  B. Peters,  P. A. Pieniazek,  A. Prociuk,  Y. M. Rhee,  
 J. Ritchie,  M. A. Rohrdanz,  E. Rosta,  N. J. Russ,  H. F. Schaefer III,  
 M. W. Schmidt,  N. E. Schultz,  S. Sharma,  N. Shenvi,  C. D. Sherrill,  
 A. C. Simmonett,  A. Sodt,  T. Stein,  D. Stuck,  K. S. Thanthiriwatte,  
 V. Vanovschi,  L. Vogt,  Tao Wang,  A. Warshel,  M. A. Watson,  
 C. F. Williams,  Q. Wu,  X. Xu,  Jun Yang,  W. Zhang,  Yan Zhao

   Please cite Q-Chem as follows:
  "Software for the frontiers of quantum chemistry:
   An overview of developments in the Q-Chem 5 package"
   J. Chem. Phys. 155, 084801 (2021)
   https://doi.org/10.1063/5.0055522 (open access)

 Q-Chem 6.1.1 for Intel X86 EM64T Linux

 Parts of Q-Chem use Armadillo 9.900.5 (Nocturnal Misbehaviour).
 http://arma.sourceforge.net/

 Q-Chem begins on Mon Apr 15 16:18:42 2024  

 Host: 
0

     Scratch files written to /scratch/qchemscratch/qchem2093394//
 Jan1824 |scratch|qcdevops|jenkins|workspace|build_RNUM UKVU   
 Processing $rem in /opt/qchem/6.1/config/preferences:
 Processing $rem in /home/mm227274/.qchemrc:

 Q-Chem warning in module libgen/rem_setup.C, line 3361:

 Neither GIA nor STOLL is specified by user. Use STOLL as the default


 Checking the input file for inconsistencies... 	...done.

--------------------------------------------------------------
User input:
--------------------------------------------------------------
$molecule
-1 1
--
0 1

O 3.315186282051282 0.8051282051282052 0.6895659487179487
H 3.1042062820512824 0.5015882051282051 -0.20835405128205128
H 2.402716282051282 0.9545782051282051 1.0318659487179487
--
-1 1

H          0.12648       -2.37084        0.27838
C          1.03399       -1.87115       -0.07295
H         -2.11701       -0.01440        1.83984
H         -2.99279        0.84304        0.54764
C         -2.57652       -0.12512        0.85320
H          1.62668       -2.57221       -0.66825
H          1.62163       -1.52727        0.78062
H         -3.38895       -0.85690        0.89959
O          0.19938        0.72599        1.11009
O         -0.52744        1.41273       -1.34659
O          0.70721       -0.77942       -0.93597
O         -1.63456       -0.60573       -0.09822
P         -0.29054        0.38334       -0.28521
$end

$rem
JOBTYPE          eda
EDA2             2
METHOD           b97m-v
BASIS            aug-cc-pvdz
SCF_CONVERGENCE  8
THRESH           14
SYMMETRY         false
DISP_FREE_X      revPBE
DISP_FREE_C      PBE
EDA_BSSE         true
$end
--------------------------------------------------------------
 ----------------------------------------------------------------
             Standard Nuclear Orientation (Angstroms)
    I     Atom           X                Y                Z
 ----------------------------------------------------------------
    1      O      -3.3149763913    -0.6633288324     0.6080079717
    2      H      -3.0751688926    -0.3417098465    -0.2762787521
    3      H      -2.4161004295    -0.8639229343     0.9599882338
    4      H       0.0173535197     2.3784555740     0.3495110335
    5      C      -0.9050312630     1.9309305560    -0.0320973206
    6      H       2.1271526096    -0.1231880537     1.8709383718
    7      H       2.9867097335    -0.9782231675     0.5663114876
    8      C       2.6082583813    -0.0024318480     0.8958373394
    9      H      -1.4557477332     2.6759226811    -0.6142027688
   10      H      -1.5220790396     1.5872175894     0.8005306917
   11      H       3.4512287108     0.6905712318     0.9785673841
   12      O      -0.2065307287    -0.7364179723     1.0808458519
   13      O       0.5320971907    -1.3781222474    -1.3844736370
   14      O      -0.6116817917     0.8530926136    -0.9241032282
   15      O       1.7051645405     0.5491027657    -0.0547970355
   16      P       0.3223137505    -0.3727150627    -0.2947763452
 ----------------------------------------------------------------
 Molecular Point Group                 C1    NOp =  1
 Largest Abelian Subgroup              C1    NOp =  1
 Nuclear Repulsion Energy =         533.31334969 hartrees
 There are       38 alpha and       38 beta electrons
 Requested basis set is aug-cc-pVDZ
 There are 114 shells and 260 basis functions

 Total QAlloc Memory Limit  16000 MB
 Mega-Array Size       188 MB
 MEM_STATIC part       192 MB

 A cutoff of  1.0D-14 yielded   6436 shell pairs
 There are     33518 function pairs (     37802 Cartesian)
 Smallest overlap matrix eigenvalue = 1.44E-04

 Scale SEOQF with 1.000000e-01/1.000000e-01/1.000000e-01

 Standard Electronic Orientation quadrupole field applied
 Nucleus-field energy     =     0.0000000076 hartrees

 -----------------------------------------------------------------------
  General SCF calculation program by
  Eric Jon Sundstrom, Paul Horn, Yuezhi Mao, Dmitri Zuev, Alec White,
  David Stuck, Shaama M.S., Shane Yost, Joonho Lee, David Small,
  Daniel Levine, Susi Lehtola, Hugh Burton, Evgeny Epifanovsky,
  Bang C. Huynh
 -----------------------------------------------------------------------
================================================================
                 ALMO-EDA with the EDA2 driver                  
================================================================
 The second-generation ALMO-EDA (for DFT):                      
 P. R. Horn, Y. Mao and M. Head-Gordon, PCCP, 18, 23067 (2016)  
 Y. Mao et al. Annu. Rev. Phys. Chem. 72, 641 (2021)            
 Decomposition of the frozen energy:                            
 P. R. Horn, Y. Mao and M. Head-Gordon, JCP, 144, 114107 (2016) 
================================================================
 Using eda2 option set 2
 Option set summary: Frozen orbital wavefunction, initial wavefunction decomposition, and traditional AO-based POL.
--------------------------------
Printing EDA Options
--------------------------------
eda_child_super_basis      0
fragmo_guess_mode          0
child_mp                   0
child_mp_orders            0
cls_elec                   1
cls_disp                   0
scfmi_mode                 1
scfmi_occs                 0
scfmi_virts                0
frz_relax                  0
frz_relax_method           0
dc_pen_start               0
dc_pen_conv                0
dc_pen_increment           0
dc_pen_steps               0
dc_pen_thresh_factor       0
dc_pen_pre_newton_thresh   0
frz_ortho_decomp           1
frz_ortho_decomp_conv      6
plot_mo_ortho_frz          0
frgm_method                2
scfmi_freeze_ss            0
separate_rehyb             0
plot_diff_den              0
eda_nocv                   0
eda_vct_relax              1
disp_free_x                33
disp_free_c                25
eda_bsse                   1
eda_pct_a                  0
eda_covp                   0
eda_vct_a                  0
--------------------------------
 Attempting to make child job directory: /scratch/qchemscratch/qchem2093394//Frg1/
 Attempting to make child job directory: /scratch/qchemscratch/qchem2093394//Frg2/
 Creating input file /scratch/qchemscratch/qchem2093394/Frg1.input
 using default PutDataFrgm: nothing
 calling putenv with: QCSCRATCH=/scratch/qchemscratch/qchem2093394/ 
 Spawning Job For Fragment 0
 Done Job For Fragment 0
 calling putenv with: QCSCRATCH=/scratch/qchemscratch 
 calling putenv with: QCTHREADS=1 
 Creating input file /scratch/qchemscratch/qchem2093394/Frg2.input
 using default PutDataFrgm: nothing
 calling putenv with: QCSCRATCH=/scratch/qchemscratch/qchem2093394/ 
 Spawning Job For Fragment 1
 Done Job For Fragment 1
 calling putenv with: QCSCRATCH=/scratch/qchemscratch 
 calling putenv with: QCTHREADS=1 
Doing General SCFMI
 Exchange:  B97M-V      Correlation:  B97M-V
 Using SG-2 standard quadrature grid
 Nonlocal Correlation:  VV10 with C = 0.0100 and b = 6.00 and scale = 1.00000
 Grid used for NLC:  SG-1 standard quadrature
performing fock build before subrot guess so that all methods have access
Printing subrot_rss_gen Method Specification:
Occupied Subspace Method is 0
Virtual Subspace Method is 0
Energy of the unrelaxed supersystem initial determinant -798.489719110241
write pseudocanon occs and virts to disk
write pseudocanon orbital energies to disk
Tolerance of ortho_decomp_scf: 1.00e-06
GDM subspace size: 20
Beginning the Orthogonal Decomposition of the Initial Supersystem Wavefunction
    1    -798.4434719865      6.54e-02     ortho_decomp Preconditoned Steepest Descent
    2    -798.4471380508      1.60e-04     ortho_decomp BFGS Step
    3    -798.4471381667      1.44e-06     ortho_decomp BFGS Step
    4    -798.4471381667      7.11e-09     ortho_decomp 00000 Convergence criterion met
 Exchange:  revPBE      Correlation:  PBE
 Using SG-2 standard quadrature grid
 Exchange:  revPBE      Correlation:  PBE
 Using SG-2 standard quadrature grid
 Exchange:  revPBE      Correlation:  PBE
 Using SG-2 standard quadrature grid
Doing General SCFMI
 Exchange:  B97M-V      Correlation:  B97M-V
 Using SG-2 standard quadrature grid
 Nonlocal Correlation:  VV10 with C = 0.0100 and b = 6.00 and scale = 1.00000
 Grid used for NLC:  SG-1 standard quadrature
performing fock build at end of subrot_r(subrot) constructor so that all methods have access
<S^2> of initial wavefunction before polarization iterations 0.0000000000
Beginning iterations for the determination of the polarized wavefunction
Energy prior to optimization (guess energy) = -798.489719110241
Begin Timing: Total SCF Calculation
begin iterations for algorithm: DIIS         
the SCF tolerance is set to 1.00e-08
    1    -798.4897191102      2.30e-04     00000 
    2    -798.4925101047      1.10e-04     00000 
    3    -798.4927112879      7.16e-05     00000 
    4    -798.4927924876      3.23e-05     00000 
    5    -798.4928107818      1.11e-05     00000 
    6    -798.4928129325      4.50e-06     00000 
    7    -798.4928132847      1.63e-06     00000 
    8    -798.4928133259      7.71e-07     00000 
    9    -798.4928133357      2.75e-07     00000 
   10    -798.4928133365      1.79e-07     00000 
   11    -798.4928133371      5.35e-08     00000 
   12    -798.4928133372      2.55e-08     00000 
   13    -798.4928133372      4.91e-09     00000 Convergence criterion met
write pseudocanon occs and virts to disk
write pseudocanon orbital energies to disk
Timing for Total SCF: 679.00s (wall), 675.79s (cpu)
<S^2> of polarized wavefunction after polarization iterations 0.0000000000
relaxing scfmi constraint to allow all rotations in the entire AO span
Doing General SCFMI
 Exchange:  B97M-V      Correlation:  B97M-V
 Using SG-2 standard quadrature grid
 Nonlocal Correlation:  VV10 with C = 0.0100 and b = 6.00 and scale = 1.00000
 Grid used for NLC:  SG-1 standard quadrature
performing fock build at end of subrot_r(subrot) constructor so that all methods have access
<S^2> of polarized wavefunction before ct-allowed iterations 0.0000000000
Beginning iterations for the determination of the CT-Allowed wavefunction
Energy prior to optimization (guess energy) = -798.492813337176
Begin Timing: Total SCF Calculation
begin iterations for algorithm: DIIS         
the SCF tolerance is set to 1.00e-08
    1    -798.4928133372      2.61e-04     00000 
    2    -798.4966886860      3.33e-05     00000 
    3    -798.4966203498      6.20e-05     00000 
    4    -798.4967245384      9.81e-06     00000 
    5    -798.4967273382      3.53e-06     00000 
    6    -798.4967276385      1.31e-06     00000 
    7    -798.4967276808      3.85e-07     00000 
    8    -798.4967276846      1.56e-07     00000 
    9    -798.4967276852      3.82e-08     00000 
   10    -798.4967276852      7.20e-09     00000 Convergence criterion met
write pseudocanon occs and virts to disk
write pseudocanon orbital energies to disk
Timing for Total SCF: 467.00s (wall), 464.99s (cpu)
<S^2> of ct_allowed wavefunction after ct-allowed iterations 0.0000000000
 Attempting to make child job directory: /scratch/qchemscratch/qchem2093394//FrgBSSE1/
 Attempting to make child job directory: /scratch/qchemscratch/qchem2093394//FrgBSSE2/
 Creating input file /scratch/qchemscratch/qchem2093394/FrgBSSE1.input
 calling putenv with: QCSCRATCH=/scratch/qchemscratch/qchem2093394/ 
 Spawning Job For Fragment 0
 Done Job For Fragment 0
 calling putenv with: QCSCRATCH=/scratch/qchemscratch 
 calling putenv with: QCTHREADS=1 
 Creating input file /scratch/qchemscratch/qchem2093394/FrgBSSE2.input
 calling putenv with: QCSCRATCH=/scratch/qchemscratch/qchem2093394/ 
 Spawning Job For Fragment 1
 Done Job For Fragment 1
 calling putenv with: QCSCRATCH=/scratch/qchemscratch 
 calling putenv with: QCTHREADS=1 
====================================================================
   Evaluating the BSSE with fragment SCF in the supersystem basis
   Fragment contributions (kJ/mol) 
   Frgm 1: 0.9729
   Frgm 2: 1.5528
   BSSE (kJ/mol) = 2.5257
====================================================================

================================
        Results of EDA2         
================================
Basic EDA Quantities
--------------------
Fragment Energies (Ha):
1  -76.4135623625
2 -722.0607218298
--------------------
  E_prp (kJ/mol) = 0.0000
  E_frz (kJ/mol) = -40.5249
  E_pol (kJ/mol) = -8.1240
  E_vct (kJ/mol) = -7.7516 (CP-corrected)
  E_int (kJ/mol) = -56.4004 (CP-corrected)
--------------------


Decomposition of frozen interaction energy
--------------------
  --------------------
  Orthogonal Frozen Decomposition:
  --------------------
     E_elec   (ELEC)   (kJ/mol) = -84.8327
     E_pauli  (PAULI)  (kJ/mol) = 57.2378
     E_disp   (DISP)   (kJ/mol) = -12.9300
  --------------------
  Classical Frozen Decomposition:
  --------------------
     E_cls_elec  (CLS ELEC)  (kJ/mol) = -54.8895
     E_mod_pauli (MOD PAULI) (kJ/mol) = 27.2946 (FRZ - CLS ELEC - DISP)
     E_disp      (DISP)      (kJ/mol) = -12.9300
  --------------------
--------------------

Simplified EDA Summary (kJ/mol)
--------------------
 PREPARATION      0.0000
 FROZEN           -40.5249 (ELEC + PAULI + DISP)
[ELEC + PAULI = -27.5949, DISP = -12.9300]
 POLARIZATION    -8.1240
 CHARGE TRANSFER -7.7516     (counterpoise-corrected)
 TOTAL           -56.4004     (PRP + FRZ + POL + CT)
--------------------
 
 --------------------------------------------------------------
 
                    Orbital Energies (a.u.)
 --------------------------------------------------------------
 
 Alpha MOs
 -- Occupied --
-77.1267 -19.0192 -19.0166 -19.0155 -18.9414 -18.9363 -10.0936 -10.0909
 -6.5269  -4.6019  -4.6008  -4.5981  -0.8952  -0.8552  -0.8523  -0.7888
 -0.7561  -0.5351  -0.5206  -0.3766  -0.3359  -0.3231  -0.2911  -0.2834
 -0.2742  -0.2621  -0.2441  -0.2232  -0.1913  -0.1748  -0.1626  -0.1345
 -0.1231  -0.1196  -0.1073  -0.0956  -0.0799  -0.0629
 -- Virtual --
  0.0873   0.0949   0.1116   0.1199   0.1224   0.1342   0.1373   0.1504
  0.1578   0.1768   0.1818   0.1882   0.1972   0.1977   0.2054   0.2099
  0.2169   0.2250   0.2368   0.2422   0.2476   0.2522   0.2592   0.2662
  0.2758   0.2793   0.2867   0.2921   0.2978   0.3034   0.3086   0.3194
  0.3211   0.3247   0.3349   0.3354   0.3626   0.3729   0.3755   0.3804
  0.3847   0.3904   0.3932   0.3998   0.4096   0.4117   0.4231   0.4314
  0.4361   0.4381   0.4461   0.4524   0.4562   0.4676   0.4731   0.4918
  0.4986   0.5054   0.5206   0.5279   0.5456   0.5479   0.5614   0.5650
  0.5742   0.5836   0.5929   0.5998   0.6043   0.6299   0.6365   0.6408
  0.6453   0.6531   0.6708   0.6777   0.6871   0.6902   0.6965   0.7108
  0.7171   0.7249   0.7358   0.7504   0.7597   0.7649   0.7767   0.7904
  0.7980   0.8145   0.8222   0.8301   0.8544   0.8843   0.9013   0.9186
  0.9311   0.9444   0.9606   0.9734   0.9800   0.9959   1.0083   1.0222
  1.0290   1.0524   1.0784   1.0836   1.0995   1.1221   1.1349   1.1413
  1.1586   1.1899   1.2065   1.2077   1.2279   1.2482   1.2682   1.2861
  1.2959   1.3119   1.3301   1.3475   1.3758   1.3854   1.4064   1.4180
  1.4299   1.4470   1.4620   1.4767   1.4885   1.5044   1.5357   1.5362
  1.5541   1.5652   1.5724   1.6064   1.6206   1.6403   1.6641   1.6829
  1.7006   1.7239   1.7615   1.7799   1.7850   1.7954   1.8090   1.8381
  1.8540   1.8872   1.8964   1.9198   1.9551   1.9764   1.9925   2.0066
  2.0172   2.0564   2.0615   2.0827   2.0885   2.1110   2.1171   2.1460
  2.1630   2.1794   2.1926   2.1968   2.2541   2.2897   2.3888   2.4212
  2.4382   2.4573   2.5349   2.5686   2.5771   2.6139   2.6244   2.6325
  2.6573   2.7531   2.7710   2.7991   2.8448   2.8756   2.9283   2.9543
  3.0026   3.0189   3.1074   3.1462   3.2039   3.5609   3.5642   3.5720
  3.5893   3.5935   3.6044   3.6137   3.6275   3.6422   3.6444   3.6738
  3.6918   3.7178   3.7204   3.7417   3.7689   3.7954   3.8186   3.8306
  3.8840   3.8998   3.9705   4.0074   4.0355   4.2141
 --------------------------------------------------------------
 
          Ground-State Mulliken Net Atomic Charges

     Atom                 Charge (a.u.)
  ----------------------------------------
      1 O                    -0.409248
      2 H                     0.164398
      3 H                     0.223724
      4 H                    -0.195125
      5 C                     1.174294
      6 H                    -0.186300
      7 H                    -0.226487
      8 C                     1.095964
      9 H                    -0.360754
     10 H                    -0.244835
     11 H                    -0.379308
     12 O                    -1.052693
     13 O                    -1.009424
     14 O                    -1.057185
     15 O                    -1.015120
     16 P                     2.478098
  ----------------------------------------
  Sum of atomic charges =    -1.000000

 -----------------------------------------------------------------
                    Cartesian Multipole Moments
 -----------------------------------------------------------------
    Charge (ESU x 10^10)
                -4.8032
    Dipole Moment (Debye)
         X       2.0016      Y       4.0614      Z       1.2845
       Tot       4.7065
    Quadrupole Moments (Debye-Ang)
        XX     -74.0727     XY      -3.2358     YY     -66.0456
        XZ       7.7737     YZ      -1.7940     ZZ     -68.6516
    Octopole Moments (Debye-Ang^2)
       XXX      51.3505    XXY      10.4424    XYY      -2.2924
       YYY       9.0437    XXZ     -15.9820    XYZ      -4.1984
       YYZ       5.7085    XZZ      -4.0852    YZZ       7.6916
       ZZZ       4.4718
    Hexadecapole Moments (Debye-Ang^3)
      XXXX   -1278.6623   XXXY     -46.8976   XXYY    -260.1555
      XYYY       4.6935   YYYY    -441.4794   XXXZ      71.8374
      XXYZ       4.2273   XYYZ       4.4076   YYYZ     -14.3293
      XXZZ    -228.7183   XYZZ       8.9000   YYZZ    -132.8148
      XZZZ      -4.5954   YZZZ     -11.5546   ZZZZ    -307.7144
 -----------------------------------------------------------------
 Total job time:  3091.04s(wall), 1956.13s(cpu) 
 Mon Apr 15 17:10:13 2024

        *************************************************************
        *                                                           *
        *  Thank you very much for using Q-Chem.  Have a nice day.  *
        *                                                           *
        *************************************************************


