
Running Job 1 of 1 DMP_gt_10_0.9_pvdz.inp
qchem DMP_gt_10_0.9_pvdz.inp_2093216.0 /scratch/qchemscratch/qchem2093216/ 1
/opt/qchem/6.1/exe/qcprog.exe_s DMP_gt_10_0.9_pvdz.inp_2093216.0 /scratch/qchemscratch/qchem2093216/
                  Welcome to Q-Chem
     A Quantum Leap Into The Future Of Chemistry


 Q-Chem 6.1, Q-Chem, Inc., Pleasanton, CA (2023)

 License issued to: SRG Pengyu Ren, University of Texas at Austin

 E. Epifanovsky,  A. T. B. Gilbert,  Xintian Feng,  Joonho Lee,  Yuezhi Mao,  
 N. Mardirossian,  P. Pokhilko,  A. White,  M. Wormit,  M. P. Coons,  
 A. L. Dempwolff,  Zhengting Gan,  D. Hait,  P. R. Horn,  L. D. Jacobson,  
 I. Kaliman,  J. Kussmann,  A. W. Lange,  Ka Un Lao,  D. S. Levine,  Jie Liu,  
 S. C. McKenzie,  A. F. Morrison,  K. D. Nanda,  F. Plasser,  D. R. Rehn,  
 M. L. Vidal,  Zhi-Qiang You,  Ying Zhu,  B. Alam,  B. Albrecht,  
 A. Aldossary,  E. Alguire,  J. H. Andersen,  V. Athavale,  D. Barton,  
 K. Begam,  A. Behn,  N. Bellonzi,  Y. A. Bernard,  E. J. Berquist,  
 H. Burton,  A. Carreras,  K. Carter-Fenk,  Mathew Chow,  Romit Chakraborty,  
 Chandrima Chakravarty,  Junhan Chen,  A. D. Chien,  K. D. Closser,  
 V. Cofer-Shabica,  L. Cunha,  S. Dasgupta,  Jia Deng,  M. de Wergifosse,  
 M. Diedenhofen,  Hainam Do,  S. Ehlert,  Po-Tung Fang,  S. Fatehi,  
 Qingguo Feng,  T. Friedhoff,  Thomas Froitzheim,  B. Ganoe,  J. Gayvert,  
 Qinghui Ge,  G. Gidofalvi,  M. Gimferrer,  M. Goldey,  Montgomery Gray,  
 J. Gomes,  C. Gonzalez-Espinoza,  S. Gulania,  A. Gunina,  J. A. Gyamfi,  
 M. W. D. Hanson-Heine,  P. H. P. Harbach,  A. W. Hauser,  M. F. Herbst,  
 M. Hernandez Vera,  M. Hodecker,  Z. C. Holden,  S. Houck,  Xunkun Huang,  
 Kerwin Hui,  B. C. Huynh,  K. Ikeda,  M. Ivanov,  Hyunjun Ji,  Zuxin Jin,  
 Hanjie Jiang,  Subrata Jana,  B. Kaduk,  S. Kaehler,  R. Kang,  
 K. Khistyaev,  Jaehoon Kim,  Yongbin Kim,  P. Klunzinger,  Z. Koczor-Benda,  
 Joong Hoon Koh,  D. Kosenkov,  Saikiran Kotaru,  L. Koulias,  T. Kowalczyk,  
 C. M. Krauter,  K. Kue,  A. Kunitsa,  T. Kus,  A. Landau,  K. V. Lawler,  
 D. Lefrancois,  S. Lehtola,  Rain Li,  Shaozhi Li,  Yi-Pei Li,  
 Jiashu Liang,  M. Liebenthal,  Hung-Hsuan Lin,  You-Sheng Lin,  Fenglai Liu,  
 Kuan-Yu Liu,  Xiao Liu,  M. Loipersberger,  A. Luenser,  C. Malbon,  
 A. Manjanath,  P. Manohar,  E. Mansoor,  S. F. Manzer,  Shan-Ping Mao,  
 A. V. Marenich,  T. Markovich,  S. Mason,  F. Matz,  S. A. Maurer,  
 P. F. McLaughlin,  M. F. S. J. Menger,  J.-M. Mewes,  S. A. Mewes,  
 P. Morgante,  Mohammad Mostafanejad,  J. W. Mullinax,  K. J. Oosterbaan,  
 G. Paran,  V. Parravicini,  Alexander C. Paul,  Suranjan K. Paul,  
 F. Pavosevic,  Zheng Pei,  S. Prager,  E. I. Proynov,  E. Ramos,  B. Rana,  
 A. E. Rask,  A. Rettig,  R. M. Richard,  F. Rob,  E. Rossomme,  T. Scheele,  
 M. Scheurer,  M. Schneider,  P. E. Schneider,  Tim K. Schramm,  N. Sergueev,  
 S. M. Sharada,  M. Sharma,  Hengyuan Shen,  W. Skomorowski,  D. W. Small,  
 C. J. Stein,  Alistair J. Sterling,  Yingli Su,  Yu-Chuan Su,  
 E. J. Sundstrom,  J. Talbot,  Zhen Tao,  J. Thirman,  Hung-Yi Tsai,  
 T. Tsuchimochi,  N. M. Tubman,  C. Utku,  S. P. Veccham,  O. Vydrov,  
 J. Wenzel,  Jonathan Wong,  J. Witte,  A. Yamada,  Chou-Hsun Yang,  Kun Yao,  
 S. Yeganeh,  S. R. Yost,  A. Zech,  F. Zeller,  Igor Ying Zhang,  
 Xing Zhang,  Yu Zhang,  D. Zuev,  A. Aspuru-Guzik,  A. T. Bell,  
 N. A. Besley,  K. B. Bravaya,  B. R. Brooks,  D. Casanova,  Jeng-Da Chai,  
 Hsing-Ta Chen,  S. Coriani,  C. J. Cramer,  A. E. DePrince, III,  
 R. A. DiStasio Jr.,  A. Dreuw,  B. D. Dunietz,  T. R. Furlani,  
 W. A. Goddard III,  S. Grimme,  S. Hammes-Schiffer,  T. Head-Gordon,  
 W. J. Hehre,  Chao-Ping Hsu,  T.-C. Jagau,  Yousung Jung,  A. Klamt,  
 Jing Kong,  D. S. Lambrecht,  Xiangyuan Li,  WanZhen Liang,  N. J. Mayhall,  
 C. W. McCurdy,  J. B. Neaton,  T. Neudecker,  C. Ochsenfeld,  
 J. A. Parkhill,  R. Peverati,  V. A. Rassolov,  Haisheng Ren,  Yihan Shao,  
 L. V. Slipchenko,  R. P. Steele,  J. E. Subotnik,  A. J. W. Thom,  
 A. Tkatchenko,  D. G. Truhlar,  T. Van Voorhis,  Fan Wang,  
 T. A. Wesolowski,  K. B. Whaley,  H. L. Woodcock III,  P. M. Zimmerman,  
 S. Faraji,  P. M. W. Gill,  M. Head-Gordon,  J. M. Herbert,  A. I. Krylov

 Contributors to earlier versions of Q-Chem not listed above: 
 R. D. Adamson,  B. Austin,  R. Baer,  J. Baker,  G. J. O. Beran,  
 K. Brandhorst,  S. T. Brown,  E. F. C. Byrd,  Arup K. Chakraborty,  
 G. K. L. Chan,  Chun-Min Chang,  Yunqing Chen,  C.-L. Cheng,  
 Siu Hung Chien,  D. M. Chipman,  D. L. Crittenden,  H. Dachsel,  
 R. J. Doerksen,  A. D. Dutoi,  R. G. Edgar,  J. Fosso-Tande,  
 L. Fusti-Molnar,  D. Ghosh,  A. Ghysels,  A. Golubeva-Zadorozhnaya,  
 J. Gonthier,  M. S. Gordon,  S. R. Gwaltney,  G. Hawkins,  J. E. Herr,  
 A. Heyden,  S. Hirata,  E. G. Hohenstein,  G. Kedziora,  F. J. Keil,  
 C. Kelley,  Jihan Kim,  R. A. King,  R. Z. Khaliullin,  P. P. Korambath,  
 W. Kurlancheek,  A. Laurent,  A. M. Lee,  M. S. Lee,  S. V. Levchenko,  
 Ching Yeh Lin,  D. Liotard,  E. Livshits,  R. C. Lochan,  I. Lotan,  
 L. A. Martinez-Martinez,  P. E. Maslen,  N. Nair,  D. P. O'Neill,  
 D. Neuhauser,  E. Neuscamman,  C. M. Oana,  R. Olivares-Amaya,  R. Olson,  
 T. M. Perrine,  B. Peters,  P. A. Pieniazek,  A. Prociuk,  Y. M. Rhee,  
 J. Ritchie,  M. A. Rohrdanz,  E. Rosta,  N. J. Russ,  H. F. Schaefer III,  
 M. W. Schmidt,  N. E. Schultz,  S. Sharma,  N. Shenvi,  C. D. Sherrill,  
 A. C. Simmonett,  A. Sodt,  T. Stein,  D. Stuck,  K. S. Thanthiriwatte,  
 V. Vanovschi,  L. Vogt,  Tao Wang,  A. Warshel,  M. A. Watson,  
 C. F. Williams,  Q. Wu,  X. Xu,  Jun Yang,  W. Zhang,  Yan Zhao

   Please cite Q-Chem as follows:
  "Software for the frontiers of quantum chemistry:
   An overview of developments in the Q-Chem 5 package"
   J. Chem. Phys. 155, 084801 (2021)
   https://doi.org/10.1063/5.0055522 (open access)

 Q-Chem 6.1.1 for Intel X86 EM64T Linux

 Parts of Q-Chem use Armadillo 9.900.5 (Nocturnal Misbehaviour).
 http://arma.sourceforge.net/

 Q-Chem begins on Mon Apr 15 16:17:02 2024  

 Host: 
0

     Scratch files written to /scratch/qchemscratch/qchem2093216//
 Jan1824 |scratch|qcdevops|jenkins|workspace|build_RNUM UKVU   
 Processing $rem in /opt/qchem/6.1/config/preferences:
 Processing $rem in /home/mm227274/.qchemrc:

 Q-Chem warning in module libgen/rem_setup.C, line 3361:

 Neither GIA nor STOLL is specified by user. Use STOLL as the default


 Checking the input file for inconsistencies... 	...done.

--------------------------------------------------------------
User input:
--------------------------------------------------------------
$molecule
-1 1
--
0 1

O 2.6656537179487176 0.5651717948717949 0.6384540512820512
H 2.454673717948718 0.2616317948717949 -0.2594659487179487
H 1.753183717948718 0.7146217948717949 0.9807540512820513
--
-1 1

H          0.12648       -2.37084        0.27838
C          1.03399       -1.87115       -0.07295
H         -2.11701       -0.01440        1.83984
H         -2.99279        0.84304        0.54764
C         -2.57652       -0.12512        0.85320
H          1.62668       -2.57221       -0.66825
H          1.62163       -1.52727        0.78062
H         -3.38895       -0.85690        0.89959
O          0.19938        0.72599        1.11009
O         -0.52744        1.41273       -1.34659
O          0.70721       -0.77942       -0.93597
O         -1.63456       -0.60573       -0.09822
P         -0.29054        0.38334       -0.28521
$end

$rem
JOBTYPE          eda
EDA2             2
METHOD           b97m-v
BASIS            aug-cc-pvdz
SCF_CONVERGENCE  8
THRESH           14
SYMMETRY         false
DISP_FREE_X      revPBE
DISP_FREE_C      PBE
EDA_BSSE         true
$end
--------------------------------------------------------------
 ----------------------------------------------------------------
             Standard Nuclear Orientation (Angstroms)
    I     Atom           X                Y                Z
 ----------------------------------------------------------------
    1      O      -2.6612100861    -0.6901348808     0.7279034162
    2      H      -2.4849601208    -0.4155062269    -0.1866590314
    3      H      -1.7353024694    -0.7778562273     1.0551741665
    4      H      -0.2859555721     2.3531313791     0.1857611685
    5      C      -1.1733874829     1.7930311289    -0.1231879834
    6      H       2.1088053905     0.1841859898     1.7935578022
    7      H       3.0009231061    -0.6827779238     0.5190091150
    8      C       2.5413684433     0.2752487446     0.7928262557
    9      H      -1.8139126400     2.4364451729    -0.7338388991
   10      H      -1.7245335248     1.4570200880     0.7574314519
   11      H       3.3154872586     1.0488286503     0.7895560020
   12      O      -0.1806557842    -0.7043489764     1.1491602619
   13      O       0.5297013121    -1.4591548510    -1.2923181119
   14      O      -0.8083357713     0.6829431381    -0.9465378374
   15      O       1.5561768947     0.6654342252    -0.1561877239
   16      P       0.2617433526    -0.3980706255    -0.2702654299
 ----------------------------------------------------------------
 Molecular Point Group                 C1    NOp =  1
 Largest Abelian Subgroup              C1    NOp =  1
 Nuclear Repulsion Energy =         550.90659085 hartrees
 There are       38 alpha and       38 beta electrons
 Requested basis set is aug-cc-pVDZ
 There are 114 shells and 260 basis functions

 Total QAlloc Memory Limit  16000 MB
 Mega-Array Size       188 MB
 MEM_STATIC part       192 MB

 A cutoff of  1.0D-14 yielded   6478 shell pairs
 There are     33750 function pairs (     38065 Cartesian)
 Smallest overlap matrix eigenvalue = 1.25E-04

 Scale SEOQF with 1.000000e-01/1.000000e-01/1.000000e-01

 Standard Electronic Orientation quadrupole field applied
 Nucleus-field energy     =     0.0000000061 hartrees

 -----------------------------------------------------------------------
  General SCF calculation program by
  Eric Jon Sundstrom, Paul Horn, Yuezhi Mao, Dmitri Zuev, Alec White,
  David Stuck, Shaama M.S., Shane Yost, Joonho Lee, David Small,
  Daniel Levine, Susi Lehtola, Hugh Burton, Evgeny Epifanovsky,
  Bang C. Huynh
 -----------------------------------------------------------------------
================================================================
                 ALMO-EDA with the EDA2 driver                  
================================================================
 The second-generation ALMO-EDA (for DFT):                      
 P. R. Horn, Y. Mao and M. Head-Gordon, PCCP, 18, 23067 (2016)  
 Y. Mao et al. Annu. Rev. Phys. Chem. 72, 641 (2021)            
 Decomposition of the frozen energy:                            
 P. R. Horn, Y. Mao and M. Head-Gordon, JCP, 144, 114107 (2016) 
================================================================
 Using eda2 option set 2
 Option set summary: Frozen orbital wavefunction, initial wavefunction decomposition, and traditional AO-based POL.
--------------------------------
Printing EDA Options
--------------------------------
eda_child_super_basis      0
fragmo_guess_mode          0
child_mp                   0
child_mp_orders            0
cls_elec                   1
cls_disp                   0
scfmi_mode                 1
scfmi_occs                 0
scfmi_virts                0
frz_relax                  0
frz_relax_method           0
dc_pen_start               0
dc_pen_conv                0
dc_pen_increment           0
dc_pen_steps               0
dc_pen_thresh_factor       0
dc_pen_pre_newton_thresh   0
frz_ortho_decomp           1
frz_ortho_decomp_conv      6
plot_mo_ortho_frz          0
frgm_method                2
scfmi_freeze_ss            0
separate_rehyb             0
plot_diff_den              0
eda_nocv                   0
eda_vct_relax              1
disp_free_x                33
disp_free_c                25
eda_bsse                   1
eda_pct_a                  0
eda_covp                   0
eda_vct_a                  0
--------------------------------
 Attempting to make child job directory: /scratch/qchemscratch/qchem2093216//Frg1/
 Attempting to make child job directory: /scratch/qchemscratch/qchem2093216//Frg2/
 Creating input file /scratch/qchemscratch/qchem2093216/Frg1.input
 using default PutDataFrgm: nothing
 calling putenv with: QCSCRATCH=/scratch/qchemscratch/qchem2093216/ 
 Spawning Job For Fragment 0
 Done Job For Fragment 0
 calling putenv with: QCSCRATCH=/scratch/qchemscratch 
 calling putenv with: QCTHREADS=1 
 Creating input file /scratch/qchemscratch/qchem2093216/Frg2.input
 using default PutDataFrgm: nothing
 calling putenv with: QCSCRATCH=/scratch/qchemscratch/qchem2093216/ 
 Spawning Job For Fragment 1
 Done Job For Fragment 1
 calling putenv with: QCSCRATCH=/scratch/qchemscratch 
 calling putenv with: QCTHREADS=1 
Doing General SCFMI
 Exchange:  B97M-V      Correlation:  B97M-V
 Using SG-2 standard quadrature grid
 Nonlocal Correlation:  VV10 with C = 0.0100 and b = 6.00 and scale = 1.00000
 Grid used for NLC:  SG-1 standard quadrature
performing fock build before subrot guess so that all methods have access
Printing subrot_rss_gen Method Specification:
Occupied Subspace Method is 0
Virtual Subspace Method is 0
Energy of the unrelaxed supersystem initial determinant -798.463505477285
write pseudocanon occs and virts to disk
write pseudocanon orbital energies to disk
Tolerance of ortho_decomp_scf: 1.00e-06
GDM subspace size: 20
Beginning the Orthogonal Decomposition of the Initial Supersystem Wavefunction
    1    -798.3083986524      1.75e-01     ortho_decomp Preconditoned Steepest Descent
    2    -798.3314890390      4.68e-04     ortho_decomp BFGS Step
    3    -798.3314899325      6.19e-06     ortho_decomp BFGS Step
    4    -798.3314899326      5.96e-08     ortho_decomp 00000 Convergence criterion met
 Exchange:  revPBE      Correlation:  PBE
 Using SG-2 standard quadrature grid
 Exchange:  revPBE      Correlation:  PBE
 Using SG-2 standard quadrature grid
 Exchange:  revPBE      Correlation:  PBE
 Using SG-2 standard quadrature grid
Doing General SCFMI
 Exchange:  B97M-V      Correlation:  B97M-V
 Using SG-2 standard quadrature grid
 Nonlocal Correlation:  VV10 with C = 0.0100 and b = 6.00 and scale = 1.00000
 Grid used for NLC:  SG-1 standard quadrature
performing fock build at end of subrot_r(subrot) constructor so that all methods have access
<S^2> of initial wavefunction before polarization iterations 0.0000000000
Beginning iterations for the determination of the polarized wavefunction
Energy prior to optimization (guess energy) = -798.463505477285
Begin Timing: Total SCF Calculation
begin iterations for algorithm: DIIS         
the SCF tolerance is set to 1.00e-08
    1    -798.4635054773      5.10e-04     00000 
    2    -798.4747639635      2.46e-04     00000 
    3    -798.4753445185      2.04e-04     00000 
    4    -798.4760843956      6.42e-05     00000 
    5    -798.4761562900      2.99e-05     00000 
    6    -798.4761745942      9.06e-06     00000 
    7    -798.4761768370      4.67e-06     00000 
    8    -798.4761772941      2.41e-06     00000 
    9    -798.4761774109      9.13e-07     00000 
   10    -798.4761774206      5.40e-07     00000 
   11    -798.4761774238      3.27e-07     00000 
   12    -798.4761774253      1.47e-07     00000 
   13    -798.4761774256      7.85e-08     00000 
   14    -798.4761774258      3.74e-08     00000 
   15    -798.4761774258      2.05e-08     00000 
   16    -798.4761774258      5.77e-09     00000 Convergence criterion met
write pseudocanon occs and virts to disk
write pseudocanon orbital energies to disk
Timing for Total SCF: 929.00s (wall), 925.17s (cpu)
<S^2> of polarized wavefunction after polarization iterations 0.0000000000
relaxing scfmi constraint to allow all rotations in the entire AO span
Doing General SCFMI
 Exchange:  B97M-V      Correlation:  B97M-V
 Using SG-2 standard quadrature grid
 Nonlocal Correlation:  VV10 with C = 0.0100 and b = 6.00 and scale = 1.00000
 Grid used for NLC:  SG-1 standard quadrature
performing fock build at end of subrot_r(subrot) constructor so that all methods have access
<S^2> of polarized wavefunction before ct-allowed iterations 0.0000000000
Beginning iterations for the determination of the CT-Allowed wavefunction
Energy prior to optimization (guess energy) = -798.476177425794
Begin Timing: Total SCF Calculation
begin iterations for algorithm: DIIS         
the SCF tolerance is set to 1.00e-08
    1    -798.4761774258      5.85e-04     00000 
    2    -798.4919145336      8.76e-05     00000 
    3    -798.4916038766      1.42e-04     00000 
    4    -798.4921274817      2.74e-05     00000 
    5    -798.4921457461      1.25e-05     00000 
    6    -798.4921495907      4.48e-06     00000 
    7    -798.4921500939      1.20e-06     00000 
    8    -798.4921501291      5.00e-07     00000 
    9    -798.4921501353      1.30e-07     00000 
   10    -798.4921501358      3.14e-08     00000 
   11    -798.4921501358      1.03e-08     00000 
   12    -798.4921501358      2.14e-09     00000 Convergence criterion met
write pseudocanon occs and virts to disk
write pseudocanon orbital energies to disk
Timing for Total SCF: 544.00s (wall), 540.81s (cpu)
<S^2> of ct_allowed wavefunction after ct-allowed iterations 0.0000000000
 Attempting to make child job directory: /scratch/qchemscratch/qchem2093216//FrgBSSE1/
 Attempting to make child job directory: /scratch/qchemscratch/qchem2093216//FrgBSSE2/
 Creating input file /scratch/qchemscratch/qchem2093216/FrgBSSE1.input
 calling putenv with: QCSCRATCH=/scratch/qchemscratch/qchem2093216/ 
 Spawning Job For Fragment 0
 Done Job For Fragment 0
 calling putenv with: QCSCRATCH=/scratch/qchemscratch 
 calling putenv with: QCTHREADS=1 
 Creating input file /scratch/qchemscratch/qchem2093216/FrgBSSE2.input
 calling putenv with: QCSCRATCH=/scratch/qchemscratch/qchem2093216/ 
 Spawning Job For Fragment 1
 Done Job For Fragment 1
 calling putenv with: QCSCRATCH=/scratch/qchemscratch 
 calling putenv with: QCTHREADS=1 
====================================================================
   Evaluating the BSSE with fragment SCF in the supersystem basis
   Fragment contributions (kJ/mol) 
   Frgm 1: 1.8892
   Frgm 2: 2.9062
   BSSE (kJ/mol) = 4.7954
====================================================================

================================
        Results of EDA2         
================================
Basic EDA Quantities
--------------------
Fragment Energies (Ha):
1  -76.4137311627
2 -722.0607849915
--------------------
  E_prp (kJ/mol) = 0.0000
  E_frz (kJ/mol) = 28.9089
  E_pol (kJ/mol) = -33.2706
  E_vct (kJ/mol) = -37.1414 (CP-corrected)
  E_int (kJ/mol) = -41.5032 (CP-corrected)
--------------------


Decomposition of frozen interaction energy
--------------------
  --------------------
  Orthogonal Frozen Decomposition:
  --------------------
     E_elec   (ELEC)   (kJ/mol) = -254.3380
     E_pauli  (PAULI)  (kJ/mol) = 311.0042
     E_disp   (DISP)   (kJ/mol) = -27.7574
  --------------------
  Classical Frozen Decomposition:
  --------------------
     E_cls_elec  (CLS ELEC)  (kJ/mol) = -149.8889
     E_mod_pauli (MOD PAULI) (kJ/mol) = 206.5552 (FRZ - CLS ELEC - DISP)
     E_disp      (DISP)      (kJ/mol) = -27.7574
  --------------------
--------------------

Simplified EDA Summary (kJ/mol)
--------------------
 PREPARATION      0.0000
 FROZEN           28.9089 (ELEC + PAULI + DISP)
[ELEC + PAULI = 56.6662, DISP = -27.7574]
 POLARIZATION    -33.2706
 CHARGE TRANSFER -37.1414     (counterpoise-corrected)
 TOTAL           -41.5032     (PRP + FRZ + POL + CT)
--------------------
 
 --------------------------------------------------------------
 
                    Orbital Energies (a.u.)
 --------------------------------------------------------------
 
 Alpha MOs
 -- Occupied --
-77.1358 -19.0255 -19.0214 -18.9658 -18.9509 -18.9429 -10.0980 -10.0890
 -6.5361  -4.6111  -4.6099  -4.6073  -0.9031  -0.8615  -0.8179  -0.7966
 -0.7664  -0.5385  -0.5232  -0.3831  -0.3303  -0.3106  -0.2919  -0.2856
 -0.2776  -0.2652  -0.2512  -0.2022  -0.1979  -0.1761  -0.1659  -0.1265
 -0.1232  -0.1189  -0.1017  -0.0937  -0.0851  -0.0712
 -- Virtual --
  0.0867   0.0967   0.1161   0.1206   0.1300   0.1335   0.1384   0.1575
  0.1645   0.1779   0.1815   0.1915   0.1958   0.2016   0.2068   0.2098
  0.2218   0.2251   0.2372   0.2448   0.2466   0.2577   0.2632   0.2714
  0.2814   0.2876   0.2927   0.2967   0.3051   0.3136   0.3182   0.3232
  0.3258   0.3336   0.3398   0.3469   0.3703   0.3753   0.3803   0.3824
  0.3923   0.3983   0.3993   0.4062   0.4100   0.4193   0.4307   0.4342
  0.4418   0.4486   0.4594   0.4644   0.4785   0.4829   0.4927   0.5097
  0.5209   0.5274   0.5428   0.5442   0.5463   0.5544   0.5629   0.5716
  0.5805   0.5944   0.5986   0.6050   0.6201   0.6320   0.6417   0.6482
  0.6498   0.6657   0.6788   0.6862   0.6947   0.7023   0.7090   0.7184
  0.7266   0.7359   0.7518   0.7592   0.7799   0.7853   0.7993   0.8047
  0.8166   0.8253   0.8288   0.8403   0.8676   0.9031   0.9157   0.9259
  0.9353   0.9601   0.9812   0.9892   0.9934   1.0048   1.0275   1.0371
  1.0538   1.0718   1.0856   1.0946   1.1214   1.1314   1.1609   1.1765
  1.1941   1.2048   1.2317   1.2426   1.2591   1.2780   1.2858   1.2982
  1.3157   1.3339   1.3473   1.3638   1.3908   1.3971   1.4241   1.4344
  1.4427   1.4644   1.4699   1.4828   1.5212   1.5387   1.5512   1.5627
  1.5789   1.5875   1.6105   1.6421   1.6509   1.6645   1.6939   1.7230
  1.7383   1.7515   1.7668   1.7788   1.7923   1.8201   1.8376   1.8561
  1.8861   1.8942   1.9467   1.9547   1.9729   1.9900   2.0170   2.0363
  2.0734   2.0820   2.0977   2.1086   2.1149   2.1286   2.1521   2.1771
  2.1855   2.2025   2.2177   2.2604   2.2984   2.3162   2.3902   2.4612
  2.5286   2.5302   2.5628   2.5723   2.6018   2.6167   2.6321   2.6901
  2.7625   2.7932   2.8203   2.8422   2.8962   2.9322   2.9663   2.9836
  3.0682   3.1126   3.1515   3.2104   3.2642   3.5618   3.5789   3.5928
  3.5968   3.6078   3.6306   3.6504   3.6589   3.6697   3.6918   3.7095
  3.7271   3.7401   3.7538   3.7660   3.7829   3.8123   3.8454   3.8680
  3.9013   3.9417   3.9769   4.0150   4.1652   4.3833
 --------------------------------------------------------------
 
          Ground-State Mulliken Net Atomic Charges

     Atom                 Charge (a.u.)
  ----------------------------------------
      1 O                    -0.491293
      2 H                     0.219519
      3 H                     0.312402
      4 H                    -0.213936
      5 C                     1.159783
      6 H                    -0.178841
      7 H                    -0.221128
      8 C                     1.082401
      9 H                    -0.358905
     10 H                    -0.229775
     11 H                    -0.375155
     12 O                    -1.138864
     13 O                    -1.009337
     14 O                    -1.032352
     15 O                    -1.024176
     16 P                     2.499658
  ----------------------------------------
  Sum of atomic charges =    -1.000000

 -----------------------------------------------------------------
                    Cartesian Multipole Moments
 -----------------------------------------------------------------
    Charge (ESU x 10^10)
                -4.8032
    Dipole Moment (Debye)
         X       2.6664      Y       4.5025      Z       0.8706
       Tot       5.3047
    Quadrupole Moments (Debye-Ang)
        XX     -72.0683     XY      -3.5888     YY     -66.6688
        XZ       7.7653     YZ      -1.2136     ZZ     -68.4183
    Octopole Moments (Debye-Ang^2)
       XXX      39.1100    XXY      10.7433    XYY      -1.8330
       YYY       9.8522    XXZ     -13.6006    XYZ      -5.4462
       YYZ       5.4096    XZZ      -1.0196    YZZ       7.6974
       ZZZ       2.8492
    Hexadecapole Moments (Debye-Ang^3)
      XXXX   -1018.2852   XXXY     -33.9496   XXYY    -228.1364
      XYYY       2.8423   YYYY    -428.3072   XXXZ      52.7581
      XXYZ       7.7141   XYYZ       7.0758   YYYZ     -13.5719
      XXZZ    -206.9050   XYZZ       4.9978   YYZZ    -128.3704
      XZZZ      -3.0020   YZZZ      -9.3508   ZZZZ    -297.9144
 -----------------------------------------------------------------
 Total job time:  3424.81s(wall), 2304.85s(cpu) 
 Mon Apr 15 17:14:07 2024

        *************************************************************
        *                                                           *
        *  Thank you very much for using Q-Chem.  Have a nice day.  *
        *                                                           *
        *************************************************************


