
Running Job 1 of 1 DMP_gg_12_0.9_pvdz.inp
qchem DMP_gg_12_0.9_pvdz.inp_2092366.0 /scratch/qchemscratch/qchem2092366/ 1
/opt/qchem/6.1/exe/qcprog.exe_s DMP_gg_12_0.9_pvdz.inp_2092366.0 /scratch/qchemscratch/qchem2092366/
                  Welcome to Q-Chem
     A Quantum Leap Into The Future Of Chemistry


 Q-Chem 6.1, Q-Chem, Inc., Pleasanton, CA (2023)

 License issued to: SRG Pengyu Ren, University of Texas at Austin

 E. Epifanovsky,  A. T. B. Gilbert,  Xintian Feng,  Joonho Lee,  Yuezhi Mao,  
 N. Mardirossian,  P. Pokhilko,  A. White,  M. Wormit,  M. P. Coons,  
 A. L. Dempwolff,  Zhengting Gan,  D. Hait,  P. R. Horn,  L. D. Jacobson,  
 I. Kaliman,  J. Kussmann,  A. W. Lange,  Ka Un Lao,  D. S. Levine,  Jie Liu,  
 S. C. McKenzie,  A. F. Morrison,  K. D. Nanda,  F. Plasser,  D. R. Rehn,  
 M. L. Vidal,  Zhi-Qiang You,  Ying Zhu,  B. Alam,  B. Albrecht,  
 A. Aldossary,  E. Alguire,  J. H. Andersen,  V. Athavale,  D. Barton,  
 K. Begam,  A. Behn,  N. Bellonzi,  Y. A. Bernard,  E. J. Berquist,  
 H. Burton,  A. Carreras,  K. Carter-Fenk,  Mathew Chow,  Romit Chakraborty,  
 Chandrima Chakravarty,  Junhan Chen,  A. D. Chien,  K. D. Closser,  
 V. Cofer-Shabica,  L. Cunha,  S. Dasgupta,  Jia Deng,  M. de Wergifosse,  
 M. Diedenhofen,  Hainam Do,  S. Ehlert,  Po-Tung Fang,  S. Fatehi,  
 Qingguo Feng,  T. Friedhoff,  Thomas Froitzheim,  B. Ganoe,  J. Gayvert,  
 Qinghui Ge,  G. Gidofalvi,  M. Gimferrer,  M. Goldey,  Montgomery Gray,  
 J. Gomes,  C. Gonzalez-Espinoza,  S. Gulania,  A. Gunina,  J. A. Gyamfi,  
 M. W. D. Hanson-Heine,  P. H. P. Harbach,  A. W. Hauser,  M. F. Herbst,  
 M. Hernandez Vera,  M. Hodecker,  Z. C. Holden,  S. Houck,  Xunkun Huang,  
 Kerwin Hui,  B. C. Huynh,  K. Ikeda,  M. Ivanov,  Hyunjun Ji,  Zuxin Jin,  
 Hanjie Jiang,  Subrata Jana,  B. Kaduk,  S. Kaehler,  R. Kang,  
 K. Khistyaev,  Jaehoon Kim,  Yongbin Kim,  P. Klunzinger,  Z. Koczor-Benda,  
 Joong Hoon Koh,  D. Kosenkov,  Saikiran Kotaru,  L. Koulias,  T. Kowalczyk,  
 C. M. Krauter,  K. Kue,  A. Kunitsa,  T. Kus,  A. Landau,  K. V. Lawler,  
 D. Lefrancois,  S. Lehtola,  Rain Li,  Shaozhi Li,  Yi-Pei Li,  
 Jiashu Liang,  M. Liebenthal,  Hung-Hsuan Lin,  You-Sheng Lin,  Fenglai Liu,  
 Kuan-Yu Liu,  Xiao Liu,  M. Loipersberger,  A. Luenser,  C. Malbon,  
 A. Manjanath,  P. Manohar,  E. Mansoor,  S. F. Manzer,  Shan-Ping Mao,  
 A. V. Marenich,  T. Markovich,  S. Mason,  F. Matz,  S. A. Maurer,  
 P. F. McLaughlin,  M. F. S. J. Menger,  J.-M. Mewes,  S. A. Mewes,  
 P. Morgante,  Mohammad Mostafanejad,  J. W. Mullinax,  K. J. Oosterbaan,  
 G. Paran,  V. Parravicini,  Alexander C. Paul,  Suranjan K. Paul,  
 F. Pavosevic,  Zheng Pei,  S. Prager,  E. I. Proynov,  E. Ramos,  B. Rana,  
 A. E. Rask,  A. Rettig,  R. M. Richard,  F. Rob,  E. Rossomme,  T. Scheele,  
 M. Scheurer,  M. Schneider,  P. E. Schneider,  Tim K. Schramm,  N. Sergueev,  
 S. M. Sharada,  M. Sharma,  Hengyuan Shen,  W. Skomorowski,  D. W. Small,  
 C. J. Stein,  Alistair J. Sterling,  Yingli Su,  Yu-Chuan Su,  
 E. J. Sundstrom,  J. Talbot,  Zhen Tao,  J. Thirman,  Hung-Yi Tsai,  
 T. Tsuchimochi,  N. M. Tubman,  C. Utku,  S. P. Veccham,  O. Vydrov,  
 J. Wenzel,  Jonathan Wong,  J. Witte,  A. Yamada,  Chou-Hsun Yang,  Kun Yao,  
 S. Yeganeh,  S. R. Yost,  A. Zech,  F. Zeller,  Igor Ying Zhang,  
 Xing Zhang,  Yu Zhang,  D. Zuev,  A. Aspuru-Guzik,  A. T. Bell,  
 N. A. Besley,  K. B. Bravaya,  B. R. Brooks,  D. Casanova,  Jeng-Da Chai,  
 Hsing-Ta Chen,  S. Coriani,  C. J. Cramer,  A. E. DePrince, III,  
 R. A. DiStasio Jr.,  A. Dreuw,  B. D. Dunietz,  T. R. Furlani,  
 W. A. Goddard III,  S. Grimme,  S. Hammes-Schiffer,  T. Head-Gordon,  
 W. J. Hehre,  Chao-Ping Hsu,  T.-C. Jagau,  Yousung Jung,  A. Klamt,  
 Jing Kong,  D. S. Lambrecht,  Xiangyuan Li,  WanZhen Liang,  N. J. Mayhall,  
 C. W. McCurdy,  J. B. Neaton,  T. Neudecker,  C. Ochsenfeld,  
 J. A. Parkhill,  R. Peverati,  V. A. Rassolov,  Haisheng Ren,  Yihan Shao,  
 L. V. Slipchenko,  R. P. Steele,  J. E. Subotnik,  A. J. W. Thom,  
 A. Tkatchenko,  D. G. Truhlar,  T. Van Voorhis,  Fan Wang,  
 T. A. Wesolowski,  K. B. Whaley,  H. L. Woodcock III,  P. M. Zimmerman,  
 S. Faraji,  P. M. W. Gill,  M. Head-Gordon,  J. M. Herbert,  A. I. Krylov

 Contributors to earlier versions of Q-Chem not listed above: 
 R. D. Adamson,  B. Austin,  R. Baer,  J. Baker,  G. J. O. Beran,  
 K. Brandhorst,  S. T. Brown,  E. F. C. Byrd,  Arup K. Chakraborty,  
 G. K. L. Chan,  Chun-Min Chang,  Yunqing Chen,  C.-L. Cheng,  
 Siu Hung Chien,  D. M. Chipman,  D. L. Crittenden,  H. Dachsel,  
 R. J. Doerksen,  A. D. Dutoi,  R. G. Edgar,  J. Fosso-Tande,  
 L. Fusti-Molnar,  D. Ghosh,  A. Ghysels,  A. Golubeva-Zadorozhnaya,  
 J. Gonthier,  M. S. Gordon,  S. R. Gwaltney,  G. Hawkins,  J. E. Herr,  
 A. Heyden,  S. Hirata,  E. G. Hohenstein,  G. Kedziora,  F. J. Keil,  
 C. Kelley,  Jihan Kim,  R. A. King,  R. Z. Khaliullin,  P. P. Korambath,  
 W. Kurlancheek,  A. Laurent,  A. M. Lee,  M. S. Lee,  S. V. Levchenko,  
 Ching Yeh Lin,  D. Liotard,  E. Livshits,  R. C. Lochan,  I. Lotan,  
 L. A. Martinez-Martinez,  P. E. Maslen,  N. Nair,  D. P. O'Neill,  
 D. Neuhauser,  E. Neuscamman,  C. M. Oana,  R. Olivares-Amaya,  R. Olson,  
 T. M. Perrine,  B. Peters,  P. A. Pieniazek,  A. Prociuk,  Y. M. Rhee,  
 J. Ritchie,  M. A. Rohrdanz,  E. Rosta,  N. J. Russ,  H. F. Schaefer III,  
 M. W. Schmidt,  N. E. Schultz,  S. Sharma,  N. Shenvi,  C. D. Sherrill,  
 A. C. Simmonett,  A. Sodt,  T. Stein,  D. Stuck,  K. S. Thanthiriwatte,  
 V. Vanovschi,  L. Vogt,  Tao Wang,  A. Warshel,  M. A. Watson,  
 C. F. Williams,  Q. Wu,  X. Xu,  Jun Yang,  W. Zhang,  Yan Zhao

   Please cite Q-Chem as follows:
  "Software for the frontiers of quantum chemistry:
   An overview of developments in the Q-Chem 5 package"
   J. Chem. Phys. 155, 084801 (2021)
   https://doi.org/10.1063/5.0055522 (open access)

 Q-Chem 6.1.1 for Intel X86 EM64T Linux

 Parts of Q-Chem use Armadillo 9.900.5 (Nocturnal Misbehaviour).
 http://arma.sourceforge.net/

 Q-Chem begins on Mon Apr 15 16:15:05 2024  

 Host: 
0

     Scratch files written to /scratch/qchemscratch/qchem2092366//
 Jan1824 |scratch|qcdevops|jenkins|workspace|build_RNUM UKVU   
 Processing $rem in /opt/qchem/6.1/config/preferences:
 Processing $rem in /home/mm227274/.qchemrc:

 Q-Chem warning in module libgen/rem_setup.C, line 3361:

 Neither GIA nor STOLL is specified by user. Use STOLL as the default


 Checking the input file for inconsistencies... 	...done.

--------------------------------------------------------------
User input:
--------------------------------------------------------------
$molecule
-1 1
--

0 1

O -2.679496205128205 -0.5537116410256411 -0.41664089743589744
H -2.174616205128205 -0.832951641025641 0.3740591025641026
H -1.9272662051282052 -0.469401641025641 -1.0374608974358974
--
-1 1

H          2.66325        0.98686       -0.48269
C          2.65349       -0.10579       -0.56157
H         -0.65153        2.23848       -1.03879
H         -1.77806        1.59760        0.17287
C         -0.80526        2.07919        0.03334
H          3.65248       -0.49359       -0.34144
H          2.36007       -0.38643       -1.57703
H         -0.79656        3.04109        0.55485
O         -0.19800       -0.39991       -1.28827
O         -0.60634       -1.08479        1.22500
O          1.76851       -0.67484        0.39820
O          0.25555        1.29858        0.58805
P          0.16633       -0.32353        0.18077
$end

$rem
JOBTYPE          eda
EDA2             2
METHOD           b97m-v
BASIS            aug-cc-pvdz
SCF_CONVERGENCE  8
THRESH           14
SYMMETRY         false
DISP_FREE_X      revPBE
DISP_FREE_C      PBE
EDA_BSSE         true
$end
--------------------------------------------------------------
 ----------------------------------------------------------------
             Standard Nuclear Orientation (Angstroms)
    I     Atom           X                Y                Z
 ----------------------------------------------------------------
    1      O      -2.6766028902     0.7271894334     0.4732524734
    2      H      -2.1668656002     0.9920740138    -0.3192684009
    3      H      -1.9222013011     0.5839985697     1.0805005615
    4      H       2.5623541934    -1.1365870482     0.4250199030
    5      C       2.6205383570    -0.0473076180     0.5264411071
    6      H      -0.8145239397    -2.1958770119     1.0065395759
    7      H      -1.9168424733    -1.4618499189    -0.1741445682
    8      C      -0.9734254522    -2.0046012678    -0.0595902722
    9      H       3.6381453640     0.2836323322     0.2988849478
   10      H       2.3592650810     0.2288447021     1.5518626248
   11      H      -1.0309543707    -2.9538568621    -0.6007965364
   12      O      -0.1970344857     0.4040884827     1.3030488079
   13      O      -0.5983590269     1.1662184603    -1.1890235772
   14      O       1.7584761761     0.5949499032    -0.4076466985
   15      O       0.1251486527    -1.2782625101    -0.6145136519
   16      P       0.1410612140     0.3371736255    -0.1727094631
 ----------------------------------------------------------------
 Molecular Point Group                 C1    NOp =  1
 Largest Abelian Subgroup              C1    NOp =  1
 Nuclear Repulsion Energy =         552.65224802 hartrees
 There are       38 alpha and       38 beta electrons
 Requested basis set is aug-cc-pVDZ
 There are 114 shells and 260 basis functions

 Total QAlloc Memory Limit  16000 MB
 Mega-Array Size       188 MB
 MEM_STATIC part       192 MB

 A cutoff of  1.0D-14 yielded   6481 shell pairs
 There are     33775 function pairs (     38092 Cartesian)
 Smallest overlap matrix eigenvalue = 1.41E-04

 Scale SEOQF with 1.000000e-01/1.000000e-01/1.000000e-01

 Standard Electronic Orientation quadrupole field applied
 Nucleus-field energy     =     0.0000000075 hartrees

 -----------------------------------------------------------------------
  General SCF calculation program by
  Eric Jon Sundstrom, Paul Horn, Yuezhi Mao, Dmitri Zuev, Alec White,
  David Stuck, Shaama M.S., Shane Yost, Joonho Lee, David Small,
  Daniel Levine, Susi Lehtola, Hugh Burton, Evgeny Epifanovsky,
  Bang C. Huynh
 -----------------------------------------------------------------------
================================================================
                 ALMO-EDA with the EDA2 driver                  
================================================================
 The second-generation ALMO-EDA (for DFT):                      
 P. R. Horn, Y. Mao and M. Head-Gordon, PCCP, 18, 23067 (2016)  
 Y. Mao et al. Annu. Rev. Phys. Chem. 72, 641 (2021)            
 Decomposition of the frozen energy:                            
 P. R. Horn, Y. Mao and M. Head-Gordon, JCP, 144, 114107 (2016) 
================================================================
 Using eda2 option set 2
 Option set summary: Frozen orbital wavefunction, initial wavefunction decomposition, and traditional AO-based POL.
--------------------------------
Printing EDA Options
--------------------------------
eda_child_super_basis      0
fragmo_guess_mode          0
child_mp                   0
child_mp_orders            0
cls_elec                   1
cls_disp                   0
scfmi_mode                 1
scfmi_occs                 0
scfmi_virts                0
frz_relax                  0
frz_relax_method           0
dc_pen_start               0
dc_pen_conv                0
dc_pen_increment           0
dc_pen_steps               0
dc_pen_thresh_factor       0
dc_pen_pre_newton_thresh   0
frz_ortho_decomp           1
frz_ortho_decomp_conv      6
plot_mo_ortho_frz          0
frgm_method                2
scfmi_freeze_ss            0
separate_rehyb             0
plot_diff_den              0
eda_nocv                   0
eda_vct_relax              1
disp_free_x                33
disp_free_c                25
eda_bsse                   1
eda_pct_a                  0
eda_covp                   0
eda_vct_a                  0
--------------------------------
 Attempting to make child job directory: /scratch/qchemscratch/qchem2092366//Frg1/
 Attempting to make child job directory: /scratch/qchemscratch/qchem2092366//Frg2/
 Creating input file /scratch/qchemscratch/qchem2092366/Frg1.input
 using default PutDataFrgm: nothing
 calling putenv with: QCSCRATCH=/scratch/qchemscratch/qchem2092366/ 
 Spawning Job For Fragment 0
 Done Job For Fragment 0
 calling putenv with: QCSCRATCH=/scratch/qchemscratch 
 calling putenv with: QCTHREADS=1 
 Creating input file /scratch/qchemscratch/qchem2092366/Frg2.input
 using default PutDataFrgm: nothing
 calling putenv with: QCSCRATCH=/scratch/qchemscratch/qchem2092366/ 
 Spawning Job For Fragment 1
 Done Job For Fragment 1
 calling putenv with: QCSCRATCH=/scratch/qchemscratch 
 calling putenv with: QCTHREADS=1 
Doing General SCFMI
 Exchange:  B97M-V      Correlation:  B97M-V
 Using SG-2 standard quadrature grid
 Nonlocal Correlation:  VV10 with C = 0.0100 and b = 6.00 and scale = 1.00000
 Grid used for NLC:  SG-1 standard quadrature
performing fock build before subrot guess so that all methods have access
Printing subrot_rss_gen Method Specification:
Occupied Subspace Method is 0
Virtual Subspace Method is 0
Energy of the unrelaxed supersystem initial determinant -798.469166623684
write pseudocanon occs and virts to disk
write pseudocanon orbital energies to disk
Tolerance of ortho_decomp_scf: 1.00e-06
GDM subspace size: 20
Beginning the Orthogonal Decomposition of the Initial Supersystem Wavefunction
    1    -798.3031945579      1.67e-01     ortho_decomp Preconditoned Steepest Descent
    2    -798.3250306156      4.57e-04     ortho_decomp BFGS Step
    3    -798.3250314725      5.55e-06     ortho_decomp BFGS Step
    4    -798.3250314726      3.79e-08     ortho_decomp 00000 Convergence criterion met
 Exchange:  revPBE      Correlation:  PBE
 Using SG-2 standard quadrature grid
 Exchange:  revPBE      Correlation:  PBE
 Using SG-2 standard quadrature grid
 Exchange:  revPBE      Correlation:  PBE
 Using SG-2 standard quadrature grid
Doing General SCFMI
 Exchange:  B97M-V      Correlation:  B97M-V
 Using SG-2 standard quadrature grid
 Nonlocal Correlation:  VV10 with C = 0.0100 and b = 6.00 and scale = 1.00000
 Grid used for NLC:  SG-1 standard quadrature
performing fock build at end of subrot_r(subrot) constructor so that all methods have access
<S^2> of initial wavefunction before polarization iterations 0.0000000000
Beginning iterations for the determination of the polarized wavefunction
Energy prior to optimization (guess energy) = -798.469166623684
Begin Timing: Total SCF Calculation
begin iterations for algorithm: DIIS         
the SCF tolerance is set to 1.00e-08
    1    -798.4691666237      4.67e-04     00000 
    2    -798.4792664721      2.05e-04     00000 
    3    -798.4797607060      1.53e-04     00000 
    4    -798.4801669858      4.75e-05     00000 
    5    -798.4802055764      1.97e-05     00000 
    6    -798.4802125806      7.46e-06     00000 
    7    -798.4802137606      2.81e-06     00000 
    8    -798.4802138970      1.70e-06     00000 
    9    -798.4802139352      9.33e-07     00000 
   10    -798.4802139455      5.03e-07     00000 
   11    -798.4802139493      2.61e-07     00000 
   12    -798.4802139501      1.58e-07     00000 
   13    -798.4802139506      4.03e-08     00000 
   14    -798.4802139506      2.19e-08     00000 
   15    -798.4802139506      1.52e-08     00000 
   16    -798.4802139506      4.88e-09     00000 Convergence criterion met
write pseudocanon occs and virts to disk
write pseudocanon orbital energies to disk
Timing for Total SCF: 899.00s (wall), 894.42s (cpu)
<S^2> of polarized wavefunction after polarization iterations 0.0000000000
relaxing scfmi constraint to allow all rotations in the entire AO span
Doing General SCFMI
 Exchange:  B97M-V      Correlation:  B97M-V
 Using SG-2 standard quadrature grid
 Nonlocal Correlation:  VV10 with C = 0.0100 and b = 6.00 and scale = 1.00000
 Grid used for NLC:  SG-1 standard quadrature
performing fock build at end of subrot_r(subrot) constructor so that all methods have access
<S^2> of polarized wavefunction before ct-allowed iterations 0.0000000000
Beginning iterations for the determination of the CT-Allowed wavefunction
Energy prior to optimization (guess energy) = -798.480213950611
Begin Timing: Total SCF Calculation
begin iterations for algorithm: DIIS         
the SCF tolerance is set to 1.00e-08
    1    -798.4802139506      5.74e-04     00000 
    2    -798.4967939094      8.45e-05     00000 
    3    -798.4965085239      1.38e-04     00000 
    4    -798.4970180432      2.20e-05     00000 
    5    -798.4970307908      9.28e-06     00000 
    6    -798.4970329323      3.32e-06     00000 
    7    -798.4970332064      5.97e-07     00000 
    8    -798.4970332157      2.26e-07     00000 
    9    -798.4970332170      8.27e-08     00000 
   10    -798.4970332172      2.57e-08     00000 
   11    -798.4970332172      9.63e-09     00000 Convergence criterion met
write pseudocanon occs and virts to disk
write pseudocanon orbital energies to disk
Timing for Total SCF: 503.00s (wall), 499.95s (cpu)
<S^2> of ct_allowed wavefunction after ct-allowed iterations 0.0000000000
 Attempting to make child job directory: /scratch/qchemscratch/qchem2092366//FrgBSSE1/
 Attempting to make child job directory: /scratch/qchemscratch/qchem2092366//FrgBSSE2/
 Creating input file /scratch/qchemscratch/qchem2092366/FrgBSSE1.input
 calling putenv with: QCSCRATCH=/scratch/qchemscratch/qchem2092366/ 
 Spawning Job For Fragment 0
 Done Job For Fragment 0
 calling putenv with: QCSCRATCH=/scratch/qchemscratch 
 calling putenv with: QCTHREADS=1 
 Creating input file /scratch/qchemscratch/qchem2092366/FrgBSSE2.input
 calling putenv with: QCSCRATCH=/scratch/qchemscratch/qchem2092366/ 
 Spawning Job For Fragment 1
 Done Job For Fragment 1
 calling putenv with: QCSCRATCH=/scratch/qchemscratch 
 calling putenv with: QCTHREADS=1 
====================================================================
   Evaluating the BSSE with fragment SCF in the supersystem basis
   Fragment contributions (kJ/mol) 
   Frgm 1: 1.7659
   Frgm 2: 4.7037
   BSSE (kJ/mol) = 6.4697
====================================================================

================================
        Results of EDA2         
================================
Basic EDA Quantities
--------------------
Fragment Energies (Ha):
1  -76.4128786231
2 -722.0610563846
--------------------
  E_prp (kJ/mol) = 0.0000
  E_frz (kJ/mol) = 12.5195
  E_pol (kJ/mol) = -29.0051
  E_vct (kJ/mol) = -37.6898 (CP-corrected)
  E_int (kJ/mol) = -54.1754 (CP-corrected)
--------------------


Decomposition of frozen interaction energy
--------------------
  --------------------
  Orthogonal Frozen Decomposition:
  --------------------
     E_elec   (ELEC)   (kJ/mol) = -280.0097
     E_pauli  (PAULI)  (kJ/mol) = 321.4535
     E_disp   (DISP)   (kJ/mol) = -28.9242
  --------------------
  Classical Frozen Decomposition:
  --------------------
     E_cls_elec  (CLS ELEC)  (kJ/mol) = -162.4564
     E_mod_pauli (MOD PAULI) (kJ/mol) = 203.9002 (FRZ - CLS ELEC - DISP)
     E_disp      (DISP)      (kJ/mol) = -28.9242
  --------------------
--------------------

Simplified EDA Summary (kJ/mol)
--------------------
 PREPARATION      0.0000
 FROZEN           12.5195 (ELEC + PAULI + DISP)
[ELEC + PAULI = 41.4437, DISP = -28.9242]
 POLARIZATION    -29.0051
 CHARGE TRANSFER -37.6898     (counterpoise-corrected)
 TOTAL           -54.1754     (PRP + FRZ + POL + CT)
--------------------
 
 --------------------------------------------------------------
 
                    Orbital Energies (a.u.)
 --------------------------------------------------------------
 
 Alpha MOs
 -- Occupied --
-77.1362 -19.0261 -19.0162 -18.9562 -18.9484 -18.9469 -10.0981 -10.0847
 -6.5365  -4.6114  -4.6103  -4.6079  -0.9023  -0.8588  -0.8151  -0.7890
 -0.7688  -0.5393  -0.5188  -0.3817  -0.3269  -0.2956  -0.2936  -0.2820
 -0.2722  -0.2631  -0.2503  -0.2062  -0.1931  -0.1775  -0.1648  -0.1282
 -0.1230  -0.1101  -0.1023  -0.0905  -0.0806  -0.0726
 -- Virtual --
  0.0868   0.0978   0.1170   0.1203   0.1315   0.1344   0.1417   0.1606
  0.1636   0.1775   0.1847   0.1913   0.1973   0.2016   0.2043   0.2174
  0.2207   0.2298   0.2376   0.2437   0.2493   0.2582   0.2684   0.2781
  0.2809   0.2945   0.2966   0.2990   0.3049   0.3205   0.3233   0.3277
  0.3344   0.3403   0.3448   0.3616   0.3644   0.3708   0.3742   0.3791
  0.3907   0.3942   0.4029   0.4063   0.4134   0.4250   0.4265   0.4300
  0.4388   0.4485   0.4543   0.4673   0.4772   0.4828   0.4965   0.5052
  0.5091   0.5197   0.5362   0.5381   0.5556   0.5628   0.5662   0.5760
  0.5847   0.5987   0.6017   0.6141   0.6175   0.6366   0.6401   0.6465
  0.6651   0.6729   0.6802   0.6841   0.6926   0.7025   0.7144   0.7262
  0.7298   0.7383   0.7534   0.7678   0.7741   0.7763   0.7933   0.7984
  0.8120   0.8250   0.8473   0.8560   0.8807   0.9017   0.9150   0.9345
  0.9558   0.9611   0.9762   0.9815   0.9870   1.0114   1.0260   1.0536
  1.0603   1.0713   1.0816   1.1156   1.1360   1.1546   1.1648   1.1789
  1.1988   1.2179   1.2304   1.2331   1.2453   1.2760   1.2902   1.3072
  1.3248   1.3369   1.3525   1.3578   1.3830   1.3878   1.4002   1.4302
  1.4500   1.4601   1.4821   1.5027   1.5083   1.5366   1.5633   1.5706
  1.5941   1.6159   1.6398   1.6486   1.6528   1.6820   1.6887   1.6978
  1.7124   1.7272   1.7529   1.7854   1.7918   1.8016   1.8264   1.8373
  1.8703   1.8883   1.9092   1.9439   1.9627   1.9792   2.0060   2.0378
  2.0648   2.0815   2.0943   2.1151   2.1286   2.1317   2.1635   2.1676
  2.2041   2.2200   2.2519   2.2868   2.3056   2.3250   2.3782   2.4336
  2.5358   2.5549   2.5727   2.5922   2.5987   2.6168   2.6416   2.6895
  2.7642   2.7814   2.8420   2.8576   2.8796   2.9371   2.9494   2.9749
  3.0582   3.1495   3.1717   3.1835   3.2533   3.5534   3.5763   3.5935
  3.6046   3.6114   3.6357   3.6534   3.6703   3.6832   3.7026   3.7128
  3.7223   3.7425   3.7528   3.7644   3.7882   3.8185   3.8349   3.8659
  3.9291   3.9619   3.9651   4.0202   4.1353   4.3659
 --------------------------------------------------------------
 
          Ground-State Mulliken Net Atomic Charges

     Atom                 Charge (a.u.)
  ----------------------------------------
      1 O                    -0.549050
      2 H                     0.204512
      3 H                     0.302802
      4 H                    -0.194066
      5 C                     1.062414
      6 H                    -0.220612
      7 H                    -0.227378
      8 C                     1.195415
      9 H                    -0.380584
     10 H                    -0.176758
     11 H                    -0.382105
     12 O                    -1.114143
     13 O                    -1.044786
     14 O                    -1.003683
     15 O                    -1.054512
     16 P                     2.582534
  ----------------------------------------
  Sum of atomic charges =    -1.000000

 -----------------------------------------------------------------
                    Cartesian Multipole Moments
 -----------------------------------------------------------------
    Charge (ESU x 10^10)
                -4.8032
    Dipole Moment (Debye)
         X       4.0438      Y      -3.5829      Z       0.6529
       Tot       5.4420
    Quadrupole Moments (Debye-Ang)
        XX     -73.7643     XY       4.6783     YY     -64.4992
        XZ       3.8237     YZ       0.5761     ZZ     -67.3188
    Octopole Moments (Debye-Ang^2)
       XXX      46.9145    XXY     -12.1845    XYY       1.4986
       YYY      -0.7071    XXZ      -6.7188    XYZ       2.0749
       YYZ       3.1988    XZZ      -0.1352    YZZ      -4.3828
       ZZZ      -1.0119
    Hexadecapole Moments (Debye-Ang^3)
      XXXX   -1036.3746   XXXY      31.6188   XXYY    -235.3836
      XYYY       3.7326   YYYY    -446.4486   XXXZ      30.5419
      XXYZ      -7.4384   XYYZ       2.6361   YYYZ       5.9584
      XXZZ    -190.0494   XYZZ       1.8679   YYZZ    -121.5740
      XZZZ      -9.7639   YZZZ       4.0266   ZZZZ    -257.7689
 -----------------------------------------------------------------
 Total job time:  3359.63s(wall), 2103.06s(cpu) 
 Mon Apr 15 17:11:05 2024

        *************************************************************
        *                                                           *
        *  Thank you very much for using Q-Chem.  Have a nice day.  *
        *                                                           *
        *************************************************************


