
Running Job 1 of 1 DMP_tt_1_1.3_pvdz.inp
qchem DMP_tt_1_1.3_pvdz.inp_2094494.0 /scratch/qchemscratch/qchem2094494/ 1
/opt/qchem/6.1/exe/qcprog.exe_s DMP_tt_1_1.3_pvdz.inp_2094494.0 /scratch/qchemscratch/qchem2094494/
                  Welcome to Q-Chem
     A Quantum Leap Into The Future Of Chemistry


 Q-Chem 6.1, Q-Chem, Inc., Pleasanton, CA (2023)

 License issued to: SRG Pengyu Ren, University of Texas at Austin

 E. Epifanovsky,  A. T. B. Gilbert,  Xintian Feng,  Joonho Lee,  Yuezhi Mao,  
 N. Mardirossian,  P. Pokhilko,  A. White,  M. Wormit,  M. P. Coons,  
 A. L. Dempwolff,  Zhengting Gan,  D. Hait,  P. R. Horn,  L. D. Jacobson,  
 I. Kaliman,  J. Kussmann,  A. W. Lange,  Ka Un Lao,  D. S. Levine,  Jie Liu,  
 S. C. McKenzie,  A. F. Morrison,  K. D. Nanda,  F. Plasser,  D. R. Rehn,  
 M. L. Vidal,  Zhi-Qiang You,  Ying Zhu,  B. Alam,  B. Albrecht,  
 A. Aldossary,  E. Alguire,  J. H. Andersen,  V. Athavale,  D. Barton,  
 K. Begam,  A. Behn,  N. Bellonzi,  Y. A. Bernard,  E. J. Berquist,  
 H. Burton,  A. Carreras,  K. Carter-Fenk,  Mathew Chow,  Romit Chakraborty,  
 Chandrima Chakravarty,  Junhan Chen,  A. D. Chien,  K. D. Closser,  
 V. Cofer-Shabica,  L. Cunha,  S. Dasgupta,  Jia Deng,  M. de Wergifosse,  
 M. Diedenhofen,  Hainam Do,  S. Ehlert,  Po-Tung Fang,  S. Fatehi,  
 Qingguo Feng,  T. Friedhoff,  Thomas Froitzheim,  B. Ganoe,  J. Gayvert,  
 Qinghui Ge,  G. Gidofalvi,  M. Gimferrer,  M. Goldey,  Montgomery Gray,  
 J. Gomes,  C. Gonzalez-Espinoza,  S. Gulania,  A. Gunina,  J. A. Gyamfi,  
 M. W. D. Hanson-Heine,  P. H. P. Harbach,  A. W. Hauser,  M. F. Herbst,  
 M. Hernandez Vera,  M. Hodecker,  Z. C. Holden,  S. Houck,  Xunkun Huang,  
 Kerwin Hui,  B. C. Huynh,  K. Ikeda,  M. Ivanov,  Hyunjun Ji,  Zuxin Jin,  
 Hanjie Jiang,  Subrata Jana,  B. Kaduk,  S. Kaehler,  R. Kang,  
 K. Khistyaev,  Jaehoon Kim,  Yongbin Kim,  P. Klunzinger,  Z. Koczor-Benda,  
 Joong Hoon Koh,  D. Kosenkov,  Saikiran Kotaru,  L. Koulias,  T. Kowalczyk,  
 C. M. Krauter,  K. Kue,  A. Kunitsa,  T. Kus,  A. Landau,  K. V. Lawler,  
 D. Lefrancois,  S. Lehtola,  Rain Li,  Shaozhi Li,  Yi-Pei Li,  
 Jiashu Liang,  M. Liebenthal,  Hung-Hsuan Lin,  You-Sheng Lin,  Fenglai Liu,  
 Kuan-Yu Liu,  Xiao Liu,  M. Loipersberger,  A. Luenser,  C. Malbon,  
 A. Manjanath,  P. Manohar,  E. Mansoor,  S. F. Manzer,  Shan-Ping Mao,  
 A. V. Marenich,  T. Markovich,  S. Mason,  F. Matz,  S. A. Maurer,  
 P. F. McLaughlin,  M. F. S. J. Menger,  J.-M. Mewes,  S. A. Mewes,  
 P. Morgante,  Mohammad Mostafanejad,  J. W. Mullinax,  K. J. Oosterbaan,  
 G. Paran,  V. Parravicini,  Alexander C. Paul,  Suranjan K. Paul,  
 F. Pavosevic,  Zheng Pei,  S. Prager,  E. I. Proynov,  E. Ramos,  B. Rana,  
 A. E. Rask,  A. Rettig,  R. M. Richard,  F. Rob,  E. Rossomme,  T. Scheele,  
 M. Scheurer,  M. Schneider,  P. E. Schneider,  Tim K. Schramm,  N. Sergueev,  
 S. M. Sharada,  M. Sharma,  Hengyuan Shen,  W. Skomorowski,  D. W. Small,  
 C. J. Stein,  Alistair J. Sterling,  Yingli Su,  Yu-Chuan Su,  
 E. J. Sundstrom,  J. Talbot,  Zhen Tao,  J. Thirman,  Hung-Yi Tsai,  
 T. Tsuchimochi,  N. M. Tubman,  C. Utku,  S. P. Veccham,  O. Vydrov,  
 J. Wenzel,  Jonathan Wong,  J. Witte,  A. Yamada,  Chou-Hsun Yang,  Kun Yao,  
 S. Yeganeh,  S. R. Yost,  A. Zech,  F. Zeller,  Igor Ying Zhang,  
 Xing Zhang,  Yu Zhang,  D. Zuev,  A. Aspuru-Guzik,  A. T. Bell,  
 N. A. Besley,  K. B. Bravaya,  B. R. Brooks,  D. Casanova,  Jeng-Da Chai,  
 Hsing-Ta Chen,  S. Coriani,  C. J. Cramer,  A. E. DePrince, III,  
 R. A. DiStasio Jr.,  A. Dreuw,  B. D. Dunietz,  T. R. Furlani,  
 W. A. Goddard III,  S. Grimme,  S. Hammes-Schiffer,  T. Head-Gordon,  
 W. J. Hehre,  Chao-Ping Hsu,  T.-C. Jagau,  Yousung Jung,  A. Klamt,  
 Jing Kong,  D. S. Lambrecht,  Xiangyuan Li,  WanZhen Liang,  N. J. Mayhall,  
 C. W. McCurdy,  J. B. Neaton,  T. Neudecker,  C. Ochsenfeld,  
 J. A. Parkhill,  R. Peverati,  V. A. Rassolov,  Haisheng Ren,  Yihan Shao,  
 L. V. Slipchenko,  R. P. Steele,  J. E. Subotnik,  A. J. W. Thom,  
 A. Tkatchenko,  D. G. Truhlar,  T. Van Voorhis,  Fan Wang,  
 T. A. Wesolowski,  K. B. Whaley,  H. L. Woodcock III,  P. M. Zimmerman,  
 S. Faraji,  P. M. W. Gill,  M. Head-Gordon,  J. M. Herbert,  A. I. Krylov

 Contributors to earlier versions of Q-Chem not listed above: 
 R. D. Adamson,  B. Austin,  R. Baer,  J. Baker,  G. J. O. Beran,  
 K. Brandhorst,  S. T. Brown,  E. F. C. Byrd,  Arup K. Chakraborty,  
 G. K. L. Chan,  Chun-Min Chang,  Yunqing Chen,  C.-L. Cheng,  
 Siu Hung Chien,  D. M. Chipman,  D. L. Crittenden,  H. Dachsel,  
 R. J. Doerksen,  A. D. Dutoi,  R. G. Edgar,  J. Fosso-Tande,  
 L. Fusti-Molnar,  D. Ghosh,  A. Ghysels,  A. Golubeva-Zadorozhnaya,  
 J. Gonthier,  M. S. Gordon,  S. R. Gwaltney,  G. Hawkins,  J. E. Herr,  
 A. Heyden,  S. Hirata,  E. G. Hohenstein,  G. Kedziora,  F. J. Keil,  
 C. Kelley,  Jihan Kim,  R. A. King,  R. Z. Khaliullin,  P. P. Korambath,  
 W. Kurlancheek,  A. Laurent,  A. M. Lee,  M. S. Lee,  S. V. Levchenko,  
 Ching Yeh Lin,  D. Liotard,  E. Livshits,  R. C. Lochan,  I. Lotan,  
 L. A. Martinez-Martinez,  P. E. Maslen,  N. Nair,  D. P. O'Neill,  
 D. Neuhauser,  E. Neuscamman,  C. M. Oana,  R. Olivares-Amaya,  R. Olson,  
 T. M. Perrine,  B. Peters,  P. A. Pieniazek,  A. Prociuk,  Y. M. Rhee,  
 J. Ritchie,  M. A. Rohrdanz,  E. Rosta,  N. J. Russ,  H. F. Schaefer III,  
 M. W. Schmidt,  N. E. Schultz,  S. Sharma,  N. Shenvi,  C. D. Sherrill,  
 A. C. Simmonett,  A. Sodt,  T. Stein,  D. Stuck,  K. S. Thanthiriwatte,  
 V. Vanovschi,  L. Vogt,  Tao Wang,  A. Warshel,  M. A. Watson,  
 C. F. Williams,  Q. Wu,  X. Xu,  Jun Yang,  W. Zhang,  Yan Zhao

   Please cite Q-Chem as follows:
  "Software for the frontiers of quantum chemistry:
   An overview of developments in the Q-Chem 5 package"
   J. Chem. Phys. 155, 084801 (2021)
   https://doi.org/10.1063/5.0055522 (open access)

 Q-Chem 6.1.1 for Intel X86 EM64T Linux

 Parts of Q-Chem use Armadillo 9.900.5 (Nocturnal Misbehaviour).
 http://arma.sourceforge.net/

 Q-Chem begins on Mon Apr 15 16:24:01 2024  

 Host: 
0

     Scratch files written to /scratch/qchemscratch/qchem2094494//
 Jan1824 |scratch|qcdevops|jenkins|workspace|build_RNUM UKVU   
 Processing $rem in /opt/qchem/6.1/config/preferences:
 Processing $rem in /home/mm227274/.qchemrc:

 Q-Chem warning in module libgen/rem_setup.C, line 3361:

 Neither GIA nor STOLL is specified by user. Use STOLL as the default


 Checking the input file for inconsistencies... 	...done.

--------------------------------------------------------------
User input:
--------------------------------------------------------------
$molecule
-1 1
--
0 1

O 3.832372769230769 -1.5266843076923076 -0.33967415384615385
H 3.3975227692307692 -1.3306243076923077 0.5142458461538462
H 3.025822769230769 -1.7056943076923075 -0.8665741538461539
--
-1 1

H          1.39787        2.23823        0.78561
H          1.82227        1.35025       -0.69216
H         -2.44596       -1.04512       -1.20918
H         -3.69999       -0.51252       -0.04560
C         -2.71019       -0.29580       -0.45830
C          1.07601        2.00780       -0.23518
H          1.00241        2.93277       -0.81515
H         -2.72594        0.69264       -0.93120
O          0.63607       -0.34475        1.46511
O          0.07347       -1.04343       -1.01376
O         -1.79214       -0.32276        0.63087
O         -0.22257        1.41233       -0.23011
P         -0.19440       -0.20125        0.21592
$end

$rem
JOBTYPE          eda
EDA2             2
METHOD           b97m-v
BASIS            aug-cc-pvdz
SCF_CONVERGENCE  8
THRESH           14
SYMMETRY         false
DISP_FREE_X      revPBE
DISP_FREE_C      PBE
EDA_BSSE         true
$end
--------------------------------------------------------------
 ----------------------------------------------------------------
             Standard Nuclear Orientation (Angstroms)
    I     Atom           X                Y                Z
 ----------------------------------------------------------------
    1      O      -3.9007658544    -0.8524276771     0.2630104682
    2      H      -3.4272698176    -0.7119062219    -0.5812457940
    3      H      -3.1415741850    -1.1698668970     0.7950362603
    4      H      -0.8749420241     2.4921873860    -0.7497027849
    5      H      -1.4589409413     1.6546691615     0.7028592625
    6      H       2.3594008280    -1.4080927813     1.2153530330
    7      H       3.7001391598    -1.0614626829     0.0784974055
    8      C       2.7521144344    -0.6962240996     0.4845057623
    9      C      -0.6097351676     2.1922580615     0.2693221374
   10      H      -0.3967745634     3.0813158640     0.8706337593
   11      H       2.9198162367     0.2669580218     0.9795334509
   12      O      -0.5291323817    -0.1656156607    -1.4779498766
   13      O      -0.1236332085    -0.9958703613     0.9910006154
   14      O       1.8581306213    -0.5526577545    -0.6155013193
   15      O       0.5758773415     1.3952439131     0.2659063465
   16      P       0.2948038373    -0.1832923531    -0.2163774576
 ----------------------------------------------------------------
 Molecular Point Group                 C1    NOp =  1
 Largest Abelian Subgroup              C1    NOp =  1
 Nuclear Repulsion Energy =         520.66589233 hartrees
 There are       38 alpha and       38 beta electrons
 Requested basis set is aug-cc-pVDZ
 There are 114 shells and 260 basis functions

 Total QAlloc Memory Limit  16000 MB
 Mega-Array Size       188 MB
 MEM_STATIC part       192 MB

 A cutoff of  1.0D-14 yielded   6365 shell pairs
 There are     33117 function pairs (     37350 Cartesian)
 Smallest overlap matrix eigenvalue = 1.73E-04

 Scale SEOQF with 1.000000e-01/1.000000e-01/1.000000e-01

 Standard Electronic Orientation quadrupole field applied
 Nucleus-field energy     =     0.0000000114 hartrees

 -----------------------------------------------------------------------
  General SCF calculation program by
  Eric Jon Sundstrom, Paul Horn, Yuezhi Mao, Dmitri Zuev, Alec White,
  David Stuck, Shaama M.S., Shane Yost, Joonho Lee, David Small,
  Daniel Levine, Susi Lehtola, Hugh Burton, Evgeny Epifanovsky,
  Bang C. Huynh
 -----------------------------------------------------------------------
================================================================
                 ALMO-EDA with the EDA2 driver                  
================================================================
 The second-generation ALMO-EDA (for DFT):                      
 P. R. Horn, Y. Mao and M. Head-Gordon, PCCP, 18, 23067 (2016)  
 Y. Mao et al. Annu. Rev. Phys. Chem. 72, 641 (2021)            
 Decomposition of the frozen energy:                            
 P. R. Horn, Y. Mao and M. Head-Gordon, JCP, 144, 114107 (2016) 
================================================================
 Using eda2 option set 2
 Option set summary: Frozen orbital wavefunction, initial wavefunction decomposition, and traditional AO-based POL.
--------------------------------
Printing EDA Options
--------------------------------
eda_child_super_basis      0
fragmo_guess_mode          0
child_mp                   0
child_mp_orders            0
cls_elec                   1
cls_disp                   0
scfmi_mode                 1
scfmi_occs                 0
scfmi_virts                0
frz_relax                  0
frz_relax_method           0
dc_pen_start               0
dc_pen_conv                0
dc_pen_increment           0
dc_pen_steps               0
dc_pen_thresh_factor       0
dc_pen_pre_newton_thresh   0
frz_ortho_decomp           1
frz_ortho_decomp_conv      6
plot_mo_ortho_frz          0
frgm_method                2
scfmi_freeze_ss            0
separate_rehyb             0
plot_diff_den              0
eda_nocv                   0
eda_vct_relax              1
disp_free_x                33
disp_free_c                25
eda_bsse                   1
eda_pct_a                  0
eda_covp                   0
eda_vct_a                  0
--------------------------------
 Attempting to make child job directory: /scratch/qchemscratch/qchem2094494//Frg1/
 Attempting to make child job directory: /scratch/qchemscratch/qchem2094494//Frg2/
 Creating input file /scratch/qchemscratch/qchem2094494/Frg1.input
 using default PutDataFrgm: nothing
 calling putenv with: QCSCRATCH=/scratch/qchemscratch/qchem2094494/ 
 Spawning Job For Fragment 0
 Done Job For Fragment 0
 calling putenv with: QCSCRATCH=/scratch/qchemscratch 
 calling putenv with: QCTHREADS=1 
 Creating input file /scratch/qchemscratch/qchem2094494/Frg2.input
 using default PutDataFrgm: nothing
 calling putenv with: QCSCRATCH=/scratch/qchemscratch/qchem2094494/ 
 Spawning Job For Fragment 1
 Done Job For Fragment 1
 calling putenv with: QCSCRATCH=/scratch/qchemscratch 
 calling putenv with: QCTHREADS=1 
Doing General SCFMI
 Exchange:  B97M-V      Correlation:  B97M-V
 Using SG-2 standard quadrature grid
 Nonlocal Correlation:  VV10 with C = 0.0100 and b = 6.00 and scale = 1.00000
 Grid used for NLC:  SG-1 standard quadrature
performing fock build before subrot guess so that all methods have access
Printing subrot_rss_gen Method Specification:
Occupied Subspace Method is 0
Virtual Subspace Method is 0
Energy of the unrelaxed supersystem initial determinant -798.486950013239
write pseudocanon occs and virts to disk
write pseudocanon orbital energies to disk
Tolerance of ortho_decomp_scf: 1.00e-06
GDM subspace size: 20
Beginning the Orthogonal Decomposition of the Initial Supersystem Wavefunction
    1    -798.4659096537      2.59e-02     ortho_decomp Preconditoned Steepest Descent
    2    -798.4665011634      4.42e-05     ortho_decomp BFGS Step
    3    -798.4665011722      2.14e-07     ortho_decomp 00000 Convergence criterion met
 Exchange:  revPBE      Correlation:  PBE
 Using SG-2 standard quadrature grid
 Exchange:  revPBE      Correlation:  PBE
 Using SG-2 standard quadrature grid
 Exchange:  revPBE      Correlation:  PBE
 Using SG-2 standard quadrature grid
Doing General SCFMI
 Exchange:  B97M-V      Correlation:  B97M-V
 Using SG-2 standard quadrature grid
 Nonlocal Correlation:  VV10 with C = 0.0100 and b = 6.00 and scale = 1.00000
 Grid used for NLC:  SG-1 standard quadrature
performing fock build at end of subrot_r(subrot) constructor so that all methods have access
<S^2> of initial wavefunction before polarization iterations 0.0000000000
Beginning iterations for the determination of the polarized wavefunction
Energy prior to optimization (guess energy) = -798.486950013239
Begin Timing: Total SCF Calculation
begin iterations for algorithm: DIIS         
the SCF tolerance is set to 1.00e-08
    1    -798.4869500132      1.67e-04     00000 
    2    -798.4883135324      1.17e-04     00000 
    3    -798.4885207361      7.13e-05     00000 
    4    -798.4886114177      1.32e-05     00000 
    5    -798.4886135569      8.06e-06     00000 
    6    -798.4886147907      1.55e-06     00000 
    7    -798.4886148353      4.11e-07     00000 
    8    -798.4886148389      1.47e-07     00000 
    9    -798.4886148393      7.14e-08     00000 
   10    -798.4886148394      2.72e-08     00000 
   11    -798.4886148394      5.86e-09     00000 Convergence criterion met
write pseudocanon occs and virts to disk
write pseudocanon orbital energies to disk
Timing for Total SCF: 480.00s (wall), 478.05s (cpu)
<S^2> of polarized wavefunction after polarization iterations 0.0000000000
relaxing scfmi constraint to allow all rotations in the entire AO span
Doing General SCFMI
 Exchange:  B97M-V      Correlation:  B97M-V
 Using SG-2 standard quadrature grid
 Nonlocal Correlation:  VV10 with C = 0.0100 and b = 6.00 and scale = 1.00000
 Grid used for NLC:  SG-1 standard quadrature
performing fock build at end of subrot_r(subrot) constructor so that all methods have access
<S^2> of polarized wavefunction before ct-allowed iterations 0.0000000000
Beginning iterations for the determination of the CT-Allowed wavefunction
Energy prior to optimization (guess energy) = -798.488614839394
Begin Timing: Total SCF Calculation
begin iterations for algorithm: DIIS         
the SCF tolerance is set to 1.00e-08
    1    -798.4886148394      1.35e-04     00000 
    2    -798.4896378385      8.14e-06     00000 
    3    -798.4896357314      1.32e-05     00000 
    4    -798.4896404187      2.29e-06     00000 
    5    -798.4896405346      1.29e-06     00000 
    6    -798.4896405783      4.29e-07     00000 
    7    -798.4896405828      1.21e-07     00000 
    8    -798.4896405831      5.88e-08     00000 
    9    -798.4896405832      1.46e-08     00000 
   10    -798.4896405832      2.47e-09     00000 Convergence criterion met
write pseudocanon occs and virts to disk
write pseudocanon orbital energies to disk
Timing for Total SCF: 450.00s (wall), 446.88s (cpu)
<S^2> of ct_allowed wavefunction after ct-allowed iterations 0.0000000000
 Attempting to make child job directory: /scratch/qchemscratch/qchem2094494//FrgBSSE1/
 Attempting to make child job directory: /scratch/qchemscratch/qchem2094494//FrgBSSE2/
 Creating input file /scratch/qchemscratch/qchem2094494/FrgBSSE1.input
 calling putenv with: QCSCRATCH=/scratch/qchemscratch/qchem2094494/ 
 Spawning Job For Fragment 0
 Done Job For Fragment 0
 calling putenv with: QCSCRATCH=/scratch/qchemscratch 
 calling putenv with: QCTHREADS=1 
 Creating input file /scratch/qchemscratch/qchem2094494/FrgBSSE2.input
 calling putenv with: QCSCRATCH=/scratch/qchemscratch/qchem2094494/ 
 Spawning Job For Fragment 1
 Done Job For Fragment 1
 calling putenv with: QCSCRATCH=/scratch/qchemscratch 
 calling putenv with: QCTHREADS=1 
====================================================================
   Evaluating the BSSE with fragment SCF in the supersystem basis
   Fragment contributions (kJ/mol) 
   Frgm 1: 0.4650
   Frgm 2: 0.8368
   BSSE (kJ/mol) = 1.3018
====================================================================

================================
        Results of EDA2         
================================
Basic EDA Quantities
--------------------
Fragment Energies (Ha):
1  -76.4129436253
2 -722.0596677009
--------------------
  E_prp (kJ/mol) = 0.0000
  E_frz (kJ/mol) = -37.6467
  E_pol (kJ/mol) = -4.3711
  E_vct (kJ/mol) = -1.3913 (CP-corrected)
  E_int (kJ/mol) = -43.4090 (CP-corrected)
--------------------


Decomposition of frozen interaction energy
--------------------
  --------------------
  Orthogonal Frozen Decomposition:
  --------------------
     E_elec   (ELEC)   (kJ/mol) = -44.8622
     E_pauli  (PAULI)  (kJ/mol) = 11.8899
     E_disp   (DISP)   (kJ/mol) = -4.6744
  --------------------
  Classical Frozen Decomposition:
  --------------------
     E_cls_elec  (CLS ELEC)  (kJ/mol) = -36.3433
     E_mod_pauli (MOD PAULI) (kJ/mol) = 3.3710 (FRZ - CLS ELEC - DISP)
     E_disp      (DISP)      (kJ/mol) = -4.6744
  --------------------
--------------------

Simplified EDA Summary (kJ/mol)
--------------------
 PREPARATION      0.0000
 FROZEN           -37.6467 (ELEC + PAULI + DISP)
[ELEC + PAULI = -32.9723, DISP = -4.6744]
 POLARIZATION    -4.3711
 CHARGE TRANSFER -1.3913     (counterpoise-corrected)
 TOTAL           -43.4090     (PRP + FRZ + POL + CT)
--------------------
 
 --------------------------------------------------------------
 
                    Orbital Energies (a.u.)
 --------------------------------------------------------------
 
 Alpha MOs
 -- Occupied --
-77.1221 -19.0346 -19.0161 -19.0099 -18.9332 -18.9330 -10.0911 -10.0899
 -6.5223  -4.5973  -4.5961  -4.5936  -0.8924  -0.8692  -0.8522  -0.7827
 -0.7485  -0.5332  -0.5175  -0.3739  -0.3481  -0.3202  -0.2869  -0.2804
 -0.2725  -0.2587  -0.2417  -0.2357  -0.1885  -0.1698  -0.1617  -0.1498
 -0.1219  -0.1120  -0.1042  -0.0899  -0.0722  -0.0564
 -- Virtual --
  0.0896   0.0944   0.1051   0.1191   0.1276   0.1303   0.1373   0.1435
  0.1519   0.1783   0.1844   0.1892   0.1957   0.1972   0.2030   0.2092
  0.2153   0.2250   0.2380   0.2400   0.2460   0.2501   0.2575   0.2590
  0.2669   0.2730   0.2775   0.2873   0.2906   0.3004   0.3065   0.3117
  0.3275   0.3290   0.3354   0.3384   0.3537   0.3643   0.3678   0.3733
  0.3777   0.3844   0.3918   0.4000   0.4067   0.4114   0.4209   0.4291
  0.4295   0.4328   0.4447   0.4492   0.4560   0.4622   0.4673   0.4766
  0.4822   0.4907   0.5021   0.5281   0.5324   0.5364   0.5477   0.5604
  0.5722   0.5757   0.5855   0.5898   0.5991   0.6055   0.6087   0.6332
  0.6423   0.6450   0.6577   0.6676   0.6717   0.6840   0.6981   0.7058
  0.7152   0.7274   0.7336   0.7507   0.7559   0.7660   0.7713   0.7766
  0.7847   0.7989   0.8104   0.8176   0.8278   0.8573   0.8775   0.8927
  0.9230   0.9385   0.9469   0.9629   0.9678   0.9849   0.9958   1.0129
  1.0346   1.0448   1.0596   1.0813   1.0923   1.0989   1.1080   1.1147
  1.1348   1.1839   1.1858   1.1918   1.2165   1.2316   1.2376   1.2718
  1.2857   1.2948   1.3138   1.3211   1.3501   1.3626   1.3786   1.3902
  1.3990   1.4162   1.4237   1.4365   1.4535   1.4943   1.4973   1.5191
  1.5355   1.5437   1.5719   1.5776   1.6017   1.6255   1.6657   1.6809
  1.6990   1.7014   1.7454   1.7504   1.7870   1.8075   1.8160   1.8256
  1.8364   1.8623   1.8672   1.9167   1.9510   1.9567   1.9722   1.9863
  2.0159   2.0248   2.0657   2.0819   2.0928   2.1005   2.1128   2.1340
  2.1490   2.1654   2.1956   2.2001   2.2360   2.2769   2.3102   2.3805
  2.3863   2.4030   2.5313   2.5605   2.5743   2.5784   2.5982   2.6177
  2.6365   2.6970   2.7715   2.7816   2.8463   2.8581   2.9218   2.9444
  2.9815   3.0150   3.0806   3.1413   3.1700   3.5215   3.5379   3.5401
  3.5541   3.5757   3.5962   3.6028   3.6169   3.6299   3.6440   3.6784
  3.6838   3.7052   3.7271   3.7382   3.7519   3.7699   3.8112   3.8220
  3.8668   3.8934   3.9058   3.9720   4.0201   4.1225
 --------------------------------------------------------------
 
          Ground-State Mulliken Net Atomic Charges

     Atom                 Charge (a.u.)
  ----------------------------------------
      1 O                    -0.390835
      2 H                     0.185171
      3 H                     0.185640
      4 H                    -0.199977
      5 H                    -0.248964
      6 H                    -0.188384
      7 H                    -0.377971
      8 C                     1.049697
      9 C                     1.145861
     10 H                    -0.389748
     11 H                    -0.222421
     12 O                    -1.090142
     13 O                    -1.058234
     14 O                    -0.992943
     15 O                    -1.013262
     16 P                     2.606511
  ----------------------------------------
  Sum of atomic charges =    -1.000000

 -----------------------------------------------------------------
                    Cartesian Multipole Moments
 -----------------------------------------------------------------
    Charge (ESU x 10^10)
                -4.8032
    Dipole Moment (Debye)
         X       2.6701      Y       2.1524      Z       1.2654
       Tot       3.6556
    Quadrupole Moments (Debye-Ang)
        XX     -77.9580     XY      -4.4110     YY     -62.5948
        XZ       2.6822     YZ       0.9314     ZZ     -67.7645
    Octopole Moments (Debye-Ang^2)
       XXX      79.4878    XXY      11.5361    XYY      -1.4252
       YYY      -0.0864    XXZ      -7.3361    XYZ      -0.9286
       YYZ      -2.3441    XZZ      -5.5412    YZZ       2.0829
       ZZZ       6.0527
    Hexadecapole Moments (Debye-Ang^3)
      XXXX   -1665.0196   XXXY     -67.9926   XXYY    -311.5940
      XYYY       4.8898   YYYY    -499.1332   XXXZ      51.1148
      XXYZ      -1.2753   XYYZ      -3.5061   YYYZ       3.1611
      XXZZ    -236.1893   XYZZ      10.0701   YYZZ    -122.6502
      XZZZ     -11.3010   YZZZ      -0.9885   ZZZZ    -263.3515
 -----------------------------------------------------------------
 Total job time:  2849.28s(wall), 1617.51s(cpu) 
 Mon Apr 15 17:11:31 2024

        *************************************************************
        *                                                           *
        *  Thank you very much for using Q-Chem.  Have a nice day.  *
        *                                                           *
        *************************************************************


