
Running Job 1 of 1 DMP_gg_12_0.95_jun.inp
qchem DMP_gg_12_0.95_jun.inp_2092021.0 /scratch/qchemscratch/qchem2092021/ 1
/opt/qchem/6.1/exe/qcprog.exe_s DMP_gg_12_0.95_jun.inp_2092021.0 /scratch/qchemscratch/qchem2092021/
                  Welcome to Q-Chem
     A Quantum Leap Into The Future Of Chemistry


 Q-Chem 6.1, Q-Chem, Inc., Pleasanton, CA (2023)

 License issued to: SRG Pengyu Ren, University of Texas at Austin

 E. Epifanovsky,  A. T. B. Gilbert,  Xintian Feng,  Joonho Lee,  Yuezhi Mao,  
 N. Mardirossian,  P. Pokhilko,  A. White,  M. Wormit,  M. P. Coons,  
 A. L. Dempwolff,  Zhengting Gan,  D. Hait,  P. R. Horn,  L. D. Jacobson,  
 I. Kaliman,  J. Kussmann,  A. W. Lange,  Ka Un Lao,  D. S. Levine,  Jie Liu,  
 S. C. McKenzie,  A. F. Morrison,  K. D. Nanda,  F. Plasser,  D. R. Rehn,  
 M. L. Vidal,  Zhi-Qiang You,  Ying Zhu,  B. Alam,  B. Albrecht,  
 A. Aldossary,  E. Alguire,  J. H. Andersen,  V. Athavale,  D. Barton,  
 K. Begam,  A. Behn,  N. Bellonzi,  Y. A. Bernard,  E. J. Berquist,  
 H. Burton,  A. Carreras,  K. Carter-Fenk,  Mathew Chow,  Romit Chakraborty,  
 Chandrima Chakravarty,  Junhan Chen,  A. D. Chien,  K. D. Closser,  
 V. Cofer-Shabica,  L. Cunha,  S. Dasgupta,  Jia Deng,  M. de Wergifosse,  
 M. Diedenhofen,  Hainam Do,  S. Ehlert,  Po-Tung Fang,  S. Fatehi,  
 Qingguo Feng,  T. Friedhoff,  Thomas Froitzheim,  B. Ganoe,  J. Gayvert,  
 Qinghui Ge,  G. Gidofalvi,  M. Gimferrer,  M. Goldey,  Montgomery Gray,  
 J. Gomes,  C. Gonzalez-Espinoza,  S. Gulania,  A. Gunina,  J. A. Gyamfi,  
 M. W. D. Hanson-Heine,  P. H. P. Harbach,  A. W. Hauser,  M. F. Herbst,  
 M. Hernandez Vera,  M. Hodecker,  Z. C. Holden,  S. Houck,  Xunkun Huang,  
 Kerwin Hui,  B. C. Huynh,  K. Ikeda,  M. Ivanov,  Hyunjun Ji,  Zuxin Jin,  
 Hanjie Jiang,  Subrata Jana,  B. Kaduk,  S. Kaehler,  R. Kang,  
 K. Khistyaev,  Jaehoon Kim,  Yongbin Kim,  P. Klunzinger,  Z. Koczor-Benda,  
 Joong Hoon Koh,  D. Kosenkov,  Saikiran Kotaru,  L. Koulias,  T. Kowalczyk,  
 C. M. Krauter,  K. Kue,  A. Kunitsa,  T. Kus,  A. Landau,  K. V. Lawler,  
 D. Lefrancois,  S. Lehtola,  Rain Li,  Shaozhi Li,  Yi-Pei Li,  
 Jiashu Liang,  M. Liebenthal,  Hung-Hsuan Lin,  You-Sheng Lin,  Fenglai Liu,  
 Kuan-Yu Liu,  Xiao Liu,  M. Loipersberger,  A. Luenser,  C. Malbon,  
 A. Manjanath,  P. Manohar,  E. Mansoor,  S. F. Manzer,  Shan-Ping Mao,  
 A. V. Marenich,  T. Markovich,  S. Mason,  F. Matz,  S. A. Maurer,  
 P. F. McLaughlin,  M. F. S. J. Menger,  J.-M. Mewes,  S. A. Mewes,  
 P. Morgante,  Mohammad Mostafanejad,  J. W. Mullinax,  K. J. Oosterbaan,  
 G. Paran,  V. Parravicini,  Alexander C. Paul,  Suranjan K. Paul,  
 F. Pavosevic,  Zheng Pei,  S. Prager,  E. I. Proynov,  E. Ramos,  B. Rana,  
 A. E. Rask,  A. Rettig,  R. M. Richard,  F. Rob,  E. Rossomme,  T. Scheele,  
 M. Scheurer,  M. Schneider,  P. E. Schneider,  Tim K. Schramm,  N. Sergueev,  
 S. M. Sharada,  M. Sharma,  Hengyuan Shen,  W. Skomorowski,  D. W. Small,  
 C. J. Stein,  Alistair J. Sterling,  Yingli Su,  Yu-Chuan Su,  
 E. J. Sundstrom,  J. Talbot,  Zhen Tao,  J. Thirman,  Hung-Yi Tsai,  
 T. Tsuchimochi,  N. M. Tubman,  C. Utku,  S. P. Veccham,  O. Vydrov,  
 J. Wenzel,  Jonathan Wong,  J. Witte,  A. Yamada,  Chou-Hsun Yang,  Kun Yao,  
 S. Yeganeh,  S. R. Yost,  A. Zech,  F. Zeller,  Igor Ying Zhang,  
 Xing Zhang,  Yu Zhang,  D. Zuev,  A. Aspuru-Guzik,  A. T. Bell,  
 N. A. Besley,  K. B. Bravaya,  B. R. Brooks,  D. Casanova,  Jeng-Da Chai,  
 Hsing-Ta Chen,  S. Coriani,  C. J. Cramer,  A. E. DePrince, III,  
 R. A. DiStasio Jr.,  A. Dreuw,  B. D. Dunietz,  T. R. Furlani,  
 W. A. Goddard III,  S. Grimme,  S. Hammes-Schiffer,  T. Head-Gordon,  
 W. J. Hehre,  Chao-Ping Hsu,  T.-C. Jagau,  Yousung Jung,  A. Klamt,  
 Jing Kong,  D. S. Lambrecht,  Xiangyuan Li,  WanZhen Liang,  N. J. Mayhall,  
 C. W. McCurdy,  J. B. Neaton,  T. Neudecker,  C. Ochsenfeld,  
 J. A. Parkhill,  R. Peverati,  V. A. Rassolov,  Haisheng Ren,  Yihan Shao,  
 L. V. Slipchenko,  R. P. Steele,  J. E. Subotnik,  A. J. W. Thom,  
 A. Tkatchenko,  D. G. Truhlar,  T. Van Voorhis,  Fan Wang,  
 T. A. Wesolowski,  K. B. Whaley,  H. L. Woodcock III,  P. M. Zimmerman,  
 S. Faraji,  P. M. W. Gill,  M. Head-Gordon,  J. M. Herbert,  A. I. Krylov

 Contributors to earlier versions of Q-Chem not listed above: 
 R. D. Adamson,  B. Austin,  R. Baer,  J. Baker,  G. J. O. Beran,  
 K. Brandhorst,  S. T. Brown,  E. F. C. Byrd,  Arup K. Chakraborty,  
 G. K. L. Chan,  Chun-Min Chang,  Yunqing Chen,  C.-L. Cheng,  
 Siu Hung Chien,  D. M. Chipman,  D. L. Crittenden,  H. Dachsel,  
 R. J. Doerksen,  A. D. Dutoi,  R. G. Edgar,  J. Fosso-Tande,  
 L. Fusti-Molnar,  D. Ghosh,  A. Ghysels,  A. Golubeva-Zadorozhnaya,  
 J. Gonthier,  M. S. Gordon,  S. R. Gwaltney,  G. Hawkins,  J. E. Herr,  
 A. Heyden,  S. Hirata,  E. G. Hohenstein,  G. Kedziora,  F. J. Keil,  
 C. Kelley,  Jihan Kim,  R. A. King,  R. Z. Khaliullin,  P. P. Korambath,  
 W. Kurlancheek,  A. Laurent,  A. M. Lee,  M. S. Lee,  S. V. Levchenko,  
 Ching Yeh Lin,  D. Liotard,  E. Livshits,  R. C. Lochan,  I. Lotan,  
 L. A. Martinez-Martinez,  P. E. Maslen,  N. Nair,  D. P. O'Neill,  
 D. Neuhauser,  E. Neuscamman,  C. M. Oana,  R. Olivares-Amaya,  R. Olson,  
 T. M. Perrine,  B. Peters,  P. A. Pieniazek,  A. Prociuk,  Y. M. Rhee,  
 J. Ritchie,  M. A. Rohrdanz,  E. Rosta,  N. J. Russ,  H. F. Schaefer III,  
 M. W. Schmidt,  N. E. Schultz,  S. Sharma,  N. Shenvi,  C. D. Sherrill,  
 A. C. Simmonett,  A. Sodt,  T. Stein,  D. Stuck,  K. S. Thanthiriwatte,  
 V. Vanovschi,  L. Vogt,  Tao Wang,  A. Warshel,  M. A. Watson,  
 C. F. Williams,  Q. Wu,  X. Xu,  Jun Yang,  W. Zhang,  Yan Zhao

   Please cite Q-Chem as follows:
  "Software for the frontiers of quantum chemistry:
   An overview of developments in the Q-Chem 5 package"
   J. Chem. Phys. 155, 084801 (2021)
   https://doi.org/10.1063/5.0055522 (open access)

 Q-Chem 6.1.1 for Intel X86 EM64T Linux

 Parts of Q-Chem use Armadillo 9.900.5 (Nocturnal Misbehaviour).
 http://arma.sourceforge.net/

 Q-Chem begins on Mon Apr 15 16:12:23 2024  

 Host: 
0

     Scratch files written to /scratch/qchemscratch/qchem2092021//
 Jan1824 |scratch|qcdevops|jenkins|workspace|build_RNUM UKVU   
 Processing $rem in /opt/qchem/6.1/config/preferences:
 Processing $rem in /home/mm227274/.qchemrc:

 Q-Chem warning in module libgen/rem_setup.C, line 3361:

 Neither GIA nor STOLL is specified by user. Use STOLL as the default


 Checking the input file for inconsistencies... 	...done.

--------------------------------------------------------------
User input:
--------------------------------------------------------------
$molecule
-1 1
--
0 1

O -2.8421881025641027 -0.6213008205128205 -0.4275104487179487
H -2.3373081025641027 -0.9005408205128206 0.3631895512820513
H -2.0899581025641027 -0.5369908205128205 -1.0483304487179486
--
-1 1

H          2.66325        0.98686       -0.48269
C          2.65349       -0.10579       -0.56157
H         -0.65153        2.23848       -1.03879
H         -1.77806        1.59760        0.17287
C         -0.80526        2.07919        0.03334
H          3.65248       -0.49359       -0.34144
H          2.36007       -0.38643       -1.57703
H         -0.79656        3.04109        0.55485
O         -0.19800       -0.39991       -1.28827
O         -0.60634       -1.08479        1.22500
O          1.76851       -0.67484        0.39820
O          0.25555        1.29858        0.58805
P          0.16633       -0.32353        0.18077
$end

$rem
JOBTYPE          eda
EDA2             2
METHOD           b97m-v
BASIS            jun-cc-pvdz
SCF_CONVERGENCE  8
THRESH           14
SYMMETRY         false
DISP_FREE_X      revPBE
DISP_FREE_C      PBE
EDA_BSSE         true
$end
--------------------------------------------------------------
 ----------------------------------------------------------------
             Standard Nuclear Orientation (Angstroms)
    I     Atom           X                Y                Z
 ----------------------------------------------------------------
    1      O      -2.8411571046     0.7095458254     0.4555037357
    2      H      -2.3337560799     0.9816678907    -0.3360637369
    3      H      -2.0874718038     0.5971680927     1.0700810977
    4      H       2.6150234096    -1.0593998589     0.4557692094
    5      C       2.6378395329     0.0322391269     0.5452403422
    6      H      -0.7311203213    -2.2189543909     1.0235030399
    7      H      -1.8466825568    -1.5335114368    -0.1738297570
    8      C      -0.8874815233    -2.0446948047    -0.0459144301
    9      H       3.6462311479     0.3928048444     0.3217100509
   10      H       2.3597597965     0.3113346768     1.5654317222
   11      H      -0.9105672370    -3.0012596485    -0.5767163985
   12      O      -0.1987403485     0.4024608830     1.2951370767
   13      O      -0.6040961881     1.1236868851    -1.2084299706
   14      O       1.7633437865     0.6363435520    -0.4026420286
   15      O       0.1919166801    -1.2900218603    -0.6006587654
   16      P       0.1530867322     0.3299174410    -0.1771414055
 ----------------------------------------------------------------
 Molecular Point Group                 C1    NOp =  1
 Largest Abelian Subgroup              C1    NOp =  1
 Nuclear Repulsion Energy =         547.52378631 hartrees
 There are       38 alpha and       38 beta electrons
 Requested basis set is jun-cc-pVDZ
 There are 90 shells and 188 basis functions

 Total QAlloc Memory Limit  16000 MB
 Mega-Array Size       188 MB
 MEM_STATIC part       192 MB

 A cutoff of  1.0D-14 yielded   4014 shell pairs
 There are     17486 function pairs (     19009 Cartesian)
 Smallest overlap matrix eigenvalue = 4.00E-04

 Scale SEOQF with 1.000000e-01/1.000000e-01/1.000000e-01

 Standard Electronic Orientation quadrupole field applied
 Nucleus-field energy     =     0.0000000078 hartrees

 -----------------------------------------------------------------------
  General SCF calculation program by
  Eric Jon Sundstrom, Paul Horn, Yuezhi Mao, Dmitri Zuev, Alec White,
  David Stuck, Shaama M.S., Shane Yost, Joonho Lee, David Small,
  Daniel Levine, Susi Lehtola, Hugh Burton, Evgeny Epifanovsky,
  Bang C. Huynh
 -----------------------------------------------------------------------
================================================================
                 ALMO-EDA with the EDA2 driver                  
================================================================
 The second-generation ALMO-EDA (for DFT):                      
 P. R. Horn, Y. Mao and M. Head-Gordon, PCCP, 18, 23067 (2016)  
 Y. Mao et al. Annu. Rev. Phys. Chem. 72, 641 (2021)            
 Decomposition of the frozen energy:                            
 P. R. Horn, Y. Mao and M. Head-Gordon, JCP, 144, 114107 (2016) 
================================================================
 Using eda2 option set 2
 Option set summary: Frozen orbital wavefunction, initial wavefunction decomposition, and traditional AO-based POL.
--------------------------------
Printing EDA Options
--------------------------------
eda_child_super_basis      0
fragmo_guess_mode          0
child_mp                   0
child_mp_orders            0
cls_elec                   1
cls_disp                   0
scfmi_mode                 1
scfmi_occs                 0
scfmi_virts                0
frz_relax                  0
frz_relax_method           0
dc_pen_start               0
dc_pen_conv                0
dc_pen_increment           0
dc_pen_steps               0
dc_pen_thresh_factor       0
dc_pen_pre_newton_thresh   0
frz_ortho_decomp           1
frz_ortho_decomp_conv      6
plot_mo_ortho_frz          0
frgm_method                2
scfmi_freeze_ss            0
separate_rehyb             0
plot_diff_den              0
eda_nocv                   0
eda_vct_relax              1
disp_free_x                33
disp_free_c                25
eda_bsse                   1
eda_pct_a                  0
eda_covp                   0
eda_vct_a                  0
--------------------------------
 Attempting to make child job directory: /scratch/qchemscratch/qchem2092021//Frg1/
 Attempting to make child job directory: /scratch/qchemscratch/qchem2092021//Frg2/
 Creating input file /scratch/qchemscratch/qchem2092021/Frg1.input
 using default PutDataFrgm: nothing
 calling putenv with: QCSCRATCH=/scratch/qchemscratch/qchem2092021/ 
 Spawning Job For Fragment 0
 Done Job For Fragment 0
 calling putenv with: QCSCRATCH=/scratch/qchemscratch 
 calling putenv with: QCTHREADS=1 
 Creating input file /scratch/qchemscratch/qchem2092021/Frg2.input
 using default PutDataFrgm: nothing
 calling putenv with: QCSCRATCH=/scratch/qchemscratch/qchem2092021/ 
 Spawning Job For Fragment 1
 Done Job For Fragment 1
 calling putenv with: QCSCRATCH=/scratch/qchemscratch 
 calling putenv with: QCTHREADS=1 
Doing General SCFMI
 Exchange:  B97M-V      Correlation:  B97M-V
 Using SG-2 standard quadrature grid
 Nonlocal Correlation:  VV10 with C = 0.0100 and b = 6.00 and scale = 1.00000
 Grid used for NLC:  SG-1 standard quadrature
performing fock build before subrot guess so that all methods have access
Printing subrot_rss_gen Method Specification:
Occupied Subspace Method is 0
Virtual Subspace Method is 0
Energy of the unrelaxed supersystem initial determinant -798.459478552564
write pseudocanon occs and virts to disk
write pseudocanon orbital energies to disk
Tolerance of ortho_decomp_scf: 1.00e-06
GDM subspace size: 20
Beginning the Orthogonal Decomposition of the Initial Supersystem Wavefunction
    1    -798.3405731673      1.25e-01     ortho_decomp Preconditoned Steepest Descent
    2    -798.3534861547      3.52e-04     ortho_decomp BFGS Step
    3    -798.3534866922      3.80e-06     ortho_decomp BFGS Step
    4    -798.3534866923      2.26e-08     ortho_decomp 00000 Convergence criterion met
 Exchange:  revPBE      Correlation:  PBE
 Using SG-2 standard quadrature grid
 Exchange:  revPBE      Correlation:  PBE
 Using SG-2 standard quadrature grid
 Exchange:  revPBE      Correlation:  PBE
 Using SG-2 standard quadrature grid
Doing General SCFMI
 Exchange:  B97M-V      Correlation:  B97M-V
 Using SG-2 standard quadrature grid
 Nonlocal Correlation:  VV10 with C = 0.0100 and b = 6.00 and scale = 1.00000
 Grid used for NLC:  SG-1 standard quadrature
performing fock build at end of subrot_r(subrot) constructor so that all methods have access
<S^2> of initial wavefunction before polarization iterations 0.0000000000
Beginning iterations for the determination of the polarized wavefunction
Energy prior to optimization (guess energy) = -798.459478552564
Begin Timing: Total SCF Calculation
begin iterations for algorithm: DIIS         
the SCF tolerance is set to 1.00e-08
    1    -798.4594785526      4.61e-04     00000 
    2    -798.4651852879      1.46e-04     00000 
    3    -798.4652785768      1.27e-04     00000 
    4    -798.4654243392      5.04e-05     00000 
    5    -798.4654476241      1.67e-05     00000 
    6    -798.4654504093      4.49e-06     00000 
    7    -798.4654505686      2.23e-06     00000 
    8    -798.4654506124      9.84e-07     00000 
    9    -798.4654506199      4.59e-07     00000 
   10    -798.4654506216      2.23e-07     00000 
   11    -798.4654506221      6.66e-08     00000 
   12    -798.4654506221      2.52e-08     00000 
   13    -798.4654506221      4.70e-09     00000 Convergence criterion met
write pseudocanon occs and virts to disk
write pseudocanon orbital energies to disk
Timing for Total SCF: 392.00s (wall), 390.44s (cpu)
<S^2> of polarized wavefunction after polarization iterations 0.0000000000
relaxing scfmi constraint to allow all rotations in the entire AO span
Doing General SCFMI
 Exchange:  B97M-V      Correlation:  B97M-V
 Using SG-2 standard quadrature grid
 Nonlocal Correlation:  VV10 with C = 0.0100 and b = 6.00 and scale = 1.00000
 Grid used for NLC:  SG-1 standard quadrature
performing fock build at end of subrot_r(subrot) constructor so that all methods have access
<S^2> of polarized wavefunction before ct-allowed iterations 0.0000000000
Beginning iterations for the determination of the CT-Allowed wavefunction
Energy prior to optimization (guess energy) = -798.465450622150
Begin Timing: Total SCF Calculation
begin iterations for algorithm: DIIS         
the SCF tolerance is set to 1.00e-08
    1    -798.4654506222      5.73e-04     00000 
    2    -798.4764197203      1.02e-04     00000 
    3    -798.4762857513      1.50e-04     00000 
    4    -798.4765959319      3.04e-05     00000 
    5    -798.4766091103      1.01e-05     00000 
    6    -798.4766104543      3.07e-06     00000 
    7    -798.4766105738      6.94e-07     00000 
    8    -798.4766105810      1.76e-07     00000 
    9    -798.4766105814      7.46e-08     00000 
   10    -798.4766105815      1.79e-08     00000 
   11    -798.4766105815      5.50e-09     00000 Convergence criterion met
write pseudocanon occs and virts to disk
write pseudocanon orbital energies to disk
Timing for Total SCF: 325.00s (wall), 323.41s (cpu)
<S^2> of ct_allowed wavefunction after ct-allowed iterations 0.0000000000
 Attempting to make child job directory: /scratch/qchemscratch/qchem2092021//FrgBSSE1/
 Attempting to make child job directory: /scratch/qchemscratch/qchem2092021//FrgBSSE2/
 Creating input file /scratch/qchemscratch/qchem2092021/FrgBSSE1.input
 calling putenv with: QCSCRATCH=/scratch/qchemscratch/qchem2092021/ 
 Spawning Job For Fragment 0
 Done Job For Fragment 0
 calling putenv with: QCSCRATCH=/scratch/qchemscratch 
 calling putenv with: QCTHREADS=1 
 Creating input file /scratch/qchemscratch/qchem2092021/FrgBSSE2.input
 calling putenv with: QCSCRATCH=/scratch/qchemscratch/qchem2092021/ 
 Spawning Job For Fragment 1
 Done Job For Fragment 1
 calling putenv with: QCSCRATCH=/scratch/qchemscratch 
 calling putenv with: QCTHREADS=1 
====================================================================
   Evaluating the BSSE with fragment SCF in the supersystem basis
   Fragment contributions (kJ/mol) 
   Frgm 1: 3.1943
   Frgm 2: 1.1232
   BSSE (kJ/mol) = 4.3176
====================================================================

================================
        Results of EDA2         
================================
Basic EDA Quantities
--------------------
Fragment Energies (Ha):
1  -76.4087718312
2 -722.0403241137
--------------------
  E_prp (kJ/mol) = -0.0000
  E_frz (kJ/mol) = -27.2599
  E_pol (kJ/mol) = -15.6799
  E_vct (kJ/mol) = -24.9833 (CP-corrected)
  E_int (kJ/mol) = -67.9230 (CP-corrected)
--------------------


Decomposition of frozen interaction energy
--------------------
  --------------------
  Orthogonal Frozen Decomposition:
  --------------------
     E_elec   (ELEC)   (kJ/mol) = -208.3065
     E_pauli  (PAULI)  (kJ/mol) = 205.6612
     E_disp   (DISP)   (kJ/mol) = -24.6146
  --------------------
  Classical Frozen Decomposition:
  --------------------
     E_cls_elec  (CLS ELEC)  (kJ/mol) = -123.8819
     E_mod_pauli (MOD PAULI) (kJ/mol) = 121.2367 (FRZ - CLS ELEC - DISP)
     E_disp      (DISP)      (kJ/mol) = -24.6146
  --------------------
--------------------

Simplified EDA Summary (kJ/mol)
--------------------
 PREPARATION      -0.0000
 FROZEN           -27.2599 (ELEC + PAULI + DISP)
[ELEC + PAULI = -2.6453, DISP = -24.6146]
 POLARIZATION    -15.6799
 CHARGE TRANSFER -24.9833     (counterpoise-corrected)
 TOTAL           -67.9230     (PRP + FRZ + POL + CT)
--------------------
 
 --------------------------------------------------------------
 
                    Orbital Energies (a.u.)
 --------------------------------------------------------------
 
 Alpha MOs
 -- Occupied --
-77.1322 -19.0218 -19.0137 -18.9733 -18.9464 -18.9442 -10.0988 -10.0895
 -6.5353  -4.6099  -4.6089  -4.6067  -0.9030  -0.8598  -0.8195  -0.7962
 -0.7674  -0.5395  -0.5205  -0.3820  -0.3274  -0.2998  -0.2933  -0.2857
 -0.2735  -0.2635  -0.2497  -0.2058  -0.1958  -0.1779  -0.1646  -0.1278
 -0.1233  -0.1113  -0.1084  -0.0904  -0.0883  -0.0713
 -- Virtual --
  0.1014   0.1112   0.1376   0.1424   0.1472   0.1590   0.1613   0.1837
  0.1889   0.1944   0.2204   0.2297   0.2410   0.2515   0.2571   0.2656
  0.2703   0.2846   0.2877   0.3023   0.3043   0.3081   0.3168   0.3189
  0.3258   0.3326   0.3441   0.3595   0.3622   0.3714   0.3742   0.3839
  0.3860   0.3920   0.4000   0.4075   0.4152   0.4210   0.4365   0.4607
  0.4645   0.4861   0.4967   0.5276   0.5431   0.5671   0.6709   0.7021
  0.7161   0.7274   0.7392   0.7563   0.7817   0.7894   0.8186   0.8288
  0.8346   0.8538   0.8672   0.8769   0.8816   0.9169   0.9556   0.9726
  1.0175   1.0248   1.1018   1.1093   1.1272   1.1522   1.1583   1.1763
  1.2196   1.3122   1.3294   1.3574   1.3750   1.3967   1.4157   1.4338
  1.4368   1.4452   1.4761   1.5000   1.5076   1.5209   1.5496   1.5620
  1.5818   1.5824   1.6118   1.6223   1.6489   1.6899   1.7147   1.7575
  1.7729   1.7937   1.8235   1.8437   1.8469   1.8638   1.8771   1.9038
  1.9112   2.0383   2.0593   2.0856   2.1085   2.2003   2.2457   2.2698
  2.2897   2.3066   2.3377   2.3861   2.4686   2.4992   2.5846   2.6512
  2.6602   2.6923   2.6982   2.7426   2.7664   2.8366   2.8497   2.8516
  2.9020   2.9228   2.9297   2.9598   3.0198   3.0783   3.1255   3.1592
  3.1674   3.1699   3.1803   3.2319   3.2539   3.3008   3.3937   3.4252
  3.4505   3.4878   3.6371   3.6890   3.8289   4.1069
 --------------------------------------------------------------
 
          Ground-State Mulliken Net Atomic Charges

     Atom                 Charge (a.u.)
  ----------------------------------------
      1 O                    -0.588479
      2 H                     0.275141
      3 H                     0.286550
      4 H                     0.083806
      5 C                    -0.117565
      6 H                     0.088458
      7 H                     0.101276
      8 C                    -0.078045
      9 H                     0.046649
     10 H                     0.104122
     11 H                     0.036307
     12 O                    -0.783030
     13 O                    -0.728267
     14 O                    -0.474942
     15 O                    -0.506884
     16 P                     1.254902
  ----------------------------------------
  Sum of atomic charges =    -1.000000

 -----------------------------------------------------------------
                    Cartesian Multipole Moments
 -----------------------------------------------------------------
    Charge (ESU x 10^10)
                -4.8032
    Dipole Moment (Debye)
         X       3.9118      Y      -3.6166      Z       0.9103
       Tot       5.4046
    Quadrupole Moments (Debye-Ang)
        XX     -74.2597     XY       4.4603     YY     -64.0663
        XZ       4.1222     YZ       0.6206     ZZ     -67.8458
    Octopole Moments (Debye-Ang^2)
       XXX      53.8421    XXY     -12.6628    XYY       0.0315
       YYY      -2.1336    XXZ      -5.8150    XYZ       1.9701
       YYZ       3.8490    XZZ      -0.3769    YZZ      -4.7289
       ZZZ      -0.5607
    Hexadecapole Moments (Debye-Ang^3)
      XXXX   -1097.2551   XXXY      32.1332   XXYY    -241.3457
      XYYY       4.8793   YYYY    -446.3039   XXXZ      37.7902
      XXYZ      -7.8973   XYYZ       2.8307   YYYZ       5.0684
      XXZZ    -193.9420   XYZZ       1.4072   YYZZ    -123.0124
      XZZZ      -9.9715   YZZZ       4.0426   ZZZZ    -260.9833
 -----------------------------------------------------------------
 Total job time:  2116.94s(wall), 1098.91s(cpu) 
 Mon Apr 15 16:47:40 2024

        *************************************************************
        *                                                           *
        *  Thank you very much for using Q-Chem.  Have a nice day.  *
        *                                                           *
        *************************************************************


