
Running Job 1 of 1 DMP_tt_1_0.95_jun.inp
qchem DMP_tt_1_0.95_jun.inp_2095009.0 /scratch/qchemscratch/qchem2095009/ 1
/opt/qchem/6.1/exe/qcprog.exe_s DMP_tt_1_0.95_jun.inp_2095009.0 /scratch/qchemscratch/qchem2095009/
                  Welcome to Q-Chem
     A Quantum Leap Into The Future Of Chemistry


 Q-Chem 6.1, Q-Chem, Inc., Pleasanton, CA (2023)

 License issued to: SRG Pengyu Ren, University of Texas at Austin

 E. Epifanovsky,  A. T. B. Gilbert,  Xintian Feng,  Joonho Lee,  Yuezhi Mao,  
 N. Mardirossian,  P. Pokhilko,  A. White,  M. Wormit,  M. P. Coons,  
 A. L. Dempwolff,  Zhengting Gan,  D. Hait,  P. R. Horn,  L. D. Jacobson,  
 I. Kaliman,  J. Kussmann,  A. W. Lange,  Ka Un Lao,  D. S. Levine,  Jie Liu,  
 S. C. McKenzie,  A. F. Morrison,  K. D. Nanda,  F. Plasser,  D. R. Rehn,  
 M. L. Vidal,  Zhi-Qiang You,  Ying Zhu,  B. Alam,  B. Albrecht,  
 A. Aldossary,  E. Alguire,  J. H. Andersen,  V. Athavale,  D. Barton,  
 K. Begam,  A. Behn,  N. Bellonzi,  Y. A. Bernard,  E. J. Berquist,  
 H. Burton,  A. Carreras,  K. Carter-Fenk,  Mathew Chow,  Romit Chakraborty,  
 Chandrima Chakravarty,  Junhan Chen,  A. D. Chien,  K. D. Closser,  
 V. Cofer-Shabica,  L. Cunha,  S. Dasgupta,  Jia Deng,  M. de Wergifosse,  
 M. Diedenhofen,  Hainam Do,  S. Ehlert,  Po-Tung Fang,  S. Fatehi,  
 Qingguo Feng,  T. Friedhoff,  Thomas Froitzheim,  B. Ganoe,  J. Gayvert,  
 Qinghui Ge,  G. Gidofalvi,  M. Gimferrer,  M. Goldey,  Montgomery Gray,  
 J. Gomes,  C. Gonzalez-Espinoza,  S. Gulania,  A. Gunina,  J. A. Gyamfi,  
 M. W. D. Hanson-Heine,  P. H. P. Harbach,  A. W. Hauser,  M. F. Herbst,  
 M. Hernandez Vera,  M. Hodecker,  Z. C. Holden,  S. Houck,  Xunkun Huang,  
 Kerwin Hui,  B. C. Huynh,  K. Ikeda,  M. Ivanov,  Hyunjun Ji,  Zuxin Jin,  
 Hanjie Jiang,  Subrata Jana,  B. Kaduk,  S. Kaehler,  R. Kang,  
 K. Khistyaev,  Jaehoon Kim,  Yongbin Kim,  P. Klunzinger,  Z. Koczor-Benda,  
 Joong Hoon Koh,  D. Kosenkov,  Saikiran Kotaru,  L. Koulias,  T. Kowalczyk,  
 C. M. Krauter,  K. Kue,  A. Kunitsa,  T. Kus,  A. Landau,  K. V. Lawler,  
 D. Lefrancois,  S. Lehtola,  Rain Li,  Shaozhi Li,  Yi-Pei Li,  
 Jiashu Liang,  M. Liebenthal,  Hung-Hsuan Lin,  You-Sheng Lin,  Fenglai Liu,  
 Kuan-Yu Liu,  Xiao Liu,  M. Loipersberger,  A. Luenser,  C. Malbon,  
 A. Manjanath,  P. Manohar,  E. Mansoor,  S. F. Manzer,  Shan-Ping Mao,  
 A. V. Marenich,  T. Markovich,  S. Mason,  F. Matz,  S. A. Maurer,  
 P. F. McLaughlin,  M. F. S. J. Menger,  J.-M. Mewes,  S. A. Mewes,  
 P. Morgante,  Mohammad Mostafanejad,  J. W. Mullinax,  K. J. Oosterbaan,  
 G. Paran,  V. Parravicini,  Alexander C. Paul,  Suranjan K. Paul,  
 F. Pavosevic,  Zheng Pei,  S. Prager,  E. I. Proynov,  E. Ramos,  B. Rana,  
 A. E. Rask,  A. Rettig,  R. M. Richard,  F. Rob,  E. Rossomme,  T. Scheele,  
 M. Scheurer,  M. Schneider,  P. E. Schneider,  Tim K. Schramm,  N. Sergueev,  
 S. M. Sharada,  M. Sharma,  Hengyuan Shen,  W. Skomorowski,  D. W. Small,  
 C. J. Stein,  Alistair J. Sterling,  Yingli Su,  Yu-Chuan Su,  
 E. J. Sundstrom,  J. Talbot,  Zhen Tao,  J. Thirman,  Hung-Yi Tsai,  
 T. Tsuchimochi,  N. M. Tubman,  C. Utku,  S. P. Veccham,  O. Vydrov,  
 J. Wenzel,  Jonathan Wong,  J. Witte,  A. Yamada,  Chou-Hsun Yang,  Kun Yao,  
 S. Yeganeh,  S. R. Yost,  A. Zech,  F. Zeller,  Igor Ying Zhang,  
 Xing Zhang,  Yu Zhang,  D. Zuev,  A. Aspuru-Guzik,  A. T. Bell,  
 N. A. Besley,  K. B. Bravaya,  B. R. Brooks,  D. Casanova,  Jeng-Da Chai,  
 Hsing-Ta Chen,  S. Coriani,  C. J. Cramer,  A. E. DePrince, III,  
 R. A. DiStasio Jr.,  A. Dreuw,  B. D. Dunietz,  T. R. Furlani,  
 W. A. Goddard III,  S. Grimme,  S. Hammes-Schiffer,  T. Head-Gordon,  
 W. J. Hehre,  Chao-Ping Hsu,  T.-C. Jagau,  Yousung Jung,  A. Klamt,  
 Jing Kong,  D. S. Lambrecht,  Xiangyuan Li,  WanZhen Liang,  N. J. Mayhall,  
 C. W. McCurdy,  J. B. Neaton,  T. Neudecker,  C. Ochsenfeld,  
 J. A. Parkhill,  R. Peverati,  V. A. Rassolov,  Haisheng Ren,  Yihan Shao,  
 L. V. Slipchenko,  R. P. Steele,  J. E. Subotnik,  A. J. W. Thom,  
 A. Tkatchenko,  D. G. Truhlar,  T. Van Voorhis,  Fan Wang,  
 T. A. Wesolowski,  K. B. Whaley,  H. L. Woodcock III,  P. M. Zimmerman,  
 S. Faraji,  P. M. W. Gill,  M. Head-Gordon,  J. M. Herbert,  A. I. Krylov

 Contributors to earlier versions of Q-Chem not listed above: 
 R. D. Adamson,  B. Austin,  R. Baer,  J. Baker,  G. J. O. Beran,  
 K. Brandhorst,  S. T. Brown,  E. F. C. Byrd,  Arup K. Chakraborty,  
 G. K. L. Chan,  Chun-Min Chang,  Yunqing Chen,  C.-L. Cheng,  
 Siu Hung Chien,  D. M. Chipman,  D. L. Crittenden,  H. Dachsel,  
 R. J. Doerksen,  A. D. Dutoi,  R. G. Edgar,  J. Fosso-Tande,  
 L. Fusti-Molnar,  D. Ghosh,  A. Ghysels,  A. Golubeva-Zadorozhnaya,  
 J. Gonthier,  M. S. Gordon,  S. R. Gwaltney,  G. Hawkins,  J. E. Herr,  
 A. Heyden,  S. Hirata,  E. G. Hohenstein,  G. Kedziora,  F. J. Keil,  
 C. Kelley,  Jihan Kim,  R. A. King,  R. Z. Khaliullin,  P. P. Korambath,  
 W. Kurlancheek,  A. Laurent,  A. M. Lee,  M. S. Lee,  S. V. Levchenko,  
 Ching Yeh Lin,  D. Liotard,  E. Livshits,  R. C. Lochan,  I. Lotan,  
 L. A. Martinez-Martinez,  P. E. Maslen,  N. Nair,  D. P. O'Neill,  
 D. Neuhauser,  E. Neuscamman,  C. M. Oana,  R. Olivares-Amaya,  R. Olson,  
 T. M. Perrine,  B. Peters,  P. A. Pieniazek,  A. Prociuk,  Y. M. Rhee,  
 J. Ritchie,  M. A. Rohrdanz,  E. Rosta,  N. J. Russ,  H. F. Schaefer III,  
 M. W. Schmidt,  N. E. Schultz,  S. Sharma,  N. Shenvi,  C. D. Sherrill,  
 A. C. Simmonett,  A. Sodt,  T. Stein,  D. Stuck,  K. S. Thanthiriwatte,  
 V. Vanovschi,  L. Vogt,  Tao Wang,  A. Warshel,  M. A. Watson,  
 C. F. Williams,  Q. Wu,  X. Xu,  Jun Yang,  W. Zhang,  Yan Zhao

   Please cite Q-Chem as follows:
  "Software for the frontiers of quantum chemistry:
   An overview of developments in the Q-Chem 5 package"
   J. Chem. Phys. 155, 084801 (2021)
   https://doi.org/10.1063/5.0055522 (open access)

 Q-Chem 6.1.1 for Intel X86 EM64T Linux

 Parts of Q-Chem use Armadillo 9.900.5 (Nocturnal Misbehaviour).
 http://arma.sourceforge.net/

 Q-Chem begins on Mon Apr 15 16:25:58 2024  

 Host: 
0

     Scratch files written to /scratch/qchemscratch/qchem2095009//
 Jan1824 |scratch|qcdevops|jenkins|workspace|build_RNUM UKVU   
 Processing $rem in /opt/qchem/6.1/config/preferences:
 Processing $rem in /home/mm227274/.qchemrc:

 Q-Chem warning in module libgen/rem_setup.C, line 3361:

 Neither GIA nor STOLL is specified by user. Use STOLL as the default


 Checking the input file for inconsistencies... 	...done.

--------------------------------------------------------------
User input:
--------------------------------------------------------------
$molecule
-1 1
--
0 1

O 2.7507995384615387 -0.9749392820512821 -0.330032641025641
H 2.3159495384615387 -0.7788792820512821 0.523887358974359
H 1.9442495384615384 -1.153949282051282 -0.856932641025641
--
-1 1

H          1.39787        2.23823        0.78561
H          1.82227        1.35025       -0.69216
H         -2.44596       -1.04512       -1.20918
H         -3.69999       -0.51252       -0.04560
C         -2.71019       -0.29580       -0.45830
C          1.07601        2.00780       -0.23518
H          1.00241        2.93277       -0.81515
H         -2.72594        0.69264       -0.93120
O          0.63607       -0.34475        1.46511
O          0.07347       -1.04343       -1.01376
O         -1.79214       -0.32276        0.63087
O         -0.22257        1.41233       -0.23011
P         -0.19440       -0.20125        0.21592
$end

$rem
JOBTYPE          eda
EDA2             2
METHOD           b97m-v
BASIS            jun-cc-pvdz
SCF_CONVERGENCE  8
THRESH           14
SYMMETRY         false
DISP_FREE_X      revPBE
DISP_FREE_C      PBE
EDA_BSSE         true
$end
--------------------------------------------------------------
 ----------------------------------------------------------------
             Standard Nuclear Orientation (Angstroms)
    I     Atom           X                Y                Z
 ----------------------------------------------------------------
    1      O      -2.7339449249    -1.0800170741     0.3463112246
    2      H      -2.3090988724    -0.8743313135    -0.5103757731
    3      H      -1.9198525786    -1.2271803883     0.8714661573
    4      H      -1.4984895551     2.1714042102    -0.7944969690
    5      H      -1.8864997520     1.2786402614     0.6903763024
    6      H       2.4649692511    -0.9619599638     1.2074087931
    7      H       3.6956271752    -0.3931815520     0.0360230285
    8      C       2.7002021384    -0.2086930025     0.4508553558
    9      C      -1.1653337960     1.9590247412     0.2265839631
   10      H      -1.1223538336     2.8897394017     0.8004085054
   11      H       2.6827812239     0.7827272376     0.9174156684
   12      O      -0.6486560476    -0.3875674305    -1.4602989832
   13      O      -0.0536006357    -1.0500163029     1.0209385160
   14      O       1.7800454174    -0.2749195290    -0.6348515978
   15      O       0.1533459303     1.4095075701     0.2206762975
   16      P       0.1804125980    -0.2069164130    -0.2150043523
 ----------------------------------------------------------------
 Molecular Point Group                 C1    NOp =  1
 Largest Abelian Subgroup              C1    NOp =  1
 Nuclear Repulsion Energy =         546.60805903 hartrees
 There are       38 alpha and       38 beta electrons
 Requested basis set is jun-cc-pVDZ
 There are 90 shells and 188 basis functions

 Total QAlloc Memory Limit  16000 MB
 Mega-Array Size       188 MB
 MEM_STATIC part       192 MB

 A cutoff of  1.0D-14 yielded   4009 shell pairs
 There are     17439 function pairs (     18959 Cartesian)
 Smallest overlap matrix eigenvalue = 4.03E-04

 Scale SEOQF with 1.000000e-01/1.000000e-01/1.000000e-01

 Standard Electronic Orientation quadrupole field applied
 Nucleus-field energy     =     0.0000000082 hartrees

 -----------------------------------------------------------------------
  General SCF calculation program by
  Eric Jon Sundstrom, Paul Horn, Yuezhi Mao, Dmitri Zuev, Alec White,
  David Stuck, Shaama M.S., Shane Yost, Joonho Lee, David Small,
  Daniel Levine, Susi Lehtola, Hugh Burton, Evgeny Epifanovsky,
  Bang C. Huynh
 -----------------------------------------------------------------------
================================================================
                 ALMO-EDA with the EDA2 driver                  
================================================================
 The second-generation ALMO-EDA (for DFT):                      
 P. R. Horn, Y. Mao and M. Head-Gordon, PCCP, 18, 23067 (2016)  
 Y. Mao et al. Annu. Rev. Phys. Chem. 72, 641 (2021)            
 Decomposition of the frozen energy:                            
 P. R. Horn, Y. Mao and M. Head-Gordon, JCP, 144, 114107 (2016) 
================================================================
 Using eda2 option set 2
 Option set summary: Frozen orbital wavefunction, initial wavefunction decomposition, and traditional AO-based POL.
--------------------------------
Printing EDA Options
--------------------------------
eda_child_super_basis      0
fragmo_guess_mode          0
child_mp                   0
child_mp_orders            0
cls_elec                   1
cls_disp                   0
scfmi_mode                 1
scfmi_occs                 0
scfmi_virts                0
frz_relax                  0
frz_relax_method           0
dc_pen_start               0
dc_pen_conv                0
dc_pen_increment           0
dc_pen_steps               0
dc_pen_thresh_factor       0
dc_pen_pre_newton_thresh   0
frz_ortho_decomp           1
frz_ortho_decomp_conv      6
plot_mo_ortho_frz          0
frgm_method                2
scfmi_freeze_ss            0
separate_rehyb             0
plot_diff_den              0
eda_nocv                   0
eda_vct_relax              1
disp_free_x                33
disp_free_c                25
eda_bsse                   1
eda_pct_a                  0
eda_covp                   0
eda_vct_a                  0
--------------------------------
 Attempting to make child job directory: /scratch/qchemscratch/qchem2095009//Frg1/
 Attempting to make child job directory: /scratch/qchemscratch/qchem2095009//Frg2/
 Creating input file /scratch/qchemscratch/qchem2095009/Frg1.input
 using default PutDataFrgm: nothing
 calling putenv with: QCSCRATCH=/scratch/qchemscratch/qchem2095009/ 
 Spawning Job For Fragment 0
 Done Job For Fragment 0
 calling putenv with: QCSCRATCH=/scratch/qchemscratch 
 calling putenv with: QCTHREADS=1 
 Creating input file /scratch/qchemscratch/qchem2095009/Frg2.input
 using default PutDataFrgm: nothing
 calling putenv with: QCSCRATCH=/scratch/qchemscratch/qchem2095009/ 
 Spawning Job For Fragment 1
 Done Job For Fragment 1
 calling putenv with: QCSCRATCH=/scratch/qchemscratch 
 calling putenv with: QCTHREADS=1 
Doing General SCFMI
 Exchange:  B97M-V      Correlation:  B97M-V
 Using SG-2 standard quadrature grid
 Nonlocal Correlation:  VV10 with C = 0.0100 and b = 6.00 and scale = 1.00000
 Grid used for NLC:  SG-1 standard quadrature
performing fock build before subrot guess so that all methods have access
Printing subrot_rss_gen Method Specification:
Occupied Subspace Method is 0
Virtual Subspace Method is 0
Energy of the unrelaxed supersystem initial determinant -798.458557836376
write pseudocanon occs and virts to disk
write pseudocanon orbital energies to disk
Tolerance of ortho_decomp_scf: 1.00e-06
GDM subspace size: 20
Beginning the Orthogonal Decomposition of the Initial Supersystem Wavefunction
    1    -798.3393396911      1.25e-01     ortho_decomp Preconditoned Steepest Descent
    2    -798.3522962351      3.55e-04     ortho_decomp BFGS Step
    3    -798.3522967756      4.01e-06     ortho_decomp BFGS Step
    4    -798.3522967757      2.91e-08     ortho_decomp 00000 Convergence criterion met
 Exchange:  revPBE      Correlation:  PBE
 Using SG-2 standard quadrature grid
 Exchange:  revPBE      Correlation:  PBE
 Using SG-2 standard quadrature grid
 Exchange:  revPBE      Correlation:  PBE
 Using SG-2 standard quadrature grid
Doing General SCFMI
 Exchange:  B97M-V      Correlation:  B97M-V
 Using SG-2 standard quadrature grid
 Nonlocal Correlation:  VV10 with C = 0.0100 and b = 6.00 and scale = 1.00000
 Grid used for NLC:  SG-1 standard quadrature
performing fock build at end of subrot_r(subrot) constructor so that all methods have access
<S^2> of initial wavefunction before polarization iterations 0.0000000000
Beginning iterations for the determination of the polarized wavefunction
Energy prior to optimization (guess energy) = -798.458557836376
Begin Timing: Total SCF Calculation
begin iterations for algorithm: DIIS         
the SCF tolerance is set to 1.00e-08
    1    -798.4585578364      4.64e-04     00000 
    2    -798.4643230964      1.47e-04     00000 
    3    -798.4644214785      1.26e-04     00000 
    4    -798.4645636621      5.04e-05     00000 
    5    -798.4645870145      1.65e-05     00000 
    6    -798.4645897259      4.44e-06     00000 
    7    -798.4645898932      1.93e-06     00000 
    8    -798.4645899248      9.15e-07     00000 
    9    -798.4645899313      4.41e-07     00000 
   10    -798.4645899328      2.26e-07     00000 
   11    -798.4645899333      6.68e-08     00000 
   12    -798.4645899333      2.66e-08     00000 
   13    -798.4645899333      4.31e-09     00000 Convergence criterion met
write pseudocanon occs and virts to disk
write pseudocanon orbital energies to disk
Timing for Total SCF: 425.00s (wall), 422.84s (cpu)
<S^2> of polarized wavefunction after polarization iterations 0.0000000000
relaxing scfmi constraint to allow all rotations in the entire AO span
Doing General SCFMI
 Exchange:  B97M-V      Correlation:  B97M-V
 Using SG-2 standard quadrature grid
 Nonlocal Correlation:  VV10 with C = 0.0100 and b = 6.00 and scale = 1.00000
 Grid used for NLC:  SG-1 standard quadrature
performing fock build at end of subrot_r(subrot) constructor so that all methods have access
<S^2> of polarized wavefunction before ct-allowed iterations 0.0000000000
Beginning iterations for the determination of the CT-Allowed wavefunction
Energy prior to optimization (guess energy) = -798.464589933335
Begin Timing: Total SCF Calculation
begin iterations for algorithm: DIIS         
the SCF tolerance is set to 1.00e-08
    1    -798.4645899333      5.74e-04     00000 
    2    -798.4754916771      1.01e-04     00000 
    3    -798.4753580542      1.50e-04     00000 
    4    -798.4756664758      3.04e-05     00000 
    5    -798.4756796326      1.02e-05     00000 
    6    -798.4756810029      3.13e-06     00000 
    7    -798.4756811244      8.45e-07     00000 
    8    -798.4756811335      3.88e-07     00000 
    9    -798.4756811353      1.36e-07     00000 
   10    -798.4756811356      2.81e-08     00000 
   11    -798.4756811356      1.09e-08     00000 
   12    -798.4756811356      1.53e-09     00000 Convergence criterion met
write pseudocanon occs and virts to disk
write pseudocanon orbital energies to disk
Timing for Total SCF: 315.00s (wall), 314.10s (cpu)
<S^2> of ct_allowed wavefunction after ct-allowed iterations 0.0000000000
 Attempting to make child job directory: /scratch/qchemscratch/qchem2095009//FrgBSSE1/
 Attempting to make child job directory: /scratch/qchemscratch/qchem2095009//FrgBSSE2/
 Creating input file /scratch/qchemscratch/qchem2095009/FrgBSSE1.input
 calling putenv with: QCSCRATCH=/scratch/qchemscratch/qchem2095009/ 
 Spawning Job For Fragment 0
 Done Job For Fragment 0
 calling putenv with: QCSCRATCH=/scratch/qchemscratch 
 calling putenv with: QCTHREADS=1 
 Creating input file /scratch/qchemscratch/qchem2095009/FrgBSSE2.input
 calling putenv with: QCSCRATCH=/scratch/qchemscratch/qchem2095009/ 
 Spawning Job For Fragment 1
 Done Job For Fragment 1
 calling putenv with: QCSCRATCH=/scratch/qchemscratch 
 calling putenv with: QCTHREADS=1 
====================================================================
   Evaluating the BSSE with fragment SCF in the supersystem basis
   Fragment contributions (kJ/mol) 
   Frgm 1: 3.1982
   Frgm 2: 1.4313
   BSSE (kJ/mol) = 4.6295
====================================================================

================================
        Results of EDA2         
================================
Basic EDA Quantities
--------------------
Fragment Energies (Ha):
1  -76.4089278764
2 -722.0390466577
--------------------
  E_prp (kJ/mol) = -0.0000
  E_frz (kJ/mol) = -27.7868
  E_pol (kJ/mol) = -15.8375
  E_vct (kJ/mol) = -24.4908 (CP-corrected)
  E_int (kJ/mol) = -68.1151 (CP-corrected)
--------------------


Decomposition of frozen interaction energy
--------------------
  --------------------
  Orthogonal Frozen Decomposition:
  --------------------
     E_elec   (ELEC)   (kJ/mol) = -209.0057
     E_pauli  (PAULI)  (kJ/mol) = 205.7594
     E_disp   (DISP)   (kJ/mol) = -24.5405
  --------------------
  Classical Frozen Decomposition:
  --------------------
     E_cls_elec  (CLS ELEC)  (kJ/mol) = -124.3357
     E_mod_pauli (MOD PAULI) (kJ/mol) = 121.0894 (FRZ - CLS ELEC - DISP)
     E_disp      (DISP)      (kJ/mol) = -24.5405
  --------------------
--------------------

Simplified EDA Summary (kJ/mol)
--------------------
 PREPARATION      -0.0000
 FROZEN           -27.7868 (ELEC + PAULI + DISP)
[ELEC + PAULI = -3.2463, DISP = -24.5405]
 POLARIZATION    -15.8375
 CHARGE TRANSFER -24.4908     (counterpoise-corrected)
 TOTAL           -68.1151     (PRP + FRZ + POL + CT)
--------------------
 
 --------------------------------------------------------------
 
                    Orbital Energies (a.u.)
 --------------------------------------------------------------
 
 Alpha MOs
 -- Occupied --
-77.1323 -19.0212 -19.0127 -18.9729 -18.9455 -18.9454 -10.0985 -10.0897
 -6.5354  -4.6100  -4.6090  -4.6068  -0.9025  -0.8596  -0.8191  -0.7962
 -0.7673  -0.5389  -0.5202  -0.3818  -0.3269  -0.2994  -0.2929  -0.2845
 -0.2751  -0.2623  -0.2474  -0.2046  -0.1977  -0.1761  -0.1677  -0.1296
 -0.1206  -0.1107  -0.1082  -0.0925  -0.0856  -0.0703
 -- Virtual --
  0.1028   0.1115   0.1382   0.1426   0.1466   0.1603   0.1620   0.1855
  0.1886   0.1933   0.2215   0.2317   0.2453   0.2499   0.2549   0.2619
  0.2724   0.2844   0.2886   0.2955   0.3063   0.3075   0.3179   0.3202
  0.3300   0.3372   0.3397   0.3520   0.3610   0.3678   0.3732   0.3824
  0.3879   0.3906   0.4010   0.4081   0.4137   0.4339   0.4510   0.4606
  0.4663   0.4834   0.4955   0.5166   0.5418   0.5617   0.6783   0.7012
  0.7113   0.7151   0.7470   0.7693   0.7754   0.8039   0.8108   0.8238
  0.8340   0.8594   0.8668   0.8769   0.8805   0.9134   0.9563   0.9687
  1.0234   1.0412   1.0828   1.1081   1.1305   1.1518   1.1728   1.1794
  1.1993   1.3191   1.3398   1.3566   1.3779   1.3987   1.4190   1.4320
  1.4374   1.4486   1.4653   1.5027   1.5136   1.5183   1.5321   1.5554
  1.5692   1.5889   1.6121   1.6273   1.6516   1.6762   1.7274   1.7574
  1.7682   1.7850   1.8182   1.8422   1.8531   1.8644   1.8696   1.9065
  1.9175   2.0329   2.0610   2.0958   2.1195   2.2007   2.2564   2.2786
  2.2824   2.3011   2.3280   2.3800   2.4580   2.5109   2.5973   2.6524
  2.6608   2.6800   2.7071   2.7438   2.7659   2.8348   2.8459   2.8524
  2.9000   2.9057   2.9308   2.9702   3.0192   3.0771   3.1249   3.1587
  3.1673   3.1765   3.1908   3.2304   3.2452   3.3035   3.3897   3.4269
  3.4488   3.4974   3.6399   3.6876   3.8298   4.1080
 --------------------------------------------------------------
 
          Ground-State Mulliken Net Atomic Charges

     Atom                 Charge (a.u.)
  ----------------------------------------
      1 O                    -0.585568
      2 H                     0.269959
      3 H                     0.290554
      4 H                     0.089693
      5 H                     0.096726
      6 H                     0.108476
      7 H                     0.045774
      8 C                    -0.148787
      9 C                    -0.085355
     10 H                     0.037152
     11 H                     0.084402
     12 O                    -0.751785
     13 O                    -0.766468
     14 O                    -0.468008
     15 O                    -0.511778
     16 P                     1.295013
  ----------------------------------------
  Sum of atomic charges =    -1.000000

 -----------------------------------------------------------------
                    Cartesian Multipole Moments
 -----------------------------------------------------------------
    Charge (ESU x 10^10)
                -4.8032
    Dipole Moment (Debye)
         X       3.5377      Y       3.2017      Z       1.1720
       Tot       4.9132
    Quadrupole Moments (Debye-Ang)
        XX     -72.8858     XY      -7.1455     YY     -64.8346
        XZ       2.7082     YZ       1.1711     ZZ     -67.7749
    Octopole Moments (Debye-Ang^2)
       XXX      49.3907    XXY      17.2712    XYY       3.3684
       YYY       2.2001    XXZ      -3.1435    XYZ      -1.8257
       YYZ      -3.2472    XZZ      -0.8857    YZZ       3.7923
       ZZZ       6.2628
    Hexadecapole Moments (Debye-Ang^3)
      XXXX   -1092.7231   XXXY     -53.8299   XXYY    -255.8377
      XYYY      -9.3375   YYYY    -453.3935   XXXZ      33.5979
      XXYZ       5.4646   XYYZ      -0.5240   YYYZ       4.5984
      XXZZ    -198.1607   XYZZ       4.0162   YYZZ    -115.0469
      XZZZ      -9.9110   YZZZ      -3.7505   ZZZZ    -259.7593
 -----------------------------------------------------------------
 Total job time:  2276.57s(wall), 1204.81s(cpu) 
 Mon Apr 15 17:03:54 2024

        *************************************************************
        *                                                           *
        *  Thank you very much for using Q-Chem.  Have a nice day.  *
        *                                                           *
        *************************************************************


