
Running Job 1 of 1 A-wat_1_1.3.inp
qchem A-wat_1_1.3.inp_3934224.0 /scratch/qchemscratch/qchem3934224/ 1
/opt/qchem/6.1/exe/qcprog.exe_s A-wat_1_1.3.inp_3934224.0 /scratch/qchemscratch/qchem3934224/
                  Welcome to Q-Chem
     A Quantum Leap Into The Future Of Chemistry


 Q-Chem 6.1, Q-Chem, Inc., Pleasanton, CA (2023)

 License issued to: SRG Pengyu Ren, University of Texas at Austin

 E. Epifanovsky,  A. T. B. Gilbert,  Xintian Feng,  Joonho Lee,  Yuezhi Mao,  
 N. Mardirossian,  P. Pokhilko,  A. White,  M. Wormit,  M. P. Coons,  
 A. L. Dempwolff,  Zhengting Gan,  D. Hait,  P. R. Horn,  L. D. Jacobson,  
 I. Kaliman,  J. Kussmann,  A. W. Lange,  Ka Un Lao,  D. S. Levine,  Jie Liu,  
 S. C. McKenzie,  A. F. Morrison,  K. D. Nanda,  F. Plasser,  D. R. Rehn,  
 M. L. Vidal,  Zhi-Qiang You,  Ying Zhu,  B. Alam,  B. Albrecht,  
 A. Aldossary,  E. Alguire,  J. H. Andersen,  V. Athavale,  D. Barton,  
 K. Begam,  A. Behn,  N. Bellonzi,  Y. A. Bernard,  E. J. Berquist,  
 H. Burton,  A. Carreras,  K. Carter-Fenk,  Mathew Chow,  Romit Chakraborty,  
 Chandrima Chakravarty,  Junhan Chen,  A. D. Chien,  K. D. Closser,  
 V. Cofer-Shabica,  L. Cunha,  S. Dasgupta,  Jia Deng,  M. de Wergifosse,  
 M. Diedenhofen,  Hainam Do,  S. Ehlert,  Po-Tung Fang,  S. Fatehi,  
 Qingguo Feng,  T. Friedhoff,  Thomas Froitzheim,  B. Ganoe,  J. Gayvert,  
 Qinghui Ge,  G. Gidofalvi,  M. Gimferrer,  M. Goldey,  Montgomery Gray,  
 J. Gomes,  C. Gonzalez-Espinoza,  S. Gulania,  A. Gunina,  J. A. Gyamfi,  
 M. W. D. Hanson-Heine,  P. H. P. Harbach,  A. W. Hauser,  M. F. Herbst,  
 M. Hernandez Vera,  M. Hodecker,  Z. C. Holden,  S. Houck,  Xunkun Huang,  
 Kerwin Hui,  B. C. Huynh,  K. Ikeda,  M. Ivanov,  Hyunjun Ji,  Zuxin Jin,  
 Hanjie Jiang,  Subrata Jana,  B. Kaduk,  S. Kaehler,  R. Kang,  
 K. Khistyaev,  Jaehoon Kim,  Yongbin Kim,  P. Klunzinger,  Z. Koczor-Benda,  
 Joong Hoon Koh,  D. Kosenkov,  Saikiran Kotaru,  L. Koulias,  T. Kowalczyk,  
 C. M. Krauter,  K. Kue,  A. Kunitsa,  T. Kus,  A. Landau,  K. V. Lawler,  
 D. Lefrancois,  S. Lehtola,  Rain Li,  Shaozhi Li,  Yi-Pei Li,  
 Jiashu Liang,  M. Liebenthal,  Hung-Hsuan Lin,  You-Sheng Lin,  Fenglai Liu,  
 Kuan-Yu Liu,  Xiao Liu,  M. Loipersberger,  A. Luenser,  C. Malbon,  
 A. Manjanath,  P. Manohar,  E. Mansoor,  S. F. Manzer,  Shan-Ping Mao,  
 A. V. Marenich,  T. Markovich,  S. Mason,  F. Matz,  S. A. Maurer,  
 P. F. McLaughlin,  M. F. S. J. Menger,  J.-M. Mewes,  S. A. Mewes,  
 P. Morgante,  Mohammad Mostafanejad,  J. W. Mullinax,  K. J. Oosterbaan,  
 G. Paran,  V. Parravicini,  Alexander C. Paul,  Suranjan K. Paul,  
 F. Pavosevic,  Zheng Pei,  S. Prager,  E. I. Proynov,  E. Ramos,  B. Rana,  
 A. E. Rask,  A. Rettig,  R. M. Richard,  F. Rob,  E. Rossomme,  T. Scheele,  
 M. Scheurer,  M. Schneider,  P. E. Schneider,  Tim K. Schramm,  N. Sergueev,  
 S. M. Sharada,  M. Sharma,  Hengyuan Shen,  W. Skomorowski,  D. W. Small,  
 C. J. Stein,  Alistair J. Sterling,  Yingli Su,  Yu-Chuan Su,  
 E. J. Sundstrom,  J. Talbot,  Zhen Tao,  J. Thirman,  Hung-Yi Tsai,  
 T. Tsuchimochi,  N. M. Tubman,  C. Utku,  S. P. Veccham,  O. Vydrov,  
 J. Wenzel,  Jonathan Wong,  J. Witte,  A. Yamada,  Chou-Hsun Yang,  Kun Yao,  
 S. Yeganeh,  S. R. Yost,  A. Zech,  F. Zeller,  Igor Ying Zhang,  
 Xing Zhang,  Yu Zhang,  D. Zuev,  A. Aspuru-Guzik,  A. T. Bell,  
 N. A. Besley,  K. B. Bravaya,  B. R. Brooks,  D. Casanova,  Jeng-Da Chai,  
 Hsing-Ta Chen,  S. Coriani,  C. J. Cramer,  A. E. DePrince, III,  
 R. A. DiStasio Jr.,  A. Dreuw,  B. D. Dunietz,  T. R. Furlani,  
 W. A. Goddard III,  S. Grimme,  S. Hammes-Schiffer,  T. Head-Gordon,  
 W. J. Hehre,  Chao-Ping Hsu,  T.-C. Jagau,  Yousung Jung,  A. Klamt,  
 Jing Kong,  D. S. Lambrecht,  Xiangyuan Li,  WanZhen Liang,  N. J. Mayhall,  
 C. W. McCurdy,  J. B. Neaton,  T. Neudecker,  C. Ochsenfeld,  
 J. A. Parkhill,  R. Peverati,  V. A. Rassolov,  Haisheng Ren,  Yihan Shao,  
 L. V. Slipchenko,  R. P. Steele,  J. E. Subotnik,  A. J. W. Thom,  
 A. Tkatchenko,  D. G. Truhlar,  T. Van Voorhis,  Fan Wang,  
 T. A. Wesolowski,  K. B. Whaley,  H. L. Woodcock III,  P. M. Zimmerman,  
 S. Faraji,  P. M. W. Gill,  M. Head-Gordon,  J. M. Herbert,  A. I. Krylov

 Contributors to earlier versions of Q-Chem not listed above: 
 R. D. Adamson,  B. Austin,  R. Baer,  J. Baker,  G. J. O. Beran,  
 K. Brandhorst,  S. T. Brown,  E. F. C. Byrd,  Arup K. Chakraborty,  
 G. K. L. Chan,  Chun-Min Chang,  Yunqing Chen,  C.-L. Cheng,  
 Siu Hung Chien,  D. M. Chipman,  D. L. Crittenden,  H. Dachsel,  
 R. J. Doerksen,  A. D. Dutoi,  R. G. Edgar,  J. Fosso-Tande,  
 L. Fusti-Molnar,  D. Ghosh,  A. Ghysels,  A. Golubeva-Zadorozhnaya,  
 J. Gonthier,  M. S. Gordon,  S. R. Gwaltney,  G. Hawkins,  J. E. Herr,  
 A. Heyden,  S. Hirata,  E. G. Hohenstein,  G. Kedziora,  F. J. Keil,  
 C. Kelley,  Jihan Kim,  R. A. King,  R. Z. Khaliullin,  P. P. Korambath,  
 W. Kurlancheek,  A. Laurent,  A. M. Lee,  M. S. Lee,  S. V. Levchenko,  
 Ching Yeh Lin,  D. Liotard,  E. Livshits,  R. C. Lochan,  I. Lotan,  
 L. A. Martinez-Martinez,  P. E. Maslen,  N. Nair,  D. P. O'Neill,  
 D. Neuhauser,  E. Neuscamman,  C. M. Oana,  R. Olivares-Amaya,  R. Olson,  
 T. M. Perrine,  B. Peters,  P. A. Pieniazek,  A. Prociuk,  Y. M. Rhee,  
 J. Ritchie,  M. A. Rohrdanz,  E. Rosta,  N. J. Russ,  H. F. Schaefer III,  
 M. W. Schmidt,  N. E. Schultz,  S. Sharma,  N. Shenvi,  C. D. Sherrill,  
 A. C. Simmonett,  A. Sodt,  T. Stein,  D. Stuck,  K. S. Thanthiriwatte,  
 V. Vanovschi,  L. Vogt,  Tao Wang,  A. Warshel,  M. A. Watson,  
 C. F. Williams,  Q. Wu,  X. Xu,  Jun Yang,  W. Zhang,  Yan Zhao

   Please cite Q-Chem as follows:
  "Software for the frontiers of quantum chemistry:
   An overview of developments in the Q-Chem 5 package"
   J. Chem. Phys. 155, 084801 (2021)
   https://doi.org/10.1063/5.0055522 (open access)

 Q-Chem 6.1.1 for Intel X86 EM64T Linux

 Parts of Q-Chem use Armadillo 9.900.5 (Nocturnal Misbehaviour).
 http://arma.sourceforge.net/

 Q-Chem begins on Sun Mar 10 19:14:25 2024  

 Host: 
0

     Scratch files written to /scratch/qchemscratch/qchem3934224//
 Jan1824 |scratch|qcdevops|jenkins|workspace|build_RNUM UKVU   
 Processing $rem in /opt/qchem/6.1/config/preferences:
 Processing $rem in /home/mm227274/.qchemrc:

 Q-Chem warning in module libgen/rem_setup.C, line 3361:

 Neither GIA nor STOLL is specified by user. Use STOLL as the default


 Checking the input file for inconsistencies... 	...done.

--------------------------------------------------------------
User input:
--------------------------------------------------------------
$molecule
0 1
--
0 1
H 1.84086 2.75515 -0.02875
N 1.0969 2.0673 -0.00392
C -0.24861 2.30169 0.02623
H -0.66031 3.30288 0.02832
N -0.96776 1.18677 0.05175
C -0.02223 0.17505 0.03552
C -0.12426 -1.23821 0.02676
N -1.30186 -1.89412 0.10029
N 1.01703 -1.95319 -0.00939
C 2.19681 -1.2996 -0.0363
H 3.07766 -1.9378 -0.06472
N 2.43049 0.01927 -0.03512
C 1.27362 0.69939 -0.00293
H -1.2633 -2.89297 -0.05583
H -2.18155 -1.39652 -0.05745
--
0 1
O -4.7078058 0.026891200000000066 -0.1361542
H -5.1106058 0.09420120000000007 0.7437358
H -3.9725458 0.6809712000000001 -0.1115942
$end

$rem
JOBTYPE          eda
EDA2             2
METHOD           b97m-v
BASIS            aug-cc-pvtz
SCF_CONVERGENCE  8
THRESH           14
SYMMETRY         false
DISP_FREE_X      revPBE
DISP_FREE_C      PBE
EDA_BSSE         true
$end
--------------------------------------------------------------
 ----------------------------------------------------------------
             Standard Nuclear Orientation (Angstroms)
    I     Atom           X                Y                Z
 ----------------------------------------------------------------
    1      H       1.9329284114    -2.7843985948     0.0288018208
    2      N       1.2020945852    -2.0825586732     0.0057090522
    3      C      -0.1476817353    -2.2913836098    -0.0215101520
    4      H      -0.5782990291    -3.2845853327    -0.0228361115
    5      N      -0.8456121466    -1.1630208928    -0.0452865993
    6      C       0.1189686533    -0.1694176576    -0.0309952101
    7      C       0.0437792384     1.2455215091    -0.0218086733
    8      N      -1.1213284296     1.9236600625    -0.0926505651
    9      N       1.1985004538     1.9387218904     0.0119290355
   10      C       2.3657291633     1.2628701795     0.0361465696
   11      H       3.2585846994     1.8842449924     0.0627170898
   12      N       2.5743513795    -0.0601940807     0.0342634634
   13      C       1.4047228414    -0.7182459912     0.0045250453
   14      H      -1.0634886467     2.9215703116     0.0635267207
   15      H      -2.0099481374     1.4428036085     0.0669559803
   16      O      -4.5625655561     0.0675438678     0.1510221528
   17      H      -4.9685043672     0.0080473692    -0.7279879361
   18      H      -3.8398983443    -0.6003580199     0.1247490297
 ----------------------------------------------------------------
 Molecular Point Group                 C1    NOp =  1
 Largest Abelian Subgroup              C1    NOp =  1
 Nuclear Repulsion Energy =         581.89681630 hartrees
 There are       40 alpha and       40 beta electrons
 Requested basis set is aug-cc-pVTZ
 There are 217 shells and 667 basis functions

 Total QAlloc Memory Limit  16000 MB
 Mega-Array Size       188 MB
 MEM_STATIC part       192 MB

 A cutoff of  1.0D-14 yielded  21718 shell pairs
 There are    203044 function pairs (    277537 Cartesian)
 Smallest overlap matrix eigenvalue = 1.44E-06

 Scale SEOQF with 1.000000e-01/1.000000e-01/1.000000e-01

 Standard Electronic Orientation quadrupole field applied
 Nucleus-field energy     =     0.0000000252 hartrees

 -----------------------------------------------------------------------
  General SCF calculation program by
  Eric Jon Sundstrom, Paul Horn, Yuezhi Mao, Dmitri Zuev, Alec White,
  David Stuck, Shaama M.S., Shane Yost, Joonho Lee, David Small,
  Daniel Levine, Susi Lehtola, Hugh Burton, Evgeny Epifanovsky,
  Bang C. Huynh
 -----------------------------------------------------------------------
================================================================
                 ALMO-EDA with the EDA2 driver                  
================================================================
 The second-generation ALMO-EDA (for DFT):                      
 P. R. Horn, Y. Mao and M. Head-Gordon, PCCP, 18, 23067 (2016)  
 Y. Mao et al. Annu. Rev. Phys. Chem. 72, 641 (2021)            
 Decomposition of the frozen energy:                            
 P. R. Horn, Y. Mao and M. Head-Gordon, JCP, 144, 114107 (2016) 
================================================================
 Using eda2 option set 2
 Option set summary: Frozen orbital wavefunction, initial wavefunction decomposition, and traditional AO-based POL.
--------------------------------
Printing EDA Options
--------------------------------
eda_child_super_basis      0
fragmo_guess_mode          0
child_mp                   0
child_mp_orders            0
cls_elec                   1
cls_disp                   0
scfmi_mode                 1
scfmi_occs                 0
scfmi_virts                0
frz_relax                  0
frz_relax_method           0
dc_pen_start               0
dc_pen_conv                0
dc_pen_increment           0
dc_pen_steps               0
dc_pen_thresh_factor       0
dc_pen_pre_newton_thresh   0
frz_ortho_decomp           1
frz_ortho_decomp_conv      6
plot_mo_ortho_frz          0
frgm_method                2
scfmi_freeze_ss            0
separate_rehyb             0
plot_diff_den              0
eda_nocv                   0
eda_vct_relax              1
disp_free_x                33
disp_free_c                25
eda_bsse                   1
eda_pct_a                  0
eda_covp                   0
eda_vct_a                  0
--------------------------------
 Attempting to make child job directory: /scratch/qchemscratch/qchem3934224//Frg1/
 Attempting to make child job directory: /scratch/qchemscratch/qchem3934224//Frg2/
 Creating input file /scratch/qchemscratch/qchem3934224/Frg1.input
 using default PutDataFrgm: nothing
 calling putenv with: QCSCRATCH=/scratch/qchemscratch/qchem3934224/ 
 Spawning Job For Fragment 0
 Done Job For Fragment 0
 calling putenv with: QCSCRATCH=/scratch/qchemscratch 
 calling putenv with: QCTHREADS=1 
 Creating input file /scratch/qchemscratch/qchem3934224/Frg2.input
 using default PutDataFrgm: nothing
 calling putenv with: QCSCRATCH=/scratch/qchemscratch/qchem3934224/ 
 Spawning Job For Fragment 1
 Done Job For Fragment 1
 calling putenv with: QCSCRATCH=/scratch/qchemscratch 
 calling putenv with: QCTHREADS=1 
Doing General SCFMI
 Exchange:  B97M-V      Correlation:  B97M-V
 Using SG-2 standard quadrature grid
 Nonlocal Correlation:  VV10 with C = 0.0100 and b = 6.00 and scale = 1.00000
 Grid used for NLC:  SG-1 standard quadrature
performing fock build before subrot guess so that all methods have access
Printing subrot_rss_gen Method Specification:
Occupied Subspace Method is 0
Virtual Subspace Method is 0
Energy of the unrelaxed supersystem initial determinant -543.893509234840
write pseudocanon occs and virts to disk
write pseudocanon orbital energies to disk
Tolerance of ortho_decomp_scf: 1.00e-06
GDM subspace size: 20
Beginning the Orthogonal Decomposition of the Initial Supersystem Wavefunction
    1    -543.8831465800      2.41e-02     ortho_decomp Preconditoned Steepest Descent
    2    -543.8836788921      5.13e-05     ortho_decomp BFGS Step
    3    -543.8836789051      4.62e-07     ortho_decomp 00000 Convergence criterion met
 Exchange:  revPBE      Correlation:  PBE
 Using SG-2 standard quadrature grid
 Exchange:  revPBE      Correlation:  PBE
 Using SG-2 standard quadrature grid
 Exchange:  revPBE      Correlation:  PBE
 Using SG-2 standard quadrature grid
Doing General SCFMI
 Exchange:  B97M-V      Correlation:  B97M-V
 Using SG-2 standard quadrature grid
 Nonlocal Correlation:  VV10 with C = 0.0100 and b = 6.00 and scale = 1.00000
 Grid used for NLC:  SG-1 standard quadrature
performing fock build at end of subrot_r(subrot) constructor so that all methods have access
<S^2> of initial wavefunction before polarization iterations 0.0000000000
Beginning iterations for the determination of the polarized wavefunction
Energy prior to optimization (guess energy) = -543.893509234840
Begin Timing: Total SCF Calculation
begin iterations for algorithm: DIIS         
the SCF tolerance is set to 1.00e-08
    1    -543.8935092348      3.33e-05     00000 
    2    -543.8939736493      1.98e-05     00000 
    3    -543.8939729682      2.25e-05     00000 
    4    -543.8940527065      4.47e-06     00000 
    5    -543.8940539091      3.65e-06     00000 
    6    -543.8940559877      9.32e-07     00000 
    7    -543.8940560784      6.73e-07     00000 
    8    -543.8940561530      1.79e-07     00000 
    9    -543.8940561580      6.24e-08     00000 
   10    -543.8940561586      2.71e-08     00000 
   11    -543.8940561587      6.93e-09     00000 Convergence criterion met
write pseudocanon occs and virts to disk
write pseudocanon orbital energies to disk
Timing for Total SCF: 3079.00s (wall), 3046.13s (cpu)
<S^2> of polarized wavefunction after polarization iterations 0.0000000000
relaxing scfmi constraint to allow all rotations in the entire AO span
Doing General SCFMI
 Exchange:  B97M-V      Correlation:  B97M-V
 Using SG-2 standard quadrature grid
 Nonlocal Correlation:  VV10 with C = 0.0100 and b = 6.00 and scale = 1.00000
 Grid used for NLC:  SG-1 standard quadrature
performing fock build at end of subrot_r(subrot) constructor so that all methods have access
<S^2> of polarized wavefunction before ct-allowed iterations 0.0000000000
Beginning iterations for the determination of the CT-Allowed wavefunction
Energy prior to optimization (guess energy) = -543.894056158714
Begin Timing: Total SCF Calculation
begin iterations for algorithm: DIIS         
the SCF tolerance is set to 1.00e-08
    1    -543.8940561587      4.02e-05     00000 
    2    -543.8947336144      2.91e-06     00000 
    3    -543.8947310576      4.82e-06     00000 
    4    -543.8947354347      7.04e-07     00000 
    5    -543.8947354932      4.97e-07     00000 
    6    -543.8947355390      1.39e-07     00000 
    7    -543.8947355423      4.57e-08     00000 
    8    -543.8947355427      1.95e-08     00000 
    9    -543.8947355428      8.09e-09     00000 Convergence criterion met
write pseudocanon occs and virts to disk
write pseudocanon orbital energies to disk
Timing for Total SCF: 2568.00s (wall), 2538.13s (cpu)
<S^2> of ct_allowed wavefunction after ct-allowed iterations 0.0000000000
 Attempting to make child job directory: /scratch/qchemscratch/qchem3934224//FrgBSSE1/
 Attempting to make child job directory: /scratch/qchemscratch/qchem3934224//FrgBSSE2/
 Creating input file /scratch/qchemscratch/qchem3934224/FrgBSSE1.input
 calling putenv with: QCSCRATCH=/scratch/qchemscratch/qchem3934224/ 
 Spawning Job For Fragment 0
 Done Job For Fragment 0
 calling putenv with: QCSCRATCH=/scratch/qchemscratch 
 calling putenv with: QCTHREADS=1 
 Creating input file /scratch/qchemscratch/qchem3934224/FrgBSSE2.input
 calling putenv with: QCSCRATCH=/scratch/qchemscratch/qchem3934224/ 
 Spawning Job For Fragment 1
 Done Job For Fragment 1
 calling putenv with: QCSCRATCH=/scratch/qchemscratch 
 calling putenv with: QCTHREADS=1 
====================================================================
   Evaluating the BSSE with fragment SCF in the supersystem basis
   Fragment contributions (kJ/mol) 
   Frgm 1: 0.0177
   Frgm 2: 0.0972
   BSSE (kJ/mol) = 0.1149
====================================================================

================================
        Results of EDA2         
================================
Basic EDA Quantities
--------------------
Fragment Energies (Ha):
1 -467.4554721024
2  -76.4324856982
--------------------
  E_prp (kJ/mol) = 0.0000
  E_frz (kJ/mol) = -14.5755
  E_pol (kJ/mol) = -1.4360
  E_vct (kJ/mol) = -1.6689 (CP-corrected)
  E_int (kJ/mol) = -17.6803 (CP-corrected)
--------------------


Decomposition of frozen interaction energy
--------------------
  --------------------
  Orthogonal Frozen Decomposition:
  --------------------
     E_elec   (ELEC)   (kJ/mol) = -19.5733
     E_pauli  (PAULI)  (kJ/mol) = 8.5274
     E_disp   (DISP)   (kJ/mol) = -3.5295
  --------------------
  Classical Frozen Decomposition:
  --------------------
     E_cls_elec  (CLS ELEC)  (kJ/mol) = -14.3174
     E_mod_pauli (MOD PAULI) (kJ/mol) = 3.2714 (FRZ - CLS ELEC - DISP)
     E_disp      (DISP)      (kJ/mol) = -3.5295
  --------------------
--------------------

Simplified EDA Summary (kJ/mol)
--------------------
 PREPARATION      0.0000
 FROZEN           -14.5755 (ELEC + PAULI + DISP)
[ELEC + PAULI = -11.0460, DISP = -3.5295]
 POLARIZATION    -1.4360
 CHARGE TRANSFER -1.6689     (counterpoise-corrected)
 TOTAL           -17.6803     (PRP + FRZ + POL + CT)
--------------------
 
 --------------------------------------------------------------
 
                    Orbital Energies (a.u.)
 --------------------------------------------------------------
 
 Alpha MOs
 -- Occupied --
-19.1625 -14.4100 -14.3635 -14.3450 -14.3337 -14.3277 -10.2722 -10.2625
-10.2560 -10.2427 -10.2124  -1.0260  -1.0022  -0.9652  -0.9244  -0.8799
 -0.8480  -0.7493  -0.6471  -0.6293  -0.6113  -0.5561  -0.5254  -0.4968
 -0.4927  -0.4747  -0.4437  -0.4349  -0.4196  -0.3944  -0.3812  -0.3655
 -0.3367  -0.3059  -0.2859  -0.2806  -0.2690  -0.2532  -0.2341  -0.2094
 -- Virtual --
 -0.0549  -0.0318  -0.0272  -0.0199  -0.0040  -0.0027   0.0096   0.0130
  0.0180   0.0212   0.0345   0.0456   0.0494   0.0519   0.0533   0.0599
  0.0673   0.0715   0.0751   0.0777   0.0808   0.0862   0.0868   0.0906
  0.0949   0.1003   0.1023   0.1093   0.1199   0.1259   0.1290   0.1327
  0.1364   0.1405   0.1425   0.1465   0.1488   0.1526   0.1567   0.1631
  0.1664   0.1670   0.1713   0.1742   0.1765   0.1823   0.1871   0.1933
  0.1948   0.1994   0.2101   0.2118   0.2142   0.2190   0.2215   0.2296
  0.2360   0.2363   0.2439   0.2446   0.2477   0.2520   0.2593   0.2635
  0.2663   0.2693   0.2764   0.2797   0.2841   0.2945   0.2963   0.3010
  0.3098   0.3160   0.3182   0.3204   0.3243   0.3354   0.3369   0.3432
  0.3441   0.3523   0.3574   0.3618   0.3651   0.3686   0.3737   0.3798
  0.3833   0.3895   0.3937   0.3957   0.3983   0.4033   0.4075   0.4102
  0.4170   0.4210   0.4258   0.4322   0.4378   0.4444   0.4493   0.4578
  0.4619   0.4692   0.4757   0.4835   0.4881   0.4959   0.4965   0.5027
  0.5107   0.5238   0.5249   0.5314   0.5365   0.5422   0.5455   0.5479
  0.5626   0.5660   0.5712   0.5815   0.5841   0.5901   0.5944   0.6077
  0.6142   0.6212   0.6277   0.6314   0.6390   0.6428   0.6477   0.6531
  0.6580   0.6639   0.6734   0.6822   0.6823   0.6867   0.6920   0.6979
  0.7013   0.7187   0.7228   0.7252   0.7315   0.7349   0.7471   0.7494
  0.7628   0.7692   0.7726   0.7886   0.7915   0.7973   0.8049   0.8055
  0.8111   0.8173   0.8222   0.8296   0.8344   0.8382   0.8462   0.8486
  0.8502   0.8538   0.8650   0.8685   0.8773   0.8797   0.8894   0.8961
  0.9013   0.9021   0.9118   0.9251   0.9306   0.9314   0.9386   0.9422
  0.9440   0.9461   0.9536   0.9583   0.9678   0.9737   0.9749   0.9825
  0.9875   0.9958   1.0024   1.0111   1.0189   1.0264   1.0308   1.0372
  1.0445   1.0534   1.0590   1.0624   1.0659   1.0786   1.0808   1.0871
  1.0954   1.1035   1.1140   1.1194   1.1268   1.1481   1.1548   1.1630
  1.1694   1.1718   1.1775   1.1840   1.1922   1.1973   1.2025   1.2178
  1.2198   1.2219   1.2357   1.2377   1.2462   1.2482   1.2639   1.2691
  1.2723   1.2924   1.3031   1.3118   1.3168   1.3205   1.3301   1.3349
  1.3484   1.3543   1.3734   1.3811   1.3823   1.3930   1.3947   1.3998
  1.4093   1.4253   1.4291   1.4318   1.4412   1.4542   1.4563   1.4603
  1.4781   1.4821   1.4911   1.4997   1.5114   1.5130   1.5235   1.5425
  1.5457   1.5621   1.5710   1.5730   1.5865   1.5902   1.6007   1.6105
  1.6187   1.6378   1.6509   1.6623   1.6744   1.6805   1.6900   1.6930
  1.7172   1.7258   1.7365   1.7518   1.7581   1.7681   1.7827   1.7880
  1.8061   1.8213   1.8284   1.8498   1.8515   1.8643   1.8837   1.8856
  1.8896   1.9059   1.9204   1.9290   1.9464   1.9567   1.9626   1.9731
  1.9855   1.9894   1.9971   2.0016   2.0221   2.0288   2.0454   2.0646
  2.0745   2.0848   2.0935   2.1021   2.1057   2.1129   2.1259   2.1365
  2.1487   2.1587   2.1681   2.1749   2.1861   2.1976   2.2062   2.2115
  2.2312   2.2342   2.2424   2.2580   2.2674   2.2741   2.2807   2.2917
  2.2959   2.3054   2.3107   2.3207   2.3367   2.3509   2.3699   2.3790
  2.3844   2.3908   2.4101   2.4185   2.4326   2.4394   2.4506   2.4663
  2.4763   2.5076   2.5132   2.5197   2.5395   2.5447   2.5583   2.5761
  2.5807   2.5960   2.6171   2.6243   2.6334   2.6425   2.6493   2.6644
  2.6843   2.6933   2.7164   2.7342   2.7763   2.7996   2.8217   2.8348
  2.8507   2.8551   2.9071   2.9207   2.9302   2.9522   2.9742   3.0179
  3.0275   3.0291   3.0779   3.1133   3.1286   3.1745   3.1823   3.2022
  3.2052   3.2350   3.2604   3.2615   3.2769   3.2868   3.3048   3.3212
  3.3289   3.3586   3.4042   3.4087   3.4236   3.4264   3.4352   3.4473
  3.4658   3.4847   3.4856   3.5045   3.5330   3.5433   3.5662   3.5766
  3.5890   3.6051   3.6134   3.6224   3.6285   3.6509   3.6638   3.6752
  3.6778   3.6961   3.7130   3.7225   3.7310   3.7438   3.7633   3.7752
  3.7973   3.8281   3.8383   3.8461   3.8649   3.8715   3.8829   3.9173
  3.9334   3.9416   3.9425   3.9492   3.9645   3.9714   3.9779   3.9963
  4.0024   4.0242   4.0345   4.0529   4.0556   4.0718   4.0842   4.0922
  4.1246   4.1337   4.1413   4.1523   4.1625   4.1683   4.1711   4.1916
  4.2204   4.2279   4.2443   4.2511   4.2564   4.2656   4.2770   4.2885
  4.3008   4.3246   4.3302   4.3399   4.3582   4.3624   4.3733   4.3934
  4.4110   4.4265   4.4420   4.4491   4.4537   4.4638   4.5016   4.5373
  4.5777   4.5966   4.6056   4.6110   4.6200   4.6454   4.6718   4.6907
  4.7146   4.7228   4.7467   4.7601   4.8027   4.8077   4.8325   4.8390
  4.8670   4.9021   4.9239   4.9422   4.9675   4.9837   5.0005   5.0085
  5.0130   5.0318   5.0368   5.0626   5.0851   5.0918   5.1231   5.1314
  5.1507   5.1514   5.1575   5.1802   5.1968   5.2040   5.2291   5.2503
  5.2858   5.3003   5.3139   5.3285   5.3392   5.3595   5.3768   5.3984
  5.4098   5.4184   5.4266   5.4335   5.4396   5.4634   5.4690   5.4842
  5.4957   5.5149   5.5210   5.5326   5.5341   5.5661   5.5774   5.5950
  5.6199   5.6402   5.6640   5.7008   5.7148   5.7316   5.7419   5.7522
  5.7711   5.7734   5.8054   5.8342   5.8571   5.8715   5.9179   5.9518
  5.9606   5.9930   6.0103   6.0189   6.0284   6.0930   6.1072   6.1107
  6.1953   6.2326   6.2764   6.3171   6.3318   6.3696   6.4100   6.4278
  6.4756   6.5184   6.5284   6.5525   6.5790   6.5982   6.6382   6.6839
  6.7429   6.7892   6.8003   6.8362   6.8731   6.9259   6.9760   6.9956
  7.0361   7.0806   7.1071   7.1213   7.1451   7.1783   7.1818   7.2381
  7.3272   7.3954   7.4764   7.6123   7.6558   7.6904   7.7804   8.5767
 15.1884  15.6758  15.7789  15.8833  17.3649  17.5855  18.4526  18.7249
 18.9285  19.4302  20.4204
 --------------------------------------------------------------
 
          Ground-State Mulliken Net Atomic Charges

     Atom                 Charge (a.u.)
  ----------------------------------------
      1 H                     0.070357
      2 N                     0.112434
      3 C                    -0.992886
      4 H                     0.766423
      5 N                    -0.392719
      6 C                     0.956242
      7 C                     0.090302
      8 N                    -0.316476
      9 N                    -0.224167
     10 C                    -0.845378
     11 H                     0.784661
     12 N                    -0.286589
     13 C                     0.010306
     14 H                     0.045389
     15 H                     0.223245
     16 O                    -0.554076
     17 H                     0.240736
     18 H                     0.312194
  ----------------------------------------
  Sum of atomic charges =     0.000000

 -----------------------------------------------------------------
                    Cartesian Multipole Moments
 -----------------------------------------------------------------
    Charge (ESU x 10^10)
                -0.0000
    Dipole Moment (Debye)
         X      -0.6201      Y      -3.0063      Z      -0.9090
       Tot       3.2014
    Quadrupole Moments (Debye-Ang)
        XX     -69.3736     XY      -4.5855     YY     -50.7660
        XZ       6.5513     YZ       0.6484     ZZ     -65.5155
    Octopole Moments (Debye-Ang^2)
       XXX     -19.9694    XXY      -5.4554    XYY      -3.8918
       YYY     -39.6627    XXZ     -37.5256    XYZ      -0.6918
       YYZ       2.5804    XZZ     -10.1497    YZZ      -0.6637
       ZZZ      -0.4778
    Hexadecapole Moments (Debye-Ang^3)
      XXXX   -1723.0694   XXXY      37.0714   XXYY    -365.5833
      XYYY     -90.4231   YYYY    -742.4688   XXXZ     199.5430
      XXYZ      -0.1546   XYYZ      -2.0992   YYYZ       4.7673
      XXZZ    -270.7599   XYZZ      -2.4212   YYZZ    -173.8960
      XZZZ       4.4245   YZZZ       0.4826   ZZZZ     -70.5436
 -----------------------------------------------------------------
 Total job time:  19530.39s(wall), 11672.64s(cpu) 
 Mon Mar 11 00:39:55 2024

        *************************************************************
        *                                                           *
        *  Thank you very much for using Q-Chem.  Have a nice day.  *
        *                                                           *
        *************************************************************


