
Running Job 1 of 1 A-wat_15_1.3.inp
qchem A-wat_15_1.3.inp_3935242.0 /scratch/qchemscratch/qchem3935242/ 1
/opt/qchem/6.1/exe/qcprog.exe_s A-wat_15_1.3.inp_3935242.0 /scratch/qchemscratch/qchem3935242/
                  Welcome to Q-Chem
     A Quantum Leap Into The Future Of Chemistry


 Q-Chem 6.1, Q-Chem, Inc., Pleasanton, CA (2023)

 License issued to: SRG Pengyu Ren, University of Texas at Austin

 E. Epifanovsky,  A. T. B. Gilbert,  Xintian Feng,  Joonho Lee,  Yuezhi Mao,  
 N. Mardirossian,  P. Pokhilko,  A. White,  M. Wormit,  M. P. Coons,  
 A. L. Dempwolff,  Zhengting Gan,  D. Hait,  P. R. Horn,  L. D. Jacobson,  
 I. Kaliman,  J. Kussmann,  A. W. Lange,  Ka Un Lao,  D. S. Levine,  Jie Liu,  
 S. C. McKenzie,  A. F. Morrison,  K. D. Nanda,  F. Plasser,  D. R. Rehn,  
 M. L. Vidal,  Zhi-Qiang You,  Ying Zhu,  B. Alam,  B. Albrecht,  
 A. Aldossary,  E. Alguire,  J. H. Andersen,  V. Athavale,  D. Barton,  
 K. Begam,  A. Behn,  N. Bellonzi,  Y. A. Bernard,  E. J. Berquist,  
 H. Burton,  A. Carreras,  K. Carter-Fenk,  Mathew Chow,  Romit Chakraborty,  
 Chandrima Chakravarty,  Junhan Chen,  A. D. Chien,  K. D. Closser,  
 V. Cofer-Shabica,  L. Cunha,  S. Dasgupta,  Jia Deng,  M. de Wergifosse,  
 M. Diedenhofen,  Hainam Do,  S. Ehlert,  Po-Tung Fang,  S. Fatehi,  
 Qingguo Feng,  T. Friedhoff,  Thomas Froitzheim,  B. Ganoe,  J. Gayvert,  
 Qinghui Ge,  G. Gidofalvi,  M. Gimferrer,  M. Goldey,  Montgomery Gray,  
 J. Gomes,  C. Gonzalez-Espinoza,  S. Gulania,  A. Gunina,  J. A. Gyamfi,  
 M. W. D. Hanson-Heine,  P. H. P. Harbach,  A. W. Hauser,  M. F. Herbst,  
 M. Hernandez Vera,  M. Hodecker,  Z. C. Holden,  S. Houck,  Xunkun Huang,  
 Kerwin Hui,  B. C. Huynh,  K. Ikeda,  M. Ivanov,  Hyunjun Ji,  Zuxin Jin,  
 Hanjie Jiang,  Subrata Jana,  B. Kaduk,  S. Kaehler,  R. Kang,  
 K. Khistyaev,  Jaehoon Kim,  Yongbin Kim,  P. Klunzinger,  Z. Koczor-Benda,  
 Joong Hoon Koh,  D. Kosenkov,  Saikiran Kotaru,  L. Koulias,  T. Kowalczyk,  
 C. M. Krauter,  K. Kue,  A. Kunitsa,  T. Kus,  A. Landau,  K. V. Lawler,  
 D. Lefrancois,  S. Lehtola,  Rain Li,  Shaozhi Li,  Yi-Pei Li,  
 Jiashu Liang,  M. Liebenthal,  Hung-Hsuan Lin,  You-Sheng Lin,  Fenglai Liu,  
 Kuan-Yu Liu,  Xiao Liu,  M. Loipersberger,  A. Luenser,  C. Malbon,  
 A. Manjanath,  P. Manohar,  E. Mansoor,  S. F. Manzer,  Shan-Ping Mao,  
 A. V. Marenich,  T. Markovich,  S. Mason,  F. Matz,  S. A. Maurer,  
 P. F. McLaughlin,  M. F. S. J. Menger,  J.-M. Mewes,  S. A. Mewes,  
 P. Morgante,  Mohammad Mostafanejad,  J. W. Mullinax,  K. J. Oosterbaan,  
 G. Paran,  V. Parravicini,  Alexander C. Paul,  Suranjan K. Paul,  
 F. Pavosevic,  Zheng Pei,  S. Prager,  E. I. Proynov,  E. Ramos,  B. Rana,  
 A. E. Rask,  A. Rettig,  R. M. Richard,  F. Rob,  E. Rossomme,  T. Scheele,  
 M. Scheurer,  M. Schneider,  P. E. Schneider,  Tim K. Schramm,  N. Sergueev,  
 S. M. Sharada,  M. Sharma,  Hengyuan Shen,  W. Skomorowski,  D. W. Small,  
 C. J. Stein,  Alistair J. Sterling,  Yingli Su,  Yu-Chuan Su,  
 E. J. Sundstrom,  J. Talbot,  Zhen Tao,  J. Thirman,  Hung-Yi Tsai,  
 T. Tsuchimochi,  N. M. Tubman,  C. Utku,  S. P. Veccham,  O. Vydrov,  
 J. Wenzel,  Jonathan Wong,  J. Witte,  A. Yamada,  Chou-Hsun Yang,  Kun Yao,  
 S. Yeganeh,  S. R. Yost,  A. Zech,  F. Zeller,  Igor Ying Zhang,  
 Xing Zhang,  Yu Zhang,  D. Zuev,  A. Aspuru-Guzik,  A. T. Bell,  
 N. A. Besley,  K. B. Bravaya,  B. R. Brooks,  D. Casanova,  Jeng-Da Chai,  
 Hsing-Ta Chen,  S. Coriani,  C. J. Cramer,  A. E. DePrince, III,  
 R. A. DiStasio Jr.,  A. Dreuw,  B. D. Dunietz,  T. R. Furlani,  
 W. A. Goddard III,  S. Grimme,  S. Hammes-Schiffer,  T. Head-Gordon,  
 W. J. Hehre,  Chao-Ping Hsu,  T.-C. Jagau,  Yousung Jung,  A. Klamt,  
 Jing Kong,  D. S. Lambrecht,  Xiangyuan Li,  WanZhen Liang,  N. J. Mayhall,  
 C. W. McCurdy,  J. B. Neaton,  T. Neudecker,  C. Ochsenfeld,  
 J. A. Parkhill,  R. Peverati,  V. A. Rassolov,  Haisheng Ren,  Yihan Shao,  
 L. V. Slipchenko,  R. P. Steele,  J. E. Subotnik,  A. J. W. Thom,  
 A. Tkatchenko,  D. G. Truhlar,  T. Van Voorhis,  Fan Wang,  
 T. A. Wesolowski,  K. B. Whaley,  H. L. Woodcock III,  P. M. Zimmerman,  
 S. Faraji,  P. M. W. Gill,  M. Head-Gordon,  J. M. Herbert,  A. I. Krylov

 Contributors to earlier versions of Q-Chem not listed above: 
 R. D. Adamson,  B. Austin,  R. Baer,  J. Baker,  G. J. O. Beran,  
 K. Brandhorst,  S. T. Brown,  E. F. C. Byrd,  Arup K. Chakraborty,  
 G. K. L. Chan,  Chun-Min Chang,  Yunqing Chen,  C.-L. Cheng,  
 Siu Hung Chien,  D. M. Chipman,  D. L. Crittenden,  H. Dachsel,  
 R. J. Doerksen,  A. D. Dutoi,  R. G. Edgar,  J. Fosso-Tande,  
 L. Fusti-Molnar,  D. Ghosh,  A. Ghysels,  A. Golubeva-Zadorozhnaya,  
 J. Gonthier,  M. S. Gordon,  S. R. Gwaltney,  G. Hawkins,  J. E. Herr,  
 A. Heyden,  S. Hirata,  E. G. Hohenstein,  G. Kedziora,  F. J. Keil,  
 C. Kelley,  Jihan Kim,  R. A. King,  R. Z. Khaliullin,  P. P. Korambath,  
 W. Kurlancheek,  A. Laurent,  A. M. Lee,  M. S. Lee,  S. V. Levchenko,  
 Ching Yeh Lin,  D. Liotard,  E. Livshits,  R. C. Lochan,  I. Lotan,  
 L. A. Martinez-Martinez,  P. E. Maslen,  N. Nair,  D. P. O'Neill,  
 D. Neuhauser,  E. Neuscamman,  C. M. Oana,  R. Olivares-Amaya,  R. Olson,  
 T. M. Perrine,  B. Peters,  P. A. Pieniazek,  A. Prociuk,  Y. M. Rhee,  
 J. Ritchie,  M. A. Rohrdanz,  E. Rosta,  N. J. Russ,  H. F. Schaefer III,  
 M. W. Schmidt,  N. E. Schultz,  S. Sharma,  N. Shenvi,  C. D. Sherrill,  
 A. C. Simmonett,  A. Sodt,  T. Stein,  D. Stuck,  K. S. Thanthiriwatte,  
 V. Vanovschi,  L. Vogt,  Tao Wang,  A. Warshel,  M. A. Watson,  
 C. F. Williams,  Q. Wu,  X. Xu,  Jun Yang,  W. Zhang,  Yan Zhao

   Please cite Q-Chem as follows:
  "Software for the frontiers of quantum chemistry:
   An overview of developments in the Q-Chem 5 package"
   J. Chem. Phys. 155, 084801 (2021)
   https://doi.org/10.1063/5.0055522 (open access)

 Q-Chem 6.1.1 for Intel X86 EM64T Linux

 Parts of Q-Chem use Armadillo 9.900.5 (Nocturnal Misbehaviour).
 http://arma.sourceforge.net/

 Q-Chem begins on Sun Mar 10 19:20:05 2024  

 Host: 
0

     Scratch files written to /scratch/qchemscratch/qchem3935242//
 Jan1824 |scratch|qcdevops|jenkins|workspace|build_RNUM UKVU   
 Processing $rem in /opt/qchem/6.1/config/preferences:
 Processing $rem in /home/mm227274/.qchemrc:

 Q-Chem warning in module libgen/rem_setup.C, line 3361:

 Neither GIA nor STOLL is specified by user. Use STOLL as the default


 Checking the input file for inconsistencies... 	...done.

--------------------------------------------------------------
User input:
--------------------------------------------------------------
$molecule
0 1
--
0 1
H -3.46596 1.02777 -0.07316
N -2.69172 0.37445 -0.04513
C -2.75614 -0.99629 -0.04739
H -3.70221 -1.5221 -0.07948
N -1.5668 -1.58107 -0.00683
C -0.69073 -0.51519 0.02544
C 0.71946 -0.46536 0.05295
N 1.48253 -1.57835 0.12599
N 1.30813 0.74985 0.06098
C 0.52735 1.85589 0.03606
H 1.0664 2.80083 0.04072
N -0.80495 1.93879 0.00629
C -1.35787 0.71237 -0.00277
H 2.48448 -1.47022 -0.03844
H 1.03486 -2.46321 -0.07215
--
0 1
O 5.357551399999999 -0.1612072 -0.1765316
H 5.7815914 -0.05966719999999999 0.6899584
H 4.5953814 0.4605928 -0.14087159999999999
$end

$rem
JOBTYPE          eda
EDA2             2
METHOD           b97m-v
BASIS            aug-cc-pvtz
SCF_CONVERGENCE  8
THRESH           14
SYMMETRY         false
DISP_FREE_X      revPBE
DISP_FREE_C      PBE
EDA_BSSE         true
$end
--------------------------------------------------------------
 ----------------------------------------------------------------
             Standard Nuclear Orientation (Angstroms)
    I     Atom           X                Y                Z
 ----------------------------------------------------------------
    1      H       3.6329195069    -1.0251182910    -0.0765788930
    2      N       2.8590037564    -0.3714016570    -0.0488434579
    3      C       2.9240971336     0.9993049707    -0.0519068624
    4      H       3.8704218851     1.5246311821    -0.0844061759
    5      N       1.7350491314     1.5846929258    -0.0115560459
    6      C       0.8584589798     0.5192625702     0.0214293383
    7      C      -0.5517523022     0.4701416764     0.0491230771
    8      N      -1.3142672012     1.5835488335     0.1216002323
    9      N      -1.1410185445    -0.7447739746     0.0579236715
   10      C      -0.3607849364    -1.8512118854     0.0335605263
   11      H      -0.9002987349    -2.7958839606     0.0388286608
   12      N       0.9714708781    -1.9347839830     0.0036924474
   13      C       1.5249925206    -0.7086413623    -0.0061407350
   14      H      -2.3162883096     1.4758158083    -0.0426569378
   15      H      -0.8661842100     2.4680734475    -0.0771029341
   16      O      -5.1900178418     0.1681352909    -0.1796726670
   17      H      -5.6140123277     0.0673070788     0.6869227177
   18      H      -4.4281495902    -0.4540184225    -0.1437351000
 ----------------------------------------------------------------
 Molecular Point Group                 C1    NOp =  1
 Largest Abelian Subgroup              C1    NOp =  1
 Nuclear Repulsion Energy =         576.15574531 hartrees
 There are       40 alpha and       40 beta electrons
 Requested basis set is aug-cc-pVTZ
 There are 217 shells and 667 basis functions

 Total QAlloc Memory Limit  16000 MB
 Mega-Array Size       188 MB
 MEM_STATIC part       192 MB

 A cutoff of  1.0D-14 yielded  21396 shell pairs
 There are    199328 function pairs (    272189 Cartesian)
 Smallest overlap matrix eigenvalue = 1.52E-06

 Scale SEOQF with 1.000000e-02/1.000000e-01/1.000000e-01

 Standard Electronic Orientation quadrupole field applied
 Nucleus-field energy     =     0.0000000101 hartrees

 -----------------------------------------------------------------------
  General SCF calculation program by
  Eric Jon Sundstrom, Paul Horn, Yuezhi Mao, Dmitri Zuev, Alec White,
  David Stuck, Shaama M.S., Shane Yost, Joonho Lee, David Small,
  Daniel Levine, Susi Lehtola, Hugh Burton, Evgeny Epifanovsky,
  Bang C. Huynh
 -----------------------------------------------------------------------
================================================================
                 ALMO-EDA with the EDA2 driver                  
================================================================
 The second-generation ALMO-EDA (for DFT):                      
 P. R. Horn, Y. Mao and M. Head-Gordon, PCCP, 18, 23067 (2016)  
 Y. Mao et al. Annu. Rev. Phys. Chem. 72, 641 (2021)            
 Decomposition of the frozen energy:                            
 P. R. Horn, Y. Mao and M. Head-Gordon, JCP, 144, 114107 (2016) 
================================================================
 Using eda2 option set 2
 Option set summary: Frozen orbital wavefunction, initial wavefunction decomposition, and traditional AO-based POL.
--------------------------------
Printing EDA Options
--------------------------------
eda_child_super_basis      0
fragmo_guess_mode          0
child_mp                   0
child_mp_orders            0
cls_elec                   1
cls_disp                   0
scfmi_mode                 1
scfmi_occs                 0
scfmi_virts                0
frz_relax                  0
frz_relax_method           0
dc_pen_start               0
dc_pen_conv                0
dc_pen_increment           0
dc_pen_steps               0
dc_pen_thresh_factor       0
dc_pen_pre_newton_thresh   0
frz_ortho_decomp           1
frz_ortho_decomp_conv      6
plot_mo_ortho_frz          0
frgm_method                2
scfmi_freeze_ss            0
separate_rehyb             0
plot_diff_den              0
eda_nocv                   0
eda_vct_relax              1
disp_free_x                33
disp_free_c                25
eda_bsse                   1
eda_pct_a                  0
eda_covp                   0
eda_vct_a                  0
--------------------------------
 Attempting to make child job directory: /scratch/qchemscratch/qchem3935242//Frg1/
 Attempting to make child job directory: /scratch/qchemscratch/qchem3935242//Frg2/
 Creating input file /scratch/qchemscratch/qchem3935242/Frg1.input
 using default PutDataFrgm: nothing
 calling putenv with: QCSCRATCH=/scratch/qchemscratch/qchem3935242/ 
 Spawning Job For Fragment 0
 Done Job For Fragment 0
 calling putenv with: QCSCRATCH=/scratch/qchemscratch 
 calling putenv with: QCTHREADS=1 
 Creating input file /scratch/qchemscratch/qchem3935242/Frg2.input
 using default PutDataFrgm: nothing
 calling putenv with: QCSCRATCH=/scratch/qchemscratch/qchem3935242/ 
 Spawning Job For Fragment 1
 Done Job For Fragment 1
 calling putenv with: QCSCRATCH=/scratch/qchemscratch 
 calling putenv with: QCTHREADS=1 
Doing General SCFMI
 Exchange:  B97M-V      Correlation:  B97M-V
 Using SG-2 standard quadrature grid
 Nonlocal Correlation:  VV10 with C = 0.0100 and b = 6.00 and scale = 1.00000
 Grid used for NLC:  SG-1 standard quadrature
performing fock build before subrot guess so that all methods have access
Printing subrot_rss_gen Method Specification:
Occupied Subspace Method is 0
Virtual Subspace Method is 0
Energy of the unrelaxed supersystem initial determinant -543.892427705410
write pseudocanon occs and virts to disk
write pseudocanon orbital energies to disk
Tolerance of ortho_decomp_scf: 1.00e-06
GDM subspace size: 20
Beginning the Orthogonal Decomposition of the Initial Supersystem Wavefunction
    1    -543.8854621648      1.65e-02     ortho_decomp Preconditoned Steepest Descent
    2    -543.8857337803      3.13e-05     ortho_decomp BFGS Step
    3    -543.8857337852      2.25e-07     ortho_decomp 00000 Convergence criterion met
 Exchange:  revPBE      Correlation:  PBE
 Using SG-2 standard quadrature grid
 Exchange:  revPBE      Correlation:  PBE
 Using SG-2 standard quadrature grid
 Exchange:  revPBE      Correlation:  PBE
 Using SG-2 standard quadrature grid
Doing General SCFMI
 Exchange:  B97M-V      Correlation:  B97M-V
 Using SG-2 standard quadrature grid
 Nonlocal Correlation:  VV10 with C = 0.0100 and b = 6.00 and scale = 1.00000
 Grid used for NLC:  SG-1 standard quadrature
performing fock build at end of subrot_r(subrot) constructor so that all methods have access
<S^2> of initial wavefunction before polarization iterations 0.0000000000
Beginning iterations for the determination of the polarized wavefunction
Energy prior to optimization (guess energy) = -543.892427705410
Begin Timing: Total SCF Calculation
begin iterations for algorithm: DIIS         
the SCF tolerance is set to 1.00e-08
    1    -543.8924277054      2.55e-05     00000 
    2    -543.8926867482      1.95e-05     00000 
    3    -543.8927009153      1.96e-05     00000 
    4    -543.8927644070      2.94e-06     00000 
    5    -543.8927648637      2.45e-06     00000 
    6    -543.8927657062      8.79e-07     00000 
    7    -543.8927658117      4.86e-07     00000 
    8    -543.8927658477      1.09e-07     00000 
    9    -543.8927658492      5.99e-08     00000 
   10    -543.8927658497      1.84e-08     00000 
   11    -543.8927658497      4.11e-09     00000 Convergence criterion met
write pseudocanon occs and virts to disk
write pseudocanon orbital energies to disk
Timing for Total SCF: 2961.00s (wall), 2933.37s (cpu)
<S^2> of polarized wavefunction after polarization iterations 0.0000000000
relaxing scfmi constraint to allow all rotations in the entire AO span
Doing General SCFMI
 Exchange:  B97M-V      Correlation:  B97M-V
 Using SG-2 standard quadrature grid
 Nonlocal Correlation:  VV10 with C = 0.0100 and b = 6.00 and scale = 1.00000
 Grid used for NLC:  SG-1 standard quadrature
performing fock build at end of subrot_r(subrot) constructor so that all methods have access
<S^2> of polarized wavefunction before ct-allowed iterations 0.0000000000
Beginning iterations for the determination of the CT-Allowed wavefunction
Energy prior to optimization (guess energy) = -543.892765849734
Begin Timing: Total SCF Calculation
begin iterations for algorithm: DIIS         
the SCF tolerance is set to 1.00e-08
    1    -543.8927658497      2.95e-05     00000 
    2    -543.8931498919      1.85e-06     00000 
    3    -543.8931488464      3.05e-06     00000 
    4    -543.8931506608      6.01e-07     00000 
    5    -543.8931507160      3.50e-07     00000 
    6    -543.8931507388      1.26e-07     00000 
    7    -543.8931507415      4.62e-08     00000 
    8    -543.8931507420      1.54e-08     00000 
    9    -543.8931507420      5.44e-09     00000 Convergence criterion met
write pseudocanon occs and virts to disk
write pseudocanon orbital energies to disk
Timing for Total SCF: 2330.00s (wall), 2307.83s (cpu)
<S^2> of ct_allowed wavefunction after ct-allowed iterations 0.0000000000
 Attempting to make child job directory: /scratch/qchemscratch/qchem3935242//FrgBSSE1/
 Attempting to make child job directory: /scratch/qchemscratch/qchem3935242//FrgBSSE2/
 Creating input file /scratch/qchemscratch/qchem3935242/FrgBSSE1.input
 calling putenv with: QCSCRATCH=/scratch/qchemscratch/qchem3935242/ 
 Spawning Job For Fragment 0
 Done Job For Fragment 0
 calling putenv with: QCSCRATCH=/scratch/qchemscratch 
 calling putenv with: QCTHREADS=1 
 Creating input file /scratch/qchemscratch/qchem3935242/FrgBSSE2.input
 calling putenv with: QCSCRATCH=/scratch/qchemscratch/qchem3935242/ 
 Spawning Job For Fragment 1
 Done Job For Fragment 1
 calling putenv with: QCSCRATCH=/scratch/qchemscratch 
 calling putenv with: QCTHREADS=1 
====================================================================
   Evaluating the BSSE with fragment SCF in the supersystem basis
   Fragment contributions (kJ/mol) 
   Frgm 1: -0.0066
   Frgm 2: 0.0584
   BSSE (kJ/mol) = 0.0518
====================================================================

================================
        Results of EDA2         
================================
Basic EDA Quantities
--------------------
Fragment Energies (Ha):
1 -467.4556924335
2  -76.4324821436
--------------------
  E_prp (kJ/mol) = -0.0000
  E_frz (kJ/mol) = -11.1667
  E_pol (kJ/mol) = -0.8878
  E_vct (kJ/mol) = -0.9588 (CP-corrected)
  E_int (kJ/mol) = -13.0133 (CP-corrected)
--------------------


Decomposition of frozen interaction energy
--------------------
  --------------------
  Orthogonal Frozen Decomposition:
  --------------------
     E_elec   (ELEC)   (kJ/mol) = -13.4997
     E_pauli  (PAULI)  (kJ/mol) = 4.6001
     E_disp   (DISP)   (kJ/mol) = -2.2671
  --------------------
  Classical Frozen Decomposition:
  --------------------
     E_cls_elec  (CLS ELEC)  (kJ/mol) = -10.4571
     E_mod_pauli (MOD PAULI) (kJ/mol) = 1.5574 (FRZ - CLS ELEC - DISP)
     E_disp      (DISP)      (kJ/mol) = -2.2671
  --------------------
--------------------

Simplified EDA Summary (kJ/mol)
--------------------
 PREPARATION      -0.0000
 FROZEN           -11.1667 (ELEC + PAULI + DISP)
[ELEC + PAULI = -8.8996, DISP = -2.2671]
 POLARIZATION    -0.8878
 CHARGE TRANSFER -0.9588     (counterpoise-corrected)
 TOTAL           -13.0133     (PRP + FRZ + POL + CT)
--------------------
 
 --------------------------------------------------------------
 
                    Orbital Energies (a.u.)
 --------------------------------------------------------------
 
 Alpha MOs
 -- Occupied --
-19.1593 -14.4100 -14.3651 -14.3425 -14.3357 -14.3311 -10.2723 -10.2613
-10.2568 -10.2450 -10.2110  -1.0256  -0.9990  -0.9657  -0.9265  -0.8806
 -0.8493  -0.7496  -0.6470  -0.6306  -0.6114  -0.5566  -0.5258  -0.4941
 -0.4929  -0.4753  -0.4441  -0.4351  -0.4183  -0.3967  -0.3815  -0.3624
 -0.3384  -0.3056  -0.2824  -0.2809  -0.2703  -0.2537  -0.2358  -0.2109
 -- Virtual --
 -0.0552  -0.0297  -0.0286  -0.0213  -0.0034  -0.0025   0.0060   0.0119
  0.0205   0.0256   0.0331   0.0397   0.0471   0.0535   0.0600   0.0620
  0.0646   0.0689   0.0723   0.0746   0.0797   0.0843   0.0880   0.0913
  0.0987   0.1051   0.1071   0.1083   0.1159   0.1221   0.1289   0.1337
  0.1363   0.1398   0.1426   0.1440   0.1458   0.1489   0.1553   0.1591
  0.1631   0.1673   0.1733   0.1773   0.1795   0.1832   0.1868   0.1924
  0.1946   0.1988   0.1991   0.2086   0.2126   0.2171   0.2200   0.2297
  0.2359   0.2390   0.2407   0.2429   0.2493   0.2533   0.2557   0.2616
  0.2632   0.2697   0.2713   0.2755   0.2800   0.2890   0.2946   0.3045
  0.3077   0.3113   0.3157   0.3225   0.3273   0.3280   0.3345   0.3403
  0.3428   0.3480   0.3536   0.3563   0.3583   0.3666   0.3680   0.3726
  0.3788   0.3853   0.3912   0.3937   0.3985   0.4003   0.4064   0.4081
  0.4142   0.4204   0.4224   0.4282   0.4332   0.4398   0.4451   0.4502
  0.4529   0.4635   0.4769   0.4820   0.4867   0.4906   0.5001   0.5025
  0.5146   0.5172   0.5266   0.5309   0.5357   0.5420   0.5446   0.5518
  0.5568   0.5612   0.5667   0.5739   0.5808   0.5859   0.5879   0.6031
  0.6098   0.6174   0.6227   0.6237   0.6279   0.6426   0.6483   0.6501
  0.6562   0.6615   0.6694   0.6709   0.6796   0.6872   0.6957   0.6980
  0.7040   0.7051   0.7167   0.7202   0.7263   0.7369   0.7487   0.7535
  0.7551   0.7601   0.7679   0.7796   0.7831   0.7858   0.7912   0.8023
  0.8070   0.8139   0.8153   0.8199   0.8236   0.8313   0.8366   0.8460
  0.8490   0.8525   0.8536   0.8611   0.8679   0.8753   0.8781   0.8817
  0.8915   0.8967   0.9055   0.9144   0.9193   0.9236   0.9271   0.9304
  0.9410   0.9432   0.9487   0.9641   0.9656   0.9686   0.9744   0.9768
  0.9869   0.9913   0.9982   1.0024   1.0073   1.0103   1.0225   1.0306
  1.0370   1.0483   1.0502   1.0592   1.0734   1.0748   1.0765   1.0863
  1.0934   1.0991   1.1034   1.1106   1.1156   1.1318   1.1424   1.1449
  1.1601   1.1670   1.1686   1.1713   1.1772   1.1814   1.1880   1.1956
  1.2075   1.2172   1.2267   1.2334   1.2379   1.2465   1.2485   1.2568
  1.2728   1.2820   1.2899   1.2945   1.3161   1.3176   1.3238   1.3361
  1.3438   1.3480   1.3566   1.3621   1.3801   1.3829   1.3933   1.4022
  1.4092   1.4129   1.4225   1.4268   1.4391   1.4462   1.4518   1.4596
  1.4732   1.4784   1.4840   1.4954   1.5008   1.5031   1.5201   1.5340
  1.5375   1.5392   1.5573   1.5744   1.5780   1.5820   1.5994   1.6111
  1.6187   1.6320   1.6402   1.6548   1.6627   1.6721   1.6807   1.7111
  1.7135   1.7242   1.7329   1.7500   1.7546   1.7661   1.7723   1.7854
  1.8104   1.8153   1.8237   1.8431   1.8466   1.8603   1.8768   1.8832
  1.8903   1.9003   1.9107   1.9214   1.9360   1.9499   1.9587   1.9702
  1.9856   1.9916   1.9996   2.0068   2.0127   2.0205   2.0244   2.0482
  2.0736   2.0748   2.0824   2.0928   2.1005   2.1105   2.1215   2.1272
  2.1309   2.1504   2.1618   2.1699   2.1781   2.1828   2.1971   2.2066
  2.2162   2.2266   2.2375   2.2419   2.2531   2.2620   2.2695   2.2777
  2.2809   2.2856   2.2915   2.3121   2.3200   2.3306   2.3482   2.3704
  2.3723   2.3872   2.3965   2.4152   2.4191   2.4349   2.4507   2.4651
  2.4732   2.4791   2.4942   2.5066   2.5330   2.5416   2.5474   2.5728
  2.5815   2.5925   2.6091   2.6164   2.6292   2.6370   2.6509   2.6686
  2.6793   2.6879   2.6985   2.7240   2.7810   2.8031   2.8131   2.8307
  2.8511   2.8585   2.8878   2.9210   2.9306   2.9510   2.9771   3.0051
  3.0259   3.0282   3.0783   3.1130   3.1260   3.1715   3.1790   3.2012
  3.2055   3.2356   3.2592   3.2643   3.2768   3.2787   3.3012   3.3182
  3.3323   3.3559   3.3874   3.3978   3.4183   3.4215   3.4389   3.4524
  3.4680   3.4773   3.4840   3.4977   3.5260   3.5398   3.5629   3.5707
  3.5773   3.5844   3.6090   3.6137   3.6290   3.6421   3.6662   3.6709
  3.6779   3.6982   3.7078   3.7254   3.7309   3.7454   3.7687   3.7761
  3.7941   3.7961   3.8336   3.8415   3.8539   3.8623   3.8754   3.9062
  3.9252   3.9290   3.9378   3.9441   3.9478   3.9688   3.9765   3.9889
  3.9918   4.0072   4.0247   4.0295   4.0455   4.0560   4.0749   4.0941
  4.1028   4.1075   4.1382   4.1458   4.1518   4.1667   4.1805   4.1888
  4.2068   4.2231   4.2337   4.2516   4.2573   4.2656   4.2721   4.2856
  4.2947   4.3088   4.3182   4.3273   4.3315   4.3383   4.3648   4.3802
  4.3824   4.4251   4.4342   4.4472   4.4563   4.4774   4.4915   4.5323
  4.5528   4.5939   4.6004   4.6095   4.6219   4.6365   4.6547   4.6778
  4.7125   4.7176   4.7229   4.7369   4.7708   4.8065   4.8210   4.8413
  4.8559   4.9047   4.9118   4.9520   4.9614   4.9744   4.9941   5.0046
  5.0080   5.0303   5.0476   5.0788   5.0815   5.0905   5.1089   5.1192
  5.1350   5.1483   5.1516   5.1667   5.1890   5.1977   5.2281   5.2563
  5.2726   5.2856   5.3029   5.3182   5.3243   5.3418   5.3665   5.3962
  5.4126   5.4154   5.4257   5.4311   5.4426   5.4582   5.4607   5.4801
  5.4944   5.5133   5.5186   5.5237   5.5425   5.5598   5.5671   5.5937
  5.6141   5.6343   5.6646   5.6992   5.7166   5.7284   5.7405   5.7489
  5.7563   5.7721   5.8079   5.8301   5.8477   5.8734   5.9063   5.9510
  5.9571   5.9832   6.0031   6.0177   6.0243   6.0922   6.1135   6.1144
  6.2017   6.2361   6.2849   6.3185   6.3269   6.3674   6.4002   6.4188
  6.4647   6.5257   6.5329   6.5550   6.5673   6.5949   6.6622   6.6779
  6.7373   6.7844   6.7926   6.8377   6.8788   6.9196   6.9546   6.9673
  7.0222   7.0791   7.0950   7.1036   7.1456   7.1522   7.1802   7.2376
  7.3159   7.3713   7.4609   7.5909   7.6591   7.6800   7.7604   8.5615
 15.0722  15.6389  15.7709  15.8832  17.2822  17.6060  18.4419  18.7680
 18.8275  19.4308  20.4625
 --------------------------------------------------------------
 
          Ground-State Mulliken Net Atomic Charges

     Atom                 Charge (a.u.)
  ----------------------------------------
      1 H                     0.073788
      2 N                     0.167417
      3 C                    -1.029912
      4 H                     0.800356
      5 N                    -0.493891
      6 C                     1.070918
      7 C                     0.063052
      8 N                    -0.324724
      9 N                    -0.184929
     10 C                    -0.800014
     11 H                     0.743832
     12 N                    -0.290600
     13 C                    -0.039080
     14 H                     0.169780
     15 H                     0.074091
     16 O                    -0.545728
     17 H                     0.244906
     18 H                     0.300738
  ----------------------------------------
  Sum of atomic charges =     0.000000

 -----------------------------------------------------------------
                    Cartesian Multipole Moments
 -----------------------------------------------------------------
    Charge (ESU x 10^10)
                -0.0000
    Dipole Moment (Debye)
         X       2.6627      Y       0.3580      Z       0.7743
       Tot       2.7960
    Quadrupole Moments (Debye-Ang)
        XX     -51.3148     XY       0.1136     YY     -65.9685
        XZ      -7.8231     YZ      -0.7529     ZZ     -65.6398
    Octopole Moments (Debye-Ang^2)
       XXX      76.0817    XXY     -14.4075    XYY     -23.3631
       YYY      11.8069    XXZ      45.1414    XYZ       0.2807
       YYZ      -2.2338    XZZ     -10.7128    YZZ      -0.5332
       ZZZ       0.2226
    Hexadecapole Moments (Debye-Ang^3)
      XXXX   -1942.1152   XXXY      36.5311   XXYY    -452.3338
      XYYY      -4.5026   YYYY    -640.0344   XXXZ    -289.9952
      XXYZ       3.7313   XYYZ       1.5357   YYYZ      -5.3883
      XXZZ    -365.7774   XYZZ      -2.9699   YYZZ    -126.3339
      XZZZ      -3.9990   YZZZ      -0.7120   ZZZZ     -71.3056
 -----------------------------------------------------------------
 Total job time:  18943.15s(wall), 10344.80s(cpu) 
 Mon Mar 11 00:35:49 2024

        *************************************************************
        *                                                           *
        *  Thank you very much for using Q-Chem.  Have a nice day.  *
        *                                                           *
        *************************************************************


