
Running Job 1 of 1 A-wat_1_1.1.inp
qchem A-wat_1_1.1.inp_3934205.0 /scratch/qchemscratch/qchem3934205/ 1
/opt/qchem/6.1/exe/qcprog.exe_s A-wat_1_1.1.inp_3934205.0 /scratch/qchemscratch/qchem3934205/
                  Welcome to Q-Chem
     A Quantum Leap Into The Future Of Chemistry


 Q-Chem 6.1, Q-Chem, Inc., Pleasanton, CA (2023)

 License issued to: SRG Pengyu Ren, University of Texas at Austin

 E. Epifanovsky,  A. T. B. Gilbert,  Xintian Feng,  Joonho Lee,  Yuezhi Mao,  
 N. Mardirossian,  P. Pokhilko,  A. White,  M. Wormit,  M. P. Coons,  
 A. L. Dempwolff,  Zhengting Gan,  D. Hait,  P. R. Horn,  L. D. Jacobson,  
 I. Kaliman,  J. Kussmann,  A. W. Lange,  Ka Un Lao,  D. S. Levine,  Jie Liu,  
 S. C. McKenzie,  A. F. Morrison,  K. D. Nanda,  F. Plasser,  D. R. Rehn,  
 M. L. Vidal,  Zhi-Qiang You,  Ying Zhu,  B. Alam,  B. Albrecht,  
 A. Aldossary,  E. Alguire,  J. H. Andersen,  V. Athavale,  D. Barton,  
 K. Begam,  A. Behn,  N. Bellonzi,  Y. A. Bernard,  E. J. Berquist,  
 H. Burton,  A. Carreras,  K. Carter-Fenk,  Mathew Chow,  Romit Chakraborty,  
 Chandrima Chakravarty,  Junhan Chen,  A. D. Chien,  K. D. Closser,  
 V. Cofer-Shabica,  L. Cunha,  S. Dasgupta,  Jia Deng,  M. de Wergifosse,  
 M. Diedenhofen,  Hainam Do,  S. Ehlert,  Po-Tung Fang,  S. Fatehi,  
 Qingguo Feng,  T. Friedhoff,  Thomas Froitzheim,  B. Ganoe,  J. Gayvert,  
 Qinghui Ge,  G. Gidofalvi,  M. Gimferrer,  M. Goldey,  Montgomery Gray,  
 J. Gomes,  C. Gonzalez-Espinoza,  S. Gulania,  A. Gunina,  J. A. Gyamfi,  
 M. W. D. Hanson-Heine,  P. H. P. Harbach,  A. W. Hauser,  M. F. Herbst,  
 M. Hernandez Vera,  M. Hodecker,  Z. C. Holden,  S. Houck,  Xunkun Huang,  
 Kerwin Hui,  B. C. Huynh,  K. Ikeda,  M. Ivanov,  Hyunjun Ji,  Zuxin Jin,  
 Hanjie Jiang,  Subrata Jana,  B. Kaduk,  S. Kaehler,  R. Kang,  
 K. Khistyaev,  Jaehoon Kim,  Yongbin Kim,  P. Klunzinger,  Z. Koczor-Benda,  
 Joong Hoon Koh,  D. Kosenkov,  Saikiran Kotaru,  L. Koulias,  T. Kowalczyk,  
 C. M. Krauter,  K. Kue,  A. Kunitsa,  T. Kus,  A. Landau,  K. V. Lawler,  
 D. Lefrancois,  S. Lehtola,  Rain Li,  Shaozhi Li,  Yi-Pei Li,  
 Jiashu Liang,  M. Liebenthal,  Hung-Hsuan Lin,  You-Sheng Lin,  Fenglai Liu,  
 Kuan-Yu Liu,  Xiao Liu,  M. Loipersberger,  A. Luenser,  C. Malbon,  
 A. Manjanath,  P. Manohar,  E. Mansoor,  S. F. Manzer,  Shan-Ping Mao,  
 A. V. Marenich,  T. Markovich,  S. Mason,  F. Matz,  S. A. Maurer,  
 P. F. McLaughlin,  M. F. S. J. Menger,  J.-M. Mewes,  S. A. Mewes,  
 P. Morgante,  Mohammad Mostafanejad,  J. W. Mullinax,  K. J. Oosterbaan,  
 G. Paran,  V. Parravicini,  Alexander C. Paul,  Suranjan K. Paul,  
 F. Pavosevic,  Zheng Pei,  S. Prager,  E. I. Proynov,  E. Ramos,  B. Rana,  
 A. E. Rask,  A. Rettig,  R. M. Richard,  F. Rob,  E. Rossomme,  T. Scheele,  
 M. Scheurer,  M. Schneider,  P. E. Schneider,  Tim K. Schramm,  N. Sergueev,  
 S. M. Sharada,  M. Sharma,  Hengyuan Shen,  W. Skomorowski,  D. W. Small,  
 C. J. Stein,  Alistair J. Sterling,  Yingli Su,  Yu-Chuan Su,  
 E. J. Sundstrom,  J. Talbot,  Zhen Tao,  J. Thirman,  Hung-Yi Tsai,  
 T. Tsuchimochi,  N. M. Tubman,  C. Utku,  S. P. Veccham,  O. Vydrov,  
 J. Wenzel,  Jonathan Wong,  J. Witte,  A. Yamada,  Chou-Hsun Yang,  Kun Yao,  
 S. Yeganeh,  S. R. Yost,  A. Zech,  F. Zeller,  Igor Ying Zhang,  
 Xing Zhang,  Yu Zhang,  D. Zuev,  A. Aspuru-Guzik,  A. T. Bell,  
 N. A. Besley,  K. B. Bravaya,  B. R. Brooks,  D. Casanova,  Jeng-Da Chai,  
 Hsing-Ta Chen,  S. Coriani,  C. J. Cramer,  A. E. DePrince, III,  
 R. A. DiStasio Jr.,  A. Dreuw,  B. D. Dunietz,  T. R. Furlani,  
 W. A. Goddard III,  S. Grimme,  S. Hammes-Schiffer,  T. Head-Gordon,  
 W. J. Hehre,  Chao-Ping Hsu,  T.-C. Jagau,  Yousung Jung,  A. Klamt,  
 Jing Kong,  D. S. Lambrecht,  Xiangyuan Li,  WanZhen Liang,  N. J. Mayhall,  
 C. W. McCurdy,  J. B. Neaton,  T. Neudecker,  C. Ochsenfeld,  
 J. A. Parkhill,  R. Peverati,  V. A. Rassolov,  Haisheng Ren,  Yihan Shao,  
 L. V. Slipchenko,  R. P. Steele,  J. E. Subotnik,  A. J. W. Thom,  
 A. Tkatchenko,  D. G. Truhlar,  T. Van Voorhis,  Fan Wang,  
 T. A. Wesolowski,  K. B. Whaley,  H. L. Woodcock III,  P. M. Zimmerman,  
 S. Faraji,  P. M. W. Gill,  M. Head-Gordon,  J. M. Herbert,  A. I. Krylov

 Contributors to earlier versions of Q-Chem not listed above: 
 R. D. Adamson,  B. Austin,  R. Baer,  J. Baker,  G. J. O. Beran,  
 K. Brandhorst,  S. T. Brown,  E. F. C. Byrd,  Arup K. Chakraborty,  
 G. K. L. Chan,  Chun-Min Chang,  Yunqing Chen,  C.-L. Cheng,  
 Siu Hung Chien,  D. M. Chipman,  D. L. Crittenden,  H. Dachsel,  
 R. J. Doerksen,  A. D. Dutoi,  R. G. Edgar,  J. Fosso-Tande,  
 L. Fusti-Molnar,  D. Ghosh,  A. Ghysels,  A. Golubeva-Zadorozhnaya,  
 J. Gonthier,  M. S. Gordon,  S. R. Gwaltney,  G. Hawkins,  J. E. Herr,  
 A. Heyden,  S. Hirata,  E. G. Hohenstein,  G. Kedziora,  F. J. Keil,  
 C. Kelley,  Jihan Kim,  R. A. King,  R. Z. Khaliullin,  P. P. Korambath,  
 W. Kurlancheek,  A. Laurent,  A. M. Lee,  M. S. Lee,  S. V. Levchenko,  
 Ching Yeh Lin,  D. Liotard,  E. Livshits,  R. C. Lochan,  I. Lotan,  
 L. A. Martinez-Martinez,  P. E. Maslen,  N. Nair,  D. P. O'Neill,  
 D. Neuhauser,  E. Neuscamman,  C. M. Oana,  R. Olivares-Amaya,  R. Olson,  
 T. M. Perrine,  B. Peters,  P. A. Pieniazek,  A. Prociuk,  Y. M. Rhee,  
 J. Ritchie,  M. A. Rohrdanz,  E. Rosta,  N. J. Russ,  H. F. Schaefer III,  
 M. W. Schmidt,  N. E. Schultz,  S. Sharma,  N. Shenvi,  C. D. Sherrill,  
 A. C. Simmonett,  A. Sodt,  T. Stein,  D. Stuck,  K. S. Thanthiriwatte,  
 V. Vanovschi,  L. Vogt,  Tao Wang,  A. Warshel,  M. A. Watson,  
 C. F. Williams,  Q. Wu,  X. Xu,  Jun Yang,  W. Zhang,  Yan Zhao

   Please cite Q-Chem as follows:
  "Software for the frontiers of quantum chemistry:
   An overview of developments in the Q-Chem 5 package"
   J. Chem. Phys. 155, 084801 (2021)
   https://doi.org/10.1063/5.0055522 (open access)

 Q-Chem 6.1.1 for Intel X86 EM64T Linux

 Parts of Q-Chem use Armadillo 9.900.5 (Nocturnal Misbehaviour).
 http://arma.sourceforge.net/

 Q-Chem begins on Sun Mar 10 19:13:54 2024  

 Host: 
0

     Scratch files written to /scratch/qchemscratch/qchem3934205//
 Jan1824 |scratch|qcdevops|jenkins|workspace|build_RNUM UKVU   
 Processing $rem in /opt/qchem/6.1/config/preferences:
 Processing $rem in /home/mm227274/.qchemrc:

 Q-Chem warning in module libgen/rem_setup.C, line 3361:

 Neither GIA nor STOLL is specified by user. Use STOLL as the default


 Checking the input file for inconsistencies... 	...done.

--------------------------------------------------------------
User input:
--------------------------------------------------------------
$molecule
0 1
--
0 1
H 1.84086 2.75515 -0.02875
N 1.0969 2.0673 -0.00392
C -0.24861 2.30169 0.02623
H -0.66031 3.30288 0.02832
N -0.96776 1.18677 0.05175
C -0.02223 0.17505 0.03552
C -0.12426 -1.23821 0.02676
N -1.30186 -1.89412 0.10029
N 1.01703 -1.95319 -0.00939
C 2.19681 -1.2996 -0.0363
H 3.07766 -1.9378 -0.06472
N 2.43049 0.01927 -0.03512
C 1.27362 0.69939 -0.00293
H -1.2633 -2.89297 -0.05583
H -2.18155 -1.39652 -0.05745
--
0 1
O -3.9373619333333334 -0.015316266666666644 -0.1618514
H -4.340161933333333 0.05199373333333336 0.7180386
H -3.202101933333333 0.6387637333333334 -0.1372914
$end

$rem
JOBTYPE          eda
EDA2             2
METHOD           b97m-v
BASIS            aug-cc-pvtz
SCF_CONVERGENCE  8
THRESH           14
SYMMETRY         false
DISP_FREE_X      revPBE
DISP_FREE_C      PBE
EDA_BSSE         true
$end
--------------------------------------------------------------
 ----------------------------------------------------------------
             Standard Nuclear Orientation (Angstroms)
    I     Atom           X                Y                Z
 ----------------------------------------------------------------
    1      H       1.8647921379    -2.7689917474     0.0290509365
    2      N       1.1268850749    -2.0746349987     0.0047095114
    3      C      -0.2206486518    -2.2972010711    -0.0246512357
    4      H      -0.6411238768    -3.2947378471    -0.0265590709
    5      N      -0.9299976392    -1.1760085527    -0.0496702287
    6      C       0.0243878076    -0.1726298824    -0.0339407932
    7      C      -0.0652253377     1.2414708074    -0.0250296004
    8      N      -1.2370651065     1.9076992633    -0.0978138695
    9      N       1.0823192042     1.9464008775     0.0104838846
   10      C       2.2563314195     1.2824764134     0.0366470073
   11      H       3.1427673419     1.9129164915     0.0645812572
   12      N       2.4784226878    -0.0383942500     0.0352431512
   13      C       1.3156071660    -0.7083291537     0.0037012028
   14      H      -1.1896440045     2.9061614461     0.0583468136
   15      H      -2.1209955215     1.4178307226     0.0604201284
   16      O      -3.8888033692     0.0520880405     0.1657827903
   17      H      -4.2927041148    -0.0116222306    -0.7138705944
   18      H      -3.1593289781    -0.6084202170     0.1407415798
 ----------------------------------------------------------------
 Molecular Point Group                 C1    NOp =  1
 Largest Abelian Subgroup              C1    NOp =  1
 Nuclear Repulsion Energy =         594.16971791 hartrees
 There are       40 alpha and       40 beta electrons
 Requested basis set is aug-cc-pVTZ
 There are 217 shells and 667 basis functions

 Total QAlloc Memory Limit  16000 MB
 Mega-Array Size       188 MB
 MEM_STATIC part       192 MB

 A cutoff of  1.0D-14 yielded  22104 shell pairs
 There are    207388 function pairs (    283769 Cartesian)
 Smallest overlap matrix eigenvalue = 1.45E-06

 Scale SEOQF with 1.000000e-01/1.000000e-01/1.000000e-01

 Standard Electronic Orientation quadrupole field applied
 Nucleus-field energy     =     0.0000000229 hartrees

 -----------------------------------------------------------------------
  General SCF calculation program by
  Eric Jon Sundstrom, Paul Horn, Yuezhi Mao, Dmitri Zuev, Alec White,
  David Stuck, Shaama M.S., Shane Yost, Joonho Lee, David Small,
  Daniel Levine, Susi Lehtola, Hugh Burton, Evgeny Epifanovsky,
  Bang C. Huynh
 -----------------------------------------------------------------------
================================================================
                 ALMO-EDA with the EDA2 driver                  
================================================================
 The second-generation ALMO-EDA (for DFT):                      
 P. R. Horn, Y. Mao and M. Head-Gordon, PCCP, 18, 23067 (2016)  
 Y. Mao et al. Annu. Rev. Phys. Chem. 72, 641 (2021)            
 Decomposition of the frozen energy:                            
 P. R. Horn, Y. Mao and M. Head-Gordon, JCP, 144, 114107 (2016) 
================================================================
 Using eda2 option set 2
 Option set summary: Frozen orbital wavefunction, initial wavefunction decomposition, and traditional AO-based POL.
--------------------------------
Printing EDA Options
--------------------------------
eda_child_super_basis      0
fragmo_guess_mode          0
child_mp                   0
child_mp_orders            0
cls_elec                   1
cls_disp                   0
scfmi_mode                 1
scfmi_occs                 0
scfmi_virts                0
frz_relax                  0
frz_relax_method           0
dc_pen_start               0
dc_pen_conv                0
dc_pen_increment           0
dc_pen_steps               0
dc_pen_thresh_factor       0
dc_pen_pre_newton_thresh   0
frz_ortho_decomp           1
frz_ortho_decomp_conv      6
plot_mo_ortho_frz          0
frgm_method                2
scfmi_freeze_ss            0
separate_rehyb             0
plot_diff_den              0
eda_nocv                   0
eda_vct_relax              1
disp_free_x                33
disp_free_c                25
eda_bsse                   1
eda_pct_a                  0
eda_covp                   0
eda_vct_a                  0
--------------------------------
 Attempting to make child job directory: /scratch/qchemscratch/qchem3934205//Frg1/
 Attempting to make child job directory: /scratch/qchemscratch/qchem3934205//Frg2/
 Creating input file /scratch/qchemscratch/qchem3934205/Frg1.input
 using default PutDataFrgm: nothing
 calling putenv with: QCSCRATCH=/scratch/qchemscratch/qchem3934205/ 
 Spawning Job For Fragment 0
 Done Job For Fragment 0
 calling putenv with: QCSCRATCH=/scratch/qchemscratch 
 calling putenv with: QCTHREADS=1 
 Creating input file /scratch/qchemscratch/qchem3934205/Frg2.input
 using default PutDataFrgm: nothing
 calling putenv with: QCSCRATCH=/scratch/qchemscratch/qchem3934205/ 
 Spawning Job For Fragment 1
 Done Job For Fragment 1
 calling putenv with: QCSCRATCH=/scratch/qchemscratch 
 calling putenv with: QCTHREADS=1 
Doing General SCFMI
 Exchange:  B97M-V      Correlation:  B97M-V
 Using SG-2 standard quadrature grid
 Nonlocal Correlation:  VV10 with C = 0.0100 and b = 6.00 and scale = 1.00000
 Grid used for NLC:  SG-1 standard quadrature
performing fock build before subrot guess so that all methods have access
Printing subrot_rss_gen Method Specification:
Occupied Subspace Method is 0
Virtual Subspace Method is 0
Energy of the unrelaxed supersystem initial determinant -543.896856389329
write pseudocanon occs and virts to disk
write pseudocanon orbital energies to disk
Tolerance of ortho_decomp_scf: 1.00e-06
GDM subspace size: 20
Beginning the Orthogonal Decomposition of the Initial Supersystem Wavefunction
    1    -543.8539467617      7.18e-02     ortho_decomp Preconditoned Steepest Descent
    2    -543.8583431643      2.05e-04     ortho_decomp BFGS Step
    3    -543.8583433679      2.95e-06     ortho_decomp BFGS Step
    4    -543.8583433679      1.36e-08     ortho_decomp 00000 Convergence criterion met
 Exchange:  revPBE      Correlation:  PBE
 Using SG-2 standard quadrature grid
 Exchange:  revPBE      Correlation:  PBE
 Using SG-2 standard quadrature grid
 Exchange:  revPBE      Correlation:  PBE
 Using SG-2 standard quadrature grid
Doing General SCFMI
 Exchange:  B97M-V      Correlation:  B97M-V
 Using SG-2 standard quadrature grid
 Nonlocal Correlation:  VV10 with C = 0.0100 and b = 6.00 and scale = 1.00000
 Grid used for NLC:  SG-1 standard quadrature
performing fock build at end of subrot_r(subrot) constructor so that all methods have access
<S^2> of initial wavefunction before polarization iterations 0.0000000000
Beginning iterations for the determination of the polarized wavefunction
Energy prior to optimization (guess energy) = -543.896856389329
Begin Timing: Total SCF Calculation
begin iterations for algorithm: DIIS         
the SCF tolerance is set to 1.00e-08
    1    -543.8968563893      8.26e-05     00000 
    2    -543.8994575497      3.58e-05     00000 
    3    -543.8993127011      4.97e-05     00000 
    4    -543.8996904441      1.02e-05     00000 
    5    -543.8996980304      7.57e-06     00000 
    6    -543.8997074738      2.29e-06     00000 
    7    -543.8997081477      1.57e-06     00000 
    8    -543.8997085616      3.91e-07     00000 
    9    -543.8997085892      2.12e-07     00000 
   10    -543.8997085975      8.17e-08     00000 
   11    -543.8997085984      4.17e-08     00000 
   12    -543.8997085986      2.18e-08     00000 
   13    -543.8997085986      9.54e-09     00000 Convergence criterion met
write pseudocanon occs and virts to disk
write pseudocanon orbital energies to disk
Timing for Total SCF: 5305.00s (wall), 5243.85s (cpu)
<S^2> of polarized wavefunction after polarization iterations 0.0000000000
relaxing scfmi constraint to allow all rotations in the entire AO span
Doing General SCFMI
 Exchange:  B97M-V      Correlation:  B97M-V
 Using SG-2 standard quadrature grid
 Nonlocal Correlation:  VV10 with C = 0.0100 and b = 6.00 and scale = 1.00000
 Grid used for NLC:  SG-1 standard quadrature
performing fock build at end of subrot_r(subrot) constructor so that all methods have access
<S^2> of polarized wavefunction before ct-allowed iterations 0.0000000000
Beginning iterations for the determination of the CT-Allowed wavefunction
Energy prior to optimization (guess energy) = -543.899708598648
Begin Timing: Total SCF Calculation
begin iterations for algorithm: DIIS         
the SCF tolerance is set to 1.00e-08
    1    -543.8997085986      1.04e-04     00000 
    2    -543.9032122911      1.20e-05     00000 
    3    -543.9031649424      2.01e-05     00000 
    4    -543.9032419040      2.78e-06     00000 
    5    -543.9032429172      1.79e-06     00000 
    6    -543.9032435160      5.07e-07     00000 
    7    -543.9032435609      1.69e-07     00000 
    8    -543.9032435661      5.90e-08     00000 
    9    -543.9032435666      2.59e-08     00000 
   10    -543.9032435667      9.82e-09     00000 Convergence criterion met
write pseudocanon occs and virts to disk
write pseudocanon orbital energies to disk
Timing for Total SCF: 3535.00s (wall), 3493.72s (cpu)
<S^2> of ct_allowed wavefunction after ct-allowed iterations 0.0000000000
 Attempting to make child job directory: /scratch/qchemscratch/qchem3934205//FrgBSSE1/
 Attempting to make child job directory: /scratch/qchemscratch/qchem3934205//FrgBSSE2/
 Creating input file /scratch/qchemscratch/qchem3934205/FrgBSSE1.input
 calling putenv with: QCSCRATCH=/scratch/qchemscratch/qchem3934205/ 
 Spawning Job For Fragment 0
 Done Job For Fragment 0
 calling putenv with: QCSCRATCH=/scratch/qchemscratch 
 calling putenv with: QCTHREADS=1 
 Creating input file /scratch/qchemscratch/qchem3934205/FrgBSSE2.input
 calling putenv with: QCSCRATCH=/scratch/qchemscratch/qchem3934205/ 
 Spawning Job For Fragment 1
 Done Job For Fragment 1
 calling putenv with: QCSCRATCH=/scratch/qchemscratch 
 calling putenv with: QCTHREADS=1 
====================================================================
   Evaluating the BSSE with fragment SCF in the supersystem basis
   Fragment contributions (kJ/mol) 
   Frgm 1: 0.2499
   Frgm 2: 0.1511
   BSSE (kJ/mol) = 0.4010
====================================================================

================================
        Results of EDA2         
================================
Basic EDA Quantities
--------------------
Fragment Energies (Ha):
1 -467.4554757928
2  -76.4324893896
--------------------
  E_prp (kJ/mol) = 0.0000
  E_frz (kJ/mol) = -23.3441
  E_pol (kJ/mol) = -7.4886
  E_vct (kJ/mol) = -8.8802 (CP-corrected)
  E_int (kJ/mol) = -39.7129 (CP-corrected)
--------------------


Decomposition of frozen interaction energy
--------------------
  --------------------
  Orthogonal Frozen Decomposition:
  --------------------
     E_elec   (ELEC)   (kJ/mol) = -74.0415
     E_pauli  (PAULI)  (kJ/mol) = 62.2331
     E_disp   (DISP)   (kJ/mol) = -11.5357
  --------------------
  Classical Frozen Decomposition:
  --------------------
     E_cls_elec  (CLS ELEC)  (kJ/mol) = -43.8347
     E_mod_pauli (MOD PAULI) (kJ/mol) = 32.0263 (FRZ - CLS ELEC - DISP)
     E_disp      (DISP)      (kJ/mol) = -11.5357
  --------------------
--------------------

Simplified EDA Summary (kJ/mol)
--------------------
 PREPARATION      0.0000
 FROZEN           -23.3441 (ELEC + PAULI + DISP)
[ELEC + PAULI = -11.8084, DISP = -11.5357]
 POLARIZATION    -7.4886
 CHARGE TRANSFER -8.8802     (counterpoise-corrected)
 TOTAL           -39.7129     (PRP + FRZ + POL + CT)
--------------------
 
 --------------------------------------------------------------
 
                    Orbital Energies (a.u.)
 --------------------------------------------------------------
 
 Alpha MOs
 -- Occupied --
-19.1581 -14.4124 -14.3577 -14.3499 -14.3339 -14.3271 -10.2715 -10.2658
-10.2574 -10.2430 -10.2140  -1.0284  -0.9996  -0.9645  -0.9234  -0.8822
 -0.8474  -0.7506  -0.6473  -0.6302  -0.6139  -0.5553  -0.5246  -0.4962
 -0.4908  -0.4735  -0.4456  -0.4362  -0.4200  -0.3951  -0.3811  -0.3647
 -0.3370  -0.3101  -0.2849  -0.2824  -0.2715  -0.2535  -0.2347  -0.2094
 -- Virtual --
 -0.0560  -0.0280  -0.0278  -0.0172  -0.0050  -0.0015   0.0108   0.0138
  0.0178   0.0218   0.0410   0.0488   0.0493   0.0527   0.0565   0.0605
  0.0670   0.0740   0.0771   0.0805   0.0832   0.0877   0.0889   0.0907
  0.0945   0.1023   0.1111   0.1179   0.1271   0.1296   0.1336   0.1381
  0.1397   0.1412   0.1458   0.1480   0.1508   0.1557   0.1569   0.1637
  0.1666   0.1691   0.1739   0.1756   0.1787   0.1839   0.1905   0.1941
  0.1986   0.2040   0.2113   0.2143   0.2199   0.2206   0.2256   0.2309
  0.2372   0.2396   0.2451   0.2491   0.2510   0.2609   0.2663   0.2687
  0.2702   0.2720   0.2801   0.2842   0.2916   0.2991   0.3034   0.3106
  0.3137   0.3207   0.3218   0.3233   0.3269   0.3393   0.3431   0.3468
  0.3485   0.3530   0.3607   0.3631   0.3666   0.3720   0.3812   0.3857
  0.3893   0.3923   0.3975   0.4002   0.4042   0.4076   0.4129   0.4160
  0.4186   0.4252   0.4309   0.4368   0.4425   0.4492   0.4532   0.4601
  0.4690   0.4801   0.4843   0.4914   0.4994   0.5014   0.5091   0.5147
  0.5176   0.5227   0.5356   0.5384   0.5448   0.5476   0.5544   0.5621
  0.5721   0.5767   0.5807   0.5865   0.5924   0.6051   0.6119   0.6189
  0.6257   0.6283   0.6319   0.6382   0.6483   0.6528   0.6567   0.6609
  0.6678   0.6770   0.6846   0.6874   0.6949   0.6999   0.7043   0.7102
  0.7160   0.7223   0.7293   0.7400   0.7446   0.7520   0.7581   0.7643
  0.7668   0.7813   0.7849   0.7947   0.8011   0.8078   0.8099   0.8162
  0.8258   0.8306   0.8339   0.8411   0.8457   0.8503   0.8559   0.8609
  0.8671   0.8766   0.8789   0.8805   0.8901   0.8924   0.9021   0.9126
  0.9144   0.9270   0.9319   0.9356   0.9419   0.9505   0.9548   0.9576
  0.9623   0.9652   0.9702   0.9809   0.9859   0.9886   0.9943   1.0003
  1.0033   1.0104   1.0203   1.0223   1.0406   1.0443   1.0521   1.0630
  1.0663   1.0705   1.0738   1.0815   1.0953   1.1057   1.1106   1.1211
  1.1310   1.1355   1.1426   1.1478   1.1532   1.1590   1.1718   1.1787
  1.1922   1.1980   1.2074   1.2077   1.2159   1.2197   1.2298   1.2345
  1.2412   1.2479   1.2609   1.2648   1.2782   1.2792   1.2914   1.2969
  1.2978   1.3084   1.3157   1.3324   1.3452   1.3492   1.3512   1.3610
  1.3762   1.3788   1.3838   1.3898   1.3953   1.4077   1.4204   1.4207
  1.4310   1.4446   1.4550   1.4597   1.4670   1.4677   1.4771   1.4902
  1.4986   1.5094   1.5106   1.5173   1.5330   1.5353   1.5469   1.5624
  1.5673   1.5744   1.5775   1.5879   1.5977   1.6084   1.6291   1.6352
  1.6557   1.6659   1.6719   1.6872   1.6995   1.7037   1.7206   1.7328
  1.7342   1.7499   1.7518   1.7592   1.7813   1.7856   1.8014   1.8084
  1.8299   1.8373   1.8482   1.8554   1.8853   1.8902   1.8950   1.9123
  1.9199   1.9297   1.9393   1.9503   1.9547   1.9631   1.9742   1.9818
  1.9940   2.0085   2.0168   2.0317   2.0392   2.0489   2.0686   2.0714
  2.0894   2.0977   2.1080   2.1164   2.1205   2.1343   2.1512   2.1636
  2.1721   2.1835   2.1927   2.1999   2.2069   2.2186   2.2232   2.2355
  2.2542   2.2566   2.2652   2.2811   2.2891   2.2973   2.3139   2.3147
  2.3338   2.3435   2.3543   2.3671   2.3799   2.3869   2.4083   2.4110
  2.4330   2.4358   2.4479   2.4493   2.4619   2.4852   2.5002   2.5142
  2.5183   2.5255   2.5385   2.5498   2.5631   2.5833   2.5858   2.5912
  2.6170   2.6335   2.6433   2.6528   2.6762   2.6804   2.7031   2.7127
  2.7345   2.7444   2.7716   2.7972   2.8062   2.8148   2.8523   2.8575
  2.8759   2.8788   2.9124   2.9329   2.9441   2.9588   3.0057   3.0288
  3.0382   3.0530   3.1098   3.1305   3.1705   3.1848   3.1933   3.2091
  3.2202   3.2372   3.2653   3.2661   3.2823   3.2943   3.3108   3.3244
  3.3419   3.3621   3.4090   3.4179   3.4287   3.4394   3.4424   3.4526
  3.4741   3.4882   3.4987   3.5189   3.5487   3.5501   3.5703   3.5932
  3.6050   3.6234   3.6283   3.6595   3.6633   3.6693   3.6807   3.7108
  3.7184   3.7219   3.7316   3.7422   3.7522   3.7683   3.7916   3.8004
  3.8031   3.8377   3.8419   3.8664   3.8822   3.8868   3.8966   3.9242
  3.9464   3.9487   3.9620   3.9757   3.9802   3.9940   4.0009   4.0172
  4.0329   4.0445   4.0495   4.0709   4.0767   4.0881   4.1142   4.1368
  4.1499   4.1540   4.1667   4.1768   4.1859   4.1945   4.2059   4.2202
  4.2357   4.2483   4.2505   4.2657   4.2820   4.2928   4.3059   4.3195
  4.3288   4.3470   4.3646   4.3831   4.4032   4.4127   4.4175   4.4326
  4.4395   4.4466   4.4605   4.4778   4.5096   4.5366   4.5436   4.5902
  4.5974   4.6127   4.6190   4.6467   4.6516   4.6860   4.7118   4.7240
  4.7341   4.7538   4.7742   4.8032   4.8095   4.8359   4.8466   4.8707
  4.9014   4.9112   4.9455   4.9661   4.9859   4.9967   5.0080   5.0100
  5.0330   5.0506   5.0744   5.0876   5.1031   5.1255   5.1516   5.1571
  5.1627   5.1834   5.2013   5.2063   5.2293   5.2350   5.2576   5.3005
  5.3136   5.3203   5.3407   5.3457   5.3692   5.3795   5.4024   5.4110
  5.4181   5.4340   5.4461   5.4465   5.4760   5.4771   5.4808   5.4990
  5.5168   5.5281   5.5359   5.5490   5.5765   5.5907   5.6076   5.6213
  5.6542   5.6565   5.6678   5.7130   5.7175   5.7402   5.7515   5.7571
  5.7840   5.8168   5.8285   5.8460   5.8597   5.8728   5.9308   5.9536
  5.9659   5.9990   6.0178   6.0348   6.0768   6.1056   6.1123   6.1273
  6.2014   6.2482   6.3038   6.3280   6.3466   6.4013   6.4232   6.4297
  6.4841   6.5280   6.5464   6.5568   6.6049   6.6274   6.6617   6.6930
  6.7942   6.8013   6.8286   6.8390   6.8833   6.9308   6.9869   7.0701
  7.0856   7.1023   7.1556   7.1670   7.1953   7.2260   7.2437   7.2810
  7.3436   7.4810   7.5750   7.6387   7.6597   7.7487   7.8578   8.6443
 15.6855  15.8142  15.8233  15.9470  17.5565  17.6617  18.5120  18.7758
 19.0666  19.4878  20.4578
 --------------------------------------------------------------
 
          Ground-State Mulliken Net Atomic Charges

     Atom                 Charge (a.u.)
  ----------------------------------------
      1 H                     0.073298
      2 N                     0.091347
      3 C                    -1.012371
      4 H                     0.763250
      5 N                    -0.337440
      6 C                     0.907581
      7 C                     0.094604
      8 N                    -0.333811
      9 N                    -0.233264
     10 C                    -0.843155
     11 H                     0.787782
     12 N                    -0.296965
     13 C                     0.070084
     14 H                     0.056437
     15 H                     0.233451
     16 O                    -0.572367
     17 H                     0.225766
     18 H                     0.325772
  ----------------------------------------
  Sum of atomic charges =     0.000000

 -----------------------------------------------------------------
                    Cartesian Multipole Moments
 -----------------------------------------------------------------
    Charge (ESU x 10^10)
                 0.0000
    Dipole Moment (Debye)
         X      -0.5041      Y      -3.1029      Z      -0.9084
       Tot       3.2722
    Quadrupole Moments (Debye-Ang)
        XX     -68.7930     XY      -5.1732     YY     -50.8067
        XZ       5.6252     YZ       0.6624     ZZ     -65.5278
    Octopole Moments (Debye-Ang^2)
       XXX     -20.2493    XXY       0.0163    XYY      -3.4872
       YYY     -40.5017    XXZ     -28.2235    XYZ      -0.9575
       YYZ       2.5964    XZZ      -8.3759    YZZ      -0.7616
       ZZZ      -0.3554
    Hexadecapole Moments (Debye-Ang^3)
      XXXX   -1421.0572   XXXY      13.6704   XXYY    -318.0689
      XYYY     -87.0595   YYYY    -744.4489   XXXZ     131.0734
      XXYZ       1.3811   XYYZ      -2.2919   YYYZ       4.7278
      XXZZ    -230.7105   XYZZ      -2.1889   YYZZ    -173.8680
      XZZZ       3.4396   YZZZ       0.5400   ZZZZ     -70.6943
 -----------------------------------------------------------------
 Total job time:  24664.91s(wall), 16753.54s(cpu) 
 Mon Mar 11 02:04:59 2024

        *************************************************************
        *                                                           *
        *  Thank you very much for using Q-Chem.  Have a nice day.  *
        *                                                           *
        *************************************************************


