
Running Job 1 of 1 A-wat_9_1.0_pvdz.inp
qchem A-wat_9_1.0_pvdz.inp_1899771.0 /scratch/qchemscratch/qchem1899771/ 1
/opt/qchem/6.1/exe/qcprog.exe_s A-wat_9_1.0_pvdz.inp_1899771.0 /scratch/qchemscratch/qchem1899771/
                  Welcome to Q-Chem
     A Quantum Leap Into The Future Of Chemistry


 Q-Chem 6.1, Q-Chem, Inc., Pleasanton, CA (2023)

 License issued to: SRG Pengyu Ren, University of Texas at Austin

 E. Epifanovsky,  A. T. B. Gilbert,  Xintian Feng,  Joonho Lee,  Yuezhi Mao,  
 N. Mardirossian,  P. Pokhilko,  A. White,  M. Wormit,  M. P. Coons,  
 A. L. Dempwolff,  Zhengting Gan,  D. Hait,  P. R. Horn,  L. D. Jacobson,  
 I. Kaliman,  J. Kussmann,  A. W. Lange,  Ka Un Lao,  D. S. Levine,  Jie Liu,  
 S. C. McKenzie,  A. F. Morrison,  K. D. Nanda,  F. Plasser,  D. R. Rehn,  
 M. L. Vidal,  Zhi-Qiang You,  Ying Zhu,  B. Alam,  B. Albrecht,  
 A. Aldossary,  E. Alguire,  J. H. Andersen,  V. Athavale,  D. Barton,  
 K. Begam,  A. Behn,  N. Bellonzi,  Y. A. Bernard,  E. J. Berquist,  
 H. Burton,  A. Carreras,  K. Carter-Fenk,  Mathew Chow,  Romit Chakraborty,  
 Chandrima Chakravarty,  Junhan Chen,  A. D. Chien,  K. D. Closser,  
 V. Cofer-Shabica,  L. Cunha,  S. Dasgupta,  Jia Deng,  M. de Wergifosse,  
 M. Diedenhofen,  Hainam Do,  S. Ehlert,  Po-Tung Fang,  S. Fatehi,  
 Qingguo Feng,  T. Friedhoff,  Thomas Froitzheim,  B. Ganoe,  J. Gayvert,  
 Qinghui Ge,  G. Gidofalvi,  M. Gimferrer,  M. Goldey,  Montgomery Gray,  
 J. Gomes,  C. Gonzalez-Espinoza,  S. Gulania,  A. Gunina,  J. A. Gyamfi,  
 M. W. D. Hanson-Heine,  P. H. P. Harbach,  A. W. Hauser,  M. F. Herbst,  
 M. Hernandez Vera,  M. Hodecker,  Z. C. Holden,  S. Houck,  Xunkun Huang,  
 Kerwin Hui,  B. C. Huynh,  K. Ikeda,  M. Ivanov,  Hyunjun Ji,  Zuxin Jin,  
 Hanjie Jiang,  Subrata Jana,  B. Kaduk,  S. Kaehler,  R. Kang,  
 K. Khistyaev,  Jaehoon Kim,  Yongbin Kim,  P. Klunzinger,  Z. Koczor-Benda,  
 Joong Hoon Koh,  D. Kosenkov,  Saikiran Kotaru,  L. Koulias,  T. Kowalczyk,  
 C. M. Krauter,  K. Kue,  A. Kunitsa,  T. Kus,  A. Landau,  K. V. Lawler,  
 D. Lefrancois,  S. Lehtola,  Rain Li,  Shaozhi Li,  Yi-Pei Li,  
 Jiashu Liang,  M. Liebenthal,  Hung-Hsuan Lin,  You-Sheng Lin,  Fenglai Liu,  
 Kuan-Yu Liu,  Xiao Liu,  M. Loipersberger,  A. Luenser,  C. Malbon,  
 A. Manjanath,  P. Manohar,  E. Mansoor,  S. F. Manzer,  Shan-Ping Mao,  
 A. V. Marenich,  T. Markovich,  S. Mason,  F. Matz,  S. A. Maurer,  
 P. F. McLaughlin,  M. F. S. J. Menger,  J.-M. Mewes,  S. A. Mewes,  
 P. Morgante,  Mohammad Mostafanejad,  J. W. Mullinax,  K. J. Oosterbaan,  
 G. Paran,  V. Parravicini,  Alexander C. Paul,  Suranjan K. Paul,  
 F. Pavosevic,  Zheng Pei,  S. Prager,  E. I. Proynov,  E. Ramos,  B. Rana,  
 A. E. Rask,  A. Rettig,  R. M. Richard,  F. Rob,  E. Rossomme,  T. Scheele,  
 M. Scheurer,  M. Schneider,  P. E. Schneider,  Tim K. Schramm,  N. Sergueev,  
 S. M. Sharada,  M. Sharma,  Hengyuan Shen,  W. Skomorowski,  D. W. Small,  
 C. J. Stein,  Alistair J. Sterling,  Yingli Su,  Yu-Chuan Su,  
 E. J. Sundstrom,  J. Talbot,  Zhen Tao,  J. Thirman,  Hung-Yi Tsai,  
 T. Tsuchimochi,  N. M. Tubman,  C. Utku,  S. P. Veccham,  O. Vydrov,  
 J. Wenzel,  Jonathan Wong,  J. Witte,  A. Yamada,  Chou-Hsun Yang,  Kun Yao,  
 S. Yeganeh,  S. R. Yost,  A. Zech,  F. Zeller,  Igor Ying Zhang,  
 Xing Zhang,  Yu Zhang,  D. Zuev,  A. Aspuru-Guzik,  A. T. Bell,  
 N. A. Besley,  K. B. Bravaya,  B. R. Brooks,  D. Casanova,  Jeng-Da Chai,  
 Hsing-Ta Chen,  S. Coriani,  C. J. Cramer,  A. E. DePrince, III,  
 R. A. DiStasio Jr.,  A. Dreuw,  B. D. Dunietz,  T. R. Furlani,  
 W. A. Goddard III,  S. Grimme,  S. Hammes-Schiffer,  T. Head-Gordon,  
 W. J. Hehre,  Chao-Ping Hsu,  T.-C. Jagau,  Yousung Jung,  A. Klamt,  
 Jing Kong,  D. S. Lambrecht,  Xiangyuan Li,  WanZhen Liang,  N. J. Mayhall,  
 C. W. McCurdy,  J. B. Neaton,  T. Neudecker,  C. Ochsenfeld,  
 J. A. Parkhill,  R. Peverati,  V. A. Rassolov,  Haisheng Ren,  Yihan Shao,  
 L. V. Slipchenko,  R. P. Steele,  J. E. Subotnik,  A. J. W. Thom,  
 A. Tkatchenko,  D. G. Truhlar,  T. Van Voorhis,  Fan Wang,  
 T. A. Wesolowski,  K. B. Whaley,  H. L. Woodcock III,  P. M. Zimmerman,  
 S. Faraji,  P. M. W. Gill,  M. Head-Gordon,  J. M. Herbert,  A. I. Krylov

 Contributors to earlier versions of Q-Chem not listed above: 
 R. D. Adamson,  B. Austin,  R. Baer,  J. Baker,  G. J. O. Beran,  
 K. Brandhorst,  S. T. Brown,  E. F. C. Byrd,  Arup K. Chakraborty,  
 G. K. L. Chan,  Chun-Min Chang,  Yunqing Chen,  C.-L. Cheng,  
 Siu Hung Chien,  D. M. Chipman,  D. L. Crittenden,  H. Dachsel,  
 R. J. Doerksen,  A. D. Dutoi,  R. G. Edgar,  J. Fosso-Tande,  
 L. Fusti-Molnar,  D. Ghosh,  A. Ghysels,  A. Golubeva-Zadorozhnaya,  
 J. Gonthier,  M. S. Gordon,  S. R. Gwaltney,  G. Hawkins,  J. E. Herr,  
 A. Heyden,  S. Hirata,  E. G. Hohenstein,  G. Kedziora,  F. J. Keil,  
 C. Kelley,  Jihan Kim,  R. A. King,  R. Z. Khaliullin,  P. P. Korambath,  
 W. Kurlancheek,  A. Laurent,  A. M. Lee,  M. S. Lee,  S. V. Levchenko,  
 Ching Yeh Lin,  D. Liotard,  E. Livshits,  R. C. Lochan,  I. Lotan,  
 L. A. Martinez-Martinez,  P. E. Maslen,  N. Nair,  D. P. O'Neill,  
 D. Neuhauser,  E. Neuscamman,  C. M. Oana,  R. Olivares-Amaya,  R. Olson,  
 T. M. Perrine,  B. Peters,  P. A. Pieniazek,  A. Prociuk,  Y. M. Rhee,  
 J. Ritchie,  M. A. Rohrdanz,  E. Rosta,  N. J. Russ,  H. F. Schaefer III,  
 M. W. Schmidt,  N. E. Schultz,  S. Sharma,  N. Shenvi,  C. D. Sherrill,  
 A. C. Simmonett,  A. Sodt,  T. Stein,  D. Stuck,  K. S. Thanthiriwatte,  
 V. Vanovschi,  L. Vogt,  Tao Wang,  A. Warshel,  M. A. Watson,  
 C. F. Williams,  Q. Wu,  X. Xu,  Jun Yang,  W. Zhang,  Yan Zhao

   Please cite Q-Chem as follows:
  "Software for the frontiers of quantum chemistry:
   An overview of developments in the Q-Chem 5 package"
   J. Chem. Phys. 155, 084801 (2021)
   https://doi.org/10.1063/5.0055522 (open access)

 Q-Chem 6.1.1 for Intel X86 EM64T Linux

 Parts of Q-Chem use Armadillo 9.900.5 (Nocturnal Misbehaviour).
 http://arma.sourceforge.net/

 Q-Chem begins on Tue Apr 16 17:32:28 2024  

 Host: 
0

     Scratch files written to /scratch/qchemscratch/qchem1899771//
 Jan1824 |scratch|qcdevops|jenkins|workspace|build_RNUM UKVU   
 Processing $rem in /opt/qchem/6.1/config/preferences:
 Processing $rem in /home/mm227274/.qchemrc:

 Q-Chem warning in module libgen/rem_setup.C, line 3361:

 Neither GIA nor STOLL is specified by user. Use STOLL as the default


 Checking the input file for inconsistencies... 	...done.

--------------------------------------------------------------
User input:
--------------------------------------------------------------
$molecule
0 1
--
0 1
H -2.43488 0.93263 -0.02649
N -1.41936 1.06992 -0.01468
C -0.6643 2.21111 -0.00045
H -1.11875 3.19394 0.00448
N 0.64678 1.98904 0.0068
C 0.73093 0.61264 -0.0099
C 1.82843 -0.26997 0.00797
N 3.11301 0.17757 -0.03865
N 1.60021 -1.59414 0.00915
C 0.32195 -2.02658 -0.00981
H 0.19538 -3.10698 -0.01104
N -0.80442 -1.3016 -0.02352
C -0.53569 0.01965 -0.01716
H 3.82963 -0.49372 0.20662
H 3.27441 1.1441 0.21418
--
0 1
O -3.61661 -0.64889 -0.05448
H -4.03208 -0.92143 0.77842
H -2.82221 -1.22412 -0.12795
$end

$rem
JOBTYPE          eda
EDA2             2
METHOD           b97m-v
BASIS            aug-cc-pvdz
SCF_CONVERGENCE  8
THRESH           14
SYMMETRY         false
DISP_FREE_X      revPBE
DISP_FREE_C      PBE
EDA_BSSE         true
$end
--------------------------------------------------------------
 ----------------------------------------------------------------
             Standard Nuclear Orientation (Angstroms)
    I     Atom           X                Y                Z
 ----------------------------------------------------------------
    1      H       2.4348822677     0.9326275676     0.0264896659
    2      N       1.4193624543     1.0699189470     0.0146796565
    3      C       0.6643040055     2.2111099721     0.0004495616
    4      H       1.1187553414     3.1939393539    -0.0044805225
    5      N      -0.6467762964     1.9890417536    -0.0068004168
    6      C      -0.7309281672     0.6126418694     0.0098996998
    7      C      -1.8284293670    -0.2699666404    -0.0079702232
    8      N      -3.1130087585     0.1775751097     0.0386497417
    9      N      -1.6002111669    -1.5941369507    -0.0091501117
   10      C      -0.3219517546    -2.0265786866     0.0098099221
   11      H      -0.1953832232    -3.1069788585     0.0110400132
   12      N       0.8044192308    -1.3016002164     0.0235198583
   13      C       0.5356910267     0.0196501483     0.0171597472
   14      H      -3.8296296715    -0.4937139370    -0.2066202000
   15      H      -3.2744074453     1.1441053077    -0.2141803397
   16      O       3.6166101181    -0.6488940363     0.0544797971
   17      H       4.0320797459    -0.9214346715    -0.7784201808
   18      H       2.8222093364    -1.2241229503     0.1279498474
 ----------------------------------------------------------------
 Molecular Point Group                 C1    NOp =  1
 Largest Abelian Subgroup              C1    NOp =  1
 Nuclear Repulsion Energy =         601.73190621 hartrees
 There are       40 alpha and       40 beta electrons
 Requested basis set is aug-cc-pVDZ
 There are 134 shells and 316 basis functions

 Total QAlloc Memory Limit  16000 MB
 Mega-Array Size       188 MB
 MEM_STATIC part       192 MB

 A cutoff of  1.0D-14 yielded   8804 shell pairs
 There are     49076 function pairs (     56202 Cartesian)
 Smallest overlap matrix eigenvalue = 3.25E-06

 Scale SEOQF with 1.000000e-01/1.000000e-01/1.000000e-01

 Standard Electronic Orientation quadrupole field applied
 Nucleus-field energy     =     0.0000000213 hartrees

 -----------------------------------------------------------------------
  General SCF calculation program by
  Eric Jon Sundstrom, Paul Horn, Yuezhi Mao, Dmitri Zuev, Alec White,
  David Stuck, Shaama M.S., Shane Yost, Joonho Lee, David Small,
  Daniel Levine, Susi Lehtola, Hugh Burton, Evgeny Epifanovsky,
  Bang C. Huynh
 -----------------------------------------------------------------------
================================================================
                 ALMO-EDA with the EDA2 driver                  
================================================================
 The second-generation ALMO-EDA (for DFT):                      
 P. R. Horn, Y. Mao and M. Head-Gordon, PCCP, 18, 23067 (2016)  
 Y. Mao et al. Annu. Rev. Phys. Chem. 72, 641 (2021)            
 Decomposition of the frozen energy:                            
 P. R. Horn, Y. Mao and M. Head-Gordon, JCP, 144, 114107 (2016) 
================================================================
 Using eda2 option set 2
 Option set summary: Frozen orbital wavefunction, initial wavefunction decomposition, and traditional AO-based POL.
--------------------------------
Printing EDA Options
--------------------------------
eda_child_super_basis      0
fragmo_guess_mode          0
child_mp                   0
child_mp_orders            0
cls_elec                   1
cls_disp                   0
scfmi_mode                 1
scfmi_occs                 0
scfmi_virts                0
frz_relax                  0
frz_relax_method           0
dc_pen_start               0
dc_pen_conv                0
dc_pen_increment           0
dc_pen_steps               0
dc_pen_thresh_factor       0
dc_pen_pre_newton_thresh   0
frz_ortho_decomp           1
frz_ortho_decomp_conv      6
plot_mo_ortho_frz          0
frgm_method                2
scfmi_freeze_ss            0
separate_rehyb             0
plot_diff_den              0
eda_nocv                   0
eda_vct_relax              1
disp_free_x                33
disp_free_c                25
eda_bsse                   1
eda_pct_a                  0
eda_covp                   0
eda_vct_a                  0
--------------------------------
 Attempting to make child job directory: /scratch/qchemscratch/qchem1899771//Frg1/
 Attempting to make child job directory: /scratch/qchemscratch/qchem1899771//Frg2/
 Creating input file /scratch/qchemscratch/qchem1899771/Frg1.input
 using default PutDataFrgm: nothing
 calling putenv with: QCSCRATCH=/scratch/qchemscratch/qchem1899771/ 
 Spawning Job For Fragment 0
 Done Job For Fragment 0
 calling putenv with: QCSCRATCH=/scratch/qchemscratch 
 calling putenv with: QCTHREADS=1 
 Creating input file /scratch/qchemscratch/qchem1899771/Frg2.input
 using default PutDataFrgm: nothing
 calling putenv with: QCSCRATCH=/scratch/qchemscratch/qchem1899771/ 
 Spawning Job For Fragment 1
 Done Job For Fragment 1
 calling putenv with: QCSCRATCH=/scratch/qchemscratch 
 calling putenv with: QCTHREADS=1 
Doing General SCFMI
 Exchange:  B97M-V      Correlation:  B97M-V
 Using SG-2 standard quadrature grid
 Nonlocal Correlation:  VV10 with C = 0.0100 and b = 6.00 and scale = 1.00000
 Grid used for NLC:  SG-1 standard quadrature
performing fock build before subrot guess so that all methods have access
Printing subrot_rss_gen Method Specification:
Occupied Subspace Method is 0
Virtual Subspace Method is 0
Energy of the unrelaxed supersystem initial determinant -543.782812207192
write pseudocanon occs and virts to disk
write pseudocanon orbital energies to disk
Tolerance of ortho_decomp_scf: 1.00e-06
GDM subspace size: 20
Beginning the Orthogonal Decomposition of the Initial Supersystem Wavefunction
    1    -543.7028567861      1.17e-01     ortho_decomp Preconditoned Steepest Descent
    2    -543.7141112930      3.57e-04     ortho_decomp BFGS Step
    3    -543.7141118947      6.70e-06     ortho_decomp BFGS Step
    4    -543.7141118948      3.95e-08     ortho_decomp 00000 Convergence criterion met
 Exchange:  revPBE      Correlation:  PBE
 Using SG-2 standard quadrature grid
 Exchange:  revPBE      Correlation:  PBE
 Using SG-2 standard quadrature grid
 Exchange:  revPBE      Correlation:  PBE
 Using SG-2 standard quadrature grid
Doing General SCFMI
 Exchange:  B97M-V      Correlation:  B97M-V
 Using SG-2 standard quadrature grid
 Nonlocal Correlation:  VV10 with C = 0.0100 and b = 6.00 and scale = 1.00000
 Grid used for NLC:  SG-1 standard quadrature
performing fock build at end of subrot_r(subrot) constructor so that all methods have access
<S^2> of initial wavefunction before polarization iterations 0.0000000000
Beginning iterations for the determination of the polarized wavefunction
Energy prior to optimization (guess energy) = -543.782812207192
Begin Timing: Total SCF Calculation
begin iterations for algorithm: DIIS         
the SCF tolerance is set to 1.00e-08
    1    -543.7828122072      2.56e-04     00000 
    2    -543.7876490724      1.20e-04     00000 
    3    -543.7872415053      1.64e-04     00000 
    4    -543.7882426298      3.09e-05     00000 
    5    -543.7882613392      2.34e-05     00000 
    6    -543.7882831491      6.73e-06     00000 
    7    -543.7882847680      4.47e-06     00000 
    8    -543.7882855418      1.35e-06     00000 
    9    -543.7882855915      9.75e-07     00000 
   10    -543.7882856261      3.78e-07     00000 
   11    -543.7882856308      1.60e-07     00000 
   12    -543.7882856314      8.21e-08     00000 
   13    -543.7882856315      4.44e-08     00000 
   14    -543.7882856316      1.50e-08     00000 
   15    -543.7882856316      9.00e-09     00000 Convergence criterion met
write pseudocanon occs and virts to disk
write pseudocanon orbital energies to disk
Timing for Total SCF: 2139.00s (wall), 741.22s (cpu)
<S^2> of polarized wavefunction after polarization iterations 0.0000000000
relaxing scfmi constraint to allow all rotations in the entire AO span
Doing General SCFMI
 Exchange:  B97M-V      Correlation:  B97M-V
 Using SG-2 standard quadrature grid
 Nonlocal Correlation:  VV10 with C = 0.0100 and b = 6.00 and scale = 1.00000
 Grid used for NLC:  SG-1 standard quadrature
performing fock build at end of subrot_r(subrot) constructor so that all methods have access
<S^2> of polarized wavefunction before ct-allowed iterations 0.0000000000
Beginning iterations for the determination of the CT-Allowed wavefunction
Energy prior to optimization (guess energy) = -543.788285631597
Begin Timing: Total SCF Calculation
begin iterations for algorithm: DIIS         
the SCF tolerance is set to 1.00e-08
    1    -543.7882856316      3.16e-04     00000 
    2    -543.7967795464      4.60e-05     00000 
    3    -543.7966019350      7.72e-05     00000 
    4    -543.7968761397      1.30e-05     00000 
    5    -543.7968831071      5.40e-06     00000 
    6    -543.7968843564      1.68e-06     00000 
    7    -543.7968844357      1.02e-06     00000 
    8    -543.7968844927      2.15e-07     00000 
    9    -543.7968844946      8.07e-08     00000 
   10    -543.7968844949      3.83e-08     00000 
   11    -543.7968844950      4.93e-09     00000 Convergence criterion met
write pseudocanon occs and virts to disk
write pseudocanon orbital energies to disk
Timing for Total SCF: 1155.00s (wall), 532.68s (cpu)
<S^2> of ct_allowed wavefunction after ct-allowed iterations 0.0000000000
 Attempting to make child job directory: /scratch/qchemscratch/qchem1899771//FrgBSSE1/
 Attempting to make child job directory: /scratch/qchemscratch/qchem1899771//FrgBSSE2/
 Creating input file /scratch/qchemscratch/qchem1899771/FrgBSSE1.input
 calling putenv with: QCSCRATCH=/scratch/qchemscratch/qchem1899771/ 
 Spawning Job For Fragment 0
 Done Job For Fragment 0
 calling putenv with: QCSCRATCH=/scratch/qchemscratch 
 calling putenv with: QCTHREADS=1 
 Creating input file /scratch/qchemscratch/qchem1899771/FrgBSSE2.input
 calling putenv with: QCSCRATCH=/scratch/qchemscratch/qchem1899771/ 
 Spawning Job For Fragment 1
 Done Job For Fragment 1
 calling putenv with: QCSCRATCH=/scratch/qchemscratch 
 calling putenv with: QCTHREADS=1 
====================================================================
   Evaluating the BSSE with fragment SCF in the supersystem basis
   Fragment contributions (kJ/mol) 
   Frgm 1: 0.7749
   Frgm 2: 1.5037
   BSSE (kJ/mol) = 2.2786
====================================================================

================================
        Results of EDA2         
================================
Basic EDA Quantities
--------------------
Fragment Energies (Ha):
1 -467.3641769679
2  -76.4136567812
--------------------
  E_prp (kJ/mol) = 0.0000
  E_frz (kJ/mol) = -13.0711
  E_pol (kJ/mol) = -14.3706
  E_vct (kJ/mol) = -20.2980 (CP-corrected)
  E_int (kJ/mol) = -47.7397 (CP-corrected)
--------------------


Decomposition of frozen interaction energy
--------------------
  --------------------
  Orthogonal Frozen Decomposition:
  --------------------
     E_elec   (ELEC)   (kJ/mol) = -132.4325
     E_pauli  (PAULI)  (kJ/mol) = 136.0489
     E_disp   (DISP)   (kJ/mol) = -16.6875
  --------------------
  Classical Frozen Decomposition:
  --------------------
     E_cls_elec  (CLS ELEC)  (kJ/mol) = -80.1277
     E_mod_pauli (MOD PAULI) (kJ/mol) = 83.7442 (FRZ - CLS ELEC - DISP)
     E_disp      (DISP)      (kJ/mol) = -16.6875
  --------------------
--------------------

Simplified EDA Summary (kJ/mol)
--------------------
 PREPARATION      0.0000
 FROZEN           -13.0711 (ELEC + PAULI + DISP)
[ELEC + PAULI = 3.6164, DISP = -16.6875]
 POLARIZATION    -14.3706
 CHARGE TRANSFER -20.2980     (counterpoise-corrected)
 TOTAL           -47.7397     (PRP + FRZ + POL + CT)
--------------------
 
 --------------------------------------------------------------
 
                    Orbital Energies (a.u.)
 --------------------------------------------------------------
 
 Alpha MOs
 -- Occupied --
-19.1687 -14.4031 -14.3701 -14.3500 -14.3450 -14.3380 -10.2778 -10.2621
-10.2598 -10.2543 -10.2141  -1.0256  -1.0072  -0.9703  -0.9300  -0.8784
 -0.8540  -0.7512  -0.6470  -0.6329  -0.6087  -0.5566  -0.5239  -0.5002
 -0.4923  -0.4759  -0.4426  -0.4331  -0.4171  -0.3978  -0.3806  -0.3706
 -0.3401  -0.3141  -0.2879  -0.2764  -0.2694  -0.2541  -0.2405  -0.2117
 -- Virtual --
 -0.0569  -0.0293  -0.0243  -0.0128  -0.0009   0.0005   0.0115   0.0208
  0.0252   0.0267   0.0443   0.0511   0.0595   0.0642   0.0729   0.0763
  0.0793   0.0863   0.0909   0.0948   0.0997   0.1054   0.1084   0.1106
  0.1157   0.1209   0.1276   0.1347   0.1416   0.1477   0.1501   0.1533
  0.1604   0.1681   0.1706   0.1720   0.1783   0.1842   0.1903   0.1957
  0.2014   0.2067   0.2095   0.2119   0.2213   0.2228   0.2277   0.2301
  0.2336   0.2397   0.2493   0.2534   0.2561   0.2635   0.2679   0.2834
  0.2856   0.2885   0.2960   0.2988   0.3074   0.3180   0.3240   0.3259
  0.3346   0.3358   0.3420   0.3490   0.3613   0.3630   0.3762   0.3800
  0.3848   0.3982   0.4088   0.4138   0.4240   0.4326   0.4370   0.4470
  0.4588   0.4707   0.4802   0.4862   0.4945   0.5001   0.5122   0.5177
  0.5210   0.5243   0.5316   0.5381   0.5402   0.5524   0.5606   0.5634
  0.5685   0.5727   0.5845   0.5932   0.6038   0.6112   0.6140   0.6223
  0.6350   0.6485   0.6530   0.6598   0.6714   0.6750   0.6922   0.7057
  0.7107   0.7174   0.7227   0.7335   0.7358   0.7391   0.7541   0.7700
  0.7727   0.7828   0.7964   0.8087   0.8153   0.8203   0.8265   0.8473
  0.8503   0.8592   0.8753   0.8838   0.8931   0.8955   0.9205   0.9264
  0.9364   0.9513   0.9534   0.9736   0.9783   0.9922   1.0106   1.0347
  1.0459   1.0596   1.0609   1.0842   1.0947   1.0979   1.1271   1.1368
  1.1618   1.1759   1.1845   1.1918   1.2346   1.2383   1.2572   1.2704
  1.2961   1.2996   1.3352   1.3404   1.3432   1.3593   1.3661   1.3823
  1.3936   1.4065   1.4310   1.4482   1.4586   1.4707   1.4848   1.4918
  1.5093   1.5248   1.5415   1.5504   1.5719   1.5872   1.5909   1.6211
  1.6270   1.6536   1.6598   1.6973   1.7175   1.7315   1.7422   1.7660
  1.7687   1.8119   1.8345   1.8410   1.8545   1.8601   1.8843   1.8927
  1.9203   1.9414   1.9532   1.9732   1.9891   2.0070   2.0310   2.0406
  2.0472   2.0590   2.0729   2.0871   2.1061   2.1244   2.1354   2.1554
  2.1717   2.1726   2.1977   2.2194   2.2343   2.2546   2.2824   2.3025
  2.3208   2.3414   2.3655   2.3962   2.4067   2.4230   2.4483   2.4545
  2.4637   2.4770   2.4918   2.5060   2.5216   2.5413   2.5576   2.5776
  2.5852   2.5983   2.6056   2.6144   2.6437   2.6630   2.6658   2.7333
  2.7665   2.7678   2.7996   2.8252   2.8764   2.8937   2.9406   2.9742
  2.9985   3.0527   3.0710   3.0974   3.1178   3.1795   3.2031   3.2357
  3.2876   3.3963   3.4318   3.4629   3.5100   3.5658   3.6018   3.6379
  3.8442   3.9015   4.0998   4.2743
 --------------------------------------------------------------
 
          Ground-State Mulliken Net Atomic Charges

     Atom                 Charge (a.u.)
  ----------------------------------------
      1 H                    -0.043287
      2 N                    -0.393640
      3 C                     0.968981
      4 H                    -0.315232
      5 N                    -0.985869
      6 C                     0.937820
      7 C                     0.816618
      8 N                    -0.299422
      9 N                    -0.812643
     10 C                     0.570458
     11 H                    -0.434827
     12 N                    -0.823563
     13 C                     0.828415
     14 H                    -0.017369
     15 H                    -0.035403
     16 O                    -0.440903
     17 H                     0.174300
     18 H                     0.305566
  ----------------------------------------
  Sum of atomic charges =     0.000000

 -----------------------------------------------------------------
                    Cartesian Multipole Moments
 -----------------------------------------------------------------
    Charge (ESU x 10^10)
                 0.0000
    Dipole Moment (Debye)
         X       0.3099      Y       0.8863      Z      -1.7807
       Tot       2.0131
    Quadrupole Moments (Debye-Ang)
        XX     -55.1289     XY       1.0798     YY     -63.1259
        XZ      -2.7847     YZ       0.8810     ZZ     -65.4178
    Octopole Moments (Debye-Ang^2)
       XXX     -29.1929    XXY       9.8932    XYY      26.6267
       YYY      -1.6381    XXZ     -34.3034    XYZ       6.3587
       YYZ      -1.3708    XZZ       9.9082    YZZ      -2.2461
       ZZZ      -1.6385
    Hexadecapole Moments (Debye-Ang^3)
      XXXX   -1168.9307   XXXY     -37.3844   XXYY    -349.8715
      XYYY      13.8485   YYYY    -740.3595   XXXZ     -67.3497
      XXYZ      20.1379   XYYZ      -3.4434   YYYZ       0.4969
      XXZZ    -237.9747   XYZZ      -6.6815   YYZZ    -151.8037
      XZZZ      -4.4259   YZZZ       1.3015   ZZZZ     -70.3044
 -----------------------------------------------------------------
 Total job time:  6801.66s(wall), 2071.77s(cpu) 
 Tue Apr 16 19:25:50 2024

        *************************************************************
        *                                                           *
        *  Thank you very much for using Q-Chem.  Have a nice day.  *
        *                                                           *
        *************************************************************


