
Running Job 1 of 1 A-wat_9_1.3.inp
qchem A-wat_9_1.3.inp_3934707.0 /scratch/qchemscratch/qchem3934707/ 1
/opt/qchem/6.1/exe/qcprog.exe_s A-wat_9_1.3.inp_3934707.0 /scratch/qchemscratch/qchem3934707/
                  Welcome to Q-Chem
     A Quantum Leap Into The Future Of Chemistry


 Q-Chem 6.1, Q-Chem, Inc., Pleasanton, CA (2023)

 License issued to: SRG Pengyu Ren, University of Texas at Austin

 E. Epifanovsky,  A. T. B. Gilbert,  Xintian Feng,  Joonho Lee,  Yuezhi Mao,  
 N. Mardirossian,  P. Pokhilko,  A. White,  M. Wormit,  M. P. Coons,  
 A. L. Dempwolff,  Zhengting Gan,  D. Hait,  P. R. Horn,  L. D. Jacobson,  
 I. Kaliman,  J. Kussmann,  A. W. Lange,  Ka Un Lao,  D. S. Levine,  Jie Liu,  
 S. C. McKenzie,  A. F. Morrison,  K. D. Nanda,  F. Plasser,  D. R. Rehn,  
 M. L. Vidal,  Zhi-Qiang You,  Ying Zhu,  B. Alam,  B. Albrecht,  
 A. Aldossary,  E. Alguire,  J. H. Andersen,  V. Athavale,  D. Barton,  
 K. Begam,  A. Behn,  N. Bellonzi,  Y. A. Bernard,  E. J. Berquist,  
 H. Burton,  A. Carreras,  K. Carter-Fenk,  Mathew Chow,  Romit Chakraborty,  
 Chandrima Chakravarty,  Junhan Chen,  A. D. Chien,  K. D. Closser,  
 V. Cofer-Shabica,  L. Cunha,  S. Dasgupta,  Jia Deng,  M. de Wergifosse,  
 M. Diedenhofen,  Hainam Do,  S. Ehlert,  Po-Tung Fang,  S. Fatehi,  
 Qingguo Feng,  T. Friedhoff,  Thomas Froitzheim,  B. Ganoe,  J. Gayvert,  
 Qinghui Ge,  G. Gidofalvi,  M. Gimferrer,  M. Goldey,  Montgomery Gray,  
 J. Gomes,  C. Gonzalez-Espinoza,  S. Gulania,  A. Gunina,  J. A. Gyamfi,  
 M. W. D. Hanson-Heine,  P. H. P. Harbach,  A. W. Hauser,  M. F. Herbst,  
 M. Hernandez Vera,  M. Hodecker,  Z. C. Holden,  S. Houck,  Xunkun Huang,  
 Kerwin Hui,  B. C. Huynh,  K. Ikeda,  M. Ivanov,  Hyunjun Ji,  Zuxin Jin,  
 Hanjie Jiang,  Subrata Jana,  B. Kaduk,  S. Kaehler,  R. Kang,  
 K. Khistyaev,  Jaehoon Kim,  Yongbin Kim,  P. Klunzinger,  Z. Koczor-Benda,  
 Joong Hoon Koh,  D. Kosenkov,  Saikiran Kotaru,  L. Koulias,  T. Kowalczyk,  
 C. M. Krauter,  K. Kue,  A. Kunitsa,  T. Kus,  A. Landau,  K. V. Lawler,  
 D. Lefrancois,  S. Lehtola,  Rain Li,  Shaozhi Li,  Yi-Pei Li,  
 Jiashu Liang,  M. Liebenthal,  Hung-Hsuan Lin,  You-Sheng Lin,  Fenglai Liu,  
 Kuan-Yu Liu,  Xiao Liu,  M. Loipersberger,  A. Luenser,  C. Malbon,  
 A. Manjanath,  P. Manohar,  E. Mansoor,  S. F. Manzer,  Shan-Ping Mao,  
 A. V. Marenich,  T. Markovich,  S. Mason,  F. Matz,  S. A. Maurer,  
 P. F. McLaughlin,  M. F. S. J. Menger,  J.-M. Mewes,  S. A. Mewes,  
 P. Morgante,  Mohammad Mostafanejad,  J. W. Mullinax,  K. J. Oosterbaan,  
 G. Paran,  V. Parravicini,  Alexander C. Paul,  Suranjan K. Paul,  
 F. Pavosevic,  Zheng Pei,  S. Prager,  E. I. Proynov,  E. Ramos,  B. Rana,  
 A. E. Rask,  A. Rettig,  R. M. Richard,  F. Rob,  E. Rossomme,  T. Scheele,  
 M. Scheurer,  M. Schneider,  P. E. Schneider,  Tim K. Schramm,  N. Sergueev,  
 S. M. Sharada,  M. Sharma,  Hengyuan Shen,  W. Skomorowski,  D. W. Small,  
 C. J. Stein,  Alistair J. Sterling,  Yingli Su,  Yu-Chuan Su,  
 E. J. Sundstrom,  J. Talbot,  Zhen Tao,  J. Thirman,  Hung-Yi Tsai,  
 T. Tsuchimochi,  N. M. Tubman,  C. Utku,  S. P. Veccham,  O. Vydrov,  
 J. Wenzel,  Jonathan Wong,  J. Witte,  A. Yamada,  Chou-Hsun Yang,  Kun Yao,  
 S. Yeganeh,  S. R. Yost,  A. Zech,  F. Zeller,  Igor Ying Zhang,  
 Xing Zhang,  Yu Zhang,  D. Zuev,  A. Aspuru-Guzik,  A. T. Bell,  
 N. A. Besley,  K. B. Bravaya,  B. R. Brooks,  D. Casanova,  Jeng-Da Chai,  
 Hsing-Ta Chen,  S. Coriani,  C. J. Cramer,  A. E. DePrince, III,  
 R. A. DiStasio Jr.,  A. Dreuw,  B. D. Dunietz,  T. R. Furlani,  
 W. A. Goddard III,  S. Grimme,  S. Hammes-Schiffer,  T. Head-Gordon,  
 W. J. Hehre,  Chao-Ping Hsu,  T.-C. Jagau,  Yousung Jung,  A. Klamt,  
 Jing Kong,  D. S. Lambrecht,  Xiangyuan Li,  WanZhen Liang,  N. J. Mayhall,  
 C. W. McCurdy,  J. B. Neaton,  T. Neudecker,  C. Ochsenfeld,  
 J. A. Parkhill,  R. Peverati,  V. A. Rassolov,  Haisheng Ren,  Yihan Shao,  
 L. V. Slipchenko,  R. P. Steele,  J. E. Subotnik,  A. J. W. Thom,  
 A. Tkatchenko,  D. G. Truhlar,  T. Van Voorhis,  Fan Wang,  
 T. A. Wesolowski,  K. B. Whaley,  H. L. Woodcock III,  P. M. Zimmerman,  
 S. Faraji,  P. M. W. Gill,  M. Head-Gordon,  J. M. Herbert,  A. I. Krylov

 Contributors to earlier versions of Q-Chem not listed above: 
 R. D. Adamson,  B. Austin,  R. Baer,  J. Baker,  G. J. O. Beran,  
 K. Brandhorst,  S. T. Brown,  E. F. C. Byrd,  Arup K. Chakraborty,  
 G. K. L. Chan,  Chun-Min Chang,  Yunqing Chen,  C.-L. Cheng,  
 Siu Hung Chien,  D. M. Chipman,  D. L. Crittenden,  H. Dachsel,  
 R. J. Doerksen,  A. D. Dutoi,  R. G. Edgar,  J. Fosso-Tande,  
 L. Fusti-Molnar,  D. Ghosh,  A. Ghysels,  A. Golubeva-Zadorozhnaya,  
 J. Gonthier,  M. S. Gordon,  S. R. Gwaltney,  G. Hawkins,  J. E. Herr,  
 A. Heyden,  S. Hirata,  E. G. Hohenstein,  G. Kedziora,  F. J. Keil,  
 C. Kelley,  Jihan Kim,  R. A. King,  R. Z. Khaliullin,  P. P. Korambath,  
 W. Kurlancheek,  A. Laurent,  A. M. Lee,  M. S. Lee,  S. V. Levchenko,  
 Ching Yeh Lin,  D. Liotard,  E. Livshits,  R. C. Lochan,  I. Lotan,  
 L. A. Martinez-Martinez,  P. E. Maslen,  N. Nair,  D. P. O'Neill,  
 D. Neuhauser,  E. Neuscamman,  C. M. Oana,  R. Olivares-Amaya,  R. Olson,  
 T. M. Perrine,  B. Peters,  P. A. Pieniazek,  A. Prociuk,  Y. M. Rhee,  
 J. Ritchie,  M. A. Rohrdanz,  E. Rosta,  N. J. Russ,  H. F. Schaefer III,  
 M. W. Schmidt,  N. E. Schultz,  S. Sharma,  N. Shenvi,  C. D. Sherrill,  
 A. C. Simmonett,  A. Sodt,  T. Stein,  D. Stuck,  K. S. Thanthiriwatte,  
 V. Vanovschi,  L. Vogt,  Tao Wang,  A. Warshel,  M. A. Watson,  
 C. F. Williams,  Q. Wu,  X. Xu,  Jun Yang,  W. Zhang,  Yan Zhao

   Please cite Q-Chem as follows:
  "Software for the frontiers of quantum chemistry:
   An overview of developments in the Q-Chem 5 package"
   J. Chem. Phys. 155, 084801 (2021)
   https://doi.org/10.1063/5.0055522 (open access)

 Q-Chem 6.1.1 for Intel X86 EM64T Linux

 Parts of Q-Chem use Armadillo 9.900.5 (Nocturnal Misbehaviour).
 http://arma.sourceforge.net/

 Q-Chem begins on Sun Mar 10 19:16:22 2024  

 Host: 
0

     Scratch files written to /scratch/qchemscratch/qchem3934707//
 Jan1824 |scratch|qcdevops|jenkins|workspace|build_RNUM UKVU   
 Processing $rem in /opt/qchem/6.1/config/preferences:
 Processing $rem in /home/mm227274/.qchemrc:

 Q-Chem warning in module libgen/rem_setup.C, line 3361:

 Neither GIA nor STOLL is specified by user. Use STOLL as the default


 Checking the input file for inconsistencies... 	...done.

--------------------------------------------------------------
User input:
--------------------------------------------------------------
$molecule
0 1
--
0 1
H -2.43488 0.93263 -0.02649
N -1.41936 1.06992 -0.01468
C -0.6643 2.21111 -0.00045
H -1.11875 3.19394 0.00448
N 0.64678 1.98904 0.0068
C 0.73093 0.61264 -0.0099
C 1.82843 -0.26997 0.00797
N 3.11301 0.17757 -0.03865
N 1.60021 -1.59414 0.00915
C 0.32195 -2.02658 -0.00981
H 0.19538 -3.10698 -0.01104
N -0.80442 -1.3016 -0.02352
C -0.53569 0.01965 -0.01716
H 3.82963 -0.49372 0.20662
H 3.27441 1.1441 0.21418
--
0 1
O -4.8349666 -0.9794862 -0.0008310000000000053
H -5.2504366 -1.2520262 0.832069
H -4.0405666 -1.5547162 -0.074301
$end

$rem
JOBTYPE          eda
EDA2             2
METHOD           b97m-v
BASIS            aug-cc-pvtz
SCF_CONVERGENCE  8
THRESH           14
SYMMETRY         false
DISP_FREE_X      revPBE
DISP_FREE_C      PBE
EDA_BSSE         true
$end
--------------------------------------------------------------
 ----------------------------------------------------------------
             Standard Nuclear Orientation (Angstroms)
    I     Atom           X                Y                Z
 ----------------------------------------------------------------
    1      H       2.1743758175     1.1957783458     0.0457802018
    2      N       1.1503524223     1.2315671138     0.0266977305
    3      C       0.2858887918     2.2921427776     0.0040128138
    4      H       0.6405847332     3.3152127922    -0.0007253987
    5      N      -0.9965981528     1.9410211601    -0.0114552343
    6      C      -0.9438567165     0.5631065440     0.0087121639
    7      C      -1.9481979644    -0.4241163894    -0.0139932648
    8      N      -3.2711454830    -0.1061849433     0.0226224564
    9      N      -1.5896938497    -1.7190946537    -0.0097453593
   10      C      -0.2749940280    -2.0224806287     0.0191300911
   11      H      -0.0418438045    -3.0849772143     0.0243852527
   12      N       0.7737461019    -1.1892527376     0.0383332883
   13      C       0.3752756870     0.0987821509     0.0262800978
   14      H      -3.9158702948    -0.8458383346    -0.2255199203
   15      H      -3.5258857361     0.8389817472    -0.2341275006
   16      O       4.7524903125    -0.4687256481     0.0419672036
   17      H       5.1987947807    -0.7005529662    -0.7873000626
   18      H       4.0186001131    -1.1197974868     0.1117482166
 ----------------------------------------------------------------
 Molecular Point Group                 C1    NOp =  1
 Largest Abelian Subgroup              C1    NOp =  1
 Nuclear Repulsion Energy =         580.05690520 hartrees
 There are       40 alpha and       40 beta electrons
 Requested basis set is aug-cc-pVTZ
 There are 217 shells and 667 basis functions

 Total QAlloc Memory Limit  16000 MB
 Mega-Array Size       188 MB
 MEM_STATIC part       192 MB

 A cutoff of  1.0D-14 yielded  21572 shell pairs
 There are    201372 function pairs (    275154 Cartesian)
 Smallest overlap matrix eigenvalue = 1.40E-06

 Scale SEOQF with 1.000000e-02/1.000000e-01/1.000000e-01

 Standard Electronic Orientation quadrupole field applied
 Nucleus-field energy     =     0.0000000123 hartrees

 -----------------------------------------------------------------------
  General SCF calculation program by
  Eric Jon Sundstrom, Paul Horn, Yuezhi Mao, Dmitri Zuev, Alec White,
  David Stuck, Shaama M.S., Shane Yost, Joonho Lee, David Small,
  Daniel Levine, Susi Lehtola, Hugh Burton, Evgeny Epifanovsky,
  Bang C. Huynh
 -----------------------------------------------------------------------
================================================================
                 ALMO-EDA with the EDA2 driver                  
================================================================
 The second-generation ALMO-EDA (for DFT):                      
 P. R. Horn, Y. Mao and M. Head-Gordon, PCCP, 18, 23067 (2016)  
 Y. Mao et al. Annu. Rev. Phys. Chem. 72, 641 (2021)            
 Decomposition of the frozen energy:                            
 P. R. Horn, Y. Mao and M. Head-Gordon, JCP, 144, 114107 (2016) 
================================================================
 Using eda2 option set 2
 Option set summary: Frozen orbital wavefunction, initial wavefunction decomposition, and traditional AO-based POL.
--------------------------------
Printing EDA Options
--------------------------------
eda_child_super_basis      0
fragmo_guess_mode          0
child_mp                   0
child_mp_orders            0
cls_elec                   1
cls_disp                   0
scfmi_mode                 1
scfmi_occs                 0
scfmi_virts                0
frz_relax                  0
frz_relax_method           0
dc_pen_start               0
dc_pen_conv                0
dc_pen_increment           0
dc_pen_steps               0
dc_pen_thresh_factor       0
dc_pen_pre_newton_thresh   0
frz_ortho_decomp           1
frz_ortho_decomp_conv      6
plot_mo_ortho_frz          0
frgm_method                2
scfmi_freeze_ss            0
separate_rehyb             0
plot_diff_den              0
eda_nocv                   0
eda_vct_relax              1
disp_free_x                33
disp_free_c                25
eda_bsse                   1
eda_pct_a                  0
eda_covp                   0
eda_vct_a                  0
--------------------------------
 Attempting to make child job directory: /scratch/qchemscratch/qchem3934707//Frg1/
 Attempting to make child job directory: /scratch/qchemscratch/qchem3934707//Frg2/
 Creating input file /scratch/qchemscratch/qchem3934707/Frg1.input
 using default PutDataFrgm: nothing
 calling putenv with: QCSCRATCH=/scratch/qchemscratch/qchem3934707/ 
 Spawning Job For Fragment 0
 Done Job For Fragment 0
 calling putenv with: QCSCRATCH=/scratch/qchemscratch 
 calling putenv with: QCTHREADS=1 
 Creating input file /scratch/qchemscratch/qchem3934707/Frg2.input
 using default PutDataFrgm: nothing
 calling putenv with: QCSCRATCH=/scratch/qchemscratch/qchem3934707/ 
 Spawning Job For Fragment 1
 Done Job For Fragment 1
 calling putenv with: QCSCRATCH=/scratch/qchemscratch 
 calling putenv with: QCTHREADS=1 
Doing General SCFMI
 Exchange:  B97M-V      Correlation:  B97M-V
 Using SG-2 standard quadrature grid
 Nonlocal Correlation:  VV10 with C = 0.0100 and b = 6.00 and scale = 1.00000
 Grid used for NLC:  SG-1 standard quadrature
performing fock build before subrot guess so that all methods have access
Printing subrot_rss_gen Method Specification:
Occupied Subspace Method is 0
Virtual Subspace Method is 0
Energy of the unrelaxed supersystem initial determinant -543.893998324561
write pseudocanon occs and virts to disk
write pseudocanon orbital energies to disk
Tolerance of ortho_decomp_scf: 1.00e-06
GDM subspace size: 20
Beginning the Orthogonal Decomposition of the Initial Supersystem Wavefunction
    1    -543.8853503990      1.89e-02     ortho_decomp Preconditoned Steepest Descent
    2    -543.8856839317      3.44e-05     ortho_decomp BFGS Step
    3    -543.8856839375      2.42e-07     ortho_decomp 00000 Convergence criterion met
 Exchange:  revPBE      Correlation:  PBE
 Using SG-2 standard quadrature grid
 Exchange:  revPBE      Correlation:  PBE
 Using SG-2 standard quadrature grid
 Exchange:  revPBE      Correlation:  PBE
 Using SG-2 standard quadrature grid
Doing General SCFMI
 Exchange:  B97M-V      Correlation:  B97M-V
 Using SG-2 standard quadrature grid
 Nonlocal Correlation:  VV10 with C = 0.0100 and b = 6.00 and scale = 1.00000
 Grid used for NLC:  SG-1 standard quadrature
performing fock build at end of subrot_r(subrot) constructor so that all methods have access
<S^2> of initial wavefunction before polarization iterations 0.0000000000
Beginning iterations for the determination of the polarized wavefunction
Energy prior to optimization (guess energy) = -543.893998324561
Begin Timing: Total SCF Calculation
begin iterations for algorithm: DIIS         
the SCF tolerance is set to 1.00e-08
    1    -543.8939983246      3.17e-05     00000 
    2    -543.8944076391      2.14e-05     00000 
    3    -543.8944193009      2.19e-05     00000 
    4    -543.8944964816      4.10e-06     00000 
    5    -543.8944971347      3.55e-06     00000 
    6    -543.8944990942      1.11e-06     00000 
    7    -543.8944992605      5.81e-07     00000 
    8    -543.8944993097      9.29e-08     00000 
    9    -543.8944993105      6.59e-08     00000 
   10    -543.8944993112      2.57e-08     00000 
   11    -543.8944993113      7.57e-09     00000 Convergence criterion met
write pseudocanon occs and virts to disk
write pseudocanon orbital energies to disk
Timing for Total SCF: 3021.00s (wall), 2985.07s (cpu)
<S^2> of polarized wavefunction after polarization iterations 0.0000000000
relaxing scfmi constraint to allow all rotations in the entire AO span
Doing General SCFMI
 Exchange:  B97M-V      Correlation:  B97M-V
 Using SG-2 standard quadrature grid
 Nonlocal Correlation:  VV10 with C = 0.0100 and b = 6.00 and scale = 1.00000
 Grid used for NLC:  SG-1 standard quadrature
performing fock build at end of subrot_r(subrot) constructor so that all methods have access
<S^2> of polarized wavefunction before ct-allowed iterations 0.0000000000
Beginning iterations for the determination of the CT-Allowed wavefunction
Energy prior to optimization (guess energy) = -543.894499311278
Begin Timing: Total SCF Calculation
begin iterations for algorithm: DIIS         
the SCF tolerance is set to 1.00e-08
    1    -543.8944993113      3.18e-05     00000 
    2    -543.8949548007      2.21e-06     00000 
    3    -543.8949536091      3.49e-06     00000 
    4    -543.8949558743      6.40e-07     00000 
    5    -543.8949559235      4.35e-07     00000 
    6    -543.8949559588      1.35e-07     00000 
    7    -543.8949559617      5.96e-08     00000 
    8    -543.8949559625      1.57e-08     00000 
    9    -543.8949559626      4.22e-09     00000 Convergence criterion met
write pseudocanon occs and virts to disk
write pseudocanon orbital energies to disk
Timing for Total SCF: 2377.00s (wall), 2349.68s (cpu)
<S^2> of ct_allowed wavefunction after ct-allowed iterations 0.0000000000
 Attempting to make child job directory: /scratch/qchemscratch/qchem3934707//FrgBSSE1/
 Attempting to make child job directory: /scratch/qchemscratch/qchem3934707//FrgBSSE2/
 Creating input file /scratch/qchemscratch/qchem3934707/FrgBSSE1.input
 calling putenv with: QCSCRATCH=/scratch/qchemscratch/qchem3934707/ 
 Spawning Job For Fragment 0
 Done Job For Fragment 0
 calling putenv with: QCSCRATCH=/scratch/qchemscratch 
 calling putenv with: QCTHREADS=1 
 Creating input file /scratch/qchemscratch/qchem3934707/FrgBSSE2.input
 calling putenv with: QCSCRATCH=/scratch/qchemscratch/qchem3934707/ 
 Spawning Job For Fragment 1
 Done Job For Fragment 1
 calling putenv with: QCSCRATCH=/scratch/qchemscratch 
 calling putenv with: QCTHREADS=1 
====================================================================
   Evaluating the BSSE with fragment SCF in the supersystem basis
   Fragment contributions (kJ/mol) 
   Frgm 1: 0.1393
   Frgm 2: 0.0831
   BSSE (kJ/mol) = 0.2224
====================================================================

================================
        Results of EDA2         
================================
Basic EDA Quantities
--------------------
Fragment Energies (Ha):
1 -467.4559074701
2  -76.4324173783
--------------------
  E_prp (kJ/mol) = 0.0000
  E_frz (kJ/mol) = -14.8959
  E_pol (kJ/mol) = -1.3154
  E_vct (kJ/mol) = -0.9766 (CP-corrected)
  E_int (kJ/mol) = -17.1878 (CP-corrected)
--------------------


Decomposition of frozen interaction energy
--------------------
  --------------------
  Orthogonal Frozen Decomposition:
  --------------------
     E_elec   (ELEC)   (kJ/mol) = -17.3330
     E_pauli  (PAULI)  (kJ/mol) = 5.0158
     E_disp   (DISP)   (kJ/mol) = -2.5787
  --------------------
  Classical Frozen Decomposition:
  --------------------
     E_cls_elec  (CLS ELEC)  (kJ/mol) = -14.0049
     E_mod_pauli (MOD PAULI) (kJ/mol) = 1.6877 (FRZ - CLS ELEC - DISP)
     E_disp      (DISP)      (kJ/mol) = -2.5787
  --------------------
--------------------

Simplified EDA Summary (kJ/mol)
--------------------
 PREPARATION      0.0000
 FROZEN           -14.8959 (ELEC + PAULI + DISP)
[ELEC + PAULI = -12.3172, DISP = -2.5787]
 POLARIZATION    -1.3154
 CHARGE TRANSFER -0.9766     (counterpoise-corrected)
 TOTAL           -17.1878     (PRP + FRZ + POL + CT)
--------------------
 
 --------------------------------------------------------------
 
                    Orbital Energies (a.u.)
 --------------------------------------------------------------
 
 Alpha MOs
 -- Occupied --
-19.1665 -14.4086 -14.3627 -14.3417 -14.3376 -14.3292 -10.2706 -10.2608
-10.2548 -10.2446 -10.2099  -1.0249  -1.0063  -0.9654  -0.9243  -0.8792
 -0.8490  -0.7483  -0.6454  -0.6290  -0.6119  -0.5545  -0.5226  -0.5013
 -0.4923  -0.4738  -0.4434  -0.4314  -0.4169  -0.3960  -0.3804  -0.3695
 -0.3370  -0.3067  -0.2898  -0.2798  -0.2693  -0.2533  -0.2352  -0.2107
 -- Virtual --
 -0.0556  -0.0335  -0.0281  -0.0150  -0.0046  -0.0021   0.0083   0.0182
  0.0190   0.0201   0.0321   0.0396   0.0508   0.0539   0.0562   0.0629
  0.0637   0.0719   0.0740   0.0827   0.0840   0.0855   0.0878   0.0912
  0.0958   0.0966   0.1013   0.1092   0.1145   0.1178   0.1299   0.1344
  0.1367   0.1397   0.1421   0.1453   0.1502   0.1527   0.1569   0.1597
  0.1632   0.1699   0.1777   0.1792   0.1817   0.1834   0.1864   0.1891
  0.1958   0.2031   0.2045   0.2064   0.2137   0.2156   0.2165   0.2261
  0.2313   0.2368   0.2425   0.2436   0.2506   0.2539   0.2594   0.2653
  0.2710   0.2730   0.2753   0.2832   0.2880   0.2896   0.2973   0.2991
  0.3090   0.3125   0.3184   0.3215   0.3272   0.3312   0.3348   0.3356
  0.3426   0.3442   0.3483   0.3590   0.3642   0.3670   0.3694   0.3763
  0.3830   0.3863   0.3908   0.3946   0.4004   0.4063   0.4085   0.4128
  0.4143   0.4224   0.4258   0.4306   0.4354   0.4386   0.4420   0.4496
  0.4529   0.4689   0.4729   0.4755   0.4884   0.4932   0.4991   0.5031
  0.5086   0.5167   0.5290   0.5318   0.5364   0.5413   0.5447   0.5538
  0.5603   0.5640   0.5671   0.5785   0.5824   0.5886   0.5952   0.5998
  0.6106   0.6118   0.6160   0.6273   0.6300   0.6408   0.6425   0.6537
  0.6592   0.6679   0.6736   0.6767   0.6834   0.6884   0.6928   0.6980
  0.7044   0.7070   0.7163   0.7196   0.7286   0.7356   0.7449   0.7548
  0.7571   0.7668   0.7691   0.7832   0.7909   0.7937   0.8009   0.8060
  0.8092   0.8164   0.8208   0.8243   0.8275   0.8334   0.8383   0.8463
  0.8476   0.8540   0.8557   0.8640   0.8698   0.8755   0.8788   0.8885
  0.8937   0.8951   0.9045   0.9175   0.9228   0.9276   0.9325   0.9367
  0.9392   0.9451   0.9508   0.9608   0.9677   0.9709   0.9760   0.9805
  0.9863   0.9938   0.9971   1.0052   1.0078   1.0164   1.0238   1.0302
  1.0405   1.0471   1.0499   1.0598   1.0650   1.0702   1.0772   1.0845
  1.0891   1.0980   1.1059   1.1063   1.1248   1.1320   1.1353   1.1472
  1.1508   1.1570   1.1611   1.1724   1.1742   1.1827   1.1865   1.2025
  1.2120   1.2152   1.2251   1.2329   1.2358   1.2482   1.2577   1.2728
  1.2784   1.2887   1.2982   1.3061   1.3155   1.3197   1.3234   1.3379
  1.3450   1.3582   1.3717   1.3761   1.3803   1.3907   1.3998   1.4018
  1.4108   1.4232   1.4349   1.4421   1.4463   1.4559   1.4618   1.4676
  1.4759   1.4899   1.4944   1.5064   1.5095   1.5155   1.5186   1.5309
  1.5400   1.5475   1.5682   1.5743   1.5794   1.5864   1.5875   1.6038
  1.6147   1.6249   1.6491   1.6609   1.6651   1.6822   1.6872   1.6993
  1.7191   1.7261   1.7360   1.7457   1.7615   1.7646   1.7751   1.7875
  1.7937   1.8158   1.8209   1.8506   1.8551   1.8718   1.8796   1.8844
  1.8979   1.9055   1.9161   1.9220   1.9345   1.9492   1.9541   1.9668
  1.9753   1.9899   2.0054   2.0102   2.0122   2.0275   2.0395   2.0488
  2.0619   2.0813   2.0827   2.0877   2.1018   2.1133   2.1217   2.1355
  2.1362   2.1488   2.1593   2.1743   2.1751   2.1839   2.1947   2.2034
  2.2125   2.2251   2.2379   2.2471   2.2523   2.2598   2.2660   2.2777
  2.2796   2.2928   2.2981   2.3109   2.3190   2.3303   2.3381   2.3678
  2.3711   2.3829   2.4075   2.4163   2.4218   2.4442   2.4516   2.4731
  2.4807   2.4881   2.5017   2.5151   2.5215   2.5363   2.5452   2.5650
  2.5715   2.5872   2.6122   2.6178   2.6212   2.6503   2.6606   2.6758
  2.6882   2.6983   2.7090   2.7252   2.7711   2.7842   2.8035   2.8356
  2.8508   2.8635   2.8913   2.9230   2.9365   2.9548   2.9677   3.0256
  3.0327   3.0378   3.0805   3.1205   3.1274   3.1756   3.1937   3.2121
  3.2130   3.2340   3.2498   3.2704   3.2741   3.2863   3.3127   3.3184
  3.3287   3.3574   3.3784   3.4133   3.4224   3.4311   3.4396   3.4516
  3.4756   3.4793   3.4899   3.4991   3.5221   3.5401   3.5568   3.5636
  3.5911   3.6010   3.6038   3.6111   3.6250   3.6367   3.6636   3.6755
  3.6847   3.7054   3.7072   3.7201   3.7318   3.7400   3.7660   3.7840
  3.7927   3.7991   3.8324   3.8460   3.8562   3.8646   3.8851   3.9050
  3.9156   3.9268   3.9437   3.9458   3.9698   3.9783   3.9805   3.9830
  4.0120   4.0217   4.0342   4.0372   4.0484   4.0643   4.0754   4.0885
  4.1070   4.1230   4.1330   4.1444   4.1636   4.1663   4.1772   4.1997
  4.2131   4.2248   4.2304   4.2388   4.2529   4.2687   4.2762   4.2864
  4.3115   4.3146   4.3209   4.3277   4.3484   4.3574   4.3590   4.3913
  4.3952   4.4296   4.4348   4.4417   4.4573   4.4711   4.5090   4.5330
  4.5498   4.5923   4.6038   4.6107   4.6191   4.6430   4.6617   4.6796
  4.7019   4.7148   4.7249   4.7430   4.7701   4.8027   4.8110   4.8279
  4.8674   4.8889   4.9120   4.9459   4.9693   4.9725   4.9925   5.0004
  5.0070   5.0248   5.0416   5.0788   5.0848   5.0961   5.1140   5.1160
  5.1277   5.1345   5.1544   5.1677   5.1734   5.2029   5.2213   5.2417
  5.2695   5.2802   5.2968   5.3162   5.3255   5.3446   5.3686   5.4011
  5.4150   5.4158   5.4380   5.4451   5.4541   5.4612   5.4712   5.4811
  5.5055   5.5236   5.5268   5.5391   5.5499   5.5764   5.5796   5.6115
  5.6232   5.6326   5.6735   5.7050   5.7276   5.7378   5.7501   5.7536
  5.7623   5.7829   5.8170   5.8346   5.8475   5.8702   5.9128   5.9473
  5.9710   5.9886   5.9921   6.0011   6.0470   6.0936   6.1094   6.1136
  6.1930   6.2362   6.2910   6.3090   6.3409   6.3620   6.4215   6.4231
  6.4686   6.5182   6.5361   6.5513   6.5683   6.5909   6.6730   6.7078
  6.7270   6.7671   6.8006   6.8426   6.8785   6.9230   6.9522   6.9859
  7.0368   7.0806   7.0908   7.1011   7.1420   7.1536   7.1647   7.2221
  7.2533   7.3562   7.4431   7.5867   7.6729   7.6872   7.7602   8.5774
 15.0659  15.6071  15.7430  15.8843  17.3030  17.6398  18.5004  18.8177
 18.9080  19.4267  20.5438
 --------------------------------------------------------------
 
          Ground-State Mulliken Net Atomic Charges

     Atom                 Charge (a.u.)
  ----------------------------------------
      1 H                     0.137711
      2 N                     0.170420
      3 C                    -0.978417
      4 H                     0.758345
      5 N                    -0.462754
      6 C                     0.999803
      7 C                     0.148681
      8 N                    -0.365866
      9 N                    -0.160100
     10 C                    -0.792097
     11 H                     0.702965
     12 N                    -0.294575
     13 C                    -0.097218
     14 H                     0.119463
     15 H                     0.112296
     16 O                    -0.548056
     17 H                     0.245144
     18 H                     0.304255
  ----------------------------------------
  Sum of atomic charges =     0.000000

 -----------------------------------------------------------------
                    Cartesian Multipole Moments
 -----------------------------------------------------------------
    Charge (ESU x 10^10)
                -0.0000
    Dipole Moment (Debye)
         X       0.3516      Y       1.0242      Z      -1.7647
       Tot       2.0705
    Quadrupole Moments (Debye-Ang)
        XX     -55.9172     XY       0.2048     YY     -62.3566
        XZ      -3.8646     YZ       0.8435     ZZ     -65.1541
    Octopole Moments (Debye-Ang^2)
       XXX     -33.5228    XXY      -8.9986    XYY      31.7395
       YYY       5.6584    XXZ     -49.4702    XYZ       5.0247
       YYZ      -0.6238    XZZ      12.5913    YZZ      -1.5777
       ZZZ      -1.6628
    Hexadecapole Moments (Debye-Ang^3)
      XXXX   -1577.4844   XXXY     -73.5645   XXYY    -423.4543
      XYYY       7.6656   YYYY    -748.2167   XXXZ    -167.8019
      XXYZ      27.3419   XYYZ      -1.7816   YYYZ       0.2580
      XXZZ    -298.2867   XYZZ      -6.3501   YYZZ    -154.5623
      XZZZ      -6.1053   YZZZ       1.1616   ZZZZ     -69.7894
 -----------------------------------------------------------------
 Total job time:  19782.07s(wall), 11014.12s(cpu) 
 Mon Mar 11 00:46:04 2024

        *************************************************************
        *                                                           *
        *  Thank you very much for using Q-Chem.  Have a nice day.  *
        *                                                           *
        *************************************************************


