
Running Job 1 of 1 A-wat_1_0.9.inp
qchem A-wat_1_0.9.inp_3934169.0 /scratch/qchemscratch/qchem3934169/ 1
/opt/qchem/6.1/exe/qcprog.exe_s A-wat_1_0.9.inp_3934169.0 /scratch/qchemscratch/qchem3934169/
                  Welcome to Q-Chem
     A Quantum Leap Into The Future Of Chemistry


 Q-Chem 6.1, Q-Chem, Inc., Pleasanton, CA (2023)

 License issued to: SRG Pengyu Ren, University of Texas at Austin

 E. Epifanovsky,  A. T. B. Gilbert,  Xintian Feng,  Joonho Lee,  Yuezhi Mao,  
 N. Mardirossian,  P. Pokhilko,  A. White,  M. Wormit,  M. P. Coons,  
 A. L. Dempwolff,  Zhengting Gan,  D. Hait,  P. R. Horn,  L. D. Jacobson,  
 I. Kaliman,  J. Kussmann,  A. W. Lange,  Ka Un Lao,  D. S. Levine,  Jie Liu,  
 S. C. McKenzie,  A. F. Morrison,  K. D. Nanda,  F. Plasser,  D. R. Rehn,  
 M. L. Vidal,  Zhi-Qiang You,  Ying Zhu,  B. Alam,  B. Albrecht,  
 A. Aldossary,  E. Alguire,  J. H. Andersen,  V. Athavale,  D. Barton,  
 K. Begam,  A. Behn,  N. Bellonzi,  Y. A. Bernard,  E. J. Berquist,  
 H. Burton,  A. Carreras,  K. Carter-Fenk,  Mathew Chow,  Romit Chakraborty,  
 Chandrima Chakravarty,  Junhan Chen,  A. D. Chien,  K. D. Closser,  
 V. Cofer-Shabica,  L. Cunha,  S. Dasgupta,  Jia Deng,  M. de Wergifosse,  
 M. Diedenhofen,  Hainam Do,  S. Ehlert,  Po-Tung Fang,  S. Fatehi,  
 Qingguo Feng,  T. Friedhoff,  Thomas Froitzheim,  B. Ganoe,  J. Gayvert,  
 Qinghui Ge,  G. Gidofalvi,  M. Gimferrer,  M. Goldey,  Montgomery Gray,  
 J. Gomes,  C. Gonzalez-Espinoza,  S. Gulania,  A. Gunina,  J. A. Gyamfi,  
 M. W. D. Hanson-Heine,  P. H. P. Harbach,  A. W. Hauser,  M. F. Herbst,  
 M. Hernandez Vera,  M. Hodecker,  Z. C. Holden,  S. Houck,  Xunkun Huang,  
 Kerwin Hui,  B. C. Huynh,  K. Ikeda,  M. Ivanov,  Hyunjun Ji,  Zuxin Jin,  
 Hanjie Jiang,  Subrata Jana,  B. Kaduk,  S. Kaehler,  R. Kang,  
 K. Khistyaev,  Jaehoon Kim,  Yongbin Kim,  P. Klunzinger,  Z. Koczor-Benda,  
 Joong Hoon Koh,  D. Kosenkov,  Saikiran Kotaru,  L. Koulias,  T. Kowalczyk,  
 C. M. Krauter,  K. Kue,  A. Kunitsa,  T. Kus,  A. Landau,  K. V. Lawler,  
 D. Lefrancois,  S. Lehtola,  Rain Li,  Shaozhi Li,  Yi-Pei Li,  
 Jiashu Liang,  M. Liebenthal,  Hung-Hsuan Lin,  You-Sheng Lin,  Fenglai Liu,  
 Kuan-Yu Liu,  Xiao Liu,  M. Loipersberger,  A. Luenser,  C. Malbon,  
 A. Manjanath,  P. Manohar,  E. Mansoor,  S. F. Manzer,  Shan-Ping Mao,  
 A. V. Marenich,  T. Markovich,  S. Mason,  F. Matz,  S. A. Maurer,  
 P. F. McLaughlin,  M. F. S. J. Menger,  J.-M. Mewes,  S. A. Mewes,  
 P. Morgante,  Mohammad Mostafanejad,  J. W. Mullinax,  K. J. Oosterbaan,  
 G. Paran,  V. Parravicini,  Alexander C. Paul,  Suranjan K. Paul,  
 F. Pavosevic,  Zheng Pei,  S. Prager,  E. I. Proynov,  E. Ramos,  B. Rana,  
 A. E. Rask,  A. Rettig,  R. M. Richard,  F. Rob,  E. Rossomme,  T. Scheele,  
 M. Scheurer,  M. Schneider,  P. E. Schneider,  Tim K. Schramm,  N. Sergueev,  
 S. M. Sharada,  M. Sharma,  Hengyuan Shen,  W. Skomorowski,  D. W. Small,  
 C. J. Stein,  Alistair J. Sterling,  Yingli Su,  Yu-Chuan Su,  
 E. J. Sundstrom,  J. Talbot,  Zhen Tao,  J. Thirman,  Hung-Yi Tsai,  
 T. Tsuchimochi,  N. M. Tubman,  C. Utku,  S. P. Veccham,  O. Vydrov,  
 J. Wenzel,  Jonathan Wong,  J. Witte,  A. Yamada,  Chou-Hsun Yang,  Kun Yao,  
 S. Yeganeh,  S. R. Yost,  A. Zech,  F. Zeller,  Igor Ying Zhang,  
 Xing Zhang,  Yu Zhang,  D. Zuev,  A. Aspuru-Guzik,  A. T. Bell,  
 N. A. Besley,  K. B. Bravaya,  B. R. Brooks,  D. Casanova,  Jeng-Da Chai,  
 Hsing-Ta Chen,  S. Coriani,  C. J. Cramer,  A. E. DePrince, III,  
 R. A. DiStasio Jr.,  A. Dreuw,  B. D. Dunietz,  T. R. Furlani,  
 W. A. Goddard III,  S. Grimme,  S. Hammes-Schiffer,  T. Head-Gordon,  
 W. J. Hehre,  Chao-Ping Hsu,  T.-C. Jagau,  Yousung Jung,  A. Klamt,  
 Jing Kong,  D. S. Lambrecht,  Xiangyuan Li,  WanZhen Liang,  N. J. Mayhall,  
 C. W. McCurdy,  J. B. Neaton,  T. Neudecker,  C. Ochsenfeld,  
 J. A. Parkhill,  R. Peverati,  V. A. Rassolov,  Haisheng Ren,  Yihan Shao,  
 L. V. Slipchenko,  R. P. Steele,  J. E. Subotnik,  A. J. W. Thom,  
 A. Tkatchenko,  D. G. Truhlar,  T. Van Voorhis,  Fan Wang,  
 T. A. Wesolowski,  K. B. Whaley,  H. L. Woodcock III,  P. M. Zimmerman,  
 S. Faraji,  P. M. W. Gill,  M. Head-Gordon,  J. M. Herbert,  A. I. Krylov

 Contributors to earlier versions of Q-Chem not listed above: 
 R. D. Adamson,  B. Austin,  R. Baer,  J. Baker,  G. J. O. Beran,  
 K. Brandhorst,  S. T. Brown,  E. F. C. Byrd,  Arup K. Chakraborty,  
 G. K. L. Chan,  Chun-Min Chang,  Yunqing Chen,  C.-L. Cheng,  
 Siu Hung Chien,  D. M. Chipman,  D. L. Crittenden,  H. Dachsel,  
 R. J. Doerksen,  A. D. Dutoi,  R. G. Edgar,  J. Fosso-Tande,  
 L. Fusti-Molnar,  D. Ghosh,  A. Ghysels,  A. Golubeva-Zadorozhnaya,  
 J. Gonthier,  M. S. Gordon,  S. R. Gwaltney,  G. Hawkins,  J. E. Herr,  
 A. Heyden,  S. Hirata,  E. G. Hohenstein,  G. Kedziora,  F. J. Keil,  
 C. Kelley,  Jihan Kim,  R. A. King,  R. Z. Khaliullin,  P. P. Korambath,  
 W. Kurlancheek,  A. Laurent,  A. M. Lee,  M. S. Lee,  S. V. Levchenko,  
 Ching Yeh Lin,  D. Liotard,  E. Livshits,  R. C. Lochan,  I. Lotan,  
 L. A. Martinez-Martinez,  P. E. Maslen,  N. Nair,  D. P. O'Neill,  
 D. Neuhauser,  E. Neuscamman,  C. M. Oana,  R. Olivares-Amaya,  R. Olson,  
 T. M. Perrine,  B. Peters,  P. A. Pieniazek,  A. Prociuk,  Y. M. Rhee,  
 J. Ritchie,  M. A. Rohrdanz,  E. Rosta,  N. J. Russ,  H. F. Schaefer III,  
 M. W. Schmidt,  N. E. Schultz,  S. Sharma,  N. Shenvi,  C. D. Sherrill,  
 A. C. Simmonett,  A. Sodt,  T. Stein,  D. Stuck,  K. S. Thanthiriwatte,  
 V. Vanovschi,  L. Vogt,  Tao Wang,  A. Warshel,  M. A. Watson,  
 C. F. Williams,  Q. Wu,  X. Xu,  Jun Yang,  W. Zhang,  Yan Zhao

   Please cite Q-Chem as follows:
  "Software for the frontiers of quantum chemistry:
   An overview of developments in the Q-Chem 5 package"
   J. Chem. Phys. 155, 084801 (2021)
   https://doi.org/10.1063/5.0055522 (open access)

 Q-Chem 6.1.1 for Intel X86 EM64T Linux

 Parts of Q-Chem use Armadillo 9.900.5 (Nocturnal Misbehaviour).
 http://arma.sourceforge.net/

 Q-Chem begins on Sun Mar 10 19:12:49 2024  

 Host: 
0

     Scratch files written to /scratch/qchemscratch/qchem3934169//
 Jan1824 |scratch|qcdevops|jenkins|workspace|build_RNUM UKVU   
 Processing $rem in /opt/qchem/6.1/config/preferences:
 Processing $rem in /home/mm227274/.qchemrc:

 Q-Chem warning in module libgen/rem_setup.C, line 3361:

 Neither GIA nor STOLL is specified by user. Use STOLL as the default


 Checking the input file for inconsistencies... 	...done.

--------------------------------------------------------------
User input:
--------------------------------------------------------------
$molecule
0 1
--
0 1
H 1.84086 2.75515 -0.02875
N 1.0969 2.0673 -0.00392
C -0.24861 2.30169 0.02623
H -0.66031 3.30288 0.02832
N -0.96776 1.18677 0.05175
C -0.02223 0.17505 0.03552
C -0.12426 -1.23821 0.02676
N -1.30186 -1.89412 0.10029
N 1.01703 -1.95319 -0.00939
C 2.19681 -1.2996 -0.0363
H 3.07766 -1.9378 -0.06472
N 2.43049 0.01927 -0.03512
C 1.27362 0.69939 -0.00293
H -1.2633 -2.89297 -0.05583
H -2.18155 -1.39652 -0.05745
--
0 1
O -3.1669180666666668 -0.057523733333333354 -0.18754859999999998
H -3.569718066666667 0.009786266666666644 0.6923414
H -2.4316580666666665 0.5965562666666666 -0.16298859999999998
$end

$rem
JOBTYPE          eda
EDA2             2
METHOD           b97m-v
BASIS            aug-cc-pvtz
SCF_CONVERGENCE  8
THRESH           14
SYMMETRY         false
DISP_FREE_X      revPBE
DISP_FREE_C      PBE
EDA_BSSE         true
$end
--------------------------------------------------------------
 ----------------------------------------------------------------
             Standard Nuclear Orientation (Angstroms)
    I     Atom           X                Y                Z
 ----------------------------------------------------------------
    1      H       1.8336852783    -2.7307030322     0.0280297844
    2      N       1.0795441866    -2.0540429280     0.0028712828
    3      C      -0.2623040515    -2.3085046409    -0.0277456641
    4      H      -0.6590044291    -3.3157319487    -0.0298985874
    5      N      -0.9980160133    -1.2044516857    -0.0536219207
    6      C      -0.0677076157    -0.1787215686    -0.0371366431
    7      C      -0.1908366529     1.2328576678    -0.0285351512
    8      N      -1.3780746299     1.8711009201    -0.1025478915
    9      N       0.9396345159     1.9648061983     0.0079665213
   10      C       2.1290345359     1.3289114881     0.0353598545
   11      H       3.0002442986     1.9801982428     0.0640438458
   12      N       2.3823863989     0.0136785502     0.0343779035
   13      C       1.2358148912    -0.6836462394     0.0018275916
   14      H      -1.3544936159     2.8704279934     0.0535001356
   15      H      -2.2502920300     1.3604308131     0.0549164297
   16      O      -3.2155992873     0.0068777397     0.1847734721
   17      H      -3.6170294105    -0.0665115637    -0.6952565016
   18      H      -2.4706436424    -0.6361500482     0.1605359226
 ----------------------------------------------------------------
 Molecular Point Group                 C1    NOp =  1
 Largest Abelian Subgroup              C1    NOp =  1
 Nuclear Repulsion Energy =         611.02839699 hartrees
 There are       40 alpha and       40 beta electrons
 Requested basis set is aug-cc-pVTZ
 There are 217 shells and 667 basis functions

 Total QAlloc Memory Limit  16000 MB
 Mega-Array Size       188 MB
 MEM_STATIC part       192 MB

 A cutoff of  1.0D-14 yielded  22474 shell pairs
 There are    211720 function pairs (    289880 Cartesian)
 Smallest overlap matrix eigenvalue = 1.43E-06

 Scale SEOQF with 1.000000e-01/1.000000e-01/1.000000e-01

 Standard Electronic Orientation quadrupole field applied
 Nucleus-field energy     =     0.0000000210 hartrees

 -----------------------------------------------------------------------
  General SCF calculation program by
  Eric Jon Sundstrom, Paul Horn, Yuezhi Mao, Dmitri Zuev, Alec White,
  David Stuck, Shaama M.S., Shane Yost, Joonho Lee, David Small,
  Daniel Levine, Susi Lehtola, Hugh Burton, Evgeny Epifanovsky,
  Bang C. Huynh
 -----------------------------------------------------------------------
================================================================
                 ALMO-EDA with the EDA2 driver                  
================================================================
 The second-generation ALMO-EDA (for DFT):                      
 P. R. Horn, Y. Mao and M. Head-Gordon, PCCP, 18, 23067 (2016)  
 Y. Mao et al. Annu. Rev. Phys. Chem. 72, 641 (2021)            
 Decomposition of the frozen energy:                            
 P. R. Horn, Y. Mao and M. Head-Gordon, JCP, 144, 114107 (2016) 
================================================================
 Using eda2 option set 2
 Option set summary: Frozen orbital wavefunction, initial wavefunction decomposition, and traditional AO-based POL.
--------------------------------
Printing EDA Options
--------------------------------
eda_child_super_basis      0
fragmo_guess_mode          0
child_mp                   0
child_mp_orders            0
cls_elec                   1
cls_disp                   0
scfmi_mode                 1
scfmi_occs                 0
scfmi_virts                0
frz_relax                  0
frz_relax_method           0
dc_pen_start               0
dc_pen_conv                0
dc_pen_increment           0
dc_pen_steps               0
dc_pen_thresh_factor       0
dc_pen_pre_newton_thresh   0
frz_ortho_decomp           1
frz_ortho_decomp_conv      6
plot_mo_ortho_frz          0
frgm_method                2
scfmi_freeze_ss            0
separate_rehyb             0
plot_diff_den              0
eda_nocv                   0
eda_vct_relax              1
disp_free_x                33
disp_free_c                25
eda_bsse                   1
eda_pct_a                  0
eda_covp                   0
eda_vct_a                  0
--------------------------------
 Attempting to make child job directory: /scratch/qchemscratch/qchem3934169//Frg1/
 Attempting to make child job directory: /scratch/qchemscratch/qchem3934169//Frg2/
 Creating input file /scratch/qchemscratch/qchem3934169/Frg1.input
 using default PutDataFrgm: nothing
 calling putenv with: QCSCRATCH=/scratch/qchemscratch/qchem3934169/ 
 Spawning Job For Fragment 0
 Done Job For Fragment 0
 calling putenv with: QCSCRATCH=/scratch/qchemscratch 
 calling putenv with: QCTHREADS=1 
 Creating input file /scratch/qchemscratch/qchem3934169/Frg2.input
 using default PutDataFrgm: nothing
 calling putenv with: QCSCRATCH=/scratch/qchemscratch/qchem3934169/ 
 Spawning Job For Fragment 1
 Done Job For Fragment 1
 calling putenv with: QCSCRATCH=/scratch/qchemscratch 
 calling putenv with: QCTHREADS=1 
Doing General SCFMI
 Exchange:  B97M-V      Correlation:  B97M-V
 Using SG-2 standard quadrature grid
 Nonlocal Correlation:  VV10 with C = 0.0100 and b = 6.00 and scale = 1.00000
 Grid used for NLC:  SG-1 standard quadrature
performing fock build before subrot guess so that all methods have access
Printing subrot_rss_gen Method Specification:
Occupied Subspace Method is 0
Virtual Subspace Method is 0
Energy of the unrelaxed supersystem initial determinant -543.857834392343
write pseudocanon occs and virts to disk
write pseudocanon orbital energies to disk
Tolerance of ortho_decomp_scf: 1.00e-06
GDM subspace size: 20
Beginning the Orthogonal Decomposition of the Initial Supersystem Wavefunction
    1    -543.6869866127      2.01e-01     ortho_decomp Preconditoned Steepest Descent
    2    -543.7188065695      6.15e-04     ortho_decomp BFGS Step
    3    -543.7188083306      1.36e-05     ortho_decomp BFGS Step
    4    -543.7188083311      7.61e-08     ortho_decomp 00000 Convergence criterion met
 Exchange:  revPBE      Correlation:  PBE
 Using SG-2 standard quadrature grid
 Exchange:  revPBE      Correlation:  PBE
 Using SG-2 standard quadrature grid
 Exchange:  revPBE      Correlation:  PBE
 Using SG-2 standard quadrature grid
Doing General SCFMI
 Exchange:  B97M-V      Correlation:  B97M-V
 Using SG-2 standard quadrature grid
 Nonlocal Correlation:  VV10 with C = 0.0100 and b = 6.00 and scale = 1.00000
 Grid used for NLC:  SG-1 standard quadrature
performing fock build at end of subrot_r(subrot) constructor so that all methods have access
<S^2> of initial wavefunction before polarization iterations 0.0000000000
Beginning iterations for the determination of the polarized wavefunction
Energy prior to optimization (guess energy) = -543.857834392343
Begin Timing: Total SCF Calculation
begin iterations for algorithm: DIIS         
the SCF tolerance is set to 1.00e-08
    1    -543.8578343923      2.51e-04     00000 
    2    -543.8757271597      1.23e-04     00000 
    3    -543.8747591365      1.53e-04     00000 
    4    -543.8779475129      4.30e-05     00000 
    5    -543.8781986016      2.59e-05     00000 
    6    -543.8783258596      1.11e-05     00000 
    7    -543.8783594755      8.36e-06     00000 
    8    -543.8783820407      3.35e-06     00000 
    9    -543.8783890713      2.65e-06     00000 
   10    -543.8783908926      1.09e-06     00000 
   11    -543.8783912072      5.55e-07     00000 
   12    -543.8783913052      3.79e-07     00000 
   13    -543.8783913444      2.16e-07     00000 
   14    -543.8783913600      1.28e-07     00000 
   15    -543.8783913654      8.32e-08     00000 
   16    -543.8783913665      6.34e-08     00000 
   17    -543.8783913672      3.73e-08     00000 
   18    -543.8783913674      3.13e-08     00000 
   19    -543.8783913675      1.86e-08     00000 
   20    -543.8783913676      1.30e-08     00000 
   21    -543.8783913676      1.03e-08     00000 
   22    -543.8783913676      8.34e-09     00000 Convergence criterion met
write pseudocanon occs and virts to disk
write pseudocanon orbital energies to disk
Timing for Total SCF: 10137.00s (wall), 10046.82s (cpu)
<S^2> of polarized wavefunction after polarization iterations 0.0000000000
relaxing scfmi constraint to allow all rotations in the entire AO span
Doing General SCFMI
 Exchange:  B97M-V      Correlation:  B97M-V
 Using SG-2 standard quadrature grid
 Nonlocal Correlation:  VV10 with C = 0.0100 and b = 6.00 and scale = 1.00000
 Grid used for NLC:  SG-1 standard quadrature
performing fock build at end of subrot_r(subrot) constructor so that all methods have access
<S^2> of polarized wavefunction before ct-allowed iterations 0.0000000000
Beginning iterations for the determination of the CT-Allowed wavefunction
Energy prior to optimization (guess energy) = -543.878391367591
Begin Timing: Total SCF Calculation
begin iterations for algorithm: DIIS         
the SCF tolerance is set to 1.00e-08
    1    -543.8783913676      3.06e-04     00000 
    2    -543.8976468817      3.80e-05     00000 
    3    -543.8973147022      5.41e-05     00000 
    4    -543.8978821062      1.22e-05     00000 
    5    -543.8979033273      7.11e-06     00000 
    6    -543.8979118698      2.74e-06     00000 
    7    -543.8979133246      9.65e-07     00000 
    8    -543.8979134986      2.88e-07     00000 
    9    -543.8979135134      1.35e-07     00000 
   10    -543.8979135173      3.13e-08     00000 
   11    -543.8979135175      9.21e-09     00000 Convergence criterion met
write pseudocanon occs and virts to disk
write pseudocanon orbital energies to disk
Timing for Total SCF: 3097.00s (wall), 3081.34s (cpu)
<S^2> of ct_allowed wavefunction after ct-allowed iterations 0.0000000000
 Attempting to make child job directory: /scratch/qchemscratch/qchem3934169//FrgBSSE1/
 Attempting to make child job directory: /scratch/qchemscratch/qchem3934169//FrgBSSE2/
 Creating input file /scratch/qchemscratch/qchem3934169/FrgBSSE1.input
 calling putenv with: QCSCRATCH=/scratch/qchemscratch/qchem3934169/ 
 Spawning Job For Fragment 0
 Done Job For Fragment 0
 calling putenv with: QCSCRATCH=/scratch/qchemscratch 
 calling putenv with: QCTHREADS=1 
 Creating input file /scratch/qchemscratch/qchem3934169/FrgBSSE2.input
 calling putenv with: QCSCRATCH=/scratch/qchemscratch/qchem3934169/ 
 Spawning Job For Fragment 1
 Done Job For Fragment 1
 calling putenv with: QCSCRATCH=/scratch/qchemscratch 
 calling putenv with: QCTHREADS=1 
====================================================================
   Evaluating the BSSE with fragment SCF in the supersystem basis
   Fragment contributions (kJ/mol) 
   Frgm 1: 0.5737
   Frgm 2: 0.3234
   BSSE (kJ/mol) = 0.8971
====================================================================

================================
        Results of EDA2         
================================
Basic EDA Quantities
--------------------
Fragment Energies (Ha):
1 -467.4554871077
2  -76.4324966654
--------------------
  E_prp (kJ/mol) = -0.0000
  E_frz (kJ/mol) = 79.1581
  E_pol (kJ/mol) = -53.9730
  E_vct (kJ/mol) = -50.3589 (CP-corrected)
  E_int (kJ/mol) = -25.1738 (CP-corrected)
--------------------


Decomposition of frozen interaction energy
--------------------
  --------------------
  Orthogonal Frozen Decomposition:
  --------------------
     E_elec   (ELEC)   (kJ/mol) = -271.2282
     E_pauli  (PAULI)  (kJ/mol) = 372.1163
     E_disp   (DISP)   (kJ/mol) = -21.7300
  --------------------
  Classical Frozen Decomposition:
  --------------------
     E_cls_elec  (CLS ELEC)  (kJ/mol) = -164.2092
     E_mod_pauli (MOD PAULI) (kJ/mol) = 265.0973 (FRZ - CLS ELEC - DISP)
     E_disp      (DISP)      (kJ/mol) = -21.7300
  --------------------
--------------------

Simplified EDA Summary (kJ/mol)
--------------------
 PREPARATION      -0.0000
 FROZEN           79.1581 (ELEC + PAULI + DISP)
[ELEC + PAULI = 100.8881, DISP = -21.7300]
 POLARIZATION    -53.9730
 CHARGE TRANSFER -50.3589     (counterpoise-corrected)
 TOTAL           -25.1738     (PRP + FRZ + POL + CT)
--------------------
 
 --------------------------------------------------------------
 
                    Orbital Energies (a.u.)
 --------------------------------------------------------------
 
 Alpha MOs
 -- Occupied --
-19.1347 -14.4185 -14.3581 -14.3394 -14.3339 -14.3252 -10.2737 -10.2693
-10.2607 -10.2434 -10.2178  -1.0350  -0.9926  -0.9628  -0.9205  -0.8878
 -0.8445  -0.7536  -0.6480  -0.6335  -0.6224  -0.5539  -0.5227  -0.5008
 -0.4869  -0.4737  -0.4499  -0.4376  -0.4217  -0.3987  -0.3807  -0.3669
 -0.3380  -0.3070  -0.2868  -0.2739  -0.2700  -0.2541  -0.2346  -0.2079
 -- Virtual --
 -0.0590  -0.0292  -0.0278  -0.0124  -0.0096   0.0001   0.0118   0.0141
  0.0172   0.0232   0.0447   0.0486   0.0499   0.0528   0.0584   0.0630
  0.0658   0.0764   0.0784   0.0835   0.0852   0.0879   0.0908   0.0929
  0.0948   0.1027   0.1182   0.1241   0.1284   0.1342   0.1356   0.1391
  0.1420   0.1450   0.1472   0.1495   0.1545   0.1582   0.1632   0.1664
  0.1718   0.1719   0.1764   0.1786   0.1859   0.1922   0.1966   0.2040
  0.2076   0.2107   0.2129   0.2217   0.2245   0.2289   0.2318   0.2385
  0.2408   0.2448   0.2479   0.2518   0.2579   0.2685   0.2724   0.2746
  0.2778   0.2829   0.2858   0.2935   0.3006   0.3037   0.3104   0.3166
  0.3194   0.3279   0.3285   0.3366   0.3391   0.3443   0.3486   0.3530
  0.3581   0.3604   0.3615   0.3662   0.3720   0.3792   0.3825   0.3853
  0.3949   0.3977   0.4020   0.4059   0.4063   0.4103   0.4168   0.4224
  0.4243   0.4306   0.4387   0.4431   0.4499   0.4531   0.4584   0.4670
  0.4717   0.4814   0.4909   0.4983   0.5027   0.5079   0.5117   0.5168
  0.5223   0.5274   0.5348   0.5424   0.5472   0.5582   0.5610   0.5634
  0.5747   0.5788   0.5839   0.5868   0.5970   0.6077   0.6164   0.6220
  0.6320   0.6385   0.6438   0.6505   0.6553   0.6597   0.6717   0.6736
  0.6808   0.6880   0.6892   0.7054   0.7067   0.7125   0.7212   0.7257
  0.7325   0.7364   0.7419   0.7531   0.7570   0.7597   0.7716   0.7854
  0.7889   0.7931   0.8013   0.8035   0.8166   0.8228   0.8275   0.8313
  0.8366   0.8432   0.8456   0.8531   0.8624   0.8678   0.8756   0.8801
  0.8827   0.8937   0.8977   0.9127   0.9156   0.9185   0.9214   0.9289
  0.9328   0.9380   0.9432   0.9488   0.9520   0.9560   0.9617   0.9651
  0.9773   0.9841   0.9861   0.9954   1.0106   1.0176   1.0256   1.0290
  1.0301   1.0494   1.0517   1.0582   1.0662   1.0695   1.0735   1.0804
  1.0970   1.0989   1.1107   1.1163   1.1183   1.1301   1.1459   1.1507
  1.1595   1.1598   1.1681   1.1712   1.1787   1.1877   1.1888   1.2075
  1.2078   1.2158   1.2235   1.2321   1.2359   1.2444   1.2540   1.2614
  1.2678   1.2729   1.2826   1.2924   1.2975   1.3078   1.3136   1.3175
  1.3288   1.3405   1.3512   1.3560   1.3626   1.3649   1.3762   1.3819
  1.3946   1.3981   1.4053   1.4075   1.4109   1.4268   1.4387   1.4440
  1.4487   1.4682   1.4689   1.4837   1.4864   1.5043   1.5094   1.5171
  1.5211   1.5307   1.5399   1.5551   1.5607   1.5669   1.5781   1.5843
  1.5865   1.5978   1.6116   1.6200   1.6321   1.6474   1.6566   1.6715
  1.6791   1.6955   1.7035   1.7116   1.7241   1.7337   1.7443   1.7571
  1.7665   1.7772   1.7877   1.7907   1.8013   1.8176   1.8304   1.8631
  1.8719   1.8805   1.8844   1.9049   1.9057   1.9145   1.9202   1.9332
  1.9393   1.9495   1.9620   1.9752   1.9785   1.9876   2.0109   2.0199
  2.0235   2.0432   2.0508   2.0553   2.0786   2.0805   2.0899   2.0990
  2.1224   2.1257   2.1314   2.1512   2.1560   2.1624   2.1714   2.1837
  2.1949   2.2139   2.2232   2.2355   2.2379   2.2423   2.2526   2.2635
  2.2803   2.2918   2.3070   2.3216   2.3298   2.3435   2.3549   2.3579
  2.3726   2.3862   2.3970   2.4132   2.4195   2.4365   2.4450   2.4576
  2.4717   2.4768   2.4853   2.4962   2.5171   2.5199   2.5371   2.5377
  2.5598   2.5844   2.5925   2.5942   2.6126   2.6483   2.6532   2.6584
  2.6735   2.6875   2.6939   2.7151   2.7246   2.7424   2.7665   2.7829
  2.8003   2.8148   2.8415   2.8607   2.8675   2.8871   2.8983   2.9128
  2.9382   2.9413   2.9670   2.9899   3.0238   3.0434   3.0542   3.0812
  3.1192   3.1221   3.1796   3.1872   3.2014   3.2051   3.2158   3.2321
  3.2465   3.2577   3.2872   3.2958   3.3088   3.3138   3.3346   3.3421
  3.3754   3.4002   3.4183   3.4367   3.4471   3.4551   3.4669   3.4807
  3.5017   3.5211   3.5368   3.5531   3.5633   3.5866   3.5897   3.6023
  3.6198   3.6476   3.6697   3.6722   3.6829   3.6908   3.7224   3.7284
  3.7322   3.7530   3.7742   3.7892   3.8015   3.8098   3.8190   3.8369
  3.8448   3.8628   3.8749   3.9004   3.9119   3.9301   3.9548   3.9631
  3.9646   3.9792   3.9875   4.0051   4.0188   4.0340   4.0361   4.0485
  4.0633   4.0703   4.0887   4.0915   4.1140   4.1298   4.1356   4.1446
  4.1609   4.1794   4.1905   4.2034   4.2132   4.2327   4.2486   4.2526
  4.2611   4.2707   4.2928   4.2966   4.3277   4.3345   4.3628   4.3731
  4.3975   4.4014   4.4190   4.4289   4.4353   4.4520   4.4589   4.4807
  4.4931   4.5188   4.5265   4.5490   4.5913   4.6006   4.6053   4.6110
  4.6268   4.6663   4.6705   4.7080   4.7200   4.7377   4.7667   4.7882
  4.7983   4.8160   4.8439   4.8549   4.8563   4.8726   4.8838   4.9304
  4.9474   4.9591   4.9693   4.9857   5.0030   5.0204   5.0410   5.0507
  5.0685   5.0941   5.1239   5.1462   5.1579   5.1683   5.1857   5.1932
  5.2019   5.2353   5.2626   5.2634   5.2745   5.2977   5.3062   5.3269
  5.3453   5.3564   5.3721   5.3792   5.3875   5.4081   5.4258   5.4332
  5.4577   5.4712   5.4829   5.4959   5.4997   5.5172   5.5190   5.5374
  5.5538   5.5670   5.5814   5.5893   5.6175   5.6303   5.6753   5.6823
  5.7108   5.7206   5.7269   5.7413   5.7614   5.7829   5.7850   5.8156
  5.8330   5.8487   5.8538   5.8786   5.8884   5.9580   5.9730   6.0054
  6.0111   6.0366   6.0515   6.0662   6.1051   6.1106   6.1622   6.2133
  6.2570   6.3131   6.3283   6.3679   6.3764   6.4273   6.4520   6.5136
  6.5447   6.5688   6.5918   6.6202   6.6617   6.7013   6.7454   6.7659
  6.8090   6.8390   6.8593   6.8881   6.9508   6.9745   7.0453   7.0831
  7.1608   7.1862   7.2261   7.2417   7.2890   7.3805   7.4319   7.4835
  7.5081   7.6144   7.6728   7.7139   7.9269   8.0582   8.3056   8.8826
 15.7524  15.8912  16.0102  17.4619  17.6854  17.9477  18.6217  19.0200
 19.4955  19.5766  20.5646
 --------------------------------------------------------------
 
          Ground-State Mulliken Net Atomic Charges

     Atom                 Charge (a.u.)
  ----------------------------------------
      1 H                     0.078365
      2 N                     0.092481
      3 C                    -1.084667
      4 H                     0.777866
      5 N                    -0.225074
      6 C                     0.851141
      7 C                     0.155621
      8 N                    -0.410655
      9 N                    -0.247815
     10 C                    -0.822739
     11 H                     0.791195
     12 N                    -0.311357
     13 C                     0.095275
     14 H                     0.058460
     15 H                     0.273236
     16 O                    -0.566865
     17 H                     0.192343
     18 H                     0.303188
  ----------------------------------------
  Sum of atomic charges =     0.000000

 -----------------------------------------------------------------
                    Cartesian Multipole Moments
 -----------------------------------------------------------------
    Charge (ESU x 10^10)
                 0.0000
    Dipole Moment (Debye)
         X      -0.1804      Y      -3.5211      Z      -0.9115
       Tot       3.6416
    Quadrupole Moments (Debye-Ang)
        XX     -68.8777     XY      -5.6269     YY     -50.9771
        XZ       4.7329     YZ       0.7702     ZZ     -65.4254
    Octopole Moments (Debye-Ang^2)
       XXX     -15.9864    XXY       3.7327    XYY      -2.1812
       YYY     -44.0304    XXZ     -20.2339    XYZ      -1.4967
       YYZ       2.6415    XZZ      -6.6995    YZZ      -1.1448
       ZZZ      -0.1888
    Hexadecapole Moments (Debye-Ang^3)
      XXXX   -1191.2810   XXXY      -4.9526   XXYY    -274.8329
      XYYY     -80.5856   YYYY    -751.1572   XXXZ      80.3525
      XXYZ       3.4902   XYYZ      -2.5412   YYYZ       4.8611
      XXZZ    -197.2047   XYZZ      -1.5764   YYZZ    -173.6037
      XZZZ       2.5181   YZZZ       0.7133   ZZZZ     -70.6911
 -----------------------------------------------------------------
 Total job time:  30586.83s(wall), 22751.57s(cpu) 
 Mon Mar 11 03:42:36 2024

        *************************************************************
        *                                                           *
        *  Thank you very much for using Q-Chem.  Have a nice day.  *
        *                                                           *
        *************************************************************


