
Running Job 1 of 1 C-wat_1_0.9_pvdz.inp
qchem C-wat_1_0.9_pvdz.inp_1901222.0 /scratch/qchemscratch/qchem1901222/ 1
/opt/qchem/6.1/exe/qcprog.exe_s C-wat_1_0.9_pvdz.inp_1901222.0 /scratch/qchemscratch/qchem1901222/
                  Welcome to Q-Chem
     A Quantum Leap Into The Future Of Chemistry


 Q-Chem 6.1, Q-Chem, Inc., Pleasanton, CA (2023)

 License issued to: SRG Pengyu Ren, University of Texas at Austin

 E. Epifanovsky,  A. T. B. Gilbert,  Xintian Feng,  Joonho Lee,  Yuezhi Mao,  
 N. Mardirossian,  P. Pokhilko,  A. White,  M. Wormit,  M. P. Coons,  
 A. L. Dempwolff,  Zhengting Gan,  D. Hait,  P. R. Horn,  L. D. Jacobson,  
 I. Kaliman,  J. Kussmann,  A. W. Lange,  Ka Un Lao,  D. S. Levine,  Jie Liu,  
 S. C. McKenzie,  A. F. Morrison,  K. D. Nanda,  F. Plasser,  D. R. Rehn,  
 M. L. Vidal,  Zhi-Qiang You,  Ying Zhu,  B. Alam,  B. Albrecht,  
 A. Aldossary,  E. Alguire,  J. H. Andersen,  V. Athavale,  D. Barton,  
 K. Begam,  A. Behn,  N. Bellonzi,  Y. A. Bernard,  E. J. Berquist,  
 H. Burton,  A. Carreras,  K. Carter-Fenk,  Mathew Chow,  Romit Chakraborty,  
 Chandrima Chakravarty,  Junhan Chen,  A. D. Chien,  K. D. Closser,  
 V. Cofer-Shabica,  L. Cunha,  S. Dasgupta,  Jia Deng,  M. de Wergifosse,  
 M. Diedenhofen,  Hainam Do,  S. Ehlert,  Po-Tung Fang,  S. Fatehi,  
 Qingguo Feng,  T. Friedhoff,  Thomas Froitzheim,  B. Ganoe,  J. Gayvert,  
 Qinghui Ge,  G. Gidofalvi,  M. Gimferrer,  M. Goldey,  Montgomery Gray,  
 J. Gomes,  C. Gonzalez-Espinoza,  S. Gulania,  A. Gunina,  J. A. Gyamfi,  
 M. W. D. Hanson-Heine,  P. H. P. Harbach,  A. W. Hauser,  M. F. Herbst,  
 M. Hernandez Vera,  M. Hodecker,  Z. C. Holden,  S. Houck,  Xunkun Huang,  
 Kerwin Hui,  B. C. Huynh,  K. Ikeda,  M. Ivanov,  Hyunjun Ji,  Zuxin Jin,  
 Hanjie Jiang,  Subrata Jana,  B. Kaduk,  S. Kaehler,  R. Kang,  
 K. Khistyaev,  Jaehoon Kim,  Yongbin Kim,  P. Klunzinger,  Z. Koczor-Benda,  
 Joong Hoon Koh,  D. Kosenkov,  Saikiran Kotaru,  L. Koulias,  T. Kowalczyk,  
 C. M. Krauter,  K. Kue,  A. Kunitsa,  T. Kus,  A. Landau,  K. V. Lawler,  
 D. Lefrancois,  S. Lehtola,  Rain Li,  Shaozhi Li,  Yi-Pei Li,  
 Jiashu Liang,  M. Liebenthal,  Hung-Hsuan Lin,  You-Sheng Lin,  Fenglai Liu,  
 Kuan-Yu Liu,  Xiao Liu,  M. Loipersberger,  A. Luenser,  C. Malbon,  
 A. Manjanath,  P. Manohar,  E. Mansoor,  S. F. Manzer,  Shan-Ping Mao,  
 A. V. Marenich,  T. Markovich,  S. Mason,  F. Matz,  S. A. Maurer,  
 P. F. McLaughlin,  M. F. S. J. Menger,  J.-M. Mewes,  S. A. Mewes,  
 P. Morgante,  Mohammad Mostafanejad,  J. W. Mullinax,  K. J. Oosterbaan,  
 G. Paran,  V. Parravicini,  Alexander C. Paul,  Suranjan K. Paul,  
 F. Pavosevic,  Zheng Pei,  S. Prager,  E. I. Proynov,  E. Ramos,  B. Rana,  
 A. E. Rask,  A. Rettig,  R. M. Richard,  F. Rob,  E. Rossomme,  T. Scheele,  
 M. Scheurer,  M. Schneider,  P. E. Schneider,  Tim K. Schramm,  N. Sergueev,  
 S. M. Sharada,  M. Sharma,  Hengyuan Shen,  W. Skomorowski,  D. W. Small,  
 C. J. Stein,  Alistair J. Sterling,  Yingli Su,  Yu-Chuan Su,  
 E. J. Sundstrom,  J. Talbot,  Zhen Tao,  J. Thirman,  Hung-Yi Tsai,  
 T. Tsuchimochi,  N. M. Tubman,  C. Utku,  S. P. Veccham,  O. Vydrov,  
 J. Wenzel,  Jonathan Wong,  J. Witte,  A. Yamada,  Chou-Hsun Yang,  Kun Yao,  
 S. Yeganeh,  S. R. Yost,  A. Zech,  F. Zeller,  Igor Ying Zhang,  
 Xing Zhang,  Yu Zhang,  D. Zuev,  A. Aspuru-Guzik,  A. T. Bell,  
 N. A. Besley,  K. B. Bravaya,  B. R. Brooks,  D. Casanova,  Jeng-Da Chai,  
 Hsing-Ta Chen,  S. Coriani,  C. J. Cramer,  A. E. DePrince, III,  
 R. A. DiStasio Jr.,  A. Dreuw,  B. D. Dunietz,  T. R. Furlani,  
 W. A. Goddard III,  S. Grimme,  S. Hammes-Schiffer,  T. Head-Gordon,  
 W. J. Hehre,  Chao-Ping Hsu,  T.-C. Jagau,  Yousung Jung,  A. Klamt,  
 Jing Kong,  D. S. Lambrecht,  Xiangyuan Li,  WanZhen Liang,  N. J. Mayhall,  
 C. W. McCurdy,  J. B. Neaton,  T. Neudecker,  C. Ochsenfeld,  
 J. A. Parkhill,  R. Peverati,  V. A. Rassolov,  Haisheng Ren,  Yihan Shao,  
 L. V. Slipchenko,  R. P. Steele,  J. E. Subotnik,  A. J. W. Thom,  
 A. Tkatchenko,  D. G. Truhlar,  T. Van Voorhis,  Fan Wang,  
 T. A. Wesolowski,  K. B. Whaley,  H. L. Woodcock III,  P. M. Zimmerman,  
 S. Faraji,  P. M. W. Gill,  M. Head-Gordon,  J. M. Herbert,  A. I. Krylov

 Contributors to earlier versions of Q-Chem not listed above: 
 R. D. Adamson,  B. Austin,  R. Baer,  J. Baker,  G. J. O. Beran,  
 K. Brandhorst,  S. T. Brown,  E. F. C. Byrd,  Arup K. Chakraborty,  
 G. K. L. Chan,  Chun-Min Chang,  Yunqing Chen,  C.-L. Cheng,  
 Siu Hung Chien,  D. M. Chipman,  D. L. Crittenden,  H. Dachsel,  
 R. J. Doerksen,  A. D. Dutoi,  R. G. Edgar,  J. Fosso-Tande,  
 L. Fusti-Molnar,  D. Ghosh,  A. Ghysels,  A. Golubeva-Zadorozhnaya,  
 J. Gonthier,  M. S. Gordon,  S. R. Gwaltney,  G. Hawkins,  J. E. Herr,  
 A. Heyden,  S. Hirata,  E. G. Hohenstein,  G. Kedziora,  F. J. Keil,  
 C. Kelley,  Jihan Kim,  R. A. King,  R. Z. Khaliullin,  P. P. Korambath,  
 W. Kurlancheek,  A. Laurent,  A. M. Lee,  M. S. Lee,  S. V. Levchenko,  
 Ching Yeh Lin,  D. Liotard,  E. Livshits,  R. C. Lochan,  I. Lotan,  
 L. A. Martinez-Martinez,  P. E. Maslen,  N. Nair,  D. P. O'Neill,  
 D. Neuhauser,  E. Neuscamman,  C. M. Oana,  R. Olivares-Amaya,  R. Olson,  
 T. M. Perrine,  B. Peters,  P. A. Pieniazek,  A. Prociuk,  Y. M. Rhee,  
 J. Ritchie,  M. A. Rohrdanz,  E. Rosta,  N. J. Russ,  H. F. Schaefer III,  
 M. W. Schmidt,  N. E. Schultz,  S. Sharma,  N. Shenvi,  C. D. Sherrill,  
 A. C. Simmonett,  A. Sodt,  T. Stein,  D. Stuck,  K. S. Thanthiriwatte,  
 V. Vanovschi,  L. Vogt,  Tao Wang,  A. Warshel,  M. A. Watson,  
 C. F. Williams,  Q. Wu,  X. Xu,  Jun Yang,  W. Zhang,  Yan Zhao

   Please cite Q-Chem as follows:
  "Software for the frontiers of quantum chemistry:
   An overview of developments in the Q-Chem 5 package"
   J. Chem. Phys. 155, 084801 (2021)
   https://doi.org/10.1063/5.0055522 (open access)

 Q-Chem 6.1.1 for Intel X86 EM64T Linux

 Parts of Q-Chem use Armadillo 9.900.5 (Nocturnal Misbehaviour).
 http://arma.sourceforge.net/

 Q-Chem begins on Tue Apr 16 17:40:08 2024  

 Host: 
0

     Scratch files written to /scratch/qchemscratch/qchem1901222//
 Jan1824 |scratch|qcdevops|jenkins|workspace|build_RNUM UKVU   
 Processing $rem in /opt/qchem/6.1/config/preferences:
 Processing $rem in /home/mm227274/.qchemrc:

 Q-Chem warning in module libgen/rem_setup.C, line 3361:

 Neither GIA nor STOLL is specified by user. Use STOLL as the default


 Checking the input file for inconsistencies... 	...done.

--------------------------------------------------------------
User input:
--------------------------------------------------------------
$molecule
0 1
--
0 1
N -0.77258 0.68648 -0.00769
H -1.7738 0.9216 -0.01445
C -0.49047 -0.69169 -0.00705
O -1.42915 -1.50275 -0.01992
N 0.83213 -1.06141 0.00107
C 1.76855 -0.12824 0.00621
N 3.06469 -0.56296 0.08052
C 1.50458 1.27916 -0.0011
H 2.29568 2.01921 0.01207
C 0.19153 1.63858 -0.01075
H -0.14674 2.67045 -0.01764
H 3.18718 -1.55161 -0.1058
H 3.79671 0.04506 -0.26069
--
0 1
O -3.121874205128205 0.31139987179487183 -0.09070387179487178
H -2.6189742051282052 -0.5339001282051282 -0.1583638717948718
H -3.5700942051282056 0.24984987179487178 0.7672861282051282
$end

$rem
JOBTYPE          eda
EDA2             2
METHOD           b97m-v
BASIS            aug-cc-pvdz
SCF_CONVERGENCE  8
THRESH           14
SYMMETRY         false
DISP_FREE_X      revPBE
DISP_FREE_C      PBE
EDA_BSSE         true
$end
--------------------------------------------------------------
 ----------------------------------------------------------------
             Standard Nuclear Orientation (Angstroms)
    I     Atom           X                Y                Z
 ----------------------------------------------------------------
    1      N       0.8389629062    -0.6812342370    -0.0015570796
    2      H       1.8403849150    -0.9155611912    -0.0052230449
    3      C       0.5557578040     0.6967109254    -0.0025620792
    4      O       1.4938272761     1.5085100955    -0.0131392145
    5      N      -0.7671536161     1.0653828167     0.0014358915
    6      C      -1.7028432988     0.1314709674     0.0043617012
    7      N      -2.9995418776     0.5652027424     0.0745891682
    8      C      -1.4377352057    -1.2757225343    -0.0013395877
    9      H      -2.2282826488    -2.0163941000     0.0099313258
   10      C      -0.1243774041    -1.6341029300    -0.0069018120
   11      H       0.2147308589    -2.6657072313    -0.0121851091
   12      H      -3.1222664108     1.5536453910    -0.1126742409
   13      H      -3.7300682189    -0.0435998946    -0.2684217336
   14      O       3.1881933282    -0.3043331543    -0.0778569216
   15      H       2.6848241007     0.5405264419    -0.1474992871
   16      H       3.6338293097    -0.2419227711     0.7814159845
 ----------------------------------------------------------------
 Molecular Point Group                 C1    NOp =  1
 Largest Abelian Subgroup              C1    NOp =  1
 Nuclear Repulsion Energy =         453.39318219 hartrees
 There are       34 alpha and       34 beta electrons
 Requested basis set is aug-cc-pVDZ
 There are 116 shells and 270 basis functions

 Total QAlloc Memory Limit  16000 MB
 Mega-Array Size       188 MB
 MEM_STATIC part       192 MB

 A cutoff of  1.0D-14 yielded   6628 shell pairs
 There are     36032 function pairs (     41045 Cartesian)
 Smallest overlap matrix eigenvalue = 8.93E-06

 Scale SEOQF with 1.000000e-01/1.000000e-01/1.000000e-01

 Standard Electronic Orientation quadrupole field applied
 Nucleus-field energy     =     0.0000000145 hartrees

 -----------------------------------------------------------------------
  General SCF calculation program by
  Eric Jon Sundstrom, Paul Horn, Yuezhi Mao, Dmitri Zuev, Alec White,
  David Stuck, Shaama M.S., Shane Yost, Joonho Lee, David Small,
  Daniel Levine, Susi Lehtola, Hugh Burton, Evgeny Epifanovsky,
  Bang C. Huynh
 -----------------------------------------------------------------------
================================================================
                 ALMO-EDA with the EDA2 driver                  
================================================================
 The second-generation ALMO-EDA (for DFT):                      
 P. R. Horn, Y. Mao and M. Head-Gordon, PCCP, 18, 23067 (2016)  
 Y. Mao et al. Annu. Rev. Phys. Chem. 72, 641 (2021)            
 Decomposition of the frozen energy:                            
 P. R. Horn, Y. Mao and M. Head-Gordon, JCP, 144, 114107 (2016) 
================================================================
 Using eda2 option set 2
 Option set summary: Frozen orbital wavefunction, initial wavefunction decomposition, and traditional AO-based POL.
--------------------------------
Printing EDA Options
--------------------------------
eda_child_super_basis      0
fragmo_guess_mode          0
child_mp                   0
child_mp_orders            0
cls_elec                   1
cls_disp                   0
scfmi_mode                 1
scfmi_occs                 0
scfmi_virts                0
frz_relax                  0
frz_relax_method           0
dc_pen_start               0
dc_pen_conv                0
dc_pen_increment           0
dc_pen_steps               0
dc_pen_thresh_factor       0
dc_pen_pre_newton_thresh   0
frz_ortho_decomp           1
frz_ortho_decomp_conv      6
plot_mo_ortho_frz          0
frgm_method                2
scfmi_freeze_ss            0
separate_rehyb             0
plot_diff_den              0
eda_nocv                   0
eda_vct_relax              1
disp_free_x                33
disp_free_c                25
eda_bsse                   1
eda_pct_a                  0
eda_covp                   0
eda_vct_a                  0
--------------------------------
 Attempting to make child job directory: /scratch/qchemscratch/qchem1901222//Frg1/
 Attempting to make child job directory: /scratch/qchemscratch/qchem1901222//Frg2/
 Creating input file /scratch/qchemscratch/qchem1901222/Frg1.input
 using default PutDataFrgm: nothing
 calling putenv with: QCSCRATCH=/scratch/qchemscratch/qchem1901222/ 
 Spawning Job For Fragment 0
 Done Job For Fragment 0
 calling putenv with: QCSCRATCH=/scratch/qchemscratch 
 calling putenv with: QCTHREADS=1 
 Creating input file /scratch/qchemscratch/qchem1901222/Frg2.input
 using default PutDataFrgm: nothing
 calling putenv with: QCSCRATCH=/scratch/qchemscratch/qchem1901222/ 
 Spawning Job For Fragment 1
 Done Job For Fragment 1
 calling putenv with: QCSCRATCH=/scratch/qchemscratch 
 calling putenv with: QCTHREADS=1 
Doing General SCFMI
 Exchange:  B97M-V      Correlation:  B97M-V
 Using SG-2 standard quadrature grid
 Nonlocal Correlation:  VV10 with C = 0.0100 and b = 6.00 and scale = 1.00000
 Grid used for NLC:  SG-1 standard quadrature
performing fock build before subrot guess so that all methods have access
Printing subrot_rss_gen Method Specification:
Occupied Subspace Method is 0
Virtual Subspace Method is 0
Energy of the unrelaxed supersystem initial determinant -471.319897166660
write pseudocanon occs and virts to disk
write pseudocanon orbital energies to disk
Tolerance of ortho_decomp_scf: 1.00e-06
GDM subspace size: 20
Beginning the Orthogonal Decomposition of the Initial Supersystem Wavefunction
    1    -471.1078565655      2.60e-01     ortho_decomp Preconditoned Steepest Descent
    2    -471.1498476384      9.38e-04     ortho_decomp BFGS Step
    3    -471.1498510808      2.43e-05     ortho_decomp BFGS Step
    4    -471.1498510819      1.59e-07     ortho_decomp 00000 Convergence criterion met
 Exchange:  revPBE      Correlation:  PBE
 Using SG-2 standard quadrature grid
 Exchange:  revPBE      Correlation:  PBE
 Using SG-2 standard quadrature grid
 Exchange:  revPBE      Correlation:  PBE
 Using SG-2 standard quadrature grid
Doing General SCFMI
 Exchange:  B97M-V      Correlation:  B97M-V
 Using SG-2 standard quadrature grid
 Nonlocal Correlation:  VV10 with C = 0.0100 and b = 6.00 and scale = 1.00000
 Grid used for NLC:  SG-1 standard quadrature
performing fock build at end of subrot_r(subrot) constructor so that all methods have access
<S^2> of initial wavefunction before polarization iterations 0.0000000000
Beginning iterations for the determination of the polarized wavefunction
Energy prior to optimization (guess energy) = -471.319897166660
Begin Timing: Total SCF Calculation
begin iterations for algorithm: DIIS         
the SCF tolerance is set to 1.00e-08
    1    -471.3198971667      7.04e-04     00000 
    2    -471.3424560948      2.80e-04     00000 
    3    -471.3422000006      3.31e-04     00000 
    4    -471.3445124202      1.09e-04     00000 
    5    -471.3448015276      4.30e-05     00000 
    6    -471.3448547825      1.91e-05     00000 
    7    -471.3448731591      1.31e-05     00000 
    8    -471.3448784424      5.91e-06     00000 
    9    -471.3448796795      1.85e-06     00000 
   10    -471.3448797814      1.04e-06     00000 
   11    -471.3448798097      6.64e-07     00000 
   12    -471.3448798208      4.75e-07     00000 
   13    -471.3448798271      2.06e-07     00000 
   14    -471.3448798277      1.32e-07     00000 
   15    -471.3448798280      6.62e-08     00000 
   16    -471.3448798281      4.48e-08     00000 
   17    -471.3448798281      2.31e-08     00000 
   18    -471.3448798281      9.02e-09     00000 Convergence criterion met
write pseudocanon occs and virts to disk
write pseudocanon orbital energies to disk
Timing for Total SCF: 1740.00s (wall), 602.10s (cpu)
<S^2> of polarized wavefunction after polarization iterations 0.0000000000
relaxing scfmi constraint to allow all rotations in the entire AO span
Doing General SCFMI
 Exchange:  B97M-V      Correlation:  B97M-V
 Using SG-2 standard quadrature grid
 Nonlocal Correlation:  VV10 with C = 0.0100 and b = 6.00 and scale = 1.00000
 Grid used for NLC:  SG-1 standard quadrature
performing fock build at end of subrot_r(subrot) constructor so that all methods have access
<S^2> of polarized wavefunction before ct-allowed iterations 0.0000000000
Beginning iterations for the determination of the CT-Allowed wavefunction
Energy prior to optimization (guess energy) = -471.344879828123
Begin Timing: Total SCF Calculation
begin iterations for algorithm: DIIS         
the SCF tolerance is set to 1.00e-08
    1    -471.3448798281      7.78e-04     00000 
    2    -471.3738343818      1.43e-04     00000 
    3    -471.3724718503      2.52e-04     00000 
    4    -471.3744167070      4.70e-05     00000 
    5    -471.3744729663      2.00e-05     00000 
    6    -471.3744834848      6.48e-06     00000 
    7    -471.3744846784      2.82e-06     00000 
    8    -471.3744849526      6.55e-07     00000 
    9    -471.3744849660      2.18e-07     00000 
   10    -471.3744849676      7.80e-08     00000 
   11    -471.3744849679      2.00e-08     00000 
   12    -471.3744849679      5.56e-09     00000 Convergence criterion met
write pseudocanon occs and virts to disk
write pseudocanon orbital energies to disk
Timing for Total SCF: 1025.00s (wall), 392.99s (cpu)
<S^2> of ct_allowed wavefunction after ct-allowed iterations 0.0000000000
 Attempting to make child job directory: /scratch/qchemscratch/qchem1901222//FrgBSSE1/
 Attempting to make child job directory: /scratch/qchemscratch/qchem1901222//FrgBSSE2/
 Creating input file /scratch/qchemscratch/qchem1901222/FrgBSSE1.input
 calling putenv with: QCSCRATCH=/scratch/qchemscratch/qchem1901222/ 
 Spawning Job For Fragment 0
 Done Job For Fragment 0
 calling putenv with: QCSCRATCH=/scratch/qchemscratch 
 calling putenv with: QCTHREADS=1 
 Creating input file /scratch/qchemscratch/qchem1901222/FrgBSSE2.input
 calling putenv with: QCSCRATCH=/scratch/qchemscratch/qchem1901222/ 
 Spawning Job For Fragment 1
 Done Job For Fragment 1
 calling putenv with: QCSCRATCH=/scratch/qchemscratch 
 calling putenv with: QCTHREADS=1 
====================================================================
   Evaluating the BSSE with fragment SCF in the supersystem basis
   Fragment contributions (kJ/mol) 
   Frgm 1: 1.2137
   Frgm 2: 2.4891
   BSSE (kJ/mol) = 3.7028
====================================================================

================================
        Results of EDA2         
================================
Basic EDA Quantities
--------------------
Fragment Energies (Ha):
1 -394.9552466764
2  -76.4136675802
--------------------
  E_prp (kJ/mol) = 0.0000
  E_frz (kJ/mol) = 128.6959
  E_pol (kJ/mol) = -65.5928
  E_vct (kJ/mol) = -74.0264 (CP-corrected)
  E_int (kJ/mol) = -10.9233 (CP-corrected)
--------------------


Decomposition of frozen interaction energy
--------------------
  --------------------
  Orthogonal Frozen Decomposition:
  --------------------
     E_elec   (ELEC)   (kJ/mol) = -331.9097
     E_pauli  (PAULI)  (kJ/mol) = 483.6267
     E_disp   (DISP)   (kJ/mol) = -23.0211
  --------------------
  Classical Frozen Decomposition:
  --------------------
     E_cls_elec  (CLS ELEC)  (kJ/mol) = -218.4576
     E_mod_pauli (MOD PAULI) (kJ/mol) = 370.1747 (FRZ - CLS ELEC - DISP)
     E_disp      (DISP)      (kJ/mol) = -23.0211
  --------------------
--------------------

Simplified EDA Summary (kJ/mol)
--------------------
 PREPARATION      0.0000
 FROZEN           128.6959 (ELEC + PAULI + DISP)
[ELEC + PAULI = 151.7170, DISP = -23.0211]
 POLARIZATION    -65.5928
 CHARGE TRANSFER -74.0264     (counterpoise-corrected)
 TOTAL           -10.9233     (PRP + FRZ + POL + CT)
--------------------
 
 --------------------------------------------------------------
 
                    Orbital Energies (a.u.)
 --------------------------------------------------------------
 
 Alpha MOs
 -- Occupied --
-19.1505 -19.1294 -14.3787 -14.3749 -14.3302 -10.3121 -10.2871 -10.2596
-10.2012  -1.0517  -1.0024  -0.9690  -0.9364  -0.8664  -0.7734  -0.6502
 -0.6333  -0.5451  -0.5404  -0.5124  -0.4873  -0.4694  -0.4360  -0.4295
 -0.4105  -0.3950  -0.3659  -0.3578  -0.3279  -0.2824  -0.2570  -0.2452
 -0.2414  -0.2236
 -- Virtual --
 -0.0665  -0.0299  -0.0220  -0.0151  -0.0027   0.0162   0.0245   0.0264
  0.0354   0.0526   0.0580   0.0641   0.0684   0.0696   0.0760   0.0846
  0.0882   0.0941   0.1002   0.1072   0.1127   0.1148   0.1211   0.1310
  0.1343   0.1380   0.1509   0.1547   0.1636   0.1725   0.1777   0.1817
  0.1970   0.1978   0.2043   0.2100   0.2144   0.2195   0.2253   0.2314
  0.2375   0.2388   0.2477   0.2507   0.2568   0.2601   0.2675   0.2817
  0.2854   0.2930   0.2982   0.3055   0.3126   0.3254   0.3319   0.3388
  0.3418   0.3498   0.3614   0.3705   0.3801   0.3830   0.3918   0.4024
  0.4107   0.4130   0.4293   0.4455   0.4499   0.4655   0.4701   0.4789
  0.4900   0.5003   0.5071   0.5137   0.5236   0.5346   0.5451   0.5471
  0.5636   0.5695   0.5734   0.5814   0.5876   0.5907   0.6061   0.6126
  0.6188   0.6328   0.6451   0.6626   0.6670   0.6809   0.6937   0.6992
  0.7069   0.7188   0.7221   0.7264   0.7341   0.7432   0.7646   0.7811
  0.7972   0.8068   0.8242   0.8349   0.8457   0.8639   0.8751   0.8785
  0.8922   0.8998   0.9157   0.9209   0.9413   0.9477   0.9792   0.9899
  1.0049   1.0235   1.0305   1.0531   1.0779   1.0867   1.1009   1.1171
  1.1295   1.1483   1.2043   1.2099   1.2429   1.2604   1.2882   1.2951
  1.3232   1.3313   1.3392   1.3525   1.3763   1.3932   1.4112   1.4255
  1.4362   1.4512   1.4620   1.4812   1.4957   1.5066   1.5142   1.5252
  1.5537   1.5836   1.6065   1.6258   1.6547   1.6745   1.6888   1.7034
  1.7149   1.7469   1.7766   1.7844   1.8110   1.8324   1.8384   1.8464
  1.8695   1.8877   1.9089   1.9354   1.9369   1.9626   2.0011   2.0212
  2.0464   2.0672   2.0759   2.0882   2.1031   2.1139   2.1304   2.1842
  2.1890   2.2272   2.2359   2.2729   2.2888   2.2989   2.3069   2.3203
  2.3532   2.3733   2.4153   2.4490   2.4907   2.5031   2.5346   2.5588
  2.5673   2.5801   2.6126   2.6275   2.6537   2.6641   2.6995   2.7433
  2.7665   2.8063   2.8474   2.8619   2.9202   2.9391   2.9580   3.0134
  3.0324   3.0942   3.1587   3.2117   3.2850   3.3877   3.4178   3.4579
  3.5023   3.5289   3.5692   3.5806   3.6138   3.6698   3.7874   3.8714
  3.8876   3.9173   4.0191   4.2659
 --------------------------------------------------------------
 
          Ground-State Mulliken Net Atomic Charges

     Atom                 Charge (a.u.)
  ----------------------------------------
      1 N                    -0.270171
      2 H                     0.070138
      3 C                     0.941499
      4 O                    -0.858764
      5 N                    -0.755537
      6 C                     0.495816
      7 N                    -0.292855
      8 C                     1.284424
      9 H                    -0.654677
     10 C                     0.783732
     11 H                    -0.530937
     12 H                    -0.014015
     13 H                    -0.050407
     14 O                    -0.615288
     15 H                     0.295921
     16 H                     0.171121
  ----------------------------------------
  Sum of atomic charges =     0.000000

 -----------------------------------------------------------------
                    Cartesian Multipole Moments
 -----------------------------------------------------------------
    Charge (ESU x 10^10)
                -0.0000
    Dipole Moment (Debye)
         X      -3.4160      Y      -3.9449      Z       0.5237
       Tot       5.2446
    Quadrupole Moments (Debye-Ang)
        XX     -42.8667     XY      -2.6212     YY     -53.9092
        XZ       7.9260     YZ      -0.9032     ZZ     -54.1705
    Octopole Moments (Debye-Ang^2)
       XXX     -35.9846    XXY       4.7345    XYY      -6.5829
       YYY     -18.1474    XXZ       9.9118    XYZ      -0.7107
       YYZ      -0.3365    XZZ      12.4407    YZZ       2.7811
       ZZZ       0.7673
    Hexadecapole Moments (Debye-Ang^3)
      XXXX    -983.2696   XXXY      -6.2048   XXYY    -243.2753
      XYYY     -25.6914   YYYY    -394.6919   XXXZ     120.2334
      XXYZ     -11.6114   XYYZ       2.8980   YYYZ      -1.2265
      XXZZ    -203.8585   XYZZ      -2.0974   YYZZ     -83.4924
      XZZZ       7.7164   YZZZ      -0.9420   ZZZZ     -58.4564
 -----------------------------------------------------------------
 Total job time:  5775.61s(wall), 1510.05s(cpu) 
 Tue Apr 16 19:16:24 2024

        *************************************************************
        *                                                           *
        *  Thank you very much for using Q-Chem.  Have a nice day.  *
        *                                                           *
        *************************************************************


