
Running Job 1 of 1 C-wat_15_1.3.inp
qchem C-wat_15_1.3.inp_4085212.0 /scratch/qchemscratch/qchem4085212/ 1
/opt/qchem/6.1/exe/qcprog.exe_s C-wat_15_1.3.inp_4085212.0 /scratch/qchemscratch/qchem4085212/
                  Welcome to Q-Chem
     A Quantum Leap Into The Future Of Chemistry


 Q-Chem 6.1, Q-Chem, Inc., Pleasanton, CA (2023)

 License issued to: SRG Pengyu Ren, University of Texas at Austin

 E. Epifanovsky,  A. T. B. Gilbert,  Xintian Feng,  Joonho Lee,  Yuezhi Mao,  
 N. Mardirossian,  P. Pokhilko,  A. White,  M. Wormit,  M. P. Coons,  
 A. L. Dempwolff,  Zhengting Gan,  D. Hait,  P. R. Horn,  L. D. Jacobson,  
 I. Kaliman,  J. Kussmann,  A. W. Lange,  Ka Un Lao,  D. S. Levine,  Jie Liu,  
 S. C. McKenzie,  A. F. Morrison,  K. D. Nanda,  F. Plasser,  D. R. Rehn,  
 M. L. Vidal,  Zhi-Qiang You,  Ying Zhu,  B. Alam,  B. Albrecht,  
 A. Aldossary,  E. Alguire,  J. H. Andersen,  V. Athavale,  D. Barton,  
 K. Begam,  A. Behn,  N. Bellonzi,  Y. A. Bernard,  E. J. Berquist,  
 H. Burton,  A. Carreras,  K. Carter-Fenk,  Mathew Chow,  Romit Chakraborty,  
 Chandrima Chakravarty,  Junhan Chen,  A. D. Chien,  K. D. Closser,  
 V. Cofer-Shabica,  L. Cunha,  S. Dasgupta,  Jia Deng,  M. de Wergifosse,  
 M. Diedenhofen,  Hainam Do,  S. Ehlert,  Po-Tung Fang,  S. Fatehi,  
 Qingguo Feng,  T. Friedhoff,  Thomas Froitzheim,  B. Ganoe,  J. Gayvert,  
 Qinghui Ge,  G. Gidofalvi,  M. Gimferrer,  M. Goldey,  Montgomery Gray,  
 J. Gomes,  C. Gonzalez-Espinoza,  S. Gulania,  A. Gunina,  J. A. Gyamfi,  
 M. W. D. Hanson-Heine,  P. H. P. Harbach,  A. W. Hauser,  M. F. Herbst,  
 M. Hernandez Vera,  M. Hodecker,  Z. C. Holden,  S. Houck,  Xunkun Huang,  
 Kerwin Hui,  B. C. Huynh,  K. Ikeda,  M. Ivanov,  Hyunjun Ji,  Zuxin Jin,  
 Hanjie Jiang,  Subrata Jana,  B. Kaduk,  S. Kaehler,  R. Kang,  
 K. Khistyaev,  Jaehoon Kim,  Yongbin Kim,  P. Klunzinger,  Z. Koczor-Benda,  
 Joong Hoon Koh,  D. Kosenkov,  Saikiran Kotaru,  L. Koulias,  T. Kowalczyk,  
 C. M. Krauter,  K. Kue,  A. Kunitsa,  T. Kus,  A. Landau,  K. V. Lawler,  
 D. Lefrancois,  S. Lehtola,  Rain Li,  Shaozhi Li,  Yi-Pei Li,  
 Jiashu Liang,  M. Liebenthal,  Hung-Hsuan Lin,  You-Sheng Lin,  Fenglai Liu,  
 Kuan-Yu Liu,  Xiao Liu,  M. Loipersberger,  A. Luenser,  C. Malbon,  
 A. Manjanath,  P. Manohar,  E. Mansoor,  S. F. Manzer,  Shan-Ping Mao,  
 A. V. Marenich,  T. Markovich,  S. Mason,  F. Matz,  S. A. Maurer,  
 P. F. McLaughlin,  M. F. S. J. Menger,  J.-M. Mewes,  S. A. Mewes,  
 P. Morgante,  Mohammad Mostafanejad,  J. W. Mullinax,  K. J. Oosterbaan,  
 G. Paran,  V. Parravicini,  Alexander C. Paul,  Suranjan K. Paul,  
 F. Pavosevic,  Zheng Pei,  S. Prager,  E. I. Proynov,  E. Ramos,  B. Rana,  
 A. E. Rask,  A. Rettig,  R. M. Richard,  F. Rob,  E. Rossomme,  T. Scheele,  
 M. Scheurer,  M. Schneider,  P. E. Schneider,  Tim K. Schramm,  N. Sergueev,  
 S. M. Sharada,  M. Sharma,  Hengyuan Shen,  W. Skomorowski,  D. W. Small,  
 C. J. Stein,  Alistair J. Sterling,  Yingli Su,  Yu-Chuan Su,  
 E. J. Sundstrom,  J. Talbot,  Zhen Tao,  J. Thirman,  Hung-Yi Tsai,  
 T. Tsuchimochi,  N. M. Tubman,  C. Utku,  S. P. Veccham,  O. Vydrov,  
 J. Wenzel,  Jonathan Wong,  J. Witte,  A. Yamada,  Chou-Hsun Yang,  Kun Yao,  
 S. Yeganeh,  S. R. Yost,  A. Zech,  F. Zeller,  Igor Ying Zhang,  
 Xing Zhang,  Yu Zhang,  D. Zuev,  A. Aspuru-Guzik,  A. T. Bell,  
 N. A. Besley,  K. B. Bravaya,  B. R. Brooks,  D. Casanova,  Jeng-Da Chai,  
 Hsing-Ta Chen,  S. Coriani,  C. J. Cramer,  A. E. DePrince, III,  
 R. A. DiStasio Jr.,  A. Dreuw,  B. D. Dunietz,  T. R. Furlani,  
 W. A. Goddard III,  S. Grimme,  S. Hammes-Schiffer,  T. Head-Gordon,  
 W. J. Hehre,  Chao-Ping Hsu,  T.-C. Jagau,  Yousung Jung,  A. Klamt,  
 Jing Kong,  D. S. Lambrecht,  Xiangyuan Li,  WanZhen Liang,  N. J. Mayhall,  
 C. W. McCurdy,  J. B. Neaton,  T. Neudecker,  C. Ochsenfeld,  
 J. A. Parkhill,  R. Peverati,  V. A. Rassolov,  Haisheng Ren,  Yihan Shao,  
 L. V. Slipchenko,  R. P. Steele,  J. E. Subotnik,  A. J. W. Thom,  
 A. Tkatchenko,  D. G. Truhlar,  T. Van Voorhis,  Fan Wang,  
 T. A. Wesolowski,  K. B. Whaley,  H. L. Woodcock III,  P. M. Zimmerman,  
 S. Faraji,  P. M. W. Gill,  M. Head-Gordon,  J. M. Herbert,  A. I. Krylov

 Contributors to earlier versions of Q-Chem not listed above: 
 R. D. Adamson,  B. Austin,  R. Baer,  J. Baker,  G. J. O. Beran,  
 K. Brandhorst,  S. T. Brown,  E. F. C. Byrd,  Arup K. Chakraborty,  
 G. K. L. Chan,  Chun-Min Chang,  Yunqing Chen,  C.-L. Cheng,  
 Siu Hung Chien,  D. M. Chipman,  D. L. Crittenden,  H. Dachsel,  
 R. J. Doerksen,  A. D. Dutoi,  R. G. Edgar,  J. Fosso-Tande,  
 L. Fusti-Molnar,  D. Ghosh,  A. Ghysels,  A. Golubeva-Zadorozhnaya,  
 J. Gonthier,  M. S. Gordon,  S. R. Gwaltney,  G. Hawkins,  J. E. Herr,  
 A. Heyden,  S. Hirata,  E. G. Hohenstein,  G. Kedziora,  F. J. Keil,  
 C. Kelley,  Jihan Kim,  R. A. King,  R. Z. Khaliullin,  P. P. Korambath,  
 W. Kurlancheek,  A. Laurent,  A. M. Lee,  M. S. Lee,  S. V. Levchenko,  
 Ching Yeh Lin,  D. Liotard,  E. Livshits,  R. C. Lochan,  I. Lotan,  
 L. A. Martinez-Martinez,  P. E. Maslen,  N. Nair,  D. P. O'Neill,  
 D. Neuhauser,  E. Neuscamman,  C. M. Oana,  R. Olivares-Amaya,  R. Olson,  
 T. M. Perrine,  B. Peters,  P. A. Pieniazek,  A. Prociuk,  Y. M. Rhee,  
 J. Ritchie,  M. A. Rohrdanz,  E. Rosta,  N. J. Russ,  H. F. Schaefer III,  
 M. W. Schmidt,  N. E. Schultz,  S. Sharma,  N. Shenvi,  C. D. Sherrill,  
 A. C. Simmonett,  A. Sodt,  T. Stein,  D. Stuck,  K. S. Thanthiriwatte,  
 V. Vanovschi,  L. Vogt,  Tao Wang,  A. Warshel,  M. A. Watson,  
 C. F. Williams,  Q. Wu,  X. Xu,  Jun Yang,  W. Zhang,  Yan Zhao

   Please cite Q-Chem as follows:
  "Software for the frontiers of quantum chemistry:
   An overview of developments in the Q-Chem 5 package"
   J. Chem. Phys. 155, 084801 (2021)
   https://doi.org/10.1063/5.0055522 (open access)

 Q-Chem 6.1.1 for Intel X86 EM64T Linux

 Parts of Q-Chem use Armadillo 9.900.5 (Nocturnal Misbehaviour).
 http://arma.sourceforge.net/

 Q-Chem begins on Mon Mar 11 12:43:54 2024  

 Host: 
0

     Scratch files written to /scratch/qchemscratch/qchem4085212//
 Jan1824 |scratch|qcdevops|jenkins|workspace|build_RNUM UKVU   
 Processing $rem in /opt/qchem/6.1/config/preferences:
 Processing $rem in /home/mm227274/.qchemrc:

 Q-Chem warning in module libgen/rem_setup.C, line 3361:

 Neither GIA nor STOLL is specified by user. Use STOLL as the default


 Checking the input file for inconsistencies... 	...done.

--------------------------------------------------------------
User input:
--------------------------------------------------------------
$molecule
0 1
--
0 1
N -0.82744 -1.64795 0.01218
H -0.75969 -2.66048 0.02186
C 0.41048 -0.97136 -0.02949
O 1.44955 -1.62936 -0.04986
N 0.34873 0.40694 -0.03761
C -0.82157 1.02128 -0.01124
N -0.80714 2.38119 -0.07943
C -2.08371 0.3385 0.02876
H -3.02855 0.8681 0.03806
C -2.0316 -1.01952 0.0414
H -2.91305 -1.65252 0.0709
H 0.09432 2.82414 0.05295
H -1.61843 2.90322 0.22015
--
0 1
O 4.582640615384616 0.8484784615384615 0.06802807692307691
H 4.5417306153846155 -0.12110153846153847 0.04267807692307692
H 3.6347806153846154 1.0584184615384615 0.005308076923076922
$end

$rem
JOBTYPE          eda
EDA2             2
METHOD           b97m-v
BASIS            aug-cc-pvtz
SCF_CONVERGENCE  8
THRESH           14
SYMMETRY         false
DISP_FREE_X      revPBE
DISP_FREE_C      PBE
EDA_BSSE         true
$end
--------------------------------------------------------------
 ----------------------------------------------------------------
             Standard Nuclear Orientation (Angstroms)
    I     Atom           X                Y                Z
 ----------------------------------------------------------------
    1      N       1.1275169218    -1.5844623033    -0.0150835964
    2      H       1.1364236791    -2.5992147905    -0.0250246839
    3      C      -0.1578574391    -1.0033329160     0.0302786204
    4      O      -1.1441905979    -1.7379529549     0.0532067710
    5      N      -0.2003827569     0.3756914595     0.0388375893
    6      C       0.9200865240     1.0766913048     0.0095304243
    7      N       0.8031546336     2.4316092899     0.0783598940
    8      C       2.2300838171     0.4912188940    -0.0342309303
    9      H       3.1321869658     1.0906847479    -0.0458874578
   10      C       2.2806770302    -0.8668541352    -0.0473273598
   11      H       3.2073421098    -1.4314501110    -0.0795231180
   12      H      -0.1295541442     2.8052244215    -0.0513527412
   13      H       1.5718585601     3.0135054917    -0.2232127258
   14      O      -4.4558263676     0.4961459968    -0.0549978856
   15      H      -4.3417181685    -0.4675787657    -0.0301880460
   16      H      -3.5263644612     0.7770766640     0.0052159535
 ----------------------------------------------------------------
 Molecular Point Group                 C1    NOp =  1
 Largest Abelian Subgroup              C1    NOp =  1
 Nuclear Repulsion Energy =         424.35110469 hartrees
 There are       34 alpha and       34 beta electrons
 Requested basis set is aug-cc-pVTZ
 There are 189 shells and 575 basis functions

 Total QAlloc Memory Limit  16000 MB
 Mega-Array Size       188 MB
 MEM_STATIC part       192 MB

 A cutoff of  1.0D-14 yielded  16455 shell pairs
 There are    150535 function pairs (    204164 Cartesian)
 Smallest overlap matrix eigenvalue = 2.74E-06

 Scale SEOQF with 1.000000e-01/1.000000e-01/1.000000e-01

 Standard Electronic Orientation quadrupole field applied
 Nucleus-field energy     =     0.0000000203 hartrees

 -----------------------------------------------------------------------
  General SCF calculation program by
  Eric Jon Sundstrom, Paul Horn, Yuezhi Mao, Dmitri Zuev, Alec White,
  David Stuck, Shaama M.S., Shane Yost, Joonho Lee, David Small,
  Daniel Levine, Susi Lehtola, Hugh Burton, Evgeny Epifanovsky,
  Bang C. Huynh
 -----------------------------------------------------------------------
================================================================
                 ALMO-EDA with the EDA2 driver                  
================================================================
 The second-generation ALMO-EDA (for DFT):                      
 P. R. Horn, Y. Mao and M. Head-Gordon, PCCP, 18, 23067 (2016)  
 Y. Mao et al. Annu. Rev. Phys. Chem. 72, 641 (2021)            
 Decomposition of the frozen energy:                            
 P. R. Horn, Y. Mao and M. Head-Gordon, JCP, 144, 114107 (2016) 
================================================================
 Using eda2 option set 2
 Option set summary: Frozen orbital wavefunction, initial wavefunction decomposition, and traditional AO-based POL.
--------------------------------
Printing EDA Options
--------------------------------
eda_child_super_basis      0
fragmo_guess_mode          0
child_mp                   0
child_mp_orders            0
cls_elec                   1
cls_disp                   0
scfmi_mode                 1
scfmi_occs                 0
scfmi_virts                0
frz_relax                  0
frz_relax_method           0
dc_pen_start               0
dc_pen_conv                0
dc_pen_increment           0
dc_pen_steps               0
dc_pen_thresh_factor       0
dc_pen_pre_newton_thresh   0
frz_ortho_decomp           1
frz_ortho_decomp_conv      6
plot_mo_ortho_frz          0
frgm_method                2
scfmi_freeze_ss            0
separate_rehyb             0
plot_diff_den              0
eda_nocv                   0
eda_vct_relax              1
disp_free_x                33
disp_free_c                25
eda_bsse                   1
eda_pct_a                  0
eda_covp                   0
eda_vct_a                  0
--------------------------------
 Attempting to make child job directory: /scratch/qchemscratch/qchem4085212//Frg1/
 Attempting to make child job directory: /scratch/qchemscratch/qchem4085212//Frg2/
 Creating input file /scratch/qchemscratch/qchem4085212/Frg1.input
 using default PutDataFrgm: nothing
 calling putenv with: QCSCRATCH=/scratch/qchemscratch/qchem4085212/ 
 Spawning Job For Fragment 0
 Done Job For Fragment 0
 calling putenv with: QCSCRATCH=/scratch/qchemscratch 
 calling putenv with: QCTHREADS=1 
 Creating input file /scratch/qchemscratch/qchem4085212/Frg2.input
 using default PutDataFrgm: nothing
 calling putenv with: QCSCRATCH=/scratch/qchemscratch/qchem4085212/ 
 Spawning Job For Fragment 1
 Done Job For Fragment 1
 calling putenv with: QCSCRATCH=/scratch/qchemscratch 
 calling putenv with: QCTHREADS=1 
Doing General SCFMI
 Exchange:  B97M-V      Correlation:  B97M-V
 Using SG-2 standard quadrature grid
 Nonlocal Correlation:  VV10 with C = 0.0100 and b = 6.00 and scale = 1.00000
 Grid used for NLC:  SG-1 standard quadrature
performing fock build before subrot guess so that all methods have access
Printing subrot_rss_gen Method Specification:
Occupied Subspace Method is 0
Virtual Subspace Method is 0
Energy of the unrelaxed supersystem initial determinant -471.477667365342
write pseudocanon occs and virts to disk
write pseudocanon orbital energies to disk
Tolerance of ortho_decomp_scf: 1.00e-06
GDM subspace size: 20
Beginning the Orthogonal Decomposition of the Initial Supersystem Wavefunction
    1    -471.4697077916      1.59e-02     ortho_decomp Preconditoned Steepest Descent
    2    -471.4698882638      1.80e-05     ortho_decomp BFGS Step
    3    -471.4698882649      6.51e-08     ortho_decomp 00000 Convergence criterion met
 Exchange:  revPBE      Correlation:  PBE
 Using SG-2 standard quadrature grid
 Exchange:  revPBE      Correlation:  PBE
 Using SG-2 standard quadrature grid
 Exchange:  revPBE      Correlation:  PBE
 Using SG-2 standard quadrature grid
Doing General SCFMI
 Exchange:  B97M-V      Correlation:  B97M-V
 Using SG-2 standard quadrature grid
 Nonlocal Correlation:  VV10 with C = 0.0100 and b = 6.00 and scale = 1.00000
 Grid used for NLC:  SG-1 standard quadrature
performing fock build at end of subrot_r(subrot) constructor so that all methods have access
<S^2> of initial wavefunction before polarization iterations 0.0000000000
Beginning iterations for the determination of the polarized wavefunction
Energy prior to optimization (guess energy) = -471.477667365342
Begin Timing: Total SCF Calculation
begin iterations for algorithm: DIIS         
the SCF tolerance is set to 1.00e-08
    1    -471.4776673653      3.98e-05     00000 
    2    -471.4779944338      3.69e-05     00000 
    3    -471.4780974574      2.56e-05     00000 
    4    -471.4781629220      5.78e-06     00000 
    5    -471.4781648065      3.76e-06     00000 
    6    -471.4781661158      8.63e-07     00000 
    7    -471.4781661526      6.64e-07     00000 
    8    -471.4781661981      6.69e-08     00000 
    9    -471.4781661984      3.97e-08     00000 
   10    -471.4781661986      2.14e-08     00000 
   11    -471.4781661986      6.92e-09     00000 Convergence criterion met
write pseudocanon occs and virts to disk
write pseudocanon orbital energies to disk
Timing for Total SCF: 1785.00s (wall), 1771.23s (cpu)
<S^2> of polarized wavefunction after polarization iterations 0.0000000000
relaxing scfmi constraint to allow all rotations in the entire AO span
Doing General SCFMI
 Exchange:  B97M-V      Correlation:  B97M-V
 Using SG-2 standard quadrature grid
 Nonlocal Correlation:  VV10 with C = 0.0100 and b = 6.00 and scale = 1.00000
 Grid used for NLC:  SG-1 standard quadrature
performing fock build at end of subrot_r(subrot) constructor so that all methods have access
<S^2> of polarized wavefunction before ct-allowed iterations 0.0000000000
Beginning iterations for the determination of the CT-Allowed wavefunction
Energy prior to optimization (guess energy) = -471.478166198622
Begin Timing: Total SCF Calculation
begin iterations for algorithm: DIIS         
the SCF tolerance is set to 1.00e-08
    1    -471.4781661986      2.83e-05     00000 
    2    -471.4783873015      1.24e-06     00000 
    3    -471.4783870979      1.84e-06     00000 
    4    -471.4783875799      4.93e-07     00000 
    5    -471.4783876137      2.16e-07     00000 
    6    -471.4783876203      5.92e-08     00000 
    7    -471.4783876207      2.86e-08     00000 
    8    -471.4783876209      8.69e-09     00000 Convergence criterion met
write pseudocanon occs and virts to disk
write pseudocanon orbital energies to disk
Timing for Total SCF: 1239.00s (wall), 1229.02s (cpu)
<S^2> of ct_allowed wavefunction after ct-allowed iterations 0.0000000000
 Attempting to make child job directory: /scratch/qchemscratch/qchem4085212//FrgBSSE1/
 Attempting to make child job directory: /scratch/qchemscratch/qchem4085212//FrgBSSE2/
 Creating input file /scratch/qchemscratch/qchem4085212/FrgBSSE1.input
 calling putenv with: QCSCRATCH=/scratch/qchemscratch/qchem4085212/ 
 Spawning Job For Fragment 0
 Done Job For Fragment 0
 calling putenv with: QCSCRATCH=/scratch/qchemscratch 
 calling putenv with: QCTHREADS=1 
 Creating input file /scratch/qchemscratch/qchem4085212/FrgBSSE2.input
 calling putenv with: QCSCRATCH=/scratch/qchemscratch/qchem4085212/ 
 Spawning Job For Fragment 1
 Done Job For Fragment 1
 calling putenv with: QCSCRATCH=/scratch/qchemscratch 
 calling putenv with: QCTHREADS=1 
====================================================================
   Evaluating the BSSE with fragment SCF in the supersystem basis
   Fragment contributions (kJ/mol) 
   Frgm 1: 0.1097
   Frgm 2: 0.0406
   BSSE (kJ/mol) = 0.1503
====================================================================

================================
        Results of EDA2         
================================
Basic EDA Quantities
--------------------
Fragment Energies (Ha):
1 -395.0387771365
2  -76.4331940616
--------------------
  E_prp (kJ/mol) = 0.0000
  E_frz (kJ/mol) = -14.9555
  E_pol (kJ/mol) = -1.3097
  E_vct (kJ/mol) = -0.4311 (CP-corrected)
  E_int (kJ/mol) = -16.6963 (CP-corrected)
--------------------


Decomposition of frozen interaction energy
--------------------
  --------------------
  Orthogonal Frozen Decomposition:
  --------------------
     E_elec   (ELEC)   (kJ/mol) = -16.7056
     E_pauli  (PAULI)  (kJ/mol) = 3.9011
     E_disp   (DISP)   (kJ/mol) = -2.1510
  --------------------
  Classical Frozen Decomposition:
  --------------------
     E_cls_elec  (CLS ELEC)  (kJ/mol) = -13.7430
     E_mod_pauli (MOD PAULI) (kJ/mol) = 0.9385 (FRZ - CLS ELEC - DISP)
     E_disp      (DISP)      (kJ/mol) = -2.1510
  --------------------
--------------------

Simplified EDA Summary (kJ/mol)
--------------------
 PREPARATION      0.0000
 FROZEN           -14.9555 (ELEC + PAULI + DISP)
[ELEC + PAULI = -12.8044, DISP = -2.1510]
 POLARIZATION    -1.3097
 CHARGE TRANSFER -0.4311     (counterpoise-corrected)
 TOTAL           -16.6963     (PRP + FRZ + POL + CT)
--------------------
 
 --------------------------------------------------------------
 
                    Orbital Energies (a.u.)
 --------------------------------------------------------------
 
 Alpha MOs
 -- Occupied --
-19.1302 -19.1137 -14.4051 -14.3777 -14.3297 -10.3053 -10.2898 -10.2685
-10.2077  -1.0379  -0.9744  -0.9708  -0.9472  -0.8717  -0.7821  -0.6578
 -0.6405  -0.5517  -0.5474  -0.5142  -0.4805  -0.4595  -0.4364  -0.4344
 -0.4192  -0.3908  -0.3682  -0.3415  -0.3328  -0.2629  -0.2540  -0.2523
 -0.2389  -0.2276
 -- Virtual --
 -0.0768  -0.0365  -0.0258  -0.0209  -0.0064   0.0060   0.0152   0.0157
  0.0203   0.0365   0.0468   0.0485   0.0553   0.0579   0.0585   0.0682
  0.0704   0.0763   0.0857   0.0865   0.0887   0.0927   0.0964   0.0996
  0.1050   0.1063   0.1196   0.1231   0.1364   0.1377   0.1427   0.1458
  0.1476   0.1564   0.1583   0.1612   0.1709   0.1769   0.1806   0.1846
  0.1868   0.1932   0.1989   0.2008   0.2020   0.2082   0.2108   0.2204
  0.2294   0.2305   0.2348   0.2435   0.2527   0.2529   0.2606   0.2635
  0.2680   0.2700   0.2747   0.2795   0.2834   0.2890   0.2949   0.3014
  0.3060   0.3138   0.3190   0.3207   0.3245   0.3297   0.3388   0.3421
  0.3471   0.3494   0.3565   0.3639   0.3702   0.3771   0.3802   0.3847
  0.3932   0.3986   0.4052   0.4136   0.4169   0.4251   0.4257   0.4335
  0.4383   0.4505   0.4582   0.4650   0.4790   0.4808   0.4897   0.4980
  0.5129   0.5166   0.5188   0.5253   0.5394   0.5469   0.5601   0.5620
  0.5697   0.5741   0.5791   0.5800   0.5900   0.5977   0.6066   0.6115
  0.6218   0.6256   0.6289   0.6335   0.6397   0.6417   0.6500   0.6595
  0.6631   0.6765   0.6799   0.6941   0.6961   0.7058   0.7150   0.7309
  0.7317   0.7446   0.7514   0.7567   0.7594   0.7671   0.7760   0.7832
  0.7930   0.8004   0.8044   0.8129   0.8185   0.8224   0.8252   0.8301
  0.8355   0.8440   0.8476   0.8518   0.8627   0.8719   0.8729   0.8791
  0.8910   0.8974   0.9010   0.9148   0.9192   0.9262   0.9310   0.9335
  0.9409   0.9486   0.9493   0.9618   0.9691   0.9734   0.9778   0.9838
  0.9954   0.9969   1.0012   1.0114   1.0167   1.0276   1.0389   1.0502
  1.0547   1.0647   1.0694   1.0760   1.0821   1.0850   1.1031   1.1094
  1.1194   1.1303   1.1422   1.1488   1.1525   1.1613   1.1735   1.1829
  1.1870   1.1883   1.2119   1.2159   1.2206   1.2301   1.2331   1.2451
  1.2573   1.2693   1.2787   1.2812   1.2937   1.2995   1.3100   1.3213
  1.3318   1.3436   1.3467   1.3614   1.3680   1.3753   1.3925   1.4047
  1.4156   1.4206   1.4339   1.4360   1.4541   1.4608   1.4646   1.4734
  1.4862   1.4896   1.5056   1.5219   1.5238   1.5374   1.5464   1.5625
  1.5768   1.5957   1.6004   1.6294   1.6438   1.6575   1.6663   1.6702
  1.6858   1.6903   1.6974   1.7091   1.7571   1.7614   1.7677   1.7707
  1.7887   1.8121   1.8336   1.8428   1.8568   1.8732   1.8773   1.8824
  1.8893   1.9090   1.9425   1.9465   1.9600   1.9682   1.9778   1.9894
  2.0143   2.0166   2.0297   2.0415   2.0636   2.0889   2.0949   2.1008
  2.1122   2.1270   2.1328   2.1388   2.1436   2.1616   2.1713   2.1868
  2.1928   2.2147   2.2226   2.2439   2.2530   2.2571   2.2830   2.3017
  2.3071   2.3114   2.3184   2.3248   2.3405   2.3454   2.3646   2.3672
  2.3863   2.3903   2.4123   2.4284   2.4588   2.4784   2.4909   2.4999
  2.5120   2.5149   2.5232   2.5284   2.5518   2.5699   2.5764   2.5898
  2.6006   2.6163   2.6265   2.6671   2.7022   2.7040   2.7193   2.7495
  2.7588   2.7700   2.7743   2.8141   2.8400   2.8555   2.8747   2.9325
  2.9473   2.9577   2.9742   3.0325   3.0437   3.0722   3.0795   3.1246
  3.1296   3.1561   3.2020   3.2217   3.2314   3.2425   3.2819   3.2919
  3.3143   3.3193   3.3518   3.3693   3.4067   3.4239   3.4282   3.4618
  3.4717   3.4810   3.5140   3.5230   3.5484   3.5507   3.5618   3.5676
  3.6028   3.6052   3.6148   3.6710   3.6792   3.6875   3.7070   3.7108
  3.7430   3.7598   3.7765   3.7891   3.8141   3.8303   3.8394   3.8664
  3.8863   3.9042   3.9116   3.9350   3.9581   3.9618   3.9786   3.9865
  4.0100   4.0187   4.0300   4.0579   4.0765   4.0888   4.1081   4.1098
  4.1396   4.1534   4.1552   4.1865   4.2048   4.2087   4.2223   4.2334
  4.2627   4.2731   4.2893   4.3022   4.3055   4.3127   4.3224   4.3468
  4.3664   4.3933   4.4069   4.4216   4.4282   4.4444   4.4797   4.4862
  4.4995   4.5054   4.5636   4.5845   4.5998   4.6202   4.6608   4.6783
  4.6873   4.7092   4.7160   4.7331   4.7540   4.7623   4.7919   4.8184
  4.8334   4.8514   4.8866   4.9134   4.9568   4.9769   4.9882   5.0101
  5.0160   5.0466   5.0748   5.0979   5.1054   5.1265   5.1383   5.1563
  5.1700   5.1795   5.1944   5.1988   5.2254   5.2487   5.2763   5.2919
  5.3025   5.3450   5.3490   5.3605   5.3713   5.3810   5.4208   5.4754
  5.4995   5.5064   5.5188   5.5494   5.5916   5.6018   5.6092   5.6371
  5.6459   5.6964   5.7089   5.7277   5.7728   5.7996   5.8099   5.8788
  5.8993   5.9182   5.9452   5.9899   5.9941   6.0190   6.0685   6.0712
  6.1886   6.2463   6.3177   6.3547   6.3778   6.4496   6.4696   6.4904
  6.5038   6.5728   6.5794   6.5861   6.6219   6.6310   6.6894   6.7768
  6.7835   6.8189   6.8352   6.8585   6.9376   6.9777   7.0064   7.0299
  7.0891   7.0920   7.1043   7.1250   7.1466   7.1607   7.1744   7.1983
  7.2671   7.3786   7.4169   7.4508   7.5559   7.6220   7.6609   7.6946
  7.7647   7.7819   7.8519   8.6451  15.2984  15.3632  15.4217  15.9690
 17.2731  17.6856  18.8626  19.6060  19.9983
 --------------------------------------------------------------
 
          Ground-State Mulliken Net Atomic Charges

     Atom                 Charge (a.u.)
  ----------------------------------------
      1 N                     0.241548
      2 H                     0.011170
      3 C                    -0.298129
      4 O                    -0.596428
      5 N                     0.014452
      6 C                     0.436839
      7 N                    -0.325068
      8 C                    -0.272089
      9 H                     0.435256
     10 C                    -0.708081
     11 H                     0.827693
     12 H                     0.132734
     13 H                     0.106584
     14 O                    -0.551484
     15 H                     0.254929
     16 H                     0.290073
  ----------------------------------------
  Sum of atomic charges =     0.000000

 -----------------------------------------------------------------
                    Cartesian Multipole Moments
 -----------------------------------------------------------------
    Charge (ESU x 10^10)
                 0.0000
    Dipole Moment (Debye)
         X       8.1769      Y       1.1901      Z      -0.6219
       Tot       8.2864
    Quadrupole Moments (Debye-Ang)
        XX     -62.0844     XY       0.5626     YY     -40.8469
        XZ      -1.2038     YZ      -1.5351     ZZ     -56.0093
    Octopole Moments (Debye-Ang^2)
       XXX      99.2233    XXY     -29.3651    XYY      20.5658
       YYY      22.3266    XXZ       0.3277    XYZ      -2.7145
       YYZ      -6.5717    XZZ      -5.7522    YZZ      -3.0833
       ZZZ      -0.0573
    Hexadecapole Moments (Debye-Ang^3)
      XXXX   -1780.3228   XXXY     152.0774   XXYY    -294.5959
      XYYY     -19.8877   YYYY    -499.8194   XXXZ     -11.7719
      XXYZ      -0.5893   XYYZ      -7.4068   YYYZ     -17.2472
      XXZZ    -270.7868   XYZZ      -0.1065   YYZZ    -124.5836
      XZZZ       0.1390   YZZZ      -1.6490   ZZZZ     -58.8265
 -----------------------------------------------------------------
 Total job time:  9906.18s(wall), 5718.42s(cpu) 
 Mon Mar 11 15:29:00 2024

        *************************************************************
        *                                                           *
        *  Thank you very much for using Q-Chem.  Have a nice day.  *
        *                                                           *
        *************************************************************


