
Running Job 1 of 1 G-wat_10_1.1.inp
qchem G-wat_10_1.1.inp_3939953.0 /scratch/qchemscratch/qchem3939953/ 1
/opt/qchem/6.1/exe/qcprog.exe_s G-wat_10_1.1.inp_3939953.0 /scratch/qchemscratch/qchem3939953/
                  Welcome to Q-Chem
     A Quantum Leap Into The Future Of Chemistry


 Q-Chem 6.1, Q-Chem, Inc., Pleasanton, CA (2023)

 License issued to: SRG Pengyu Ren, University of Texas at Austin

 E. Epifanovsky,  A. T. B. Gilbert,  Xintian Feng,  Joonho Lee,  Yuezhi Mao,  
 N. Mardirossian,  P. Pokhilko,  A. White,  M. Wormit,  M. P. Coons,  
 A. L. Dempwolff,  Zhengting Gan,  D. Hait,  P. R. Horn,  L. D. Jacobson,  
 I. Kaliman,  J. Kussmann,  A. W. Lange,  Ka Un Lao,  D. S. Levine,  Jie Liu,  
 S. C. McKenzie,  A. F. Morrison,  K. D. Nanda,  F. Plasser,  D. R. Rehn,  
 M. L. Vidal,  Zhi-Qiang You,  Ying Zhu,  B. Alam,  B. Albrecht,  
 A. Aldossary,  E. Alguire,  J. H. Andersen,  V. Athavale,  D. Barton,  
 K. Begam,  A. Behn,  N. Bellonzi,  Y. A. Bernard,  E. J. Berquist,  
 H. Burton,  A. Carreras,  K. Carter-Fenk,  Mathew Chow,  Romit Chakraborty,  
 Chandrima Chakravarty,  Junhan Chen,  A. D. Chien,  K. D. Closser,  
 V. Cofer-Shabica,  L. Cunha,  S. Dasgupta,  Jia Deng,  M. de Wergifosse,  
 M. Diedenhofen,  Hainam Do,  S. Ehlert,  Po-Tung Fang,  S. Fatehi,  
 Qingguo Feng,  T. Friedhoff,  Thomas Froitzheim,  B. Ganoe,  J. Gayvert,  
 Qinghui Ge,  G. Gidofalvi,  M. Gimferrer,  M. Goldey,  Montgomery Gray,  
 J. Gomes,  C. Gonzalez-Espinoza,  S. Gulania,  A. Gunina,  J. A. Gyamfi,  
 M. W. D. Hanson-Heine,  P. H. P. Harbach,  A. W. Hauser,  M. F. Herbst,  
 M. Hernandez Vera,  M. Hodecker,  Z. C. Holden,  S. Houck,  Xunkun Huang,  
 Kerwin Hui,  B. C. Huynh,  K. Ikeda,  M. Ivanov,  Hyunjun Ji,  Zuxin Jin,  
 Hanjie Jiang,  Subrata Jana,  B. Kaduk,  S. Kaehler,  R. Kang,  
 K. Khistyaev,  Jaehoon Kim,  Yongbin Kim,  P. Klunzinger,  Z. Koczor-Benda,  
 Joong Hoon Koh,  D. Kosenkov,  Saikiran Kotaru,  L. Koulias,  T. Kowalczyk,  
 C. M. Krauter,  K. Kue,  A. Kunitsa,  T. Kus,  A. Landau,  K. V. Lawler,  
 D. Lefrancois,  S. Lehtola,  Rain Li,  Shaozhi Li,  Yi-Pei Li,  
 Jiashu Liang,  M. Liebenthal,  Hung-Hsuan Lin,  You-Sheng Lin,  Fenglai Liu,  
 Kuan-Yu Liu,  Xiao Liu,  M. Loipersberger,  A. Luenser,  C. Malbon,  
 A. Manjanath,  P. Manohar,  E. Mansoor,  S. F. Manzer,  Shan-Ping Mao,  
 A. V. Marenich,  T. Markovich,  S. Mason,  F. Matz,  S. A. Maurer,  
 P. F. McLaughlin,  M. F. S. J. Menger,  J.-M. Mewes,  S. A. Mewes,  
 P. Morgante,  Mohammad Mostafanejad,  J. W. Mullinax,  K. J. Oosterbaan,  
 G. Paran,  V. Parravicini,  Alexander C. Paul,  Suranjan K. Paul,  
 F. Pavosevic,  Zheng Pei,  S. Prager,  E. I. Proynov,  E. Ramos,  B. Rana,  
 A. E. Rask,  A. Rettig,  R. M. Richard,  F. Rob,  E. Rossomme,  T. Scheele,  
 M. Scheurer,  M. Schneider,  P. E. Schneider,  Tim K. Schramm,  N. Sergueev,  
 S. M. Sharada,  M. Sharma,  Hengyuan Shen,  W. Skomorowski,  D. W. Small,  
 C. J. Stein,  Alistair J. Sterling,  Yingli Su,  Yu-Chuan Su,  
 E. J. Sundstrom,  J. Talbot,  Zhen Tao,  J. Thirman,  Hung-Yi Tsai,  
 T. Tsuchimochi,  N. M. Tubman,  C. Utku,  S. P. Veccham,  O. Vydrov,  
 J. Wenzel,  Jonathan Wong,  J. Witte,  A. Yamada,  Chou-Hsun Yang,  Kun Yao,  
 S. Yeganeh,  S. R. Yost,  A. Zech,  F. Zeller,  Igor Ying Zhang,  
 Xing Zhang,  Yu Zhang,  D. Zuev,  A. Aspuru-Guzik,  A. T. Bell,  
 N. A. Besley,  K. B. Bravaya,  B. R. Brooks,  D. Casanova,  Jeng-Da Chai,  
 Hsing-Ta Chen,  S. Coriani,  C. J. Cramer,  A. E. DePrince, III,  
 R. A. DiStasio Jr.,  A. Dreuw,  B. D. Dunietz,  T. R. Furlani,  
 W. A. Goddard III,  S. Grimme,  S. Hammes-Schiffer,  T. Head-Gordon,  
 W. J. Hehre,  Chao-Ping Hsu,  T.-C. Jagau,  Yousung Jung,  A. Klamt,  
 Jing Kong,  D. S. Lambrecht,  Xiangyuan Li,  WanZhen Liang,  N. J. Mayhall,  
 C. W. McCurdy,  J. B. Neaton,  T. Neudecker,  C. Ochsenfeld,  
 J. A. Parkhill,  R. Peverati,  V. A. Rassolov,  Haisheng Ren,  Yihan Shao,  
 L. V. Slipchenko,  R. P. Steele,  J. E. Subotnik,  A. J. W. Thom,  
 A. Tkatchenko,  D. G. Truhlar,  T. Van Voorhis,  Fan Wang,  
 T. A. Wesolowski,  K. B. Whaley,  H. L. Woodcock III,  P. M. Zimmerman,  
 S. Faraji,  P. M. W. Gill,  M. Head-Gordon,  J. M. Herbert,  A. I. Krylov

 Contributors to earlier versions of Q-Chem not listed above: 
 R. D. Adamson,  B. Austin,  R. Baer,  J. Baker,  G. J. O. Beran,  
 K. Brandhorst,  S. T. Brown,  E. F. C. Byrd,  Arup K. Chakraborty,  
 G. K. L. Chan,  Chun-Min Chang,  Yunqing Chen,  C.-L. Cheng,  
 Siu Hung Chien,  D. M. Chipman,  D. L. Crittenden,  H. Dachsel,  
 R. J. Doerksen,  A. D. Dutoi,  R. G. Edgar,  J. Fosso-Tande,  
 L. Fusti-Molnar,  D. Ghosh,  A. Ghysels,  A. Golubeva-Zadorozhnaya,  
 J. Gonthier,  M. S. Gordon,  S. R. Gwaltney,  G. Hawkins,  J. E. Herr,  
 A. Heyden,  S. Hirata,  E. G. Hohenstein,  G. Kedziora,  F. J. Keil,  
 C. Kelley,  Jihan Kim,  R. A. King,  R. Z. Khaliullin,  P. P. Korambath,  
 W. Kurlancheek,  A. Laurent,  A. M. Lee,  M. S. Lee,  S. V. Levchenko,  
 Ching Yeh Lin,  D. Liotard,  E. Livshits,  R. C. Lochan,  I. Lotan,  
 L. A. Martinez-Martinez,  P. E. Maslen,  N. Nair,  D. P. O'Neill,  
 D. Neuhauser,  E. Neuscamman,  C. M. Oana,  R. Olivares-Amaya,  R. Olson,  
 T. M. Perrine,  B. Peters,  P. A. Pieniazek,  A. Prociuk,  Y. M. Rhee,  
 J. Ritchie,  M. A. Rohrdanz,  E. Rosta,  N. J. Russ,  H. F. Schaefer III,  
 M. W. Schmidt,  N. E. Schultz,  S. Sharma,  N. Shenvi,  C. D. Sherrill,  
 A. C. Simmonett,  A. Sodt,  T. Stein,  D. Stuck,  K. S. Thanthiriwatte,  
 V. Vanovschi,  L. Vogt,  Tao Wang,  A. Warshel,  M. A. Watson,  
 C. F. Williams,  Q. Wu,  X. Xu,  Jun Yang,  W. Zhang,  Yan Zhao

   Please cite Q-Chem as follows:
  "Software for the frontiers of quantum chemistry:
   An overview of developments in the Q-Chem 5 package"
   J. Chem. Phys. 155, 084801 (2021)
   https://doi.org/10.1063/5.0055522 (open access)

 Q-Chem 6.1.1 for Intel X86 EM64T Linux

 Parts of Q-Chem use Armadillo 9.900.5 (Nocturnal Misbehaviour).
 http://arma.sourceforge.net/

 Q-Chem begins on Sun Mar 10 19:49:26 2024  

 Host: 
0

     Scratch files written to /scratch/qchemscratch/qchem3939953//
 Jan1824 |scratch|qcdevops|jenkins|workspace|build_RNUM UKVU   
 Processing $rem in /opt/qchem/6.1/config/preferences:
 Processing $rem in /home/mm227274/.qchemrc:

 Q-Chem warning in module libgen/rem_setup.C, line 3361:

 Neither GIA nor STOLL is specified by user. Use STOLL as the default


 Checking the input file for inconsistencies... 	...done.

--------------------------------------------------------------
User input:
--------------------------------------------------------------
$molecule
0 1
--
0 1
N -0.03833 2.39519 -0.00199
H 0.45077 3.28326 0.00186
C -1.39524 2.18879 -0.01692
H -2.10321 3.00709 -0.0235
N -1.71481 0.90376 -0.02243
C -0.49969 0.25482 -0.00818
C -0.20611 -1.15484 -0.02685
O -0.9509 -2.13246 -0.05918
N 1.2039 -1.34173 -0.01779
C 2.16556 -0.36069 0.0155
N 3.47664 -0.79549 -0.04963
N 1.90051 0.9236 0.03231
C 0.55833 1.1618 -0.00097
H 1.48524 -2.3148 -0.11699
H 3.6966 -1.61504 0.50662
H 4.1256 -0.03273 0.11538
--
0 1
O -4.301068875 -1.4161048125 0.07375208333333333
H -3.897368875 -0.5321548125 0.04024208333333333
H -3.514158875 -1.9834348125 0.024322083333333334
$end

$rem
JOBTYPE          eda
EDA2             2
METHOD           b97m-v
BASIS            aug-cc-pvtz
SCF_CONVERGENCE  8
THRESH           14
SYMMETRY         false
DISP_FREE_X      revPBE
DISP_FREE_C      PBE
EDA_BSSE         true
$end
--------------------------------------------------------------
 ----------------------------------------------------------------
             Standard Nuclear Orientation (Angstroms)
    I     Atom           X                Y                Z
 ----------------------------------------------------------------
    1      N      -0.1412249758    -2.4074329532    -0.0008767881
    2      H      -0.6779792837    -3.2675340235     0.0039106121
    3      C       1.2249006245    -2.2752761389    -0.0171259010
    4      H       1.8872295342    -3.1309365041    -0.0238684654
    5      N       1.6140027554    -1.0095690506    -0.0236484857
    6      C       0.4360571457    -0.2953819595    -0.0086905474
    7      C       0.2196983759     1.1281695681    -0.0279007506
    8      O       1.0166156621     2.0637420284    -0.0614454623
    9      N      -1.1780261879     1.3916085571    -0.0176978699
   10      C      -2.1916767210     0.4644374540     0.0170008857
   11      N      -3.4771793628     0.9699896841    -0.0472145633
   12      N      -1.9969767648    -0.8323768622     0.0343051891
   13      C      -0.6697991065    -1.1433665955    -0.0000284659
   14      H      -1.4060234827     2.3785099795    -0.1172010179
   15      H      -3.6516520346     1.8005948864     0.5087647092
   16      H      -4.1665814048     0.2438057393     0.1188032126
   17      O       4.3228998567     1.1659918504     0.0689256517
   18      H       3.8716089385     0.3053324170     0.0362750865
   19      H       3.5680234218     1.7753268787     0.0198706480
 ----------------------------------------------------------------
 Molecular Point Group                 C1    NOp =  1
 Largest Abelian Subgroup              C1    NOp =  1
 Nuclear Repulsion Energy =         688.62345309 hartrees
 There are       44 alpha and       44 beta electrons
 Requested basis set is aug-cc-pVTZ
 There are 231 shells and 713 basis functions

 Total QAlloc Memory Limit  16000 MB
 Mega-Array Size       188 MB
 MEM_STATIC part       192 MB

 A cutoff of  1.0D-14 yielded  24386 shell pairs
 There are    229908 function pairs (    315238 Cartesian)
 Smallest overlap matrix eigenvalue = 1.40E-06

 Scale SEOQF with 1.000000e-01/1.000000e-01/1.000000e-01

 Standard Electronic Orientation quadrupole field applied
 Nucleus-field energy     =     0.0000000286 hartrees

 -----------------------------------------------------------------------
  General SCF calculation program by
  Eric Jon Sundstrom, Paul Horn, Yuezhi Mao, Dmitri Zuev, Alec White,
  David Stuck, Shaama M.S., Shane Yost, Joonho Lee, David Small,
  Daniel Levine, Susi Lehtola, Hugh Burton, Evgeny Epifanovsky,
  Bang C. Huynh
 -----------------------------------------------------------------------
================================================================
                 ALMO-EDA with the EDA2 driver                  
================================================================
 The second-generation ALMO-EDA (for DFT):                      
 P. R. Horn, Y. Mao and M. Head-Gordon, PCCP, 18, 23067 (2016)  
 Y. Mao et al. Annu. Rev. Phys. Chem. 72, 641 (2021)            
 Decomposition of the frozen energy:                            
 P. R. Horn, Y. Mao and M. Head-Gordon, JCP, 144, 114107 (2016) 
================================================================
 Using eda2 option set 2
 Option set summary: Frozen orbital wavefunction, initial wavefunction decomposition, and traditional AO-based POL.
--------------------------------
Printing EDA Options
--------------------------------
eda_child_super_basis      0
fragmo_guess_mode          0
child_mp                   0
child_mp_orders            0
cls_elec                   1
cls_disp                   0
scfmi_mode                 1
scfmi_occs                 0
scfmi_virts                0
frz_relax                  0
frz_relax_method           0
dc_pen_start               0
dc_pen_conv                0
dc_pen_increment           0
dc_pen_steps               0
dc_pen_thresh_factor       0
dc_pen_pre_newton_thresh   0
frz_ortho_decomp           1
frz_ortho_decomp_conv      6
plot_mo_ortho_frz          0
frgm_method                2
scfmi_freeze_ss            0
separate_rehyb             0
plot_diff_den              0
eda_nocv                   0
eda_vct_relax              1
disp_free_x                33
disp_free_c                25
eda_bsse                   1
eda_pct_a                  0
eda_covp                   0
eda_vct_a                  0
--------------------------------
 Attempting to make child job directory: /scratch/qchemscratch/qchem3939953//Frg1/
 Attempting to make child job directory: /scratch/qchemscratch/qchem3939953//Frg2/
 Creating input file /scratch/qchemscratch/qchem3939953/Frg1.input
 using default PutDataFrgm: nothing
 calling putenv with: QCSCRATCH=/scratch/qchemscratch/qchem3939953/ 
 Spawning Job For Fragment 0
 Done Job For Fragment 0
 calling putenv with: QCSCRATCH=/scratch/qchemscratch 
 calling putenv with: QCTHREADS=1 
 Creating input file /scratch/qchemscratch/qchem3939953/Frg2.input
 using default PutDataFrgm: nothing
 calling putenv with: QCSCRATCH=/scratch/qchemscratch/qchem3939953/ 
 Spawning Job For Fragment 1
 Done Job For Fragment 1
 calling putenv with: QCSCRATCH=/scratch/qchemscratch 
 calling putenv with: QCTHREADS=1 
Doing General SCFMI
 Exchange:  B97M-V      Correlation:  B97M-V
 Using SG-2 standard quadrature grid
 Nonlocal Correlation:  VV10 with C = 0.0100 and b = 6.00 and scale = 1.00000
 Grid used for NLC:  SG-1 standard quadrature
performing fock build before subrot guess so that all methods have access
Printing subrot_rss_gen Method Specification:
Occupied Subspace Method is 0
Virtual Subspace Method is 0
Energy of the unrelaxed supersystem initial determinant -619.142728047750
write pseudocanon occs and virts to disk
write pseudocanon orbital energies to disk
Tolerance of ortho_decomp_scf: 1.00e-06
GDM subspace size: 20
Beginning the Orthogonal Decomposition of the Initial Supersystem Wavefunction
    1    -619.1185564800      4.38e-02     ortho_decomp Preconditoned Steepest Descent
    2    -619.1201716610      5.99e-05     ortho_decomp BFGS Step
    3    -619.1201716771      4.50e-07     ortho_decomp 00000 Convergence criterion met
 Exchange:  revPBE      Correlation:  PBE
 Using SG-2 standard quadrature grid
 Exchange:  revPBE      Correlation:  PBE
 Using SG-2 standard quadrature grid
 Exchange:  revPBE      Correlation:  PBE
 Using SG-2 standard quadrature grid
Doing General SCFMI
 Exchange:  B97M-V      Correlation:  B97M-V
 Using SG-2 standard quadrature grid
 Nonlocal Correlation:  VV10 with C = 0.0100 and b = 6.00 and scale = 1.00000
 Grid used for NLC:  SG-1 standard quadrature
performing fock build at end of subrot_r(subrot) constructor so that all methods have access
<S^2> of initial wavefunction before polarization iterations 0.0000000000
Beginning iterations for the determination of the polarized wavefunction
Energy prior to optimization (guess energy) = -619.142728047750
Begin Timing: Total SCF Calculation
begin iterations for algorithm: DIIS         
the SCF tolerance is set to 1.00e-08
    1    -619.1427280478      5.28e-05     00000 
    2    -619.1435753675      4.82e-05     00000 
    3    -619.1436467318      4.90e-05     00000 
    4    -619.1440800265      7.26e-06     00000 
    5    -619.1440839323      5.26e-06     00000 
    6    -619.1440884682      1.32e-06     00000 
    7    -619.1440886884      8.62e-07     00000 
    8    -619.1440888112      1.86e-07     00000 
    9    -619.1440888153      1.22e-07     00000 
   10    -619.1440888179      3.78e-08     00000 
   11    -619.1440888181      1.70e-08     00000 
   12    -619.1440888182      5.32e-09     00000 Convergence criterion met
write pseudocanon occs and virts to disk
write pseudocanon orbital energies to disk
Timing for Total SCF: 5498.00s (wall), 5434.58s (cpu)
<S^2> of polarized wavefunction after polarization iterations 0.0000000000
relaxing scfmi constraint to allow all rotations in the entire AO span
Doing General SCFMI
 Exchange:  B97M-V      Correlation:  B97M-V
 Using SG-2 standard quadrature grid
 Nonlocal Correlation:  VV10 with C = 0.0100 and b = 6.00 and scale = 1.00000
 Grid used for NLC:  SG-1 standard quadrature
performing fock build at end of subrot_r(subrot) constructor so that all methods have access
<S^2> of polarized wavefunction before ct-allowed iterations 0.0000000000
Beginning iterations for the determination of the CT-Allowed wavefunction
Energy prior to optimization (guess energy) = -619.144088818206
Begin Timing: Total SCF Calculation
begin iterations for algorithm: DIIS         
the SCF tolerance is set to 1.00e-08
    1    -619.1440888182      5.45e-05     00000 
    2    -619.1452202775      3.69e-06     00000 
    3    -619.1452138731      6.79e-06     00000 
    4    -619.1452231264      1.68e-06     00000 
    5    -619.1452237995      5.71e-07     00000 
    6    -619.1452238652      2.32e-07     00000 
    7    -619.1452238763      7.99e-08     00000 
    8    -619.1452238776      2.97e-08     00000 
    9    -619.1452238778      6.13e-09     00000 Convergence criterion met
write pseudocanon occs and virts to disk
write pseudocanon orbital energies to disk
Timing for Total SCF: 2970.00s (wall), 2937.83s (cpu)
<S^2> of ct_allowed wavefunction after ct-allowed iterations 0.0000000000
 Attempting to make child job directory: /scratch/qchemscratch/qchem3939953//FrgBSSE1/
 Attempting to make child job directory: /scratch/qchemscratch/qchem3939953//FrgBSSE2/
 Creating input file /scratch/qchemscratch/qchem3939953/FrgBSSE1.input
 calling putenv with: QCSCRATCH=/scratch/qchemscratch/qchem3939953/ 
 Spawning Job For Fragment 0
 Done Job For Fragment 0
 calling putenv with: QCSCRATCH=/scratch/qchemscratch 
 calling putenv with: QCTHREADS=1 
 Creating input file /scratch/qchemscratch/qchem3939953/FrgBSSE2.input
 calling putenv with: QCSCRATCH=/scratch/qchemscratch/qchem3939953/ 
 Spawning Job For Fragment 1
 Done Job For Fragment 1
 calling putenv with: QCSCRATCH=/scratch/qchemscratch 
 calling putenv with: QCTHREADS=1 
====================================================================
   Evaluating the BSSE with fragment SCF in the supersystem basis
   Fragment contributions (kJ/mol) 
   Frgm 1: 0.1261
   Frgm 2: 0.0900
   BSSE (kJ/mol) = 0.2161
====================================================================

================================
        Results of EDA2         
================================
Basic EDA Quantities
--------------------
Fragment Energies (Ha):
1 -542.7008055202
2  -76.4327358365
--------------------
  E_prp (kJ/mol) = 0.0000
  E_frz (kJ/mol) = -24.1199
  E_pol (kJ/mol) = -3.5727
  E_vct (kJ/mol) = -2.7640 (CP-corrected)
  E_int (kJ/mol) = -30.4567 (CP-corrected)
--------------------


Decomposition of frozen interaction energy
--------------------
  --------------------
  Orthogonal Frozen Decomposition:
  --------------------
     E_elec   (ELEC)   (kJ/mol) = -44.3382
     E_pauli  (PAULI)  (kJ/mol) = 27.9198
     E_disp   (DISP)   (kJ/mol) = -7.7015
  --------------------
  Classical Frozen Decomposition:
  --------------------
     E_cls_elec  (CLS ELEC)  (kJ/mol) = -28.0250
     E_mod_pauli (MOD PAULI) (kJ/mol) = 11.6066 (FRZ - CLS ELEC - DISP)
     E_disp      (DISP)      (kJ/mol) = -7.7015
  --------------------
--------------------

Simplified EDA Summary (kJ/mol)
--------------------
 PREPARATION      0.0000
 FROZEN           -24.1199 (ELEC + PAULI + DISP)
[ELEC + PAULI = -16.4184, DISP = -7.7015]
 POLARIZATION    -3.5727
 CHARGE TRANSFER -2.7640     (counterpoise-corrected)
 TOTAL           -30.4567     (PRP + FRZ + POL + CT)
--------------------
 
 --------------------------------------------------------------
 
                    Orbital Energies (a.u.)
 --------------------------------------------------------------
 
 Alpha MOs
 -- Occupied --
-19.1334 -19.1096 -14.4177 -14.4099 -14.3900 -14.3557 -14.3463 -10.3282
-10.3022 -10.2723 -10.2611 -10.2167  -1.0505  -1.0274  -1.0059  -0.9538
 -0.9159  -0.9124  -0.8823  -0.7579  -0.6668  -0.6501  -0.6185  -0.5840
 -0.5379  -0.5280  -0.5011  -0.4774  -0.4630  -0.4495  -0.4421  -0.4207
 -0.4162  -0.4063  -0.3763  -0.3250  -0.3144  -0.3080  -0.2840  -0.2822
 -0.2676  -0.2498  -0.2356  -0.2116
 -- Virtual --
 -0.0526  -0.0495  -0.0406  -0.0256  -0.0085  -0.0054   0.0053   0.0070
  0.0115   0.0229   0.0266   0.0363   0.0438   0.0484   0.0562   0.0598
  0.0621   0.0658   0.0716   0.0743   0.0769   0.0790   0.0866   0.0890
  0.0939   0.1018   0.1027   0.1039   0.1149   0.1207   0.1231   0.1280
  0.1305   0.1323   0.1392   0.1424   0.1442   0.1495   0.1514   0.1539
  0.1572   0.1615   0.1654   0.1713   0.1745   0.1831   0.1873   0.1907
  0.1938   0.1956   0.1997   0.2056   0.2065   0.2133   0.2142   0.2193
  0.2220   0.2313   0.2340   0.2363   0.2386   0.2414   0.2487   0.2516
  0.2523   0.2557   0.2628   0.2653   0.2678   0.2745   0.2780   0.2899
  0.2949   0.2961   0.2999   0.3045   0.3104   0.3143   0.3174   0.3213
  0.3238   0.3304   0.3365   0.3399   0.3412   0.3520   0.3532   0.3601
  0.3667   0.3708   0.3758   0.3799   0.3826   0.3895   0.3917   0.3954
  0.4034   0.4050   0.4103   0.4143   0.4216   0.4261   0.4289   0.4318
  0.4336   0.4360   0.4409   0.4471   0.4499   0.4670   0.4788   0.4802
  0.4869   0.4933   0.5014   0.5062   0.5104   0.5153   0.5275   0.5318
  0.5376   0.5431   0.5466   0.5481   0.5633   0.5690   0.5720   0.5807
  0.5824   0.5860   0.5995   0.6046   0.6092   0.6204   0.6261   0.6301
  0.6328   0.6331   0.6403   0.6444   0.6515   0.6601   0.6632   0.6674
  0.6720   0.6757   0.6828   0.6888   0.6957   0.7017   0.7100   0.7128
  0.7167   0.7312   0.7352   0.7398   0.7444   0.7496   0.7575   0.7624
  0.7656   0.7757   0.7817   0.7862   0.7887   0.7972   0.8017   0.8130
  0.8174   0.8233   0.8277   0.8367   0.8426   0.8545   0.8556   0.8643
  0.8722   0.8746   0.8812   0.8839   0.8915   0.8998   0.9045   0.9065
  0.9085   0.9191   0.9258   0.9268   0.9343   0.9368   0.9396   0.9457
  0.9551   0.9644   0.9659   0.9717   0.9766   0.9898   0.9909   0.9961
  0.9988   1.0034   1.0116   1.0156   1.0223   1.0311   1.0317   1.0394
  1.0465   1.0547   1.0564   1.0682   1.0814   1.0906   1.0949   1.0988
  1.1013   1.1098   1.1235   1.1294   1.1379   1.1448   1.1464   1.1507
  1.1621   1.1711   1.1770   1.1811   1.1847   1.1945   1.2065   1.2108
  1.2129   1.2264   1.2307   1.2405   1.2441   1.2561   1.2590   1.2640
  1.2664   1.2729   1.2817   1.2922   1.3022   1.3076   1.3118   1.3140
  1.3324   1.3359   1.3444   1.3528   1.3580   1.3666   1.3722   1.3781
  1.3870   1.3913   1.4089   1.4111   1.4264   1.4302   1.4342   1.4464
  1.4546   1.4649   1.4698   1.4757   1.4817   1.4854   1.4979   1.5088
  1.5160   1.5220   1.5248   1.5278   1.5386   1.5452   1.5638   1.5756
  1.5813   1.5985   1.6016   1.6065   1.6123   1.6307   1.6449   1.6535
  1.6609   1.6616   1.6768   1.6947   1.6960   1.7080   1.7231   1.7343
  1.7392   1.7742   1.7802   1.7877   1.7941   1.8057   1.8246   1.8284
  1.8323   1.8442   1.8676   1.8804   1.8835   1.8914   1.8977   1.9039
  1.9141   1.9223   1.9247   1.9444   1.9477   1.9654   1.9877   2.0008
  2.0032   2.0089   2.0208   2.0370   2.0503   2.0632   2.0652   2.1000
  2.1065   2.1134   2.1187   2.1250   2.1296   2.1393   2.1430   2.1488
  2.1599   2.1675   2.1727   2.1825   2.2060   2.2084   2.2168   2.2224
  2.2311   2.2379   2.2497   2.2638   2.2737   2.2838   2.2913   2.2973
  2.3014   2.3120   2.3293   2.3406   2.3531   2.3551   2.3730   2.3803
  2.3864   2.4063   2.4117   2.4160   2.4329   2.4414   2.4484   2.4643
  2.4772   2.4902   2.5009   2.5098   2.5172   2.5342   2.5412   2.5452
  2.5561   2.5581   2.5711   2.6003   2.6066   2.6117   2.6273   2.6457
  2.6475   2.6541   2.6727   2.6902   2.7173   2.7386   2.7677   2.7869
  2.7974   2.8105   2.8218   2.8315   2.8588   2.8771   2.8888   2.9008
  2.9231   2.9379   2.9476   2.9608   2.9730   2.9997   3.0099   3.0327
  3.0683   3.0871   3.1037   3.1184   3.1375   3.1483   3.1791   3.2131
  3.2200   3.2321   3.2596   3.2681   3.2846   3.3014   3.3349   3.3608
  3.3668   3.3716   3.4083   3.4267   3.4362   3.4390   3.4544   3.4774
  3.4887   3.4957   3.4996   3.5124   3.5405   3.5513   3.5815   3.5874
  3.6021   3.6254   3.6346   3.6428   3.6483   3.6578   3.6700   3.6767
  3.6930   3.7071   3.7284   3.7347   3.7599   3.7743   3.7978   3.8039
  3.8197   3.8302   3.8458   3.8474   3.8584   3.8650   3.8895   3.9081
  3.9167   3.9394   3.9512   3.9547   3.9632   3.9806   3.9888   3.9988
  4.0159   4.0217   4.0307   4.0425   4.0575   4.0755   4.0846   4.0900
  4.1029   4.1100   4.1332   4.1394   4.1578   4.1747   4.1765   4.1895
  4.1918   4.2018   4.2162   4.2431   4.2561   4.2621   4.2740   4.2950
  4.3015   4.3074   4.3197   4.3407   4.3493   4.3546   4.3618   4.3772
  4.3909   4.4007   4.4211   4.4256   4.4288   4.4470   4.4852   4.5103
  4.5200   4.5529   4.5589   4.5790   4.5895   4.6024   4.6176   4.6249
  4.6373   4.6555   4.6858   4.7220   4.7386   4.7599   4.7663   4.7750
  4.8159   4.8232   4.8507   4.8689   4.8796   4.8938   4.9254   4.9671
  4.9732   4.9830   4.9931   5.0119   5.0254   5.0425   5.0444   5.0775
  5.0910   5.1038   5.1061   5.1175   5.1684   5.1835   5.1994   5.2172
  5.2253   5.2352   5.2547   5.2712   5.2856   5.3066   5.3165   5.3288
  5.3477   5.3504   5.3674   5.3733   5.3995   5.4260   5.4364   5.4411
  5.4484   5.4684   5.4764   5.4906   5.5022   5.5337   5.5628   5.5705
  5.5750   5.5888   5.6023   5.6152   5.6481   5.6568   5.6851   5.7051
  5.7187   5.7308   5.7587   5.7761   5.7773   5.8020   5.8257   5.8566
  5.8636   5.8977   5.9268   5.9401   5.9557   5.9779   6.0008   6.0253
  6.0792   6.1021   6.1067   6.1254   6.1503   6.2294   6.2730   6.3181
  6.3484   6.3748   6.4179   6.4283   6.4821   6.4947   6.5160   6.5247
  6.5427   6.5752   6.6205   6.6493   6.6514   6.6814   6.7238   6.7825
  6.8049   6.8236   6.8366   6.8688   6.8703   6.9321   6.9903   6.9991
  7.0310   7.0459   7.0770   7.1084   7.1205   7.1554   7.1669   7.1768
  7.1905   7.2266   7.2327   7.2874   7.3151   7.4414   7.4702   7.5562
  7.5869   7.6147   7.6536   7.6752   7.7721   7.8062   7.8735   7.9153
  8.6765  15.6746  15.8622  15.9298  16.0886  16.5531  17.3129  17.9096
 18.7186  18.9249  19.6025  20.2857  20.6709
 --------------------------------------------------------------
 
          Ground-State Mulliken Net Atomic Charges

     Atom                 Charge (a.u.)
  ----------------------------------------
      1 N                     0.079030
      2 H                     0.057504
      3 C                    -1.000175
      4 H                     0.802310
      5 N                    -0.386609
      6 C                     1.051282
      7 C                    -0.288005
      8 O                    -0.652767
      9 N                     0.425129
     10 C                    -0.325507
     11 N                    -0.319181
     12 N                    -0.100514
     13 C                     0.321697
     14 H                     0.048799
     15 H                     0.138017
     16 H                     0.160871
     17 O                    -0.591084
     18 H                     0.294096
     19 H                     0.285105
  ----------------------------------------
  Sum of atomic charges =     0.000000

 -----------------------------------------------------------------
                    Cartesian Multipole Moments
 -----------------------------------------------------------------
    Charge (ESU x 10^10)
                -0.0000
    Dipole Moment (Debye)
         X      -8.7835      Y      -3.3810      Z       0.7911
       Tot       9.4449
    Quadrupole Moments (Debye-Ang)
        XX     -81.9917     XY     -17.0244     YY     -54.6355
        XZ      -4.2018     YZ       1.5525     ZZ     -71.5800
    Octopole Moments (Debye-Ang^2)
       XXX    -163.2055    XXY     -13.2436    XYY     -16.5295
       YYY     -37.6927    XXZ      13.3323    XYZ      -7.0526
       YYZ       2.4695    XZZ       0.0954    YZZ       4.2147
       ZZZ       0.5346
    Hexadecapole Moments (Debye-Ang^3)
      XXXX   -2215.0623   XXXY    -225.9403   XXYY    -441.6701
      XYYY     -46.3046   YYYY    -754.2388   XXXZ     -74.1140
      XXYZ      22.5929   XYYZ     -11.4933   YYYZ       5.3743
      XXZZ    -352.5256   XYZZ       1.5137   YYZZ    -180.6985
      XZZZ      -3.1713   YZZZ       1.0710   ZZZZ     -73.9736
 -----------------------------------------------------------------
 Total job time:  24815.01s(wall), 14871.10s(cpu) 
 Mon Mar 11 02:43:01 2024

        *************************************************************
        *                                                           *
        *  Thank you very much for using Q-Chem.  Have a nice day.  *
        *                                                           *
        *************************************************************


