
Running Job 1 of 1 G-wat_4_needed_optimized.inp
qchem G-wat_4_needed_optimized.inp_2483733.0 /scratch/qchemscratch/qchem2483733/ 1
/opt/qchem/6.1/exe/qcprog.exe_s G-wat_4_needed_optimized.inp_2483733.0 /scratch/qchemscratch/qchem2483733/
                  Welcome to Q-Chem
     A Quantum Leap Into The Future Of Chemistry


 Q-Chem 6.1, Q-Chem, Inc., Pleasanton, CA (2023)

 License issued to: SRG Pengyu Ren, University of Texas at Austin

 E. Epifanovsky,  A. T. B. Gilbert,  Xintian Feng,  Joonho Lee,  Yuezhi Mao,  
 N. Mardirossian,  P. Pokhilko,  A. White,  M. Wormit,  M. P. Coons,  
 A. L. Dempwolff,  Zhengting Gan,  D. Hait,  P. R. Horn,  L. D. Jacobson,  
 I. Kaliman,  J. Kussmann,  A. W. Lange,  Ka Un Lao,  D. S. Levine,  Jie Liu,  
 S. C. McKenzie,  A. F. Morrison,  K. D. Nanda,  F. Plasser,  D. R. Rehn,  
 M. L. Vidal,  Zhi-Qiang You,  Ying Zhu,  B. Alam,  B. Albrecht,  
 A. Aldossary,  E. Alguire,  J. H. Andersen,  V. Athavale,  D. Barton,  
 K. Begam,  A. Behn,  N. Bellonzi,  Y. A. Bernard,  E. J. Berquist,  
 H. Burton,  A. Carreras,  K. Carter-Fenk,  Mathew Chow,  Romit Chakraborty,  
 Chandrima Chakravarty,  Junhan Chen,  A. D. Chien,  K. D. Closser,  
 V. Cofer-Shabica,  L. Cunha,  S. Dasgupta,  Jia Deng,  M. de Wergifosse,  
 M. Diedenhofen,  Hainam Do,  S. Ehlert,  Po-Tung Fang,  S. Fatehi,  
 Qingguo Feng,  T. Friedhoff,  Thomas Froitzheim,  B. Ganoe,  J. Gayvert,  
 Qinghui Ge,  G. Gidofalvi,  M. Gimferrer,  M. Goldey,  Montgomery Gray,  
 J. Gomes,  C. Gonzalez-Espinoza,  S. Gulania,  A. Gunina,  J. A. Gyamfi,  
 M. W. D. Hanson-Heine,  P. H. P. Harbach,  A. W. Hauser,  M. F. Herbst,  
 M. Hernandez Vera,  M. Hodecker,  Z. C. Holden,  S. Houck,  Xunkun Huang,  
 Kerwin Hui,  B. C. Huynh,  K. Ikeda,  M. Ivanov,  Hyunjun Ji,  Zuxin Jin,  
 Hanjie Jiang,  Subrata Jana,  B. Kaduk,  S. Kaehler,  R. Kang,  
 K. Khistyaev,  Jaehoon Kim,  Yongbin Kim,  P. Klunzinger,  Z. Koczor-Benda,  
 Joong Hoon Koh,  D. Kosenkov,  Saikiran Kotaru,  L. Koulias,  T. Kowalczyk,  
 C. M. Krauter,  K. Kue,  A. Kunitsa,  T. Kus,  A. Landau,  K. V. Lawler,  
 D. Lefrancois,  S. Lehtola,  Rain Li,  Shaozhi Li,  Yi-Pei Li,  
 Jiashu Liang,  M. Liebenthal,  Hung-Hsuan Lin,  You-Sheng Lin,  Fenglai Liu,  
 Kuan-Yu Liu,  Xiao Liu,  M. Loipersberger,  A. Luenser,  C. Malbon,  
 A. Manjanath,  P. Manohar,  E. Mansoor,  S. F. Manzer,  Shan-Ping Mao,  
 A. V. Marenich,  T. Markovich,  S. Mason,  F. Matz,  S. A. Maurer,  
 P. F. McLaughlin,  M. F. S. J. Menger,  J.-M. Mewes,  S. A. Mewes,  
 P. Morgante,  Mohammad Mostafanejad,  J. W. Mullinax,  K. J. Oosterbaan,  
 G. Paran,  V. Parravicini,  Alexander C. Paul,  Suranjan K. Paul,  
 F. Pavosevic,  Zheng Pei,  S. Prager,  E. I. Proynov,  E. Ramos,  B. Rana,  
 A. E. Rask,  A. Rettig,  R. M. Richard,  F. Rob,  E. Rossomme,  T. Scheele,  
 M. Scheurer,  M. Schneider,  P. E. Schneider,  Tim K. Schramm,  N. Sergueev,  
 S. M. Sharada,  M. Sharma,  Hengyuan Shen,  W. Skomorowski,  D. W. Small,  
 C. J. Stein,  Alistair J. Sterling,  Yingli Su,  Yu-Chuan Su,  
 E. J. Sundstrom,  J. Talbot,  Zhen Tao,  J. Thirman,  Hung-Yi Tsai,  
 T. Tsuchimochi,  N. M. Tubman,  C. Utku,  S. P. Veccham,  O. Vydrov,  
 J. Wenzel,  Jonathan Wong,  J. Witte,  A. Yamada,  Chou-Hsun Yang,  Kun Yao,  
 S. Yeganeh,  S. R. Yost,  A. Zech,  F. Zeller,  Igor Ying Zhang,  
 Xing Zhang,  Yu Zhang,  D. Zuev,  A. Aspuru-Guzik,  A. T. Bell,  
 N. A. Besley,  K. B. Bravaya,  B. R. Brooks,  D. Casanova,  Jeng-Da Chai,  
 Hsing-Ta Chen,  S. Coriani,  C. J. Cramer,  A. E. DePrince, III,  
 R. A. DiStasio Jr.,  A. Dreuw,  B. D. Dunietz,  T. R. Furlani,  
 W. A. Goddard III,  S. Grimme,  S. Hammes-Schiffer,  T. Head-Gordon,  
 W. J. Hehre,  Chao-Ping Hsu,  T.-C. Jagau,  Yousung Jung,  A. Klamt,  
 Jing Kong,  D. S. Lambrecht,  Xiangyuan Li,  WanZhen Liang,  N. J. Mayhall,  
 C. W. McCurdy,  J. B. Neaton,  T. Neudecker,  C. Ochsenfeld,  
 J. A. Parkhill,  R. Peverati,  V. A. Rassolov,  Haisheng Ren,  Yihan Shao,  
 L. V. Slipchenko,  R. P. Steele,  J. E. Subotnik,  A. J. W. Thom,  
 A. Tkatchenko,  D. G. Truhlar,  T. Van Voorhis,  Fan Wang,  
 T. A. Wesolowski,  K. B. Whaley,  H. L. Woodcock III,  P. M. Zimmerman,  
 S. Faraji,  P. M. W. Gill,  M. Head-Gordon,  J. M. Herbert,  A. I. Krylov

 Contributors to earlier versions of Q-Chem not listed above: 
 R. D. Adamson,  B. Austin,  R. Baer,  J. Baker,  G. J. O. Beran,  
 K. Brandhorst,  S. T. Brown,  E. F. C. Byrd,  Arup K. Chakraborty,  
 G. K. L. Chan,  Chun-Min Chang,  Yunqing Chen,  C.-L. Cheng,  
 Siu Hung Chien,  D. M. Chipman,  D. L. Crittenden,  H. Dachsel,  
 R. J. Doerksen,  A. D. Dutoi,  R. G. Edgar,  J. Fosso-Tande,  
 L. Fusti-Molnar,  D. Ghosh,  A. Ghysels,  A. Golubeva-Zadorozhnaya,  
 J. Gonthier,  M. S. Gordon,  S. R. Gwaltney,  G. Hawkins,  J. E. Herr,  
 A. Heyden,  S. Hirata,  E. G. Hohenstein,  G. Kedziora,  F. J. Keil,  
 C. Kelley,  Jihan Kim,  R. A. King,  R. Z. Khaliullin,  P. P. Korambath,  
 W. Kurlancheek,  A. Laurent,  A. M. Lee,  M. S. Lee,  S. V. Levchenko,  
 Ching Yeh Lin,  D. Liotard,  E. Livshits,  R. C. Lochan,  I. Lotan,  
 L. A. Martinez-Martinez,  P. E. Maslen,  N. Nair,  D. P. O'Neill,  
 D. Neuhauser,  E. Neuscamman,  C. M. Oana,  R. Olivares-Amaya,  R. Olson,  
 T. M. Perrine,  B. Peters,  P. A. Pieniazek,  A. Prociuk,  Y. M. Rhee,  
 J. Ritchie,  M. A. Rohrdanz,  E. Rosta,  N. J. Russ,  H. F. Schaefer III,  
 M. W. Schmidt,  N. E. Schultz,  S. Sharma,  N. Shenvi,  C. D. Sherrill,  
 A. C. Simmonett,  A. Sodt,  T. Stein,  D. Stuck,  K. S. Thanthiriwatte,  
 V. Vanovschi,  L. Vogt,  Tao Wang,  A. Warshel,  M. A. Watson,  
 C. F. Williams,  Q. Wu,  X. Xu,  Jun Yang,  W. Zhang,  Yan Zhao

   Please cite Q-Chem as follows:
  "Software for the frontiers of quantum chemistry:
   An overview of developments in the Q-Chem 5 package"
   J. Chem. Phys. 155, 084801 (2021)
   https://doi.org/10.1063/5.0055522 (open access)

 Q-Chem 6.1.1 for Intel X86 EM64T Linux

 Parts of Q-Chem use Armadillo 9.900.5 (Nocturnal Misbehaviour).
 http://arma.sourceforge.net/

 Q-Chem begins on Fri Mar 29 15:07:01 2024  

 Host: 
0

     Scratch files written to /scratch/qchemscratch/qchem2483733//
 Jan1824 |scratch|qcdevops|jenkins|workspace|build_RNUM UKVU   
 Processing $rem in /opt/qchem/6.1/config/preferences:
 Processing $rem in /home/mm227274/.qchemrc:

 Q-Chem warning in module libgen/rem_setup.C, line 3361:

 Neither GIA nor STOLL is specified by user. Use STOLL as the default


 Checking the input file for inconsistencies... 	...done.

--------------------------------------------------------------
User input:
--------------------------------------------------------------
$molecule
0 1
--
0 1
N 1.63335 -1.12327 -0.03993
H 2.5985 -0.77999 -0.05402
C 1.13519 -2.40064 -0.03329
H 1.78392 -3.2669 -0.04417
N -0.19102 -2.44582 -0.01281
C -0.56184 -1.12072 -0.00974
C -1.87569 -0.5308 0.0247
O -2.98967 -1.03682 0.06593
N -1.74634 0.89839 0.01527
C -0.58713 1.6265 -0.02179
N -0.72702 3.00354 0.04493
N 0.60817 1.0862 -0.04401
C 0.55385 -0.28546 -0.02031
H -2.63551 1.3822 0.11841
H -1.4943 3.38575 -0.49841
H 0.14852 3.47524 -0.15709
--
0 1
O 3.50713 0.97661 -0.0081
H 3.81614 1.23629 0.87404
H 2.61672 1.38265 -0.08293
$end
$rem
JOBTYPE          eda
EDA2             2
METHOD           b97m-v
BASIS            aug-cc-pvtz
SCF_CONVERGENCE  8
THRESH           14
SYMMETRY         false
DISP_FREE_X      revPBE
DISP_FREE_C      PBE
EDA_BSSE         true
$end
--------------------------------------------------------------
 ----------------------------------------------------------------
             Standard Nuclear Orientation (Angstroms)
    I     Atom           X                Y                Z
 ----------------------------------------------------------------
    1      N       1.6333468976    -1.1232771073    -0.0399283241
    2      H       2.5984981050    -0.7800004917    -0.0540180694
    3      C       1.1351824328    -2.4006453610    -0.0332873583
    4      H       1.7839094144    -3.2669076373    -0.0441660931
    5      N      -0.1910277377    -2.4458207093    -0.0128081335
    6      C      -0.5618431122    -1.1207194113    -0.0097396844
    7      C      -1.8756910734    -0.5307947889     0.0246989146
    8      O      -2.9896728660    -1.0368108577     0.0659287303
    9      N      -1.7463360767     0.8983947500     0.0152675693
   10      C      -0.5871235112     1.6265006649    -0.0217924398
   11      N      -0.7270087437     3.0035412200     0.0449261004
   12      N       0.6081746158     1.0861964687    -0.0440111616
   13      C       0.5538498112    -0.2854633180    -0.0203098273
   14      H      -2.6355044510     1.3822079579     0.1184065369
   15      H      -1.4942870729     3.3857533575    -0.4984147554
   16      H       0.1485330285     3.4752379610    -0.1570938285
   17      O       3.5071342109     0.9765963811    -0.0080992592
   18      H       3.8161445720     1.2362761817     0.8740406729
   19      H       2.6167256751     1.3826394158    -0.0829302149
 ----------------------------------------------------------------
 Molecular Point Group                 C1    NOp =  1
 Largest Abelian Subgroup              C1    NOp =  1
 Nuclear Repulsion Energy =         702.33454329 hartrees
 There are       44 alpha and       44 beta electrons
 Requested basis set is aug-cc-pVTZ
 There are 231 shells and 713 basis functions

 Total QAlloc Memory Limit  16000 MB
 Mega-Array Size       188 MB
 MEM_STATIC part       192 MB

 A cutoff of  1.0D-14 yielded  24919 shell pairs
 There are    235849 function pairs (    323590 Cartesian)
 Smallest overlap matrix eigenvalue = 1.52E-06

 Scale SEOQF with 1.000000e-01/1.000000e-01/1.000000e-01

 Standard Electronic Orientation quadrupole field applied
 Nucleus-field energy     =     0.0000000277 hartrees

 -----------------------------------------------------------------------
  General SCF calculation program by
  Eric Jon Sundstrom, Paul Horn, Yuezhi Mao, Dmitri Zuev, Alec White,
  David Stuck, Shaama M.S., Shane Yost, Joonho Lee, David Small,
  Daniel Levine, Susi Lehtola, Hugh Burton, Evgeny Epifanovsky,
  Bang C. Huynh
 -----------------------------------------------------------------------
================================================================
                 ALMO-EDA with the EDA2 driver                  
================================================================
 The second-generation ALMO-EDA (for DFT):                      
 P. R. Horn, Y. Mao and M. Head-Gordon, PCCP, 18, 23067 (2016)  
 Y. Mao et al. Annu. Rev. Phys. Chem. 72, 641 (2021)            
 Decomposition of the frozen energy:                            
 P. R. Horn, Y. Mao and M. Head-Gordon, JCP, 144, 114107 (2016) 
================================================================
 Using eda2 option set 2
 Option set summary: Frozen orbital wavefunction, initial wavefunction decomposition, and traditional AO-based POL.
--------------------------------
Printing EDA Options
--------------------------------
eda_child_super_basis      0
fragmo_guess_mode          0
child_mp                   0
child_mp_orders            0
cls_elec                   1
cls_disp                   0
scfmi_mode                 1
scfmi_occs                 0
scfmi_virts                0
frz_relax                  0
frz_relax_method           0
dc_pen_start               0
dc_pen_conv                0
dc_pen_increment           0
dc_pen_steps               0
dc_pen_thresh_factor       0
dc_pen_pre_newton_thresh   0
frz_ortho_decomp           1
frz_ortho_decomp_conv      6
plot_mo_ortho_frz          0
frgm_method                2
scfmi_freeze_ss            0
separate_rehyb             0
plot_diff_den              0
eda_nocv                   0
eda_vct_relax              1
disp_free_x                33
disp_free_c                25
eda_bsse                   1
eda_pct_a                  0
eda_covp                   0
eda_vct_a                  0
--------------------------------
 Attempting to make child job directory: /scratch/qchemscratch/qchem2483733//Frg1/
 Attempting to make child job directory: /scratch/qchemscratch/qchem2483733//Frg2/
 Creating input file /scratch/qchemscratch/qchem2483733/Frg1.input
 using default PutDataFrgm: nothing
 calling putenv with: QCSCRATCH=/scratch/qchemscratch/qchem2483733/ 
 Spawning Job For Fragment 0
 Done Job For Fragment 0
 calling putenv with: QCSCRATCH=/scratch/qchemscratch 
 calling putenv with: QCTHREADS=1 
 Creating input file /scratch/qchemscratch/qchem2483733/Frg2.input
 using default PutDataFrgm: nothing
 calling putenv with: QCSCRATCH=/scratch/qchemscratch/qchem2483733/ 
 Spawning Job For Fragment 1
 Done Job For Fragment 1
 calling putenv with: QCSCRATCH=/scratch/qchemscratch 
 calling putenv with: QCTHREADS=1 
Doing General SCFMI
 Exchange:  B97M-V      Correlation:  B97M-V
 Using SG-2 standard quadrature grid
 Nonlocal Correlation:  VV10 with C = 0.0100 and b = 6.00 and scale = 1.00000
 Grid used for NLC:  SG-1 standard quadrature
performing fock build before subrot guess so that all methods have access
Printing subrot_rss_gen Method Specification:
Occupied Subspace Method is 0
Virtual Subspace Method is 0
Energy of the unrelaxed supersystem initial determinant -619.136027945374
write pseudocanon occs and virts to disk
write pseudocanon orbital energies to disk
Tolerance of ortho_decomp_scf: 1.00e-06
GDM subspace size: 20
Beginning the Orthogonal Decomposition of the Initial Supersystem Wavefunction
    1    -619.0591200555      1.08e-01     ortho_decomp Preconditoned Steepest Descent
    2    -619.0699937728      3.35e-04     ortho_decomp BFGS Step
    3    -619.0699943770      5.57e-06     ortho_decomp BFGS Step
    4    -619.0699943771      3.07e-08     ortho_decomp 00000 Convergence criterion met
 Exchange:  revPBE      Correlation:  PBE
 Using SG-2 standard quadrature grid
 Exchange:  revPBE      Correlation:  PBE
 Using SG-2 standard quadrature grid
 Exchange:  revPBE      Correlation:  PBE
 Using SG-2 standard quadrature grid
Doing General SCFMI
 Exchange:  B97M-V      Correlation:  B97M-V
 Using SG-2 standard quadrature grid
 Nonlocal Correlation:  VV10 with C = 0.0100 and b = 6.00 and scale = 1.00000
 Grid used for NLC:  SG-1 standard quadrature
performing fock build at end of subrot_r(subrot) constructor so that all methods have access
<S^2> of initial wavefunction before polarization iterations 0.0000000000
Beginning iterations for the determination of the polarized wavefunction
Energy prior to optimization (guess energy) = -619.136027945374
Begin Timing: Total SCF Calculation
begin iterations for algorithm: DIIS         
the SCF tolerance is set to 1.00e-08
    1    -619.1360279454      1.16e-04     00000 
    2    -619.1413696392      5.41e-05     00000 
    3    -619.1410836003      7.01e-05     00000 
    4    -619.1419537696      1.47e-05     00000 
    5    -619.1419778496      1.10e-05     00000 
    6    -619.1419982227      4.16e-06     00000 
    7    -619.1420015158      2.44e-06     00000 
    8    -619.1420028152      7.26e-07     00000 
    9    -619.1420029961      5.96e-07     00000 
   10    -619.1420030723      2.22e-07     00000 
   11    -619.1420030805      1.27e-07     00000 
   12    -619.1420030831      5.74e-08     00000 
   13    -619.1420030837      2.95e-08     00000 
   14    -619.1420030838      1.81e-08     00000 
   15    -619.1420030838      1.12e-08     00000 
   16    -619.1420030838      4.67e-09     00000 Convergence criterion met
write pseudocanon occs and virts to disk
write pseudocanon orbital energies to disk
Timing for Total SCF: 3809.00s (wall), 3797.31s (cpu)
<S^2> of polarized wavefunction after polarization iterations 0.0000000000
relaxing scfmi constraint to allow all rotations in the entire AO span
Doing General SCFMI
 Exchange:  B97M-V      Correlation:  B97M-V
 Using SG-2 standard quadrature grid
 Nonlocal Correlation:  VV10 with C = 0.0100 and b = 6.00 and scale = 1.00000
 Grid used for NLC:  SG-1 standard quadrature
performing fock build at end of subrot_r(subrot) constructor so that all methods have access
<S^2> of polarized wavefunction before ct-allowed iterations 0.0000000000
Beginning iterations for the determination of the CT-Allowed wavefunction
Energy prior to optimization (guess energy) = -619.142003083809
Begin Timing: Total SCF Calculation
begin iterations for algorithm: DIIS         
the SCF tolerance is set to 1.00e-08
    1    -619.1420030838      1.43e-04     00000 
    2    -619.1485663854      1.79e-05     00000 
    3    -619.1484545481      2.91e-05     00000 
    4    -619.1486332096      4.64e-06     00000 
    5    -619.1486362193      2.97e-06     00000 
    6    -619.1486379302      9.36e-07     00000 
    7    -619.1486380807      4.06e-07     00000 
    8    -619.1486381144      1.02e-07     00000 
    9    -619.1486381162      4.71e-08     00000 
   10    -619.1486381167      1.71e-08     00000 
   11    -619.1486381167      4.22e-09     00000 Convergence criterion met
write pseudocanon occs and virts to disk
write pseudocanon orbital energies to disk
Timing for Total SCF: 2512.00s (wall), 2505.62s (cpu)
<S^2> of ct_allowed wavefunction after ct-allowed iterations 0.0000000000
 Attempting to make child job directory: /scratch/qchemscratch/qchem2483733//FrgBSSE1/
 Attempting to make child job directory: /scratch/qchemscratch/qchem2483733//FrgBSSE2/
 Creating input file /scratch/qchemscratch/qchem2483733/FrgBSSE1.input
 calling putenv with: QCSCRATCH=/scratch/qchemscratch/qchem2483733/ 
 Spawning Job For Fragment 0
 Done Job For Fragment 0
 calling putenv with: QCSCRATCH=/scratch/qchemscratch 
 calling putenv with: QCTHREADS=1 
 Creating input file /scratch/qchemscratch/qchem2483733/FrgBSSE2.input
 calling putenv with: QCSCRATCH=/scratch/qchemscratch/qchem2483733/ 
 Spawning Job For Fragment 1
 Done Job For Fragment 1
 calling putenv with: QCSCRATCH=/scratch/qchemscratch 
 calling putenv with: QCTHREADS=1 
====================================================================
   Evaluating the BSSE with fragment SCF in the supersystem basis
   Fragment contributions (kJ/mol) 
   Frgm 1: 0.2253
   Frgm 2: 0.2047
   BSSE (kJ/mol) = 0.4300
====================================================================

================================
        Results of EDA2         
================================
Basic EDA Quantities
--------------------
Fragment Energies (Ha):
1 -542.6998312027
2  -76.4328480990
--------------------
  E_prp (kJ/mol) = 0.0000
  E_frz (kJ/mol) = -8.7920
  E_pol (kJ/mol) = -15.6879
  E_vct (kJ/mol) = -16.9905 (CP-corrected)
  E_int (kJ/mol) = -41.4704 (CP-corrected)
--------------------


Decomposition of frozen interaction energy
--------------------
  --------------------
  Orthogonal Frozen Decomposition:
  --------------------
     E_elec   (ELEC)   (kJ/mol) = -125.9677
     E_pauli  (PAULI)  (kJ/mol) = 134.6953
     E_disp   (DISP)   (kJ/mol) = -17.5195
  --------------------
  Classical Frozen Decomposition:
  --------------------
     E_cls_elec  (CLS ELEC)  (kJ/mol) = -73.4337
     E_mod_pauli (MOD PAULI) (kJ/mol) = 82.1613 (FRZ - CLS ELEC - DISP)
     E_disp      (DISP)      (kJ/mol) = -17.5195
  --------------------
--------------------

Simplified EDA Summary (kJ/mol)
--------------------
 PREPARATION      0.0000
 FROZEN           -8.7920 (ELEC + PAULI + DISP)
[ELEC + PAULI = 8.7276, DISP = -17.5195]
 POLARIZATION    -15.6879
 CHARGE TRANSFER -16.9905     (counterpoise-corrected)
 TOTAL           -41.4704     (PRP + FRZ + POL + CT)
--------------------
 
 --------------------------------------------------------------
 
                    Orbital Energies (a.u.)
 --------------------------------------------------------------
 
 Alpha MOs
 -- Occupied --
-19.1699 -19.1242 -14.4034 -14.3972 -14.3892 -14.3566 -14.3305 -10.3257
-10.2932 -10.2612 -10.2461 -10.2061  -1.0427  -1.0187  -1.0124  -0.9996
 -0.9121  -0.9056  -0.8675  -0.7475  -0.6552  -0.6436  -0.6031  -0.5765
 -0.5285  -0.5230  -0.5081  -0.4960  -0.4678  -0.4550  -0.4393  -0.4086
 -0.4041  -0.3966  -0.3791  -0.3700  -0.3216  -0.3029  -0.2957  -0.2773
 -0.2695  -0.2561  -0.2401  -0.2032
 -- Virtual --
 -0.0471  -0.0414  -0.0395  -0.0249  -0.0062   0.0003   0.0049   0.0111
  0.0150   0.0217   0.0351   0.0397   0.0456   0.0499   0.0586   0.0603
  0.0644   0.0705   0.0734   0.0753   0.0785   0.0841   0.0872   0.0953
  0.0982   0.1003   0.1087   0.1120   0.1141   0.1188   0.1205   0.1250
  0.1295   0.1379   0.1387   0.1421   0.1450   0.1516   0.1560   0.1602
  0.1654   0.1675   0.1727   0.1751   0.1760   0.1823   0.1893   0.1939
  0.1946   0.1991   0.2008   0.2095   0.2127   0.2135   0.2201   0.2237
  0.2248   0.2294   0.2327   0.2394   0.2416   0.2429   0.2455   0.2523
  0.2535   0.2586   0.2620   0.2699   0.2746   0.2795   0.2865   0.2881
  0.2933   0.2997   0.3006   0.3074   0.3121   0.3152   0.3200   0.3251
  0.3269   0.3341   0.3350   0.3390   0.3432   0.3498   0.3554   0.3612
  0.3669   0.3705   0.3790   0.3838   0.3896   0.3938   0.3964   0.3999
  0.4067   0.4091   0.4112   0.4131   0.4225   0.4277   0.4317   0.4332
  0.4383   0.4407   0.4505   0.4515   0.4650   0.4687   0.4790   0.4859
  0.4982   0.5017   0.5072   0.5098   0.5180   0.5240   0.5311   0.5331
  0.5385   0.5437   0.5507   0.5548   0.5565   0.5720   0.5771   0.5855
  0.5886   0.5982   0.6018   0.6073   0.6127   0.6189   0.6220   0.6267
  0.6313   0.6439   0.6462   0.6514   0.6569   0.6610   0.6689   0.6776
  0.6864   0.6931   0.6936   0.7015   0.7088   0.7144   0.7207   0.7267
  0.7292   0.7306   0.7432   0.7477   0.7538   0.7589   0.7685   0.7741
  0.7819   0.7887   0.7891   0.7941   0.8017   0.8107   0.8119   0.8256
  0.8330   0.8394   0.8406   0.8506   0.8583   0.8634   0.8652   0.8700
  0.8790   0.8848   0.8897   0.8910   0.8984   0.9057   0.9069   0.9114
  0.9230   0.9290   0.9342   0.9373   0.9459   0.9507   0.9564   0.9621
  0.9643   0.9733   0.9817   0.9863   0.9894   0.9931   0.9990   1.0072
  1.0141   1.0190   1.0270   1.0331   1.0361   1.0516   1.0549   1.0646
  1.0668   1.0778   1.0815   1.0823   1.0907   1.0985   1.1118   1.1177
  1.1234   1.1322   1.1344   1.1500   1.1529   1.1565   1.1737   1.1779
  1.1826   1.1898   1.1972   1.2049   1.2137   1.2190   1.2261   1.2294
  1.2362   1.2448   1.2457   1.2493   1.2578   1.2633   1.2680   1.2793
  1.2841   1.2943   1.3012   1.3060   1.3177   1.3289   1.3349   1.3403
  1.3464   1.3508   1.3566   1.3684   1.3817   1.3847   1.3907   1.3982
  1.4018   1.4132   1.4266   1.4312   1.4370   1.4492   1.4581   1.4609
  1.4685   1.4721   1.4776   1.4813   1.5011   1.5047   1.5120   1.5211
  1.5288   1.5365   1.5523   1.5594   1.5691   1.5748   1.5802   1.5930
  1.6050   1.6112   1.6220   1.6329   1.6459   1.6527   1.6544   1.6763
  1.6844   1.6965   1.7008   1.7174   1.7276   1.7353   1.7433   1.7537
  1.7738   1.7810   1.7843   1.7992   1.8258   1.8287   1.8379   1.8536
  1.8582   1.8837   1.8926   1.8961   1.9030   1.9063   1.9195   1.9281
  1.9342   1.9481   1.9586   1.9609   1.9620   2.0001   2.0078   2.0180
  2.0287   2.0343   2.0503   2.0621   2.0746   2.0844   2.0929   2.1058
  2.1114   2.1267   2.1288   2.1405   2.1479   2.1555   2.1646   2.1689
  2.1822   2.1871   2.1958   2.2090   2.2244   2.2298   2.2383   2.2438
  2.2523   2.2722   2.2769   2.2794   2.2836   2.3011   2.3071   2.3191
  2.3244   2.3435   2.3543   2.3622   2.3812   2.3847   2.3950   2.4089
  2.4167   2.4256   2.4355   2.4431   2.4692   2.4774   2.4905   2.4933
  2.5017   2.5118   2.5247   2.5341   2.5422   2.5503   2.5575   2.5665
  2.5847   2.5884   2.6085   2.6230   2.6275   2.6331   2.6516   2.6720
  2.6816   2.6909   2.7118   2.7255   2.7358   2.7563   2.7799   2.7817
  2.8047   2.8164   2.8231   2.8322   2.8624   2.8824   2.8921   2.8996
  2.9155   2.9296   2.9545   2.9746   2.9921   3.0022   3.0404   3.0624
  3.0783   3.0928   3.1101   3.1371   3.1733   3.1891   3.1992   3.2113
  3.2333   3.2780   3.2790   3.2908   3.3110   3.3271   3.3610   3.3878
  3.4116   3.4316   3.4447   3.4521   3.4565   3.4736   3.4749   3.4991
  3.5165   3.5311   3.5373   3.5401   3.5609   3.5759   3.5895   3.5998
  3.6146   3.6220   3.6478   3.6603   3.6634   3.6735   3.6810   3.6929
  3.7336   3.7397   3.7484   3.7632   3.7834   3.8073   3.8254   3.8269
  3.8466   3.8497   3.8649   3.8724   3.8855   3.9054   3.9182   3.9331
  3.9461   3.9651   3.9778   3.9864   3.9966   4.0066   4.0140   4.0178
  4.0369   4.0523   4.0616   4.0683   4.0904   4.0953   4.1077   4.1257
  4.1308   4.1496   4.1672   4.1753   4.1901   4.1972   4.2021   4.2157
  4.2293   4.2417   4.2543   4.2727   4.2957   4.3035   4.3077   4.3252
  4.3359   4.3516   4.3618   4.3673   4.3742   4.3920   4.4166   4.4250
  4.4325   4.4544   4.4643   4.4719   4.4805   4.4914   4.5247   4.5375
  4.5620   4.5805   4.5873   4.6044   4.6270   4.6411   4.6476   4.6655
  4.6870   4.7145   4.7179   4.7394   4.7432   4.7699   4.7871   4.8190
  4.8228   4.8746   4.8792   4.9026   4.9075   4.9323   4.9657   4.9770
  4.9868   4.9963   5.0087   5.0266   5.0426   5.0657   5.0746   5.0774
  5.0996   5.1205   5.1261   5.1406   5.1667   5.1851   5.2205   5.2358
  5.2540   5.2835   5.2985   5.3059   5.3231   5.3401   5.3438   5.3698
  5.3812   5.3946   5.4033   5.4218   5.4498   5.4549   5.4741   5.4857
  5.4937   5.5132   5.5232   5.5495   5.5724   5.5759   5.5809   5.5866
  5.5950   5.6206   5.6435   5.6650   5.6966   5.7129   5.7257   5.7377
  5.7487   5.7610   5.7764   5.8010   5.8057   5.8070   5.8358   5.8771
  5.8809   5.9238   5.9448   5.9652   5.9714   5.9902   6.0073   6.0472
  6.0893   6.1040   6.1351   6.1543   6.1821   6.2407   6.2763   6.3338
  6.3695   6.3943   6.4280   6.4469   6.4909   6.5025   6.5175   6.5371
  6.5571   6.5841   6.6085   6.6281   6.6868   6.7058   6.7309   6.7782
  6.8111   6.8247   6.8748   6.8763   6.8875   6.9646   7.0026   7.0381
  7.0558   7.0886   7.0985   7.1225   7.1336   7.1446   7.1690   7.1730
  7.2149   7.2531   7.2962   7.3139   7.4431   7.4463   7.4774   7.5975
  7.6240   7.6761   7.6864   7.7513   7.7672   7.7962   7.8056   7.9460
  8.7010  15.6964  15.9086  16.0314  16.3088  16.8052  17.4304  18.0983
 18.7506  18.9829  19.6274  20.5539  20.9574
 --------------------------------------------------------------
 
          Ground-State Mulliken Net Atomic Charges

     Atom                 Charge (a.u.)
  ----------------------------------------
      1 N                     0.111596
      2 H                     0.212070
      3 C                    -1.105066
      4 H                     0.779677
      5 N                    -0.536279
      6 C                     1.342787
      7 C                    -0.233341
      8 O                    -0.645602
      9 N                     0.435961
     10 C                    -0.274253
     11 N                    -0.310194
     12 N                    -0.071647
     13 C                    -0.018036
     14 H                     0.056926
     15 H                     0.145722
     16 H                     0.149441
     17 O                    -0.555306
     18 H                     0.209062
     19 H                     0.306483
  ----------------------------------------
  Sum of atomic charges =     0.000000

 -----------------------------------------------------------------
                    Cartesian Multipole Moments
 -----------------------------------------------------------------
    Charge (ESU x 10^10)
                -0.0000
    Dipole Moment (Debye)
         X       3.1521      Y       6.0227      Z       0.2140
       Tot       6.8010
    Quadrupole Moments (Debye-Ang)
        XX     -74.1903     XY     -16.4050     YY     -62.3842
        XZ       6.5680     YZ      -1.7034     ZZ     -69.4630
    Octopole Moments (Debye-Ang^2)
       XXX      36.2758    XXY      28.0435    XYY      18.4321
       YYY      66.3548    XXZ      20.2803    XYZ      11.4190
       YYZ     -12.0065    XZZ       5.5670    YZZ       4.6811
       ZZZ       1.4004
    Hexadecapole Moments (Debye-Ang^3)
      XXXX   -1452.4981   XXXY    -108.1107   XXYY    -378.2334
      XYYY     -81.2623   YYYY   -1080.8214   XXXZ      97.0933
      XXYZ      25.9263   XYYZ      25.7300   YYYZ     -47.3148
      XXZZ    -218.0152   XYZZ      11.5671   YYZZ    -223.5958
      XZZZ       8.4082   YZZZ      -0.7234   ZZZZ     -73.2487
 -----------------------------------------------------------------
 Total job time:  16912.13s(wall), 10907.94s(cpu) 
 Fri Mar 29 19:48:54 2024

        *************************************************************
        *                                                           *
        *  Thank you very much for using Q-Chem.  Have a nice day.  *
        *                                                           *
        *************************************************************


