
Running Job 1 of 1 G-wat_10_0.9.inp
qchem G-wat_10_0.9.inp_3939971.0 /scratch/qchemscratch/qchem3939971/ 1
/opt/qchem/6.1/exe/qcprog.exe_s G-wat_10_0.9.inp_3939971.0 /scratch/qchemscratch/qchem3939971/
                  Welcome to Q-Chem
     A Quantum Leap Into The Future Of Chemistry


 Q-Chem 6.1, Q-Chem, Inc., Pleasanton, CA (2023)

 License issued to: SRG Pengyu Ren, University of Texas at Austin

 E. Epifanovsky,  A. T. B. Gilbert,  Xintian Feng,  Joonho Lee,  Yuezhi Mao,  
 N. Mardirossian,  P. Pokhilko,  A. White,  M. Wormit,  M. P. Coons,  
 A. L. Dempwolff,  Zhengting Gan,  D. Hait,  P. R. Horn,  L. D. Jacobson,  
 I. Kaliman,  J. Kussmann,  A. W. Lange,  Ka Un Lao,  D. S. Levine,  Jie Liu,  
 S. C. McKenzie,  A. F. Morrison,  K. D. Nanda,  F. Plasser,  D. R. Rehn,  
 M. L. Vidal,  Zhi-Qiang You,  Ying Zhu,  B. Alam,  B. Albrecht,  
 A. Aldossary,  E. Alguire,  J. H. Andersen,  V. Athavale,  D. Barton,  
 K. Begam,  A. Behn,  N. Bellonzi,  Y. A. Bernard,  E. J. Berquist,  
 H. Burton,  A. Carreras,  K. Carter-Fenk,  Mathew Chow,  Romit Chakraborty,  
 Chandrima Chakravarty,  Junhan Chen,  A. D. Chien,  K. D. Closser,  
 V. Cofer-Shabica,  L. Cunha,  S. Dasgupta,  Jia Deng,  M. de Wergifosse,  
 M. Diedenhofen,  Hainam Do,  S. Ehlert,  Po-Tung Fang,  S. Fatehi,  
 Qingguo Feng,  T. Friedhoff,  Thomas Froitzheim,  B. Ganoe,  J. Gayvert,  
 Qinghui Ge,  G. Gidofalvi,  M. Gimferrer,  M. Goldey,  Montgomery Gray,  
 J. Gomes,  C. Gonzalez-Espinoza,  S. Gulania,  A. Gunina,  J. A. Gyamfi,  
 M. W. D. Hanson-Heine,  P. H. P. Harbach,  A. W. Hauser,  M. F. Herbst,  
 M. Hernandez Vera,  M. Hodecker,  Z. C. Holden,  S. Houck,  Xunkun Huang,  
 Kerwin Hui,  B. C. Huynh,  K. Ikeda,  M. Ivanov,  Hyunjun Ji,  Zuxin Jin,  
 Hanjie Jiang,  Subrata Jana,  B. Kaduk,  S. Kaehler,  R. Kang,  
 K. Khistyaev,  Jaehoon Kim,  Yongbin Kim,  P. Klunzinger,  Z. Koczor-Benda,  
 Joong Hoon Koh,  D. Kosenkov,  Saikiran Kotaru,  L. Koulias,  T. Kowalczyk,  
 C. M. Krauter,  K. Kue,  A. Kunitsa,  T. Kus,  A. Landau,  K. V. Lawler,  
 D. Lefrancois,  S. Lehtola,  Rain Li,  Shaozhi Li,  Yi-Pei Li,  
 Jiashu Liang,  M. Liebenthal,  Hung-Hsuan Lin,  You-Sheng Lin,  Fenglai Liu,  
 Kuan-Yu Liu,  Xiao Liu,  M. Loipersberger,  A. Luenser,  C. Malbon,  
 A. Manjanath,  P. Manohar,  E. Mansoor,  S. F. Manzer,  Shan-Ping Mao,  
 A. V. Marenich,  T. Markovich,  S. Mason,  F. Matz,  S. A. Maurer,  
 P. F. McLaughlin,  M. F. S. J. Menger,  J.-M. Mewes,  S. A. Mewes,  
 P. Morgante,  Mohammad Mostafanejad,  J. W. Mullinax,  K. J. Oosterbaan,  
 G. Paran,  V. Parravicini,  Alexander C. Paul,  Suranjan K. Paul,  
 F. Pavosevic,  Zheng Pei,  S. Prager,  E. I. Proynov,  E. Ramos,  B. Rana,  
 A. E. Rask,  A. Rettig,  R. M. Richard,  F. Rob,  E. Rossomme,  T. Scheele,  
 M. Scheurer,  M. Schneider,  P. E. Schneider,  Tim K. Schramm,  N. Sergueev,  
 S. M. Sharada,  M. Sharma,  Hengyuan Shen,  W. Skomorowski,  D. W. Small,  
 C. J. Stein,  Alistair J. Sterling,  Yingli Su,  Yu-Chuan Su,  
 E. J. Sundstrom,  J. Talbot,  Zhen Tao,  J. Thirman,  Hung-Yi Tsai,  
 T. Tsuchimochi,  N. M. Tubman,  C. Utku,  S. P. Veccham,  O. Vydrov,  
 J. Wenzel,  Jonathan Wong,  J. Witte,  A. Yamada,  Chou-Hsun Yang,  Kun Yao,  
 S. Yeganeh,  S. R. Yost,  A. Zech,  F. Zeller,  Igor Ying Zhang,  
 Xing Zhang,  Yu Zhang,  D. Zuev,  A. Aspuru-Guzik,  A. T. Bell,  
 N. A. Besley,  K. B. Bravaya,  B. R. Brooks,  D. Casanova,  Jeng-Da Chai,  
 Hsing-Ta Chen,  S. Coriani,  C. J. Cramer,  A. E. DePrince, III,  
 R. A. DiStasio Jr.,  A. Dreuw,  B. D. Dunietz,  T. R. Furlani,  
 W. A. Goddard III,  S. Grimme,  S. Hammes-Schiffer,  T. Head-Gordon,  
 W. J. Hehre,  Chao-Ping Hsu,  T.-C. Jagau,  Yousung Jung,  A. Klamt,  
 Jing Kong,  D. S. Lambrecht,  Xiangyuan Li,  WanZhen Liang,  N. J. Mayhall,  
 C. W. McCurdy,  J. B. Neaton,  T. Neudecker,  C. Ochsenfeld,  
 J. A. Parkhill,  R. Peverati,  V. A. Rassolov,  Haisheng Ren,  Yihan Shao,  
 L. V. Slipchenko,  R. P. Steele,  J. E. Subotnik,  A. J. W. Thom,  
 A. Tkatchenko,  D. G. Truhlar,  T. Van Voorhis,  Fan Wang,  
 T. A. Wesolowski,  K. B. Whaley,  H. L. Woodcock III,  P. M. Zimmerman,  
 S. Faraji,  P. M. W. Gill,  M. Head-Gordon,  J. M. Herbert,  A. I. Krylov

 Contributors to earlier versions of Q-Chem not listed above: 
 R. D. Adamson,  B. Austin,  R. Baer,  J. Baker,  G. J. O. Beran,  
 K. Brandhorst,  S. T. Brown,  E. F. C. Byrd,  Arup K. Chakraborty,  
 G. K. L. Chan,  Chun-Min Chang,  Yunqing Chen,  C.-L. Cheng,  
 Siu Hung Chien,  D. M. Chipman,  D. L. Crittenden,  H. Dachsel,  
 R. J. Doerksen,  A. D. Dutoi,  R. G. Edgar,  J. Fosso-Tande,  
 L. Fusti-Molnar,  D. Ghosh,  A. Ghysels,  A. Golubeva-Zadorozhnaya,  
 J. Gonthier,  M. S. Gordon,  S. R. Gwaltney,  G. Hawkins,  J. E. Herr,  
 A. Heyden,  S. Hirata,  E. G. Hohenstein,  G. Kedziora,  F. J. Keil,  
 C. Kelley,  Jihan Kim,  R. A. King,  R. Z. Khaliullin,  P. P. Korambath,  
 W. Kurlancheek,  A. Laurent,  A. M. Lee,  M. S. Lee,  S. V. Levchenko,  
 Ching Yeh Lin,  D. Liotard,  E. Livshits,  R. C. Lochan,  I. Lotan,  
 L. A. Martinez-Martinez,  P. E. Maslen,  N. Nair,  D. P. O'Neill,  
 D. Neuhauser,  E. Neuscamman,  C. M. Oana,  R. Olivares-Amaya,  R. Olson,  
 T. M. Perrine,  B. Peters,  P. A. Pieniazek,  A. Prociuk,  Y. M. Rhee,  
 J. Ritchie,  M. A. Rohrdanz,  E. Rosta,  N. J. Russ,  H. F. Schaefer III,  
 M. W. Schmidt,  N. E. Schultz,  S. Sharma,  N. Shenvi,  C. D. Sherrill,  
 A. C. Simmonett,  A. Sodt,  T. Stein,  D. Stuck,  K. S. Thanthiriwatte,  
 V. Vanovschi,  L. Vogt,  Tao Wang,  A. Warshel,  M. A. Watson,  
 C. F. Williams,  Q. Wu,  X. Xu,  Jun Yang,  W. Zhang,  Yan Zhao

   Please cite Q-Chem as follows:
  "Software for the frontiers of quantum chemistry:
   An overview of developments in the Q-Chem 5 package"
   J. Chem. Phys. 155, 084801 (2021)
   https://doi.org/10.1063/5.0055522 (open access)

 Q-Chem 6.1.1 for Intel X86 EM64T Linux

 Parts of Q-Chem use Armadillo 9.900.5 (Nocturnal Misbehaviour).
 http://arma.sourceforge.net/

 Q-Chem begins on Sun Mar 10 19:50:10 2024  

 Host: 
0

     Scratch files written to /scratch/qchemscratch/qchem3939971//
 Jan1824 |scratch|qcdevops|jenkins|workspace|build_RNUM UKVU   
 Processing $rem in /opt/qchem/6.1/config/preferences:
 Processing $rem in /home/mm227274/.qchemrc:

 Q-Chem warning in module libgen/rem_setup.C, line 3361:

 Neither GIA nor STOLL is specified by user. Use STOLL as the default


 Checking the input file for inconsistencies... 	...done.

--------------------------------------------------------------
User input:
--------------------------------------------------------------
$molecule
0 1
--
0 1
N -0.03833 2.39519 -0.00199
H 0.45077 3.28326 0.00186
C -1.39524 2.18879 -0.01692
H -2.10321 3.00709 -0.0235
N -1.71481 0.90376 -0.02243
C -0.49969 0.25482 -0.00818
C -0.20611 -1.15484 -0.02685
O -0.9509 -2.13246 -0.05918
N 1.2039 -1.34173 -0.01779
C 2.16556 -0.36069 0.0155
N 3.47664 -0.79549 -0.04963
N 1.90051 0.9236 0.03231
C 0.55833 1.1618 -0.00097
H 1.48524 -2.3148 -0.11699
H 3.6966 -1.61504 0.50662
H 4.1256 -0.03273 0.11538
--
0 1
O -3.453091125 -1.1281551875 0.06908791666666667
H -3.049391125 -0.24420518750000003 0.03557791666666667
H -2.666181125 -1.6954851875 0.019657916666666664
$end

$rem
JOBTYPE          eda
EDA2             2
METHOD           b97m-v
BASIS            aug-cc-pvtz
SCF_CONVERGENCE  8
THRESH           14
SYMMETRY         false
DISP_FREE_X      revPBE
DISP_FREE_C      PBE
EDA_BSSE         true
$end
--------------------------------------------------------------
 ----------------------------------------------------------------
             Standard Nuclear Orientation (Angstroms)
    I     Atom           X                Y                Z
 ----------------------------------------------------------------
    1      N       0.2477059834    -2.3674768361    -0.0032138505
    2      H      -0.1800193318    -3.2866859729    -0.0004615779
    3      C       1.5875003524    -2.0694826194    -0.0165969937
    4      H       2.3493630096    -2.8378602589    -0.0229846436
    5      N       1.8191561792    -0.7657286859    -0.0209218818
    6      C       0.5627949787    -0.2007337443    -0.0075035957
    7      C       0.1742713910     1.1857737782    -0.0255427985
    8      O       0.8510501344     2.2116945931    -0.0564499399
    9      N      -1.2451776285     1.2765650369    -0.0178237335
   10      C      -2.1380954871     0.2325179602     0.0138158096
   11      N      -3.4755884489     0.5774141696    -0.0523877044
   12      N      -1.7865400593    -1.0308427011     0.0300485988
   13      C      -0.4312595624    -1.1774098674    -0.0019949854
   14      H      -1.5917890291     2.2283780516    -0.1166699907
   15      H      -3.7511956301     1.3797449209     0.5041773985
   16      H      -4.0714668303    -0.2277374513     0.1114415395
   17      O       3.4154847204     1.3793700005     0.0737509343
   18      H       3.0727201120     0.4700926691     0.0392347008
   19      H       2.5919466438     1.8920413652     0.0238800004
 ----------------------------------------------------------------
 Molecular Point Group                 C1    NOp =  1
 Largest Abelian Subgroup              C1    NOp =  1
 Nuclear Repulsion Energy =         707.89892625 hartrees
 There are       44 alpha and       44 beta electrons
 Requested basis set is aug-cc-pVTZ
 There are 231 shells and 713 basis functions

 Total QAlloc Memory Limit  16000 MB
 Mega-Array Size       188 MB
 MEM_STATIC part       192 MB

 A cutoff of  1.0D-14 yielded  24842 shell pairs
 There are    235144 function pairs (    322709 Cartesian)
 Smallest overlap matrix eigenvalue = 1.27E-06

 Scale SEOQF with 1.000000e-01/1.000000e-01/1.000000e-01

 Standard Electronic Orientation quadrupole field applied
 Nucleus-field energy     =     0.0000000258 hartrees

 -----------------------------------------------------------------------
  General SCF calculation program by
  Eric Jon Sundstrom, Paul Horn, Yuezhi Mao, Dmitri Zuev, Alec White,
  David Stuck, Shaama M.S., Shane Yost, Joonho Lee, David Small,
  Daniel Levine, Susi Lehtola, Hugh Burton, Evgeny Epifanovsky,
  Bang C. Huynh
 -----------------------------------------------------------------------
================================================================
                 ALMO-EDA with the EDA2 driver                  
================================================================
 The second-generation ALMO-EDA (for DFT):                      
 P. R. Horn, Y. Mao and M. Head-Gordon, PCCP, 18, 23067 (2016)  
 Y. Mao et al. Annu. Rev. Phys. Chem. 72, 641 (2021)            
 Decomposition of the frozen energy:                            
 P. R. Horn, Y. Mao and M. Head-Gordon, JCP, 144, 114107 (2016) 
================================================================
 Using eda2 option set 2
 Option set summary: Frozen orbital wavefunction, initial wavefunction decomposition, and traditional AO-based POL.
--------------------------------
Printing EDA Options
--------------------------------
eda_child_super_basis      0
fragmo_guess_mode          0
child_mp                   0
child_mp_orders            0
cls_elec                   1
cls_disp                   0
scfmi_mode                 1
scfmi_occs                 0
scfmi_virts                0
frz_relax                  0
frz_relax_method           0
dc_pen_start               0
dc_pen_conv                0
dc_pen_increment           0
dc_pen_steps               0
dc_pen_thresh_factor       0
dc_pen_pre_newton_thresh   0
frz_ortho_decomp           1
frz_ortho_decomp_conv      6
plot_mo_ortho_frz          0
frgm_method                2
scfmi_freeze_ss            0
separate_rehyb             0
plot_diff_den              0
eda_nocv                   0
eda_vct_relax              1
disp_free_x                33
disp_free_c                25
eda_bsse                   1
eda_pct_a                  0
eda_covp                   0
eda_vct_a                  0
--------------------------------
 Attempting to make child job directory: /scratch/qchemscratch/qchem3939971//Frg1/
 Attempting to make child job directory: /scratch/qchemscratch/qchem3939971//Frg2/
 Creating input file /scratch/qchemscratch/qchem3939971/Frg1.input
 using default PutDataFrgm: nothing
 calling putenv with: QCSCRATCH=/scratch/qchemscratch/qchem3939971/ 
 Spawning Job For Fragment 0
 Done Job For Fragment 0
 calling putenv with: QCSCRATCH=/scratch/qchemscratch 
 calling putenv with: QCTHREADS=1 
 Creating input file /scratch/qchemscratch/qchem3939971/Frg2.input
 using default PutDataFrgm: nothing
 calling putenv with: QCSCRATCH=/scratch/qchemscratch/qchem3939971/ 
 Spawning Job For Fragment 1
 Done Job For Fragment 1
 calling putenv with: QCSCRATCH=/scratch/qchemscratch 
 calling putenv with: QCTHREADS=1 
Doing General SCFMI
 Exchange:  B97M-V      Correlation:  B97M-V
 Using SG-2 standard quadrature grid
 Nonlocal Correlation:  VV10 with C = 0.0100 and b = 6.00 and scale = 1.00000
 Grid used for NLC:  SG-1 standard quadrature
performing fock build before subrot guess so that all methods have access
Printing subrot_rss_gen Method Specification:
Occupied Subspace Method is 0
Virtual Subspace Method is 0
Energy of the unrelaxed supersystem initial determinant -619.121822912362
write pseudocanon occs and virts to disk
write pseudocanon orbital energies to disk
Tolerance of ortho_decomp_scf: 1.00e-06
GDM subspace size: 20
Beginning the Orthogonal Decomposition of the Initial Supersystem Wavefunction
    1    -618.9981027572      1.49e-01     ortho_decomp Preconditoned Steepest Descent
    2    -619.0164949263      3.18e-04     ortho_decomp BFGS Step
    3    -619.0164953700      5.18e-06     ortho_decomp BFGS Step
    4    -619.0164953702      6.76e-08     ortho_decomp 00000 Convergence criterion met
 Exchange:  revPBE      Correlation:  PBE
 Using SG-2 standard quadrature grid
 Exchange:  revPBE      Correlation:  PBE
 Using SG-2 standard quadrature grid
 Exchange:  revPBE      Correlation:  PBE
 Using SG-2 standard quadrature grid
Doing General SCFMI
 Exchange:  B97M-V      Correlation:  B97M-V
 Using SG-2 standard quadrature grid
 Nonlocal Correlation:  VV10 with C = 0.0100 and b = 6.00 and scale = 1.00000
 Grid used for NLC:  SG-1 standard quadrature
performing fock build at end of subrot_r(subrot) constructor so that all methods have access
<S^2> of initial wavefunction before polarization iterations 0.0000000000
Beginning iterations for the determination of the polarized wavefunction
Energy prior to optimization (guess energy) = -619.121822912362
Begin Timing: Total SCF Calculation
begin iterations for algorithm: DIIS         
the SCF tolerance is set to 1.00e-08
    1    -619.1218229124      1.56e-04     00000 
    2    -619.1279948917      1.19e-04     00000 
    3    -619.1272126036      1.40e-04     00000 
    4    -619.1307426051      2.41e-05     00000 
    5    -619.1308127865      1.44e-05     00000 
    6    -619.1308512912      5.20e-06     00000 
    7    -619.1308570789      3.59e-06     00000 
    8    -619.1308601022      1.12e-06     00000 
    9    -619.1308605359      1.07e-06     00000 
   10    -619.1308607848      4.12e-07     00000 
   11    -619.1308608267      1.40e-07     00000 
   12    -619.1308608317      9.19e-08     00000 
   13    -619.1308608339      5.08e-08     00000 
   14    -619.1308608346      2.25e-08     00000 
   15    -619.1308608347      1.70e-08     00000 
   16    -619.1308608347      1.11e-08     00000 
   17    -619.1308608347      6.12e-09     00000 Convergence criterion met
write pseudocanon occs and virts to disk
write pseudocanon orbital energies to disk
Timing for Total SCF: 6471.00s (wall), 6410.14s (cpu)
<S^2> of polarized wavefunction after polarization iterations 0.0000000000
relaxing scfmi constraint to allow all rotations in the entire AO span
Doing General SCFMI
 Exchange:  B97M-V      Correlation:  B97M-V
 Using SG-2 standard quadrature grid
 Nonlocal Correlation:  VV10 with C = 0.0100 and b = 6.00 and scale = 1.00000
 Grid used for NLC:  SG-1 standard quadrature
performing fock build at end of subrot_r(subrot) constructor so that all methods have access
<S^2> of polarized wavefunction before ct-allowed iterations 0.0000000000
Beginning iterations for the determination of the CT-Allowed wavefunction
Energy prior to optimization (guess energy) = -619.130860834728
Begin Timing: Total SCF Calculation
begin iterations for algorithm: DIIS         
the SCF tolerance is set to 1.00e-08
    1    -619.1308608347      2.03e-04     00000 
    2    -619.1412872420      2.01e-05     00000 
    3    -619.1411516453      3.28e-05     00000 
    4    -619.1413476780      1.02e-05     00000 
    5    -619.1413695170      3.96e-06     00000 
    6    -619.1413729512      1.46e-06     00000 
    7    -619.1413733760      5.05e-07     00000 
    8    -619.1413734327      1.82e-07     00000 
    9    -619.1413734393      5.10e-08     00000 
   10    -619.1413734397      2.59e-08     00000 
   11    -619.1413734398      3.75e-09     00000 Convergence criterion met
write pseudocanon occs and virts to disk
write pseudocanon orbital energies to disk
Timing for Total SCF: 3739.00s (wall), 3717.08s (cpu)
<S^2> of ct_allowed wavefunction after ct-allowed iterations 0.0000000000
 Attempting to make child job directory: /scratch/qchemscratch/qchem3939971//FrgBSSE1/
 Attempting to make child job directory: /scratch/qchemscratch/qchem3939971//FrgBSSE2/
 Creating input file /scratch/qchemscratch/qchem3939971/FrgBSSE1.input
 calling putenv with: QCSCRATCH=/scratch/qchemscratch/qchem3939971/ 
 Spawning Job For Fragment 0
 Done Job For Fragment 0
 calling putenv with: QCSCRATCH=/scratch/qchemscratch 
 calling putenv with: QCTHREADS=1 
 Creating input file /scratch/qchemscratch/qchem3939971/FrgBSSE2.input
 calling putenv with: QCSCRATCH=/scratch/qchemscratch/qchem3939971/ 
 Spawning Job For Fragment 1
 Done Job For Fragment 1
 calling putenv with: QCSCRATCH=/scratch/qchemscratch 
 calling putenv with: QCTHREADS=1 
====================================================================
   Evaluating the BSSE with fragment SCF in the supersystem basis
   Fragment contributions (kJ/mol) 
   Frgm 1: 0.5015
   Frgm 2: 0.2532
   BSSE (kJ/mol) = 0.7547
====================================================================

================================
        Results of EDA2         
================================
Basic EDA Quantities
--------------------
Fragment Energies (Ha):
1 -542.7008071450
2  -76.4329455022
--------------------
  E_prp (kJ/mol) = 0.0000
  E_frz (kJ/mol) = 31.3219
  E_pol (kJ/mol) = -23.7293
  E_vct (kJ/mol) = -26.8465 (CP-corrected)
  E_int (kJ/mol) = -19.2539 (CP-corrected)
--------------------


Decomposition of frozen interaction energy
--------------------
  --------------------
  Orthogonal Frozen Decomposition:
  --------------------
     E_elec   (ELEC)   (kJ/mol) = -202.7363
     E_pauli  (PAULI)  (kJ/mol) = 255.4672
     E_disp   (DISP)   (kJ/mol) = -21.4091
  --------------------
  Classical Frozen Decomposition:
  --------------------
     E_cls_elec  (CLS ELEC)  (kJ/mol) = -109.6320
     E_mod_pauli (MOD PAULI) (kJ/mol) = 162.3629 (FRZ - CLS ELEC - DISP)
     E_disp      (DISP)      (kJ/mol) = -21.4091
  --------------------
--------------------

Simplified EDA Summary (kJ/mol)
--------------------
 PREPARATION      0.0000
 FROZEN           31.3219 (ELEC + PAULI + DISP)
[ELEC + PAULI = 52.7309, DISP = -21.4091]
 POLARIZATION    -23.7293
 CHARGE TRANSFER -26.8465     (counterpoise-corrected)
 TOTAL           -19.2539     (PRP + FRZ + POL + CT)
--------------------
 
 --------------------------------------------------------------
 
                    Orbital Energies (a.u.)
 --------------------------------------------------------------
 
 Alpha MOs
 -- Occupied --
-19.1416 -19.0615 -14.4243 -14.4166 -14.3946 -14.3615 -14.3532 -10.3341
-10.3110 -10.2795 -10.2686 -10.2247  -1.0593  -1.0358  -1.0133  -0.9224
 -0.9196  -0.9156  -0.8895  -0.7652  -0.6738  -0.6567  -0.6273  -0.5902
 -0.5449  -0.5339  -0.5072  -0.4849  -0.4695  -0.4562  -0.4337  -0.4285
 -0.4230  -0.4007  -0.3841  -0.3314  -0.3150  -0.2971  -0.2913  -0.2897
 -0.2691  -0.2407  -0.2193  -0.1992
 -- Virtual --
 -0.0596  -0.0556  -0.0436  -0.0281  -0.0151  -0.0078   0.0031   0.0073
  0.0102   0.0215   0.0338   0.0368   0.0468   0.0501   0.0544   0.0589
  0.0614   0.0662   0.0705   0.0754   0.0785   0.0819   0.0856   0.0878
  0.0931   0.1032   0.1060   0.1115   0.1149   0.1230   0.1245   0.1272
  0.1314   0.1334   0.1426   0.1452   0.1480   0.1516   0.1540   0.1566
  0.1572   0.1639   0.1726   0.1729   0.1814   0.1837   0.1870   0.1906
  0.1948   0.1997   0.2041   0.2079   0.2114   0.2128   0.2195   0.2259
  0.2295   0.2330   0.2351   0.2397   0.2442   0.2469   0.2491   0.2537
  0.2603   0.2639   0.2644   0.2723   0.2764   0.2833   0.2870   0.2918
  0.2977   0.3045   0.3077   0.3103   0.3139   0.3190   0.3237   0.3291
  0.3339   0.3356   0.3388   0.3447   0.3496   0.3598   0.3638   0.3650
  0.3731   0.3746   0.3764   0.3811   0.3879   0.3919   0.4003   0.4024
  0.4127   0.4152   0.4171   0.4246   0.4251   0.4263   0.4272   0.4319
  0.4345   0.4448   0.4476   0.4599   0.4611   0.4656   0.4760   0.4836
  0.4955   0.5025   0.5072   0.5082   0.5184   0.5312   0.5337   0.5366
  0.5422   0.5473   0.5523   0.5605   0.5654   0.5719   0.5813   0.5850
  0.5900   0.5970   0.6047   0.6080   0.6109   0.6216   0.6273   0.6336
  0.6389   0.6423   0.6467   0.6567   0.6612   0.6645   0.6714   0.6737
  0.6752   0.6912   0.6979   0.7033   0.7091   0.7165   0.7225   0.7282
  0.7312   0.7433   0.7526   0.7585   0.7607   0.7642   0.7690   0.7775
  0.7788   0.7887   0.7909   0.8024   0.8088   0.8112   0.8206   0.8288
  0.8340   0.8458   0.8483   0.8554   0.8581   0.8675   0.8688   0.8762
  0.8893   0.8949   0.8980   0.9069   0.9114   0.9130   0.9207   0.9220
  0.9291   0.9383   0.9396   0.9434   0.9485   0.9567   0.9622   0.9663
  0.9728   0.9850   0.9883   0.9926   0.9964   0.9998   1.0063   1.0149
  1.0182   1.0207   1.0255   1.0321   1.0457   1.0555   1.0696   1.0767
  1.0823   1.0890   1.0940   1.1061   1.1089   1.1171   1.1253   1.1355
  1.1443   1.1460   1.1535   1.1618   1.1736   1.1762   1.1801   1.1934
  1.2067   1.2113   1.2134   1.2210   1.2250   1.2312   1.2370   1.2452
  1.2472   1.2587   1.2632   1.2688   1.2751   1.2816   1.2854   1.2950
  1.2986   1.3074   1.3115   1.3162   1.3189   1.3257   1.3320   1.3408
  1.3414   1.3536   1.3607   1.3722   1.3841   1.3865   1.3960   1.4022
  1.4085   1.4213   1.4244   1.4292   1.4430   1.4491   1.4540   1.4607
  1.4723   1.4815   1.4957   1.4999   1.5108   1.5136   1.5176   1.5301
  1.5324   1.5386   1.5534   1.5595   1.5668   1.5805   1.5894   1.5972
  1.6080   1.6145   1.6212   1.6305   1.6371   1.6457   1.6546   1.6663
  1.6732   1.6853   1.7082   1.7160   1.7342   1.7360   1.7407   1.7645
  1.7707   1.7837   1.7895   1.8082   1.8133   1.8384   1.8550   1.8622
  1.8749   1.8893   1.8925   1.8997   1.9031   1.9174   1.9213   1.9290
  1.9458   1.9470   1.9657   1.9826   1.9902   1.9993   2.0097   2.0185
  2.0326   2.0362   2.0522   2.0708   2.0811   2.1018   2.1146   2.1196
  2.1238   2.1405   2.1445   2.1556   2.1587   2.1645   2.1683   2.1756
  2.1887   2.2070   2.2085   2.2240   2.2310   2.2333   2.2364   2.2576
  2.2704   2.2764   2.2840   2.2893   2.3080   2.3198   2.3253   2.3419
  2.3543   2.3645   2.3761   2.3806   2.3882   2.4023   2.4097   2.4304
  2.4394   2.4501   2.4569   2.4761   2.4803   2.4952   2.5063   2.5119
  2.5166   2.5303   2.5414   2.5542   2.5693   2.5815   2.5905   2.6024
  2.6167   2.6283   2.6316   2.6419   2.6512   2.6669   2.6984   2.7102
  2.7183   2.7551   2.7693   2.7790   2.7929   2.8046   2.8161   2.8344
  2.8529   2.8621   2.8891   2.8940   2.9203   2.9318   2.9512   2.9584
  2.9830   2.9888   3.0093   3.0104   3.0336   3.0375   3.0747   3.1014
  3.1059   3.1267   3.1520   3.1759   3.1902   3.2201   3.2248   3.2398
  3.2468   3.2632   3.2732   3.2814   3.3291   3.3359   3.3579   3.3629
  3.3705   3.4133   3.4327   3.4349   3.4535   3.4593   3.4738   3.4895
  3.4962   3.5066   3.5101   3.5227   3.5431   3.5569   3.5847   3.5948
  3.6285   3.6362   3.6406   3.6454   3.6686   3.6855   3.7021   3.7180
  3.7423   3.7549   3.7657   3.7777   3.7992   3.8061   3.8142   3.8265
  3.8509   3.8610   3.8759   3.8871   3.9046   3.9222   3.9354   3.9467
  3.9600   3.9662   3.9857   3.9984   4.0118   4.0290   4.0312   4.0338
  4.0526   4.0584   4.0734   4.0763   4.0909   4.1023   4.1036   4.1127
  4.1269   4.1317   4.1459   4.1580   4.1734   4.1931   4.2112   4.2198
  4.2293   4.2445   4.2584   4.2887   4.2967   4.3042   4.3101   4.3242
  4.3266   4.3341   4.3445   4.3668   4.3772   4.3907   4.4107   4.4202
  4.4277   4.4319   4.4380   4.4700   4.4782   4.4921   4.5229   4.5391
  4.5589   4.5817   4.5951   4.6088   4.6136   4.6332   4.6483   4.6763
  4.7018   4.7215   4.7364   4.7631   4.7802   4.7973   4.8213   4.8485
  4.8602   4.8770   4.8874   4.9012   4.9469   4.9606   4.9773   4.9897
  5.0016   5.0158   5.0214   5.0300   5.0539   5.0722   5.0916   5.1002
  5.1047   5.1575   5.1655   5.1885   5.2061   5.2209   5.2270   5.2538
  5.2645   5.2969   5.3107   5.3201   5.3332   5.3349   5.3458   5.3572
  5.3668   5.3815   5.4025   5.4159   5.4250   5.4404   5.4526   5.4652
  5.4732   5.4829   5.5055   5.5306   5.5470   5.5702   5.5811   5.5956
  5.6202   5.6312   5.6495   5.6858   5.6878   5.7048   5.7207   5.7282
  5.7496   5.7743   5.7799   5.8035   5.8210   5.8283   5.8721   5.8777
  5.9138   5.9246   5.9400   5.9607   5.9691   5.9809   6.0054   6.0746
  6.0825   6.0992   6.1634   6.1874   6.2303   6.2678   6.2949   6.3568
  6.3832   6.3965   6.4434   6.4937   6.5101   6.5169   6.5529   6.5802
  6.6415   6.6598   6.6961   6.7040   6.7320   6.7882   6.7945   6.8194
  6.8251   6.8280   6.8493   6.9366   6.9462   7.0044   7.0231   7.0433
  7.0748   7.1060   7.1283   7.1330   7.1768   7.1941   7.2023   7.2825
  7.2930   7.3156   7.3794   7.4449   7.4606   7.4683   7.5008   7.5846
  7.6214   7.6845   7.7399   7.8068   7.8700   7.9956   8.0904   8.2303
  8.9421  15.7349  15.9868  16.1262  16.6960  17.2467  17.4110  18.0554
 18.9397  19.2319  19.7990  20.4681  20.7457
 --------------------------------------------------------------
 
          Ground-State Mulliken Net Atomic Charges

     Atom                 Charge (a.u.)
  ----------------------------------------
      1 N                     0.107374
      2 H                     0.048073
      3 C                    -1.039783
      4 H                     0.824255
      5 N                    -0.408412
      6 C                     1.064568
      7 C                    -0.346028
      8 O                    -0.621312
      9 N                     0.445072
     10 C                    -0.274971
     11 N                    -0.322225
     12 N                    -0.087183
     13 C                     0.403111
     14 H                     0.044603
     15 H                     0.137295
     16 H                     0.161485
     17 O                    -0.683765
     18 H                     0.292282
     19 H                     0.255561
  ----------------------------------------
  Sum of atomic charges =     0.000000

 -----------------------------------------------------------------
                    Cartesian Multipole Moments
 -----------------------------------------------------------------
    Charge (ESU x 10^10)
                -0.0000
    Dipole Moment (Debye)
         X      -9.0957      Y      -4.8541      Z       0.7332
       Tot      10.3359
    Quadrupole Moments (Debye-Ang)
        XX     -77.8387     XY     -20.9758     YY     -58.5522
        XZ      -4.3436     YZ       1.0261     ZZ     -71.4861
    Octopole Moments (Debye-Ang^2)
       XXX    -139.5274    XXY     -24.4816    XYY     -15.9564
       YYY     -45.5413    XXZ      14.2585    XYZ      -5.4494
       YYZ       0.9659    XZZ      -1.1838    YZZ       3.7211
       ZZZ       0.4535
    Hexadecapole Moments (Debye-Ang^3)
      XXXX   -1682.5963   XXXY    -196.6176   XXYY    -416.9854
      XYYY     -80.0565   YYYY    -756.7089   XXXZ     -74.0135
      XXYZ      16.2535   XYYZ      -7.0730   YYYZ       2.2768
      XXZZ    -304.2026   XYZZ      -0.6083   YYZZ    -173.9238
      XZZZ      -3.5511   YZZZ       0.5872   ZZZZ     -73.9489
 -----------------------------------------------------------------
 Total job time:  27885.26s(wall), 17806.55s(cpu) 
 Mon Mar 11 03:34:56 2024

        *************************************************************
        *                                                           *
        *  Thank you very much for using Q-Chem.  Have a nice day.  *
        *                                                           *
        *************************************************************


