
Running Job 1 of 1 G-wat_1_0.9_jun.inp
qchem G-wat_1_0.9_jun.inp_1904625.0 /scratch/qchemscratch/qchem1904625/ 1
/opt/qchem/6.1/exe/qcprog.exe_s G-wat_1_0.9_jun.inp_1904625.0 /scratch/qchemscratch/qchem1904625/
                  Welcome to Q-Chem
     A Quantum Leap Into The Future Of Chemistry


 Q-Chem 6.1, Q-Chem, Inc., Pleasanton, CA (2023)

 License issued to: SRG Pengyu Ren, University of Texas at Austin

 E. Epifanovsky,  A. T. B. Gilbert,  Xintian Feng,  Joonho Lee,  Yuezhi Mao,  
 N. Mardirossian,  P. Pokhilko,  A. White,  M. Wormit,  M. P. Coons,  
 A. L. Dempwolff,  Zhengting Gan,  D. Hait,  P. R. Horn,  L. D. Jacobson,  
 I. Kaliman,  J. Kussmann,  A. W. Lange,  Ka Un Lao,  D. S. Levine,  Jie Liu,  
 S. C. McKenzie,  A. F. Morrison,  K. D. Nanda,  F. Plasser,  D. R. Rehn,  
 M. L. Vidal,  Zhi-Qiang You,  Ying Zhu,  B. Alam,  B. Albrecht,  
 A. Aldossary,  E. Alguire,  J. H. Andersen,  V. Athavale,  D. Barton,  
 K. Begam,  A. Behn,  N. Bellonzi,  Y. A. Bernard,  E. J. Berquist,  
 H. Burton,  A. Carreras,  K. Carter-Fenk,  Mathew Chow,  Romit Chakraborty,  
 Chandrima Chakravarty,  Junhan Chen,  A. D. Chien,  K. D. Closser,  
 V. Cofer-Shabica,  L. Cunha,  S. Dasgupta,  Jia Deng,  M. de Wergifosse,  
 M. Diedenhofen,  Hainam Do,  S. Ehlert,  Po-Tung Fang,  S. Fatehi,  
 Qingguo Feng,  T. Friedhoff,  Thomas Froitzheim,  B. Ganoe,  J. Gayvert,  
 Qinghui Ge,  G. Gidofalvi,  M. Gimferrer,  M. Goldey,  Montgomery Gray,  
 J. Gomes,  C. Gonzalez-Espinoza,  S. Gulania,  A. Gunina,  J. A. Gyamfi,  
 M. W. D. Hanson-Heine,  P. H. P. Harbach,  A. W. Hauser,  M. F. Herbst,  
 M. Hernandez Vera,  M. Hodecker,  Z. C. Holden,  S. Houck,  Xunkun Huang,  
 Kerwin Hui,  B. C. Huynh,  K. Ikeda,  M. Ivanov,  Hyunjun Ji,  Zuxin Jin,  
 Hanjie Jiang,  Subrata Jana,  B. Kaduk,  S. Kaehler,  R. Kang,  
 K. Khistyaev,  Jaehoon Kim,  Yongbin Kim,  P. Klunzinger,  Z. Koczor-Benda,  
 Joong Hoon Koh,  D. Kosenkov,  Saikiran Kotaru,  L. Koulias,  T. Kowalczyk,  
 C. M. Krauter,  K. Kue,  A. Kunitsa,  T. Kus,  A. Landau,  K. V. Lawler,  
 D. Lefrancois,  S. Lehtola,  Rain Li,  Shaozhi Li,  Yi-Pei Li,  
 Jiashu Liang,  M. Liebenthal,  Hung-Hsuan Lin,  You-Sheng Lin,  Fenglai Liu,  
 Kuan-Yu Liu,  Xiao Liu,  M. Loipersberger,  A. Luenser,  C. Malbon,  
 A. Manjanath,  P. Manohar,  E. Mansoor,  S. F. Manzer,  Shan-Ping Mao,  
 A. V. Marenich,  T. Markovich,  S. Mason,  F. Matz,  S. A. Maurer,  
 P. F. McLaughlin,  M. F. S. J. Menger,  J.-M. Mewes,  S. A. Mewes,  
 P. Morgante,  Mohammad Mostafanejad,  J. W. Mullinax,  K. J. Oosterbaan,  
 G. Paran,  V. Parravicini,  Alexander C. Paul,  Suranjan K. Paul,  
 F. Pavosevic,  Zheng Pei,  S. Prager,  E. I. Proynov,  E. Ramos,  B. Rana,  
 A. E. Rask,  A. Rettig,  R. M. Richard,  F. Rob,  E. Rossomme,  T. Scheele,  
 M. Scheurer,  M. Schneider,  P. E. Schneider,  Tim K. Schramm,  N. Sergueev,  
 S. M. Sharada,  M. Sharma,  Hengyuan Shen,  W. Skomorowski,  D. W. Small,  
 C. J. Stein,  Alistair J. Sterling,  Yingli Su,  Yu-Chuan Su,  
 E. J. Sundstrom,  J. Talbot,  Zhen Tao,  J. Thirman,  Hung-Yi Tsai,  
 T. Tsuchimochi,  N. M. Tubman,  C. Utku,  S. P. Veccham,  O. Vydrov,  
 J. Wenzel,  Jonathan Wong,  J. Witte,  A. Yamada,  Chou-Hsun Yang,  Kun Yao,  
 S. Yeganeh,  S. R. Yost,  A. Zech,  F. Zeller,  Igor Ying Zhang,  
 Xing Zhang,  Yu Zhang,  D. Zuev,  A. Aspuru-Guzik,  A. T. Bell,  
 N. A. Besley,  K. B. Bravaya,  B. R. Brooks,  D. Casanova,  Jeng-Da Chai,  
 Hsing-Ta Chen,  S. Coriani,  C. J. Cramer,  A. E. DePrince, III,  
 R. A. DiStasio Jr.,  A. Dreuw,  B. D. Dunietz,  T. R. Furlani,  
 W. A. Goddard III,  S. Grimme,  S. Hammes-Schiffer,  T. Head-Gordon,  
 W. J. Hehre,  Chao-Ping Hsu,  T.-C. Jagau,  Yousung Jung,  A. Klamt,  
 Jing Kong,  D. S. Lambrecht,  Xiangyuan Li,  WanZhen Liang,  N. J. Mayhall,  
 C. W. McCurdy,  J. B. Neaton,  T. Neudecker,  C. Ochsenfeld,  
 J. A. Parkhill,  R. Peverati,  V. A. Rassolov,  Haisheng Ren,  Yihan Shao,  
 L. V. Slipchenko,  R. P. Steele,  J. E. Subotnik,  A. J. W. Thom,  
 A. Tkatchenko,  D. G. Truhlar,  T. Van Voorhis,  Fan Wang,  
 T. A. Wesolowski,  K. B. Whaley,  H. L. Woodcock III,  P. M. Zimmerman,  
 S. Faraji,  P. M. W. Gill,  M. Head-Gordon,  J. M. Herbert,  A. I. Krylov

 Contributors to earlier versions of Q-Chem not listed above: 
 R. D. Adamson,  B. Austin,  R. Baer,  J. Baker,  G. J. O. Beran,  
 K. Brandhorst,  S. T. Brown,  E. F. C. Byrd,  Arup K. Chakraborty,  
 G. K. L. Chan,  Chun-Min Chang,  Yunqing Chen,  C.-L. Cheng,  
 Siu Hung Chien,  D. M. Chipman,  D. L. Crittenden,  H. Dachsel,  
 R. J. Doerksen,  A. D. Dutoi,  R. G. Edgar,  J. Fosso-Tande,  
 L. Fusti-Molnar,  D. Ghosh,  A. Ghysels,  A. Golubeva-Zadorozhnaya,  
 J. Gonthier,  M. S. Gordon,  S. R. Gwaltney,  G. Hawkins,  J. E. Herr,  
 A. Heyden,  S. Hirata,  E. G. Hohenstein,  G. Kedziora,  F. J. Keil,  
 C. Kelley,  Jihan Kim,  R. A. King,  R. Z. Khaliullin,  P. P. Korambath,  
 W. Kurlancheek,  A. Laurent,  A. M. Lee,  M. S. Lee,  S. V. Levchenko,  
 Ching Yeh Lin,  D. Liotard,  E. Livshits,  R. C. Lochan,  I. Lotan,  
 L. A. Martinez-Martinez,  P. E. Maslen,  N. Nair,  D. P. O'Neill,  
 D. Neuhauser,  E. Neuscamman,  C. M. Oana,  R. Olivares-Amaya,  R. Olson,  
 T. M. Perrine,  B. Peters,  P. A. Pieniazek,  A. Prociuk,  Y. M. Rhee,  
 J. Ritchie,  M. A. Rohrdanz,  E. Rosta,  N. J. Russ,  H. F. Schaefer III,  
 M. W. Schmidt,  N. E. Schultz,  S. Sharma,  N. Shenvi,  C. D. Sherrill,  
 A. C. Simmonett,  A. Sodt,  T. Stein,  D. Stuck,  K. S. Thanthiriwatte,  
 V. Vanovschi,  L. Vogt,  Tao Wang,  A. Warshel,  M. A. Watson,  
 C. F. Williams,  Q. Wu,  X. Xu,  Jun Yang,  W. Zhang,  Yan Zhao

   Please cite Q-Chem as follows:
  "Software for the frontiers of quantum chemistry:
   An overview of developments in the Q-Chem 5 package"
   J. Chem. Phys. 155, 084801 (2021)
   https://doi.org/10.1063/5.0055522 (open access)

 Q-Chem 6.1.1 for Intel X86 EM64T Linux

 Parts of Q-Chem use Armadillo 9.900.5 (Nocturnal Misbehaviour).
 http://arma.sourceforge.net/

 Q-Chem begins on Tue Apr 16 17:56:44 2024  

 Host: 
0

     Scratch files written to /scratch/qchemscratch/qchem1904625//
 Jan1824 |scratch|qcdevops|jenkins|workspace|build_RNUM UKVU   
 Processing $rem in /opt/qchem/6.1/config/preferences:
 Processing $rem in /home/mm227274/.qchemrc:

 Q-Chem warning in module libgen/rem_setup.C, line 3361:

 Neither GIA nor STOLL is specified by user. Use STOLL as the default


 Checking the input file for inconsistencies... 	...done.

--------------------------------------------------------------
User input:
--------------------------------------------------------------
$molecule
0 1
--
0 1
N 2.72863 0.55823 0.02983
H 3.35267 1.35647 0.04935
C 3.06791 -0.7746 0.0211
H 4.09972 -1.1015 0.03409
N 2.01521 -1.57607 -0.00389
C 0.94383 -0.70882 -0.01064
C -0.46536 -0.98452 -0.03263
O -1.05285 -2.07429 -0.05748
N -1.19839 0.22544 -0.0126
C -0.6732 1.49064 -0.01206
N -1.59127 2.52151 0.06097
N 0.61271 1.76143 -0.00339
C 1.35984 0.62257 0.01288
H -2.21883 0.08632 0.03141
H -2.45507 2.37697 -0.45087
H -1.1629 3.42038 -0.1321
--
0 1
O -3.2879111041666667 -0.915154 -0.046381187500000004
H -3.6696411041666672 -1.131274 0.8191088124999999
H -2.552641104166667 -1.561174 -0.1515811875
$end

$rem
JOBTYPE          eda
EDA2             2
METHOD           b97m-v
BASIS            jun-cc-pvdz
SCF_CONVERGENCE  8
THRESH           14
SYMMETRY         false
DISP_FREE_X      revPBE
DISP_FREE_C      PBE
EDA_BSSE         true
$end
--------------------------------------------------------------
 ----------------------------------------------------------------
             Standard Nuclear Orientation (Angstroms)
    I     Atom           X                Y                Z
 ----------------------------------------------------------------
    1      N       2.6418078256     0.7124274700     0.0228339561
    2      H       3.2121435468     1.5499631006     0.0384954436
    3      C       3.0678449707    -0.5952686260     0.0160360340
    4      H       4.1189288996    -0.8536856194     0.0264022384
    5      N       2.0699715350    -1.4641849098    -0.0036882934
    6      C       0.9439413758    -0.6691679523    -0.0089177563
    7      C      -0.4441654879    -1.0368484691    -0.0256771896
    8      O      -0.9589039849    -2.1628977226    -0.0461230687
    9      N      -1.2549977577     0.1224192944    -0.0060133629
   10      C      -0.8140194056     1.4193685887    -0.0100739738
   11      N      -1.7975670172     2.3879163626     0.0636021290
   12      N       0.4513551149     1.7740224989    -0.0062206767
   13      C       1.2717010609     0.6867172475     0.0102070028
   14      H      -2.2639586317    -0.0832882955     0.0416457435
   15      H      -2.6515987281     2.1857005917    -0.4450834870
   16      H      -1.4297466259     3.3124882800    -0.1329152699
   17      O      -3.2652089343    -1.1529834188    -0.0303696958
   18      H      -3.6292316066    -1.3915439145     0.8368528658
   19      H      -2.4894364876    -1.7495947578    -0.1364963863
 ----------------------------------------------------------------
 Molecular Point Group                 C1    NOp =  1
 Largest Abelian Subgroup              C1    NOp =  1
 Nuclear Repulsion Energy =         713.08851191 hartrees
 There are       44 alpha and       44 beta electrons
 Requested basis set is jun-cc-pVDZ
 There are 117 shells and 251 basis functions

 Total QAlloc Memory Limit  16000 MB
 Mega-Array Size       188 MB
 MEM_STATIC part       192 MB

 A cutoff of  1.0D-14 yielded   6542 shell pairs
 There are     29856 function pairs (     32726 Cartesian)
 Smallest overlap matrix eigenvalue = 9.40E-06

 Scale SEOQF with 1.000000e-01/1.000000e-01/1.000000e-01

 Standard Electronic Orientation quadrupole field applied
 Nucleus-field energy     =     0.0000000249 hartrees

 -----------------------------------------------------------------------
  General SCF calculation program by
  Eric Jon Sundstrom, Paul Horn, Yuezhi Mao, Dmitri Zuev, Alec White,
  David Stuck, Shaama M.S., Shane Yost, Joonho Lee, David Small,
  Daniel Levine, Susi Lehtola, Hugh Burton, Evgeny Epifanovsky,
  Bang C. Huynh
 -----------------------------------------------------------------------
================================================================
                 ALMO-EDA with the EDA2 driver                  
================================================================
 The second-generation ALMO-EDA (for DFT):                      
 P. R. Horn, Y. Mao and M. Head-Gordon, PCCP, 18, 23067 (2016)  
 Y. Mao et al. Annu. Rev. Phys. Chem. 72, 641 (2021)            
 Decomposition of the frozen energy:                            
 P. R. Horn, Y. Mao and M. Head-Gordon, JCP, 144, 114107 (2016) 
================================================================
 Using eda2 option set 2
 Option set summary: Frozen orbital wavefunction, initial wavefunction decomposition, and traditional AO-based POL.
--------------------------------
Printing EDA Options
--------------------------------
eda_child_super_basis      0
fragmo_guess_mode          0
child_mp                   0
child_mp_orders            0
cls_elec                   1
cls_disp                   0
scfmi_mode                 1
scfmi_occs                 0
scfmi_virts                0
frz_relax                  0
frz_relax_method           0
dc_pen_start               0
dc_pen_conv                0
dc_pen_increment           0
dc_pen_steps               0
dc_pen_thresh_factor       0
dc_pen_pre_newton_thresh   0
frz_ortho_decomp           1
frz_ortho_decomp_conv      6
plot_mo_ortho_frz          0
frgm_method                2
scfmi_freeze_ss            0
separate_rehyb             0
plot_diff_den              0
eda_nocv                   0
eda_vct_relax              1
disp_free_x                33
disp_free_c                25
eda_bsse                   1
eda_pct_a                  0
eda_covp                   0
eda_vct_a                  0
--------------------------------
 Attempting to make child job directory: /scratch/qchemscratch/qchem1904625//Frg1/
 Attempting to make child job directory: /scratch/qchemscratch/qchem1904625//Frg2/
 Creating input file /scratch/qchemscratch/qchem1904625/Frg1.input
 using default PutDataFrgm: nothing
 calling putenv with: QCSCRATCH=/scratch/qchemscratch/qchem1904625/ 
 Spawning Job For Fragment 0
 Done Job For Fragment 0
 calling putenv with: QCSCRATCH=/scratch/qchemscratch 
 calling putenv with: QCTHREADS=1 
 Creating input file /scratch/qchemscratch/qchem1904625/Frg2.input
 using default PutDataFrgm: nothing
 calling putenv with: QCSCRATCH=/scratch/qchemscratch/qchem1904625/ 
 Spawning Job For Fragment 1
 Done Job For Fragment 1
 calling putenv with: QCSCRATCH=/scratch/qchemscratch 
 calling putenv with: QCTHREADS=1 
Doing General SCFMI
 Exchange:  B97M-V      Correlation:  B97M-V
 Using SG-2 standard quadrature grid
 Nonlocal Correlation:  VV10 with C = 0.0100 and b = 6.00 and scale = 1.00000
 Grid used for NLC:  SG-1 standard quadrature
performing fock build before subrot guess so that all methods have access
Printing subrot_rss_gen Method Specification:
Occupied Subspace Method is 0
Virtual Subspace Method is 0
Energy of the unrelaxed supersystem initial determinant -618.943222996937
write pseudocanon occs and virts to disk
write pseudocanon orbital energies to disk
Tolerance of ortho_decomp_scf: 1.00e-06
GDM subspace size: 20
Beginning the Orthogonal Decomposition of the Initial Supersystem Wavefunction
    1    -618.7383005383      2.18e-01     ortho_decomp Preconditoned Steepest Descent
    2    -618.7796292393      8.46e-04     ortho_decomp BFGS Step
    3    -618.7796330439      2.27e-05     ortho_decomp BFGS Step
    4    -618.7796330451      1.53e-07     ortho_decomp 00000 Convergence criterion met
 Exchange:  revPBE      Correlation:  PBE
 Using SG-2 standard quadrature grid
 Exchange:  revPBE      Correlation:  PBE
 Using SG-2 standard quadrature grid
 Exchange:  revPBE      Correlation:  PBE
 Using SG-2 standard quadrature grid
Doing General SCFMI
 Exchange:  B97M-V      Correlation:  B97M-V
 Using SG-2 standard quadrature grid
 Nonlocal Correlation:  VV10 with C = 0.0100 and b = 6.00 and scale = 1.00000
 Grid used for NLC:  SG-1 standard quadrature
performing fock build at end of subrot_r(subrot) constructor so that all methods have access
<S^2> of initial wavefunction before polarization iterations 0.0000000000
Beginning iterations for the determination of the polarized wavefunction
Energy prior to optimization (guess energy) = -618.943222996937
Begin Timing: Total SCF Calculation
begin iterations for algorithm: DIIS         
the SCF tolerance is set to 1.00e-08
    1    -618.9432229969      6.37e-04     00000 
    2    -618.9584599644      2.88e-04     00000 
    3    -618.9558558872      4.64e-04     00000 
    4    -618.9606060826      7.66e-05     00000 
    5    -618.9606933994      4.71e-05     00000 
    6    -618.9607426276      1.92e-05     00000 
    7    -618.9607499488      1.17e-05     00000 
    8    -618.9607533997      3.64e-06     00000 
    9    -618.9607537162      1.78e-06     00000 
   10    -618.9607537910      6.79e-07     00000 
   11    -618.9607538002      2.82e-07     00000 
   12    -618.9607538017      1.39e-07     00000 
   13    -618.9607538021      6.85e-08     00000 
   14    -618.9607538022      2.20e-08     00000 
   15    -618.9607538022      1.46e-08     00000 
   16    -618.9607538022      5.11e-09     00000 Convergence criterion met
write pseudocanon occs and virts to disk
write pseudocanon orbital energies to disk
Timing for Total SCF: 1328.00s (wall), 598.88s (cpu)
<S^2> of polarized wavefunction after polarization iterations 0.0000000000
relaxing scfmi constraint to allow all rotations in the entire AO span
Doing General SCFMI
 Exchange:  B97M-V      Correlation:  B97M-V
 Using SG-2 standard quadrature grid
 Nonlocal Correlation:  VV10 with C = 0.0100 and b = 6.00 and scale = 1.00000
 Grid used for NLC:  SG-1 standard quadrature
performing fock build at end of subrot_r(subrot) constructor so that all methods have access
<S^2> of polarized wavefunction before ct-allowed iterations 0.0000000000
Beginning iterations for the determination of the CT-Allowed wavefunction
Energy prior to optimization (guess energy) = -618.960753802193
Begin Timing: Total SCF Calculation
begin iterations for algorithm: DIIS         
the SCF tolerance is set to 1.00e-08
    1    -618.9607538022      8.06e-04     00000 
    2    -618.9936619300      1.91e-04     00000 
    3    -618.9920418595      3.11e-04     00000 
    4    -618.9945286809      7.63e-05     00000 
    5    -618.9946611677      3.12e-05     00000 
    6    -618.9946846865      9.79e-06     00000 
    7    -618.9946864172      6.03e-06     00000 
    8    -618.9946875681      9.14e-07     00000 
    9    -618.9946875886      4.88e-07     00000 
   10    -618.9946875953      1.15e-07     00000 
   11    -618.9946875957      3.31e-08     00000 
   12    -618.9946875957      1.13e-08     00000 
   13    -618.9946875957      2.22e-09     00000 Convergence criterion met
write pseudocanon occs and virts to disk
write pseudocanon orbital energies to disk
Timing for Total SCF: 616.00s (wall), 478.17s (cpu)
<S^2> of ct_allowed wavefunction after ct-allowed iterations 0.0000000000
 Attempting to make child job directory: /scratch/qchemscratch/qchem1904625//FrgBSSE1/
 Attempting to make child job directory: /scratch/qchemscratch/qchem1904625//FrgBSSE2/
 Creating input file /scratch/qchemscratch/qchem1904625/FrgBSSE1.input
 calling putenv with: QCSCRATCH=/scratch/qchemscratch/qchem1904625/ 
 Spawning Job For Fragment 0
 Done Job For Fragment 0
 calling putenv with: QCSCRATCH=/scratch/qchemscratch 
 calling putenv with: QCTHREADS=1 
 Creating input file /scratch/qchemscratch/qchem1904625/FrgBSSE2.input
 calling putenv with: QCSCRATCH=/scratch/qchemscratch/qchem1904625/ 
 Spawning Job For Fragment 1
 Done Job For Fragment 1
 calling putenv with: QCSCRATCH=/scratch/qchemscratch 
 calling putenv with: QCTHREADS=1 
====================================================================
   Evaluating the BSSE with fragment SCF in the supersystem basis
   Fragment contributions (kJ/mol) 
   Frgm 1: 1.1427
   Frgm 2: 3.5014
   BSSE (kJ/mol) = 4.6441
====================================================================

================================
        Results of EDA2         
================================
Basic EDA Quantities
--------------------
Fragment Energies (Ha):
1 -542.5797094463
2  -76.4094341572
--------------------
  E_prp (kJ/mol) = 0.0000
  E_frz (kJ/mol) = 120.5660
  E_pol (kJ/mol) = -46.0277
  E_vct (kJ/mol) = -84.4501 (CP-corrected)
  E_int (kJ/mol) = -9.9118 (CP-corrected)
--------------------


Decomposition of frozen interaction energy
--------------------
  --------------------
  Orthogonal Frozen Decomposition:
  --------------------
     E_elec   (ELEC)   (kJ/mol) = -318.3148
     E_pauli  (PAULI)  (kJ/mol) = 461.6794
     E_disp   (DISP)   (kJ/mol) = -22.7986
  --------------------
  Classical Frozen Decomposition:
  --------------------
     E_cls_elec  (CLS ELEC)  (kJ/mol) = -214.2034
     E_mod_pauli (MOD PAULI) (kJ/mol) = 357.5679 (FRZ - CLS ELEC - DISP)
     E_disp      (DISP)      (kJ/mol) = -22.7986
  --------------------
--------------------

Simplified EDA Summary (kJ/mol)
--------------------
 PREPARATION      0.0000
 FROZEN           120.5660 (ELEC + PAULI + DISP)
[ELEC + PAULI = 143.3646, DISP = -22.7986]
 POLARIZATION    -46.0277
 CHARGE TRANSFER -84.4501     (counterpoise-corrected)
 TOTAL           -9.9118     (PRP + FRZ + POL + CT)
--------------------
 
 --------------------------------------------------------------
 
                    Orbital Energies (a.u.)
 --------------------------------------------------------------
 
 Alpha MOs
 -- Occupied --
-19.1636 -19.1404 -14.4119 -14.3825 -14.3799 -14.3470 -14.3381 -10.3172
-10.3030 -10.2667 -10.2558 -10.2091  -1.0567  -1.0260  -1.0128  -0.9967
 -0.9038  -0.9004  -0.8729  -0.7491  -0.6570  -0.6401  -0.6097  -0.5750
 -0.5328  -0.5170  -0.5085  -0.4868  -0.4630  -0.4531  -0.4428  -0.4169
 -0.4063  -0.4035  -0.3748  -0.3661  -0.3127  -0.2952  -0.2855  -0.2733
 -0.2677  -0.2570  -0.2457  -0.2017
 -- Virtual --
 -0.0424  -0.0354  -0.0245  -0.0137   0.0023   0.0055   0.0182   0.0238
  0.0270   0.0401   0.0546   0.0596   0.0655   0.0729   0.0796   0.0971
  0.0999   0.1033   0.1123   0.1157   0.1272   0.1286   0.1323   0.1379
  0.1413   0.1509   0.1546   0.1577   0.1599   0.1625   0.1687   0.1764
  0.1828   0.1872   0.1921   0.1961   0.1997   0.2055   0.2115   0.2154
  0.2209   0.2215   0.2305   0.2358   0.2405   0.2500   0.2539   0.2607
  0.2666   0.2673   0.2735   0.2790   0.2953   0.2967   0.3074   0.3170
  0.3216   0.3360   0.3429   0.3537   0.3650   0.3767   0.3954   0.4176
  0.4219   0.4240   0.4446   0.4873   0.5008   0.5650   0.6028   0.6104
  0.6371   0.6475   0.6520   0.6590   0.6722   0.6832   0.7120   0.7209
  0.7364   0.7561   0.7709   0.7820   0.7858   0.8070   0.8163   0.8532
  0.8656   0.8772   0.8897   0.9060   0.9250   0.9309   0.9445   0.9548
  0.9610   0.9707   0.9806   0.9996   1.0114   1.0246   1.0445   1.0475
  1.0560   1.0620   1.0664   1.0871   1.0910   1.1062   1.1141   1.1267
  1.1326   1.1483   1.1611   1.1915   1.1991   1.2180   1.2224   1.2406
  1.2852   1.2971   1.3089   1.3290   1.3407   1.3622   1.3838   1.4038
  1.4573   1.4904   1.5225   1.5552   1.5650   1.5765   1.6056   1.6204
  1.6293   1.6379   1.6436   1.6783   1.6872   1.6966   1.7233   1.7577
  1.7580   1.7706   1.7874   1.7904   1.8259   1.8318   1.8722   1.8960
  1.9245   1.9595   1.9847   1.9873   2.0162   2.0512   2.0542   2.0795
  2.0979   2.1210   2.1433   2.1478   2.1834   2.1959   2.2269   2.2651
  2.2893   2.3182   2.3578   2.4034   2.4160   2.4353   2.4603   2.5028
  2.5270   2.5681   2.5759   2.5920   2.6226   2.6622   2.7064   2.7487
  2.7595   2.7954   2.8092   2.8326   2.9039   2.9265   2.9406   2.9650
  2.9805   3.0158   3.0379   3.1041   3.1513   3.1654   3.2470   3.3135
  3.3250   3.4418   3.4957   3.5713   3.6899   3.7907   3.9784
 --------------------------------------------------------------
 
          Ground-State Mulliken Net Atomic Charges

     Atom                 Charge (a.u.)
  ----------------------------------------
      1 N                    -0.233976
      2 H                     0.203551
      3 C                    -0.082712
      4 H                     0.079677
      5 N                    -0.336044
      6 C                     0.436513
      7 C                     0.231167
      8 O                    -0.500576
      9 N                    -0.282229
     10 C                     0.272908
     11 N                    -0.412604
     12 N                    -0.298680
     13 C                     0.174319
     14 H                     0.271131
     15 H                     0.200171
     16 H                     0.216823
     17 O                    -0.518901
     18 H                     0.260221
     19 H                     0.319241
  ----------------------------------------
  Sum of atomic charges =     0.000000

 -----------------------------------------------------------------
                    Cartesian Multipole Moments
 -----------------------------------------------------------------
    Charge (ESU x 10^10)
                 0.0000
    Dipole Moment (Debye)
         X       0.3498      Y       5.2603      Z       0.4491
       Tot       5.2910
    Quadrupole Moments (Debye-Ang)
        XX     -51.8776     XY       1.4812     YY     -74.7913
        XZ      -2.7084     YZ      -4.6494     ZZ     -70.0549
    Octopole Moments (Debye-Ang^2)
       XXX      34.2790    XXY      25.0958    XYY     -23.9254
       YYY      42.5943    XXZ      16.0574    XYZ      14.7618
       YYZ      -3.9347    XZZ     -12.4869    YZZ      -4.9562
       ZZZ       0.8971
    Hexadecapole Moments (Debye-Ang^3)
      XXXX   -1343.8482   XXXY      45.9144   XXYY    -368.2420
      XYYY       0.4791   YYYY    -870.1764   XXXZ     -65.8158
      XXYZ     -47.4823   XYYZ       6.2348   YYYZ     -25.1519
      XXZZ    -279.6277   XYZZ      16.6831   YYZZ    -166.0503
      XZZZ      -5.0410   YZZZ      -4.6559   ZZZZ     -74.8284
 -----------------------------------------------------------------
 Total job time:  5800.53s(wall), 1666.37s(cpu) 
 Tue Apr 16 19:33:24 2024

        *************************************************************
        *                                                           *
        *  Thank you very much for using Q-Chem.  Have a nice day.  *
        *                                                           *
        *************************************************************


