
Running Job 1 of 1 T-wat_9_1.1.inp
qchem T-wat_9_1.1.inp_3937397.0 /scratch/qchemscratch/qchem3937397/ 1
/opt/qchem/6.1/exe/qcprog.exe_s T-wat_9_1.1.inp_3937397.0 /scratch/qchemscratch/qchem3937397/
                  Welcome to Q-Chem
     A Quantum Leap Into The Future Of Chemistry


 Q-Chem 6.1, Q-Chem, Inc., Pleasanton, CA (2023)

 License issued to: SRG Pengyu Ren, University of Texas at Austin

 E. Epifanovsky,  A. T. B. Gilbert,  Xintian Feng,  Joonho Lee,  Yuezhi Mao,  
 N. Mardirossian,  P. Pokhilko,  A. White,  M. Wormit,  M. P. Coons,  
 A. L. Dempwolff,  Zhengting Gan,  D. Hait,  P. R. Horn,  L. D. Jacobson,  
 I. Kaliman,  J. Kussmann,  A. W. Lange,  Ka Un Lao,  D. S. Levine,  Jie Liu,  
 S. C. McKenzie,  A. F. Morrison,  K. D. Nanda,  F. Plasser,  D. R. Rehn,  
 M. L. Vidal,  Zhi-Qiang You,  Ying Zhu,  B. Alam,  B. Albrecht,  
 A. Aldossary,  E. Alguire,  J. H. Andersen,  V. Athavale,  D. Barton,  
 K. Begam,  A. Behn,  N. Bellonzi,  Y. A. Bernard,  E. J. Berquist,  
 H. Burton,  A. Carreras,  K. Carter-Fenk,  Mathew Chow,  Romit Chakraborty,  
 Chandrima Chakravarty,  Junhan Chen,  A. D. Chien,  K. D. Closser,  
 V. Cofer-Shabica,  L. Cunha,  S. Dasgupta,  Jia Deng,  M. de Wergifosse,  
 M. Diedenhofen,  Hainam Do,  S. Ehlert,  Po-Tung Fang,  S. Fatehi,  
 Qingguo Feng,  T. Friedhoff,  Thomas Froitzheim,  B. Ganoe,  J. Gayvert,  
 Qinghui Ge,  G. Gidofalvi,  M. Gimferrer,  M. Goldey,  Montgomery Gray,  
 J. Gomes,  C. Gonzalez-Espinoza,  S. Gulania,  A. Gunina,  J. A. Gyamfi,  
 M. W. D. Hanson-Heine,  P. H. P. Harbach,  A. W. Hauser,  M. F. Herbst,  
 M. Hernandez Vera,  M. Hodecker,  Z. C. Holden,  S. Houck,  Xunkun Huang,  
 Kerwin Hui,  B. C. Huynh,  K. Ikeda,  M. Ivanov,  Hyunjun Ji,  Zuxin Jin,  
 Hanjie Jiang,  Subrata Jana,  B. Kaduk,  S. Kaehler,  R. Kang,  
 K. Khistyaev,  Jaehoon Kim,  Yongbin Kim,  P. Klunzinger,  Z. Koczor-Benda,  
 Joong Hoon Koh,  D. Kosenkov,  Saikiran Kotaru,  L. Koulias,  T. Kowalczyk,  
 C. M. Krauter,  K. Kue,  A. Kunitsa,  T. Kus,  A. Landau,  K. V. Lawler,  
 D. Lefrancois,  S. Lehtola,  Rain Li,  Shaozhi Li,  Yi-Pei Li,  
 Jiashu Liang,  M. Liebenthal,  Hung-Hsuan Lin,  You-Sheng Lin,  Fenglai Liu,  
 Kuan-Yu Liu,  Xiao Liu,  M. Loipersberger,  A. Luenser,  C. Malbon,  
 A. Manjanath,  P. Manohar,  E. Mansoor,  S. F. Manzer,  Shan-Ping Mao,  
 A. V. Marenich,  T. Markovich,  S. Mason,  F. Matz,  S. A. Maurer,  
 P. F. McLaughlin,  M. F. S. J. Menger,  J.-M. Mewes,  S. A. Mewes,  
 P. Morgante,  Mohammad Mostafanejad,  J. W. Mullinax,  K. J. Oosterbaan,  
 G. Paran,  V. Parravicini,  Alexander C. Paul,  Suranjan K. Paul,  
 F. Pavosevic,  Zheng Pei,  S. Prager,  E. I. Proynov,  E. Ramos,  B. Rana,  
 A. E. Rask,  A. Rettig,  R. M. Richard,  F. Rob,  E. Rossomme,  T. Scheele,  
 M. Scheurer,  M. Schneider,  P. E. Schneider,  Tim K. Schramm,  N. Sergueev,  
 S. M. Sharada,  M. Sharma,  Hengyuan Shen,  W. Skomorowski,  D. W. Small,  
 C. J. Stein,  Alistair J. Sterling,  Yingli Su,  Yu-Chuan Su,  
 E. J. Sundstrom,  J. Talbot,  Zhen Tao,  J. Thirman,  Hung-Yi Tsai,  
 T. Tsuchimochi,  N. M. Tubman,  C. Utku,  S. P. Veccham,  O. Vydrov,  
 J. Wenzel,  Jonathan Wong,  J. Witte,  A. Yamada,  Chou-Hsun Yang,  Kun Yao,  
 S. Yeganeh,  S. R. Yost,  A. Zech,  F. Zeller,  Igor Ying Zhang,  
 Xing Zhang,  Yu Zhang,  D. Zuev,  A. Aspuru-Guzik,  A. T. Bell,  
 N. A. Besley,  K. B. Bravaya,  B. R. Brooks,  D. Casanova,  Jeng-Da Chai,  
 Hsing-Ta Chen,  S. Coriani,  C. J. Cramer,  A. E. DePrince, III,  
 R. A. DiStasio Jr.,  A. Dreuw,  B. D. Dunietz,  T. R. Furlani,  
 W. A. Goddard III,  S. Grimme,  S. Hammes-Schiffer,  T. Head-Gordon,  
 W. J. Hehre,  Chao-Ping Hsu,  T.-C. Jagau,  Yousung Jung,  A. Klamt,  
 Jing Kong,  D. S. Lambrecht,  Xiangyuan Li,  WanZhen Liang,  N. J. Mayhall,  
 C. W. McCurdy,  J. B. Neaton,  T. Neudecker,  C. Ochsenfeld,  
 J. A. Parkhill,  R. Peverati,  V. A. Rassolov,  Haisheng Ren,  Yihan Shao,  
 L. V. Slipchenko,  R. P. Steele,  J. E. Subotnik,  A. J. W. Thom,  
 A. Tkatchenko,  D. G. Truhlar,  T. Van Voorhis,  Fan Wang,  
 T. A. Wesolowski,  K. B. Whaley,  H. L. Woodcock III,  P. M. Zimmerman,  
 S. Faraji,  P. M. W. Gill,  M. Head-Gordon,  J. M. Herbert,  A. I. Krylov

 Contributors to earlier versions of Q-Chem not listed above: 
 R. D. Adamson,  B. Austin,  R. Baer,  J. Baker,  G. J. O. Beran,  
 K. Brandhorst,  S. T. Brown,  E. F. C. Byrd,  Arup K. Chakraborty,  
 G. K. L. Chan,  Chun-Min Chang,  Yunqing Chen,  C.-L. Cheng,  
 Siu Hung Chien,  D. M. Chipman,  D. L. Crittenden,  H. Dachsel,  
 R. J. Doerksen,  A. D. Dutoi,  R. G. Edgar,  J. Fosso-Tande,  
 L. Fusti-Molnar,  D. Ghosh,  A. Ghysels,  A. Golubeva-Zadorozhnaya,  
 J. Gonthier,  M. S. Gordon,  S. R. Gwaltney,  G. Hawkins,  J. E. Herr,  
 A. Heyden,  S. Hirata,  E. G. Hohenstein,  G. Kedziora,  F. J. Keil,  
 C. Kelley,  Jihan Kim,  R. A. King,  R. Z. Khaliullin,  P. P. Korambath,  
 W. Kurlancheek,  A. Laurent,  A. M. Lee,  M. S. Lee,  S. V. Levchenko,  
 Ching Yeh Lin,  D. Liotard,  E. Livshits,  R. C. Lochan,  I. Lotan,  
 L. A. Martinez-Martinez,  P. E. Maslen,  N. Nair,  D. P. O'Neill,  
 D. Neuhauser,  E. Neuscamman,  C. M. Oana,  R. Olivares-Amaya,  R. Olson,  
 T. M. Perrine,  B. Peters,  P. A. Pieniazek,  A. Prociuk,  Y. M. Rhee,  
 J. Ritchie,  M. A. Rohrdanz,  E. Rosta,  N. J. Russ,  H. F. Schaefer III,  
 M. W. Schmidt,  N. E. Schultz,  S. Sharma,  N. Shenvi,  C. D. Sherrill,  
 A. C. Simmonett,  A. Sodt,  T. Stein,  D. Stuck,  K. S. Thanthiriwatte,  
 V. Vanovschi,  L. Vogt,  Tao Wang,  A. Warshel,  M. A. Watson,  
 C. F. Williams,  Q. Wu,  X. Xu,  Jun Yang,  W. Zhang,  Yan Zhao

   Please cite Q-Chem as follows:
  "Software for the frontiers of quantum chemistry:
   An overview of developments in the Q-Chem 5 package"
   J. Chem. Phys. 155, 084801 (2021)
   https://doi.org/10.1063/5.0055522 (open access)

 Q-Chem 6.1.1 for Intel X86 EM64T Linux

 Parts of Q-Chem use Armadillo 9.900.5 (Nocturnal Misbehaviour).
 http://arma.sourceforge.net/

 Q-Chem begins on Sun Mar 10 19:33:50 2024  

 Host: 
0

     Scratch files written to /scratch/qchemscratch/qchem3937397//
 Jan1824 |scratch|qcdevops|jenkins|workspace|build_RNUM UKVU   
 Processing $rem in /opt/qchem/6.1/config/preferences:
 Processing $rem in /home/mm227274/.qchemrc:

 Q-Chem warning in module libgen/rem_setup.C, line 3361:

 Neither GIA nor STOLL is specified by user. Use STOLL as the default


 Checking the input file for inconsistencies... 	...done.

--------------------------------------------------------------
User input:
--------------------------------------------------------------
$molecule
0 1
--
0 1
N 0.97963 1.79292 0.00672
H 1.29726 2.7551 0.00979
C -0.39981 1.6343 -0.00326
O -1.18124 2.57676 -0.00162
N -0.78126 0.3019 -0.01172
H -1.79358 0.10951 -0.03135
C 0.04378 -0.81874 -0.00651
O -0.43215 -1.96559 -0.01046
C 1.47623 -0.54588 0.00427
C 1.87708 0.74897 0.00895
H 2.92517 1.03519 0.01519
C 2.41443 -1.71195 0.00678
H 3.45463 -1.37529 0.00945
H 2.2452 -2.34058 0.88543
H 2.24911 -2.33997 -0.87296
--
0 1
O -3.570732533333333 -1.3964453333333333 -0.058113
H -3.9793325333333334 -1.5714553333333332 0.803837
H -2.788322533333333 -1.9871853333333334 -0.084413
$end

$rem
JOBTYPE          eda
EDA2             2
METHOD           b97m-v
BASIS            aug-cc-pvtz
SCF_CONVERGENCE  8
THRESH           14
SYMMETRY         false
DISP_FREE_X      revPBE
DISP_FREE_C      PBE
EDA_BSSE         true
$end
--------------------------------------------------------------
 ----------------------------------------------------------------
             Standard Nuclear Orientation (Angstroms)
    I     Atom           X                Y                Z
 ----------------------------------------------------------------
    1      N       1.3162018814    -1.6182087307    -0.0095169210
    2      H       1.7876625279    -2.5150840101    -0.0148259820
    3      C      -0.0705118587    -1.6885109871     0.0045263787
    4      O      -0.6863933965    -2.7466015741     0.0037345666
    5      N      -0.6657643055    -0.4369479467     0.0159243909
    6      H      -1.6958758479    -0.4136006576     0.0386432331
    7      C      -0.0361755566     0.8040738152     0.0099957394
    8      O      -0.6941353694     1.8570844068     0.0168855010
    9      C       1.4216031004     0.7704047935    -0.0051559874
   10      C       2.0298304045    -0.4409335747    -0.0127751469
   11      H       3.1106887319    -0.5509669558    -0.0223357536
   12      C       2.1553523785     2.0748374953    -0.0086356875
   13      H       3.2367299539     1.9137499851    -0.0146753742
   14      H       1.8824757454     2.6679158020    -0.8859251252
   15      H       1.8916681267     2.6663190898     0.8724445751
   16      O      -3.6963135503     0.7797112639     0.0724738060
   17      H      -4.1306878754     0.8859767961    -0.7880881296
   18      H      -3.0215766730     1.4910046670     0.0974275007
 ----------------------------------------------------------------
 Molecular Point Group                 C1    NOp =  1
 Largest Abelian Subgroup              C1    NOp =  1
 Nuclear Repulsion Energy =         527.16178937 hartrees
 There are       38 alpha and       38 beta electrons
 Requested basis set is aug-cc-pVTZ
 There are 212 shells and 644 basis functions

 Total QAlloc Memory Limit  16000 MB
 Mega-Array Size       188 MB
 MEM_STATIC part       192 MB

 A cutoff of  1.0D-14 yielded  20935 shell pairs
 There are    191785 function pairs (    260233 Cartesian)
 Smallest overlap matrix eigenvalue = 1.90E-06

 Scale SEOQF with 1.000000e-01/1.000000e-01/1.000000e-01

 Standard Electronic Orientation quadrupole field applied
 Nucleus-field energy     =     0.0000000226 hartrees

 -----------------------------------------------------------------------
  General SCF calculation program by
  Eric Jon Sundstrom, Paul Horn, Yuezhi Mao, Dmitri Zuev, Alec White,
  David Stuck, Shaama M.S., Shane Yost, Joonho Lee, David Small,
  Daniel Levine, Susi Lehtola, Hugh Burton, Evgeny Epifanovsky,
  Bang C. Huynh
 -----------------------------------------------------------------------
================================================================
                 ALMO-EDA with the EDA2 driver                  
================================================================
 The second-generation ALMO-EDA (for DFT):                      
 P. R. Horn, Y. Mao and M. Head-Gordon, PCCP, 18, 23067 (2016)  
 Y. Mao et al. Annu. Rev. Phys. Chem. 72, 641 (2021)            
 Decomposition of the frozen energy:                            
 P. R. Horn, Y. Mao and M. Head-Gordon, JCP, 144, 114107 (2016) 
================================================================
 Using eda2 option set 2
 Option set summary: Frozen orbital wavefunction, initial wavefunction decomposition, and traditional AO-based POL.
--------------------------------
Printing EDA Options
--------------------------------
eda_child_super_basis      0
fragmo_guess_mode          0
child_mp                   0
child_mp_orders            0
cls_elec                   1
cls_disp                   0
scfmi_mode                 1
scfmi_occs                 0
scfmi_virts                0
frz_relax                  0
frz_relax_method           0
dc_pen_start               0
dc_pen_conv                0
dc_pen_increment           0
dc_pen_steps               0
dc_pen_thresh_factor       0
dc_pen_pre_newton_thresh   0
frz_ortho_decomp           1
frz_ortho_decomp_conv      6
plot_mo_ortho_frz          0
frgm_method                2
scfmi_freeze_ss            0
separate_rehyb             0
plot_diff_den              0
eda_nocv                   0
eda_vct_relax              1
disp_free_x                33
disp_free_c                25
eda_bsse                   1
eda_pct_a                  0
eda_covp                   0
eda_vct_a                  0
--------------------------------
 Attempting to make child job directory: /scratch/qchemscratch/qchem3937397//Frg1/
 Attempting to make child job directory: /scratch/qchemscratch/qchem3937397//Frg2/
 Creating input file /scratch/qchemscratch/qchem3937397/Frg1.input
 using default PutDataFrgm: nothing
 calling putenv with: QCSCRATCH=/scratch/qchemscratch/qchem3937397/ 
 Spawning Job For Fragment 0
 Done Job For Fragment 0
 calling putenv with: QCSCRATCH=/scratch/qchemscratch 
 calling putenv with: QCTHREADS=1 
 Creating input file /scratch/qchemscratch/qchem3937397/Frg2.input
 using default PutDataFrgm: nothing
 calling putenv with: QCSCRATCH=/scratch/qchemscratch/qchem3937397/ 
 Spawning Job For Fragment 1
 Done Job For Fragment 1
 calling putenv with: QCSCRATCH=/scratch/qchemscratch 
 calling putenv with: QCTHREADS=1 
Doing General SCFMI
 Exchange:  B97M-V      Correlation:  B97M-V
 Using SG-2 standard quadrature grid
 Nonlocal Correlation:  VV10 with C = 0.0100 and b = 6.00 and scale = 1.00000
 Grid used for NLC:  SG-1 standard quadrature
performing fock build before subrot guess so that all methods have access
Printing subrot_rss_gen Method Specification:
Occupied Subspace Method is 0
Virtual Subspace Method is 0
Energy of the unrelaxed supersystem initial determinant -530.692090520791
write pseudocanon occs and virts to disk
write pseudocanon orbital energies to disk
Tolerance of ortho_decomp_scf: 1.00e-06
GDM subspace size: 20
Beginning the Orthogonal Decomposition of the Initial Supersystem Wavefunction
    1    -530.6583065552      6.21e-02     ortho_decomp Preconditoned Steepest Descent
    2    -530.6614498984      1.74e-04     ortho_decomp BFGS Step
    3    -530.6614500309      1.95e-06     ortho_decomp BFGS Step
    4    -530.6614500309      8.59e-09     ortho_decomp 00000 Convergence criterion met
 Exchange:  revPBE      Correlation:  PBE
 Using SG-2 standard quadrature grid
 Exchange:  revPBE      Correlation:  PBE
 Using SG-2 standard quadrature grid
 Exchange:  revPBE      Correlation:  PBE
 Using SG-2 standard quadrature grid
Doing General SCFMI
 Exchange:  B97M-V      Correlation:  B97M-V
 Using SG-2 standard quadrature grid
 Nonlocal Correlation:  VV10 with C = 0.0100 and b = 6.00 and scale = 1.00000
 Grid used for NLC:  SG-1 standard quadrature
performing fock build at end of subrot_r(subrot) constructor so that all methods have access
<S^2> of initial wavefunction before polarization iterations 0.0000000000
Beginning iterations for the determination of the polarized wavefunction
Energy prior to optimization (guess energy) = -530.692090520791
Begin Timing: Total SCF Calculation
begin iterations for algorithm: DIIS         
the SCF tolerance is set to 1.00e-08
    1    -530.6920905208      7.24e-05     00000 
    2    -530.6937078971      4.53e-05     00000 
    3    -530.6934022372      6.89e-05     00000 
    4    -530.6940294853      8.19e-06     00000 
    5    -530.6940308988      7.66e-06     00000 
    6    -530.6940384270      1.89e-06     00000 
    7    -530.6940387896      1.02e-06     00000 
    8    -530.6940389321      2.55e-07     00000 
    9    -530.6940389406      1.83e-07     00000 
   10    -530.6940389458      9.11e-08     00000 
   11    -530.6940389473      3.11e-08     00000 
   12    -530.6940389474      1.35e-08     00000 
   13    -530.6940389474      5.51e-09     00000 Convergence criterion met
write pseudocanon occs and virts to disk
write pseudocanon orbital energies to disk
Timing for Total SCF: 3675.00s (wall), 3633.21s (cpu)
<S^2> of polarized wavefunction after polarization iterations 0.0000000000
relaxing scfmi constraint to allow all rotations in the entire AO span
Doing General SCFMI
 Exchange:  B97M-V      Correlation:  B97M-V
 Using SG-2 standard quadrature grid
 Nonlocal Correlation:  VV10 with C = 0.0100 and b = 6.00 and scale = 1.00000
 Grid used for NLC:  SG-1 standard quadrature
performing fock build at end of subrot_r(subrot) constructor so that all methods have access
<S^2> of polarized wavefunction before ct-allowed iterations 0.0000000000
Beginning iterations for the determination of the CT-Allowed wavefunction
Energy prior to optimization (guess energy) = -530.694038947424
Begin Timing: Total SCF Calculation
begin iterations for algorithm: DIIS         
the SCF tolerance is set to 1.00e-08
    1    -530.6940389474      8.67e-05     00000 
    2    -530.6966740000      1.09e-05     00000 
    3    -530.6966180124      2.17e-05     00000 
    4    -530.6966925294      4.34e-06     00000 
    5    -530.6966954310      1.69e-06     00000 
    6    -530.6966958942      4.57e-07     00000 
    7    -530.6966959185      2.53e-07     00000 
    8    -530.6966959290      4.95e-08     00000 
    9    -530.6966959294      1.80e-08     00000 
   10    -530.6966959294      5.75e-09     00000 Convergence criterion met
write pseudocanon occs and virts to disk
write pseudocanon orbital energies to disk
Timing for Total SCF: 2576.00s (wall), 2545.35s (cpu)
<S^2> of ct_allowed wavefunction after ct-allowed iterations 0.0000000000
 Attempting to make child job directory: /scratch/qchemscratch/qchem3937397//FrgBSSE1/
 Attempting to make child job directory: /scratch/qchemscratch/qchem3937397//FrgBSSE2/
 Creating input file /scratch/qchemscratch/qchem3937397/FrgBSSE1.input
 calling putenv with: QCSCRATCH=/scratch/qchemscratch/qchem3937397/ 
 Spawning Job For Fragment 0
 Done Job For Fragment 0
 calling putenv with: QCSCRATCH=/scratch/qchemscratch 
 calling putenv with: QCTHREADS=1 
 Creating input file /scratch/qchemscratch/qchem3937397/FrgBSSE2.input
 calling putenv with: QCSCRATCH=/scratch/qchemscratch/qchem3937397/ 
 Spawning Job For Fragment 1
 Done Job For Fragment 1
 calling putenv with: QCSCRATCH=/scratch/qchemscratch 
 calling putenv with: QCTHREADS=1 
====================================================================
   Evaluating the BSSE with fragment SCF in the supersystem basis
   Fragment contributions (kJ/mol) 
   Frgm 1: 0.1727
   Frgm 2: 0.1264
   BSSE (kJ/mol) = 0.2990
====================================================================

================================
        Results of EDA2         
================================
Basic EDA Quantities
--------------------
Fragment Energies (Ha):
1 -454.2513456369
2  -76.4325815277
--------------------
  E_prp (kJ/mol) = 0.0000
  E_frz (kJ/mol) = -21.4331
  E_pol (kJ/mol) = -5.1157
  E_vct (kJ/mol) = -6.6770 (CP-corrected)
  E_int (kJ/mol) = -33.2258 (CP-corrected)
--------------------


Decomposition of frozen interaction energy
--------------------
  --------------------
  Orthogonal Frozen Decomposition:
  --------------------
     E_elec   (ELEC)   (kJ/mol) = -58.9210
     E_pauli  (PAULI)  (kJ/mol) = 47.4632
     E_disp   (DISP)   (kJ/mol) = -9.9753
  --------------------
  Classical Frozen Decomposition:
  --------------------
     E_cls_elec  (CLS ELEC)  (kJ/mol) = -35.1256
     E_mod_pauli (MOD PAULI) (kJ/mol) = 23.6678 (FRZ - CLS ELEC - DISP)
     E_disp      (DISP)      (kJ/mol) = -9.9753
  --------------------
--------------------

Simplified EDA Summary (kJ/mol)
--------------------
 PREPARATION      0.0000
 FROZEN           -21.4331 (ELEC + PAULI + DISP)
[ELEC + PAULI = -11.4579, DISP = -9.9753]
 POLARIZATION    -5.1157
 CHARGE TRANSFER -6.6770     (counterpoise-corrected)
 TOTAL           -33.2258     (PRP + FRZ + POL + CT)
--------------------
 
 --------------------------------------------------------------
 
                    Orbital Energies (a.u.)
 --------------------------------------------------------------
 
 Alpha MOs
 -- Occupied --
-19.1567 -19.1393 -19.1381 -14.4140 -14.3969 -10.3350 -10.3040 -10.2638
-10.2149 -10.1914  -1.0673  -1.0351  -0.9983  -0.9727  -0.9214  -0.8075
 -0.7015  -0.6593  -0.6468  -0.5506  -0.5419  -0.4998  -0.4907  -0.4586
 -0.4553  -0.4198  -0.4080  -0.4054  -0.3868  -0.3757  -0.3679  -0.3604
 -0.3395  -0.2856  -0.2710  -0.2709  -0.2486  -0.2313
 -- Virtual --
 -0.0776  -0.0322  -0.0234  -0.0184  -0.0106   0.0054   0.0109   0.0217
  0.0291   0.0367   0.0380   0.0483   0.0516   0.0532   0.0588   0.0646
  0.0724   0.0756   0.0768   0.0828   0.0849   0.0881   0.0933   0.0936
  0.0982   0.1010   0.1052   0.1139   0.1163   0.1261   0.1288   0.1336
  0.1404   0.1443   0.1450   0.1491   0.1512   0.1558   0.1618   0.1722
  0.1753   0.1789   0.1814   0.1831   0.1875   0.1939   0.2025   0.2057
  0.2086   0.2136   0.2177   0.2201   0.2255   0.2274   0.2342   0.2385
  0.2431   0.2517   0.2541   0.2571   0.2657   0.2684   0.2731   0.2793
  0.2821   0.2890   0.2913   0.2963   0.2990   0.3075   0.3132   0.3145
  0.3160   0.3232   0.3270   0.3355   0.3366   0.3426   0.3458   0.3533
  0.3538   0.3637   0.3669   0.3708   0.3748   0.3772   0.3851   0.3938
  0.3965   0.3987   0.4084   0.4132   0.4189   0.4204   0.4238   0.4376
  0.4523   0.4587   0.4610   0.4664   0.4677   0.4772   0.4825   0.4943
  0.5015   0.5059   0.5068   0.5128   0.5216   0.5258   0.5304   0.5321
  0.5489   0.5505   0.5537   0.5678   0.5728   0.5771   0.5892   0.5917
  0.5950   0.6151   0.6195   0.6254   0.6314   0.6367   0.6440   0.6483
  0.6547   0.6649   0.6724   0.6851   0.6952   0.6971   0.7029   0.7065
  0.7127   0.7175   0.7222   0.7249   0.7317   0.7370   0.7457   0.7517
  0.7607   0.7663   0.7720   0.7771   0.7804   0.7823   0.7900   0.7932
  0.8088   0.8101   0.8115   0.8136   0.8168   0.8314   0.8350   0.8444
  0.8516   0.8548   0.8647   0.8698   0.8728   0.8835   0.8876   0.8930
  0.8954   0.9069   0.9124   0.9194   0.9235   0.9335   0.9342   0.9395
  0.9605   0.9658   0.9750   0.9811   0.9853   0.9962   1.0000   1.0035
  1.0104   1.0171   1.0216   1.0275   1.0320   1.0470   1.0478   1.0549
  1.0670   1.0737   1.0825   1.0852   1.0897   1.0921   1.1033   1.1148
  1.1195   1.1226   1.1434   1.1530   1.1581   1.1650   1.1701   1.1882
  1.1920   1.1982   1.2060   1.2088   1.2158   1.2263   1.2325   1.2381
  1.2464   1.2538   1.2605   1.2743   1.2834   1.2842   1.2868   1.3015
  1.3081   1.3209   1.3273   1.3365   1.3467   1.3556   1.3638   1.3707
  1.3883   1.3918   1.3975   1.4081   1.4150   1.4277   1.4326   1.4385
  1.4530   1.4583   1.4657   1.4716   1.4735   1.4843   1.4900   1.4934
  1.5186   1.5227   1.5282   1.5374   1.5424   1.5507   1.5591   1.5738
  1.5788   1.5832   1.6006   1.6168   1.6247   1.6263   1.6371   1.6403
  1.6574   1.6651   1.6682   1.6812   1.6889   1.7025   1.7242   1.7302
  1.7390   1.7498   1.7643   1.7901   1.7946   1.8156   1.8290   1.8537
  1.8625   1.8653   1.8903   1.9086   1.9248   1.9307   1.9407   1.9436
  1.9689   1.9884   2.0003   2.0038   2.0076   2.0367   2.0525   2.0542
  2.0641   2.0694   2.0832   2.0848   2.0872   2.0972   2.1009   2.1107
  2.1304   2.1496   2.1624   2.1744   2.1822   2.2025   2.2085   2.2312
  2.2349   2.2389   2.2496   2.2638   2.2831   2.2993   2.3043   2.3114
  2.3308   2.3495   2.3569   2.3608   2.3678   2.3846   2.3865   2.4000
  2.4104   2.4161   2.4260   2.4457   2.4656   2.4746   2.4926   2.4943
  2.5056   2.5107   2.5224   2.5326   2.5545   2.5614   2.5664   2.5924
  2.6061   2.6221   2.6319   2.6431   2.6731   2.6803   2.6964   2.7177
  2.7347   2.7445   2.7644   2.7694   2.7942   2.8036   2.8235   2.8376
  2.8722   2.8951   2.9008   2.9130   2.9642   2.9921   3.0087   3.0322
  3.0491   3.0556   3.0742   3.1104   3.1193   3.1412   3.1637   3.1711
  3.1952   3.2032   3.2087   3.2291   3.2502   3.2672   3.3229   3.3239
  3.3550   3.3656   3.3808   3.3901   3.4051   3.4097   3.4276   3.4385
  3.4530   3.4703   3.4817   3.4961   3.5196   3.5259   3.5539   3.5589
  3.5760   3.5914   3.6028   3.6136   3.6373   3.6411   3.6502   3.6882
  3.7047   3.7072   3.7157   3.7248   3.7314   3.7414   3.7717   3.7932
  3.8052   3.8296   3.8449   3.8709   3.8835   3.9318   3.9382   3.9548
  3.9594   3.9711   3.9735   4.0003   4.0095   4.0115   4.0323   4.0462
  4.0535   4.0825   4.0884   4.1001   4.1068   4.1240   4.1370   4.1658
  4.1707   4.1797   4.1864   4.1952   4.1971   4.2202   4.2503   4.2631
  4.2769   4.2866   4.2993   4.3101   4.3373   4.3480   4.3523   4.3731
  4.3776   4.3953   4.4142   4.4331   4.4417   4.4616   4.5059   4.5122
  4.5232   4.5267   4.5461   4.5563   4.5753   4.5781   4.5895   4.6029
  4.6321   4.6393   4.6540   4.6682   4.7159   4.7433   4.7564   4.7748
  4.7953   4.8016   4.8214   4.8476   4.8533   4.8880   4.8986   4.9104
  4.9614   4.9622   4.9768   5.0079   5.0567   5.0720   5.0739   5.0866
  5.1179   5.1216   5.1591   5.1695   5.1812   5.2083   5.2179   5.2335
  5.2730   5.2972   5.2983   5.3207   5.3325   5.3525   5.3691   5.3783
  5.4103   5.4318   5.4469   5.4744   5.4833   5.5213   5.5470   5.5825
  5.5954   5.6021   5.6268   5.6456   5.6703   5.6791   5.7125   5.7230
  5.7680   5.7851   5.8134   5.8189   5.8756   5.9096   5.9192   5.9586
  5.9772   5.9808   6.0109   6.0148   6.0567   6.0743   6.1326   6.1838
  6.2824   6.3606   6.4071   6.4308   6.4755   6.5229   6.5354   6.5433
  6.5827   6.5982   6.5990   6.6162   6.6533   6.6699   6.7105   6.7168
  6.7439   6.7893   6.7926   6.8291   6.8448   6.9249   6.9553   7.0308
  7.0511   7.0687   7.0818   7.0953   7.0974   7.1148   7.1444   7.1512
  7.1555   7.1869   7.2123   7.2403   7.2998   7.3807   7.4334   7.4716
  7.4799   7.5722   7.6051   7.6650   7.6932   7.7179   7.7468   7.7764
  7.8032   7.8639   7.9275   8.6456  15.4034  15.5840  15.7254  15.8868
 16.3346  17.7254  18.7029  19.6410  20.0587  20.3137
 --------------------------------------------------------------
 
          Ground-State Mulliken Net Atomic Charges

     Atom                 Charge (a.u.)
  ----------------------------------------
      1 N                     0.190544
      2 H                     0.045104
      3 C                    -0.296124
      4 O                    -0.613811
      5 N                     0.395682
      6 H                     0.236403
      7 C                    -0.417754
      8 O                    -0.706060
      9 C                     1.347432
     10 C                    -1.155862
     11 H                     0.697622
     12 C                    -0.663457
     13 H                     0.279873
     14 H                     0.336594
     15 H                     0.333091
     16 O                    -0.545321
     17 H                     0.222296
     18 H                     0.313748
  ----------------------------------------
  Sum of atomic charges =     0.000000

 -----------------------------------------------------------------
                    Cartesian Multipole Moments
 -----------------------------------------------------------------
    Charge (ESU x 10^10)
                 0.0000
    Dipole Moment (Debye)
         X       4.6656      Y       0.3353      Z      -1.2485
       Tot       4.8414
    Quadrupole Moments (Debye-Ang)
        XX     -51.0717     XY      -7.0970     YY     -67.5597
        XZ       5.7763     YZ      -1.0404     ZZ     -58.3436
    Octopole Moments (Debye-Ang^2)
       XXX       5.5153    XXY      -1.1337    XYY      20.0724
       YYY      14.4959    XXZ     -26.3758    XYZ       5.0213
       YYZ      -0.9441    XZZ     -12.0127    YZZ       1.0348
       ZZZ      -1.1308
    Hexadecapole Moments (Debye-Ang^3)
      XXXX   -1114.8536   XXXY     -61.3935   XXYY    -316.1603
      XYYY     -75.8648   YYYY   -1010.5504   XXXZ     116.0585
      XXYZ     -21.8726   XYYZ       4.3063   YYYZ      -0.4050
      XXZZ    -199.5177   XYZZ      -7.5682   YYZZ    -161.8700
      XZZZ       6.3233   YZZZ      -1.0879   ZZZZ     -66.0914
 -----------------------------------------------------------------
 Total job time:  19293.64s(wall), 11121.55s(cpu) 
 Mon Mar 11 00:55:23 2024

        *************************************************************
        *                                                           *
        *  Thank you very much for using Q-Chem.  Have a nice day.  *
        *                                                           *
        *************************************************************


