
Running Job 1 of 1 T-wat_1_1.3.inp
qchem T-wat_1_1.3.inp_3937371.0 /scratch/qchemscratch/qchem3937371/ 1
/opt/qchem/6.1/exe/qcprog.exe_s T-wat_1_1.3.inp_3937371.0 /scratch/qchemscratch/qchem3937371/
                  Welcome to Q-Chem
     A Quantum Leap Into The Future Of Chemistry


 Q-Chem 6.1, Q-Chem, Inc., Pleasanton, CA (2023)

 License issued to: SRG Pengyu Ren, University of Texas at Austin

 E. Epifanovsky,  A. T. B. Gilbert,  Xintian Feng,  Joonho Lee,  Yuezhi Mao,  
 N. Mardirossian,  P. Pokhilko,  A. White,  M. Wormit,  M. P. Coons,  
 A. L. Dempwolff,  Zhengting Gan,  D. Hait,  P. R. Horn,  L. D. Jacobson,  
 I. Kaliman,  J. Kussmann,  A. W. Lange,  Ka Un Lao,  D. S. Levine,  Jie Liu,  
 S. C. McKenzie,  A. F. Morrison,  K. D. Nanda,  F. Plasser,  D. R. Rehn,  
 M. L. Vidal,  Zhi-Qiang You,  Ying Zhu,  B. Alam,  B. Albrecht,  
 A. Aldossary,  E. Alguire,  J. H. Andersen,  V. Athavale,  D. Barton,  
 K. Begam,  A. Behn,  N. Bellonzi,  Y. A. Bernard,  E. J. Berquist,  
 H. Burton,  A. Carreras,  K. Carter-Fenk,  Mathew Chow,  Romit Chakraborty,  
 Chandrima Chakravarty,  Junhan Chen,  A. D. Chien,  K. D. Closser,  
 V. Cofer-Shabica,  L. Cunha,  S. Dasgupta,  Jia Deng,  M. de Wergifosse,  
 M. Diedenhofen,  Hainam Do,  S. Ehlert,  Po-Tung Fang,  S. Fatehi,  
 Qingguo Feng,  T. Friedhoff,  Thomas Froitzheim,  B. Ganoe,  J. Gayvert,  
 Qinghui Ge,  G. Gidofalvi,  M. Gimferrer,  M. Goldey,  Montgomery Gray,  
 J. Gomes,  C. Gonzalez-Espinoza,  S. Gulania,  A. Gunina,  J. A. Gyamfi,  
 M. W. D. Hanson-Heine,  P. H. P. Harbach,  A. W. Hauser,  M. F. Herbst,  
 M. Hernandez Vera,  M. Hodecker,  Z. C. Holden,  S. Houck,  Xunkun Huang,  
 Kerwin Hui,  B. C. Huynh,  K. Ikeda,  M. Ivanov,  Hyunjun Ji,  Zuxin Jin,  
 Hanjie Jiang,  Subrata Jana,  B. Kaduk,  S. Kaehler,  R. Kang,  
 K. Khistyaev,  Jaehoon Kim,  Yongbin Kim,  P. Klunzinger,  Z. Koczor-Benda,  
 Joong Hoon Koh,  D. Kosenkov,  Saikiran Kotaru,  L. Koulias,  T. Kowalczyk,  
 C. M. Krauter,  K. Kue,  A. Kunitsa,  T. Kus,  A. Landau,  K. V. Lawler,  
 D. Lefrancois,  S. Lehtola,  Rain Li,  Shaozhi Li,  Yi-Pei Li,  
 Jiashu Liang,  M. Liebenthal,  Hung-Hsuan Lin,  You-Sheng Lin,  Fenglai Liu,  
 Kuan-Yu Liu,  Xiao Liu,  M. Loipersberger,  A. Luenser,  C. Malbon,  
 A. Manjanath,  P. Manohar,  E. Mansoor,  S. F. Manzer,  Shan-Ping Mao,  
 A. V. Marenich,  T. Markovich,  S. Mason,  F. Matz,  S. A. Maurer,  
 P. F. McLaughlin,  M. F. S. J. Menger,  J.-M. Mewes,  S. A. Mewes,  
 P. Morgante,  Mohammad Mostafanejad,  J. W. Mullinax,  K. J. Oosterbaan,  
 G. Paran,  V. Parravicini,  Alexander C. Paul,  Suranjan K. Paul,  
 F. Pavosevic,  Zheng Pei,  S. Prager,  E. I. Proynov,  E. Ramos,  B. Rana,  
 A. E. Rask,  A. Rettig,  R. M. Richard,  F. Rob,  E. Rossomme,  T. Scheele,  
 M. Scheurer,  M. Schneider,  P. E. Schneider,  Tim K. Schramm,  N. Sergueev,  
 S. M. Sharada,  M. Sharma,  Hengyuan Shen,  W. Skomorowski,  D. W. Small,  
 C. J. Stein,  Alistair J. Sterling,  Yingli Su,  Yu-Chuan Su,  
 E. J. Sundstrom,  J. Talbot,  Zhen Tao,  J. Thirman,  Hung-Yi Tsai,  
 T. Tsuchimochi,  N. M. Tubman,  C. Utku,  S. P. Veccham,  O. Vydrov,  
 J. Wenzel,  Jonathan Wong,  J. Witte,  A. Yamada,  Chou-Hsun Yang,  Kun Yao,  
 S. Yeganeh,  S. R. Yost,  A. Zech,  F. Zeller,  Igor Ying Zhang,  
 Xing Zhang,  Yu Zhang,  D. Zuev,  A. Aspuru-Guzik,  A. T. Bell,  
 N. A. Besley,  K. B. Bravaya,  B. R. Brooks,  D. Casanova,  Jeng-Da Chai,  
 Hsing-Ta Chen,  S. Coriani,  C. J. Cramer,  A. E. DePrince, III,  
 R. A. DiStasio Jr.,  A. Dreuw,  B. D. Dunietz,  T. R. Furlani,  
 W. A. Goddard III,  S. Grimme,  S. Hammes-Schiffer,  T. Head-Gordon,  
 W. J. Hehre,  Chao-Ping Hsu,  T.-C. Jagau,  Yousung Jung,  A. Klamt,  
 Jing Kong,  D. S. Lambrecht,  Xiangyuan Li,  WanZhen Liang,  N. J. Mayhall,  
 C. W. McCurdy,  J. B. Neaton,  T. Neudecker,  C. Ochsenfeld,  
 J. A. Parkhill,  R. Peverati,  V. A. Rassolov,  Haisheng Ren,  Yihan Shao,  
 L. V. Slipchenko,  R. P. Steele,  J. E. Subotnik,  A. J. W. Thom,  
 A. Tkatchenko,  D. G. Truhlar,  T. Van Voorhis,  Fan Wang,  
 T. A. Wesolowski,  K. B. Whaley,  H. L. Woodcock III,  P. M. Zimmerman,  
 S. Faraji,  P. M. W. Gill,  M. Head-Gordon,  J. M. Herbert,  A. I. Krylov

 Contributors to earlier versions of Q-Chem not listed above: 
 R. D. Adamson,  B. Austin,  R. Baer,  J. Baker,  G. J. O. Beran,  
 K. Brandhorst,  S. T. Brown,  E. F. C. Byrd,  Arup K. Chakraborty,  
 G. K. L. Chan,  Chun-Min Chang,  Yunqing Chen,  C.-L. Cheng,  
 Siu Hung Chien,  D. M. Chipman,  D. L. Crittenden,  H. Dachsel,  
 R. J. Doerksen,  A. D. Dutoi,  R. G. Edgar,  J. Fosso-Tande,  
 L. Fusti-Molnar,  D. Ghosh,  A. Ghysels,  A. Golubeva-Zadorozhnaya,  
 J. Gonthier,  M. S. Gordon,  S. R. Gwaltney,  G. Hawkins,  J. E. Herr,  
 A. Heyden,  S. Hirata,  E. G. Hohenstein,  G. Kedziora,  F. J. Keil,  
 C. Kelley,  Jihan Kim,  R. A. King,  R. Z. Khaliullin,  P. P. Korambath,  
 W. Kurlancheek,  A. Laurent,  A. M. Lee,  M. S. Lee,  S. V. Levchenko,  
 Ching Yeh Lin,  D. Liotard,  E. Livshits,  R. C. Lochan,  I. Lotan,  
 L. A. Martinez-Martinez,  P. E. Maslen,  N. Nair,  D. P. O'Neill,  
 D. Neuhauser,  E. Neuscamman,  C. M. Oana,  R. Olivares-Amaya,  R. Olson,  
 T. M. Perrine,  B. Peters,  P. A. Pieniazek,  A. Prociuk,  Y. M. Rhee,  
 J. Ritchie,  M. A. Rohrdanz,  E. Rosta,  N. J. Russ,  H. F. Schaefer III,  
 M. W. Schmidt,  N. E. Schultz,  S. Sharma,  N. Shenvi,  C. D. Sherrill,  
 A. C. Simmonett,  A. Sodt,  T. Stein,  D. Stuck,  K. S. Thanthiriwatte,  
 V. Vanovschi,  L. Vogt,  Tao Wang,  A. Warshel,  M. A. Watson,  
 C. F. Williams,  Q. Wu,  X. Xu,  Jun Yang,  W. Zhang,  Yan Zhao

   Please cite Q-Chem as follows:
  "Software for the frontiers of quantum chemistry:
   An overview of developments in the Q-Chem 5 package"
   J. Chem. Phys. 155, 084801 (2021)
   https://doi.org/10.1063/5.0055522 (open access)

 Q-Chem 6.1.1 for Intel X86 EM64T Linux

 Parts of Q-Chem use Armadillo 9.900.5 (Nocturnal Misbehaviour).
 http://arma.sourceforge.net/

 Q-Chem begins on Sun Mar 10 19:34:00 2024  

 Host: 
0

     Scratch files written to /scratch/qchemscratch/qchem3937371//
 Jan1824 |scratch|qcdevops|jenkins|workspace|build_RNUM UKVU   
 Processing $rem in /opt/qchem/6.1/config/preferences:
 Processing $rem in /home/mm227274/.qchemrc:

 Q-Chem warning in module libgen/rem_setup.C, line 3361:

 Neither GIA nor STOLL is specified by user. Use STOLL as the default


 Checking the input file for inconsistencies... 	...done.

--------------------------------------------------------------
User input:
--------------------------------------------------------------
$molecule
0 1
--
0 1
N -0.92227 0.64524 -0.00218
H -1.8368 1.11267 -0.0116
C -0.98525 -0.72873 -0.00478
O -2.04385 -1.36932 -0.01332
N 0.25537 -1.33309 0.00509
H 0.25173 -2.35022 0.00217
C 1.51985 -0.71966 0.0074
O 2.54425 -1.40069 0.01426
C 1.47564 0.73954 0.00017
C 0.26338 1.34706 -0.00589
H 0.1556 2.4281 -0.01349
C 2.77952 1.47406 -0.00291
H 2.61854 2.55534 -0.0095
H 3.37109 1.21034 0.87827
H 3.37248 1.20012 -0.87999
--
0 1
O -5.1352816 0.9889167999999999 -0.017112000000000002
H -4.8980316 0.03834679999999999 -0.07760199999999999
H -5.616891600000001 1.0637668 0.821538
$end

$rem
JOBTYPE          eda
EDA2             2
METHOD           b97m-v
BASIS            aug-cc-pvtz
SCF_CONVERGENCE  8
THRESH           14
SYMMETRY         false
DISP_FREE_X      revPBE
DISP_FREE_C      PBE
EDA_BSSE         true
$end
--------------------------------------------------------------
 ----------------------------------------------------------------
             Standard Nuclear Orientation (Angstroms)
    I     Atom           X                Y                Z
 ----------------------------------------------------------------
    1      N       0.7649459578    -0.6007670686    -0.0164645785
    2      H       1.6990309115    -1.0275583818    -0.0331719586
    3      C       0.7675554880     0.7746437792    -0.0142304426
    4      O       1.7969522537     1.4611193451    -0.0267218787
    5      N      -0.4983050691     1.3239138514     0.0054125887
    6      H      -0.5393203812     2.3402268517     0.0063304079
    7      C      -1.7346099647     0.6555548714     0.0130185347
    8      O      -2.7878460098     1.2909241470     0.0286389514
    9      C      -1.6264555913    -0.8002624916    -0.0000150411
   10      C      -0.3887649212    -1.3539480597    -0.0156891727
   11      H      -0.2336996959    -2.4291801174    -0.0280410149
   12      C      -2.8968414751    -1.5913047795     0.0019790927
   13      H      -2.6886117328    -2.6644444551    -0.0096844384
   14      H      -3.4939483901    -1.3569205876     0.8877041506
   15      H      -3.5066690119    -1.3405712263    -0.8704640701
   16      O       4.9888072541    -0.7590881917    -0.0581013603
   17      H       4.7097030342     0.1803563021    -0.1135522850
   18      H       5.4784198479    -0.8156781876     0.7773396116
 ----------------------------------------------------------------
 Molecular Point Group                 C1    NOp =  1
 Largest Abelian Subgroup              C1    NOp =  1
 Nuclear Repulsion Energy =         510.17231132 hartrees
 There are       38 alpha and       38 beta electrons
 Requested basis set is aug-cc-pVTZ
 There are 212 shells and 644 basis functions

 Total QAlloc Memory Limit  16000 MB
 Mega-Array Size       188 MB
 MEM_STATIC part       192 MB

 A cutoff of  1.0D-14 yielded  20270 shell pairs
 There are    183694 function pairs (    248559 Cartesian)
 Smallest overlap matrix eigenvalue = 2.00E-06

 Scale SEOQF with 1.000000e-02/1.000000e-01/1.000000e-01

 Standard Electronic Orientation quadrupole field applied
 Nucleus-field energy     =     0.0000000093 hartrees

 -----------------------------------------------------------------------
  General SCF calculation program by
  Eric Jon Sundstrom, Paul Horn, Yuezhi Mao, Dmitri Zuev, Alec White,
  David Stuck, Shaama M.S., Shane Yost, Joonho Lee, David Small,
  Daniel Levine, Susi Lehtola, Hugh Burton, Evgeny Epifanovsky,
  Bang C. Huynh
 -----------------------------------------------------------------------
================================================================
                 ALMO-EDA with the EDA2 driver                  
================================================================
 The second-generation ALMO-EDA (for DFT):                      
 P. R. Horn, Y. Mao and M. Head-Gordon, PCCP, 18, 23067 (2016)  
 Y. Mao et al. Annu. Rev. Phys. Chem. 72, 641 (2021)            
 Decomposition of the frozen energy:                            
 P. R. Horn, Y. Mao and M. Head-Gordon, JCP, 144, 114107 (2016) 
================================================================
 Using eda2 option set 2
 Option set summary: Frozen orbital wavefunction, initial wavefunction decomposition, and traditional AO-based POL.
--------------------------------
Printing EDA Options
--------------------------------
eda_child_super_basis      0
fragmo_guess_mode          0
child_mp                   0
child_mp_orders            0
cls_elec                   1
cls_disp                   0
scfmi_mode                 1
scfmi_occs                 0
scfmi_virts                0
frz_relax                  0
frz_relax_method           0
dc_pen_start               0
dc_pen_conv                0
dc_pen_increment           0
dc_pen_steps               0
dc_pen_thresh_factor       0
dc_pen_pre_newton_thresh   0
frz_ortho_decomp           1
frz_ortho_decomp_conv      6
plot_mo_ortho_frz          0
frgm_method                2
scfmi_freeze_ss            0
separate_rehyb             0
plot_diff_den              0
eda_nocv                   0
eda_vct_relax              1
disp_free_x                33
disp_free_c                25
eda_bsse                   1
eda_pct_a                  0
eda_covp                   0
eda_vct_a                  0
--------------------------------
 Attempting to make child job directory: /scratch/qchemscratch/qchem3937371//Frg1/
 Attempting to make child job directory: /scratch/qchemscratch/qchem3937371//Frg2/
 Creating input file /scratch/qchemscratch/qchem3937371/Frg1.input
 using default PutDataFrgm: nothing
 calling putenv with: QCSCRATCH=/scratch/qchemscratch/qchem3937371/ 
 Spawning Job For Fragment 0
 Done Job For Fragment 0
 calling putenv with: QCSCRATCH=/scratch/qchemscratch 
 calling putenv with: QCTHREADS=1 
 Creating input file /scratch/qchemscratch/qchem3937371/Frg2.input
 using default PutDataFrgm: nothing
 calling putenv with: QCSCRATCH=/scratch/qchemscratch/qchem3937371/ 
 Spawning Job For Fragment 1
 Done Job For Fragment 1
 calling putenv with: QCSCRATCH=/scratch/qchemscratch 
 calling putenv with: QCTHREADS=1 
Doing General SCFMI
 Exchange:  B97M-V      Correlation:  B97M-V
 Using SG-2 standard quadrature grid
 Nonlocal Correlation:  VV10 with C = 0.0100 and b = 6.00 and scale = 1.00000
 Grid used for NLC:  SG-1 standard quadrature
performing fock build before subrot guess so that all methods have access
Printing subrot_rss_gen Method Specification:
Occupied Subspace Method is 0
Virtual Subspace Method is 0
Energy of the unrelaxed supersystem initial determinant -530.689326635437
write pseudocanon occs and virts to disk
write pseudocanon orbital energies to disk
Tolerance of ortho_decomp_scf: 1.00e-06
GDM subspace size: 20
Beginning the Orthogonal Decomposition of the Initial Supersystem Wavefunction
    1    -530.6819546385      1.70e-02     ortho_decomp Preconditoned Steepest Descent
    2    -530.6821835378      2.39e-05     ortho_decomp BFGS Step
    3    -530.6821835402      1.05e-07     ortho_decomp 00000 Convergence criterion met
 Exchange:  revPBE      Correlation:  PBE
 Using SG-2 standard quadrature grid
 Exchange:  revPBE      Correlation:  PBE
 Using SG-2 standard quadrature grid
 Exchange:  revPBE      Correlation:  PBE
 Using SG-2 standard quadrature grid
Doing General SCFMI
 Exchange:  B97M-V      Correlation:  B97M-V
 Using SG-2 standard quadrature grid
 Nonlocal Correlation:  VV10 with C = 0.0100 and b = 6.00 and scale = 1.00000
 Grid used for NLC:  SG-1 standard quadrature
performing fock build at end of subrot_r(subrot) constructor so that all methods have access
<S^2> of initial wavefunction before polarization iterations 0.0000000000
Beginning iterations for the determination of the polarized wavefunction
Energy prior to optimization (guess energy) = -530.689326635437
Begin Timing: Total SCF Calculation
begin iterations for algorithm: DIIS         
the SCF tolerance is set to 1.00e-08
    1    -530.6893266354      2.86e-05     00000 
    2    -530.6895903663      2.40e-05     00000 
    3    -530.6896131251      2.27e-05     00000 
    4    -530.6896744636      5.35e-06     00000 
    5    -530.6896765079      3.55e-06     00000 
    6    -530.6896779720      1.10e-06     00000 
    7    -530.6896780994      4.66e-07     00000 
    8    -530.6896781249      7.37e-08     00000 
    9    -530.6896781253      4.96e-08     00000 
   10    -530.6896781257      2.13e-08     00000 
   11    -530.6896781257      5.22e-09     00000 Convergence criterion met
write pseudocanon occs and virts to disk
write pseudocanon orbital energies to disk
Timing for Total SCF: 3996.00s (wall), 3952.68s (cpu)
<S^2> of polarized wavefunction after polarization iterations 0.0000000000
relaxing scfmi constraint to allow all rotations in the entire AO span
Doing General SCFMI
 Exchange:  B97M-V      Correlation:  B97M-V
 Using SG-2 standard quadrature grid
 Nonlocal Correlation:  VV10 with C = 0.0100 and b = 6.00 and scale = 1.00000
 Grid used for NLC:  SG-1 standard quadrature
performing fock build at end of subrot_r(subrot) constructor so that all methods have access
<S^2> of polarized wavefunction before ct-allowed iterations 0.0000000000
Beginning iterations for the determination of the CT-Allowed wavefunction
Energy prior to optimization (guess energy) = -530.689678125722
Begin Timing: Total SCF Calculation
begin iterations for algorithm: DIIS         
the SCF tolerance is set to 1.00e-08
    1    -530.6896781257      2.53e-05     00000 
    2    -530.6899511149      1.52e-06     00000 
    3    -530.6899507391      2.37e-06     00000 
    4    -530.6899515859      6.34e-07     00000 
    5    -530.6899516228      4.34e-07     00000 
    6    -530.6899516517      1.18e-07     00000 
    7    -530.6899516538      5.39e-08     00000 
    8    -530.6899516542      7.86e-09     00000 Convergence criterion met
write pseudocanon occs and virts to disk
write pseudocanon orbital energies to disk
Timing for Total SCF: 2553.00s (wall), 2524.00s (cpu)
<S^2> of ct_allowed wavefunction after ct-allowed iterations 0.0000000000
 Attempting to make child job directory: /scratch/qchemscratch/qchem3937371//FrgBSSE1/
 Attempting to make child job directory: /scratch/qchemscratch/qchem3937371//FrgBSSE2/
 Creating input file /scratch/qchemscratch/qchem3937371/FrgBSSE1.input
 calling putenv with: QCSCRATCH=/scratch/qchemscratch/qchem3937371/ 
 Spawning Job For Fragment 0
 Done Job For Fragment 0
 calling putenv with: QCSCRATCH=/scratch/qchemscratch 
 calling putenv with: QCTHREADS=1 
 Creating input file /scratch/qchemscratch/qchem3937371/FrgBSSE2.input
 calling putenv with: QCSCRATCH=/scratch/qchemscratch/qchem3937371/ 
 Spawning Job For Fragment 1
 Done Job For Fragment 1
 calling putenv with: QCSCRATCH=/scratch/qchemscratch 
 calling putenv with: QCTHREADS=1 
====================================================================
   Evaluating the BSSE with fragment SCF in the supersystem basis
   Fragment contributions (kJ/mol) 
   Frgm 1: 0.0556
   Frgm 2: 0.0641
   BSSE (kJ/mol) = 0.1197
====================================================================

================================
        Results of EDA2         
================================
Basic EDA Quantities
--------------------
Fragment Energies (Ha):
1 -454.2513859632
2  -76.4328519024
--------------------
  E_prp (kJ/mol) = 0.0000
  E_frz (kJ/mol) = -13.3607
  E_pol (kJ/mol) = -0.9228
  E_vct (kJ/mol) = -0.5985 (CP-corrected)
  E_int (kJ/mol) = -14.8820 (CP-corrected)
--------------------


Decomposition of frozen interaction energy
--------------------
  --------------------
  Orthogonal Frozen Decomposition:
  --------------------
     E_elec   (ELEC)   (kJ/mol) = -15.2915
     E_pauli  (PAULI)  (kJ/mol) = 3.8991
     E_disp   (DISP)   (kJ/mol) = -1.9683
  --------------------
  Classical Frozen Decomposition:
  --------------------
     E_cls_elec  (CLS ELEC)  (kJ/mol) = -12.4740
     E_mod_pauli (MOD PAULI) (kJ/mol) = 1.0816 (FRZ - CLS ELEC - DISP)
     E_disp      (DISP)      (kJ/mol) = -1.9683
  --------------------
--------------------

Simplified EDA Summary (kJ/mol)
--------------------
 PREPARATION      0.0000
 FROZEN           -13.3607 (ELEC + PAULI + DISP)
[ELEC + PAULI = -11.3924, DISP = -1.9683]
 POLARIZATION    -0.9228
 CHARGE TRANSFER -0.5985     (counterpoise-corrected)
 TOTAL           -14.8820     (PRP + FRZ + POL + CT)
--------------------
 
 --------------------------------------------------------------
 
                    Orbital Energies (a.u.)
 --------------------------------------------------------------
 
 Alpha MOs
 -- Occupied --
-19.1639 -19.1386 -19.1365 -14.4155 -14.3982 -10.3356 -10.3020 -10.2634
-10.2154 -10.1908  -1.0661  -1.0353  -1.0042  -0.9719  -0.9219  -0.8077
 -0.7018  -0.6608  -0.6451  -0.5520  -0.5407  -0.4996  -0.4984  -0.4592
 -0.4529  -0.4202  -0.4059  -0.4051  -0.3858  -0.3752  -0.3678  -0.3669
 -0.3382  -0.2875  -0.2723  -0.2705  -0.2458  -0.2314
 -- Virtual --
 -0.0766  -0.0362  -0.0234  -0.0194  -0.0056  -0.0023   0.0113   0.0203
  0.0251   0.0291   0.0360   0.0423   0.0487   0.0551   0.0609   0.0660
  0.0691   0.0737   0.0765   0.0768   0.0823   0.0849   0.0921   0.0938
  0.0941   0.1031   0.1063   0.1074   0.1103   0.1141   0.1175   0.1295
  0.1370   0.1435   0.1452   0.1456   0.1495   0.1542   0.1573   0.1631
  0.1655   0.1688   0.1756   0.1810   0.1873   0.1948   0.1990   0.2006
  0.2083   0.2094   0.2112   0.2133   0.2168   0.2290   0.2309   0.2315
  0.2369   0.2464   0.2492   0.2543   0.2580   0.2585   0.2633   0.2739
  0.2780   0.2876   0.2912   0.2939   0.2982   0.3015   0.3104   0.3116
  0.3128   0.3161   0.3203   0.3219   0.3281   0.3311   0.3351   0.3439
  0.3464   0.3548   0.3605   0.3612   0.3663   0.3707   0.3757   0.3824
  0.3897   0.3919   0.3942   0.4082   0.4161   0.4194   0.4261   0.4326
  0.4380   0.4408   0.4564   0.4601   0.4630   0.4652   0.4721   0.4781
  0.4870   0.4923   0.5008   0.5038   0.5118   0.5204   0.5225   0.5251
  0.5285   0.5304   0.5424   0.5471   0.5531   0.5619   0.5705   0.5818
  0.5851   0.6006   0.6010   0.6169   0.6230   0.6267   0.6316   0.6428
  0.6442   0.6546   0.6552   0.6648   0.6719   0.6835   0.6954   0.6997
  0.7036   0.7076   0.7174   0.7224   0.7243   0.7270   0.7392   0.7423
  0.7488   0.7542   0.7589   0.7618   0.7718   0.7737   0.7795   0.7836
  0.7872   0.7953   0.8008   0.8030   0.8135   0.8157   0.8199   0.8217
  0.8294   0.8342   0.8377   0.8445   0.8453   0.8553   0.8614   0.8653
  0.8785   0.8842   0.8894   0.9041   0.9062   0.9094   0.9182   0.9261
  0.9332   0.9427   0.9478   0.9529   0.9629   0.9660   0.9826   0.9870
  0.9959   1.0035   1.0074   1.0092   1.0132   1.0185   1.0220   1.0276
  1.0365   1.0378   1.0493   1.0652   1.0677   1.0776   1.0782   1.0856
  1.0896   1.0950   1.1035   1.1188   1.1241   1.1334   1.1405   1.1528
  1.1572   1.1755   1.1793   1.1866   1.2004   1.2051   1.2106   1.2150
  1.2189   1.2391   1.2497   1.2528   1.2571   1.2598   1.2661   1.2737
  1.2755   1.2972   1.2988   1.3011   1.3072   1.3192   1.3279   1.3439
  1.3555   1.3720   1.3771   1.3812   1.3867   1.4013   1.4050   1.4227
  1.4251   1.4386   1.4449   1.4471   1.4535   1.4552   1.4705   1.4764
  1.4804   1.4835   1.4995   1.5099   1.5142   1.5263   1.5274   1.5367
  1.5415   1.5559   1.5696   1.5748   1.5845   1.5863   1.6057   1.6189
  1.6382   1.6562   1.6592   1.6661   1.6713   1.6834   1.6948   1.7110
  1.7278   1.7285   1.7297   1.7441   1.7628   1.7904   1.8040   1.8106
  1.8372   1.8581   1.8600   1.8743   1.8954   1.9138   1.9183   1.9279
  1.9387   1.9499   1.9515   1.9916   1.9963   2.0027   2.0185   2.0383
  2.0423   2.0490   2.0609   2.0771   2.0849   2.0905   2.0976   2.0991
  2.1171   2.1235   2.1253   2.1375   2.1511   2.1641   2.1681   2.1944
  2.2040   2.2091   2.2277   2.2370   2.2452   2.2551   2.2636   2.2792
  2.2832   2.3021   2.3333   2.3349   2.3399   2.3466   2.3475   2.3732
  2.3780   2.3867   2.3899   2.3950   2.4135   2.4225   2.4346   2.4548
  2.4692   2.4912   2.4984   2.5097   2.5122   2.5256   2.5455   2.5544
  2.5613   2.5690   2.5733   2.6042   2.6177   2.6298   2.6667   2.6731
  2.6951   2.7072   2.7419   2.7478   2.7645   2.7741   2.7903   2.8139
  2.8158   2.8388   2.8816   2.8865   2.9588   2.9744   2.9749   3.0087
  3.0303   3.0374   3.0436   3.0892   3.1075   3.1173   3.1441   3.1578
  3.1691   3.1880   3.1902   3.2059   3.2193   3.2475   3.2863   3.3211
  3.3504   3.3540   3.3601   3.3737   3.4017   3.4100   3.4106   3.4319
  3.4409   3.4601   3.4668   3.4855   3.5152   3.5253   3.5321   3.5399
  3.5505   3.5676   3.5842   3.5877   3.5989   3.6130   3.6308   3.6374
  3.6490   3.6880   3.7117   3.7168   3.7226   3.7251   3.7642   3.7764
  3.7812   3.8103   3.8347   3.8612   3.8754   3.9032   3.9214   3.9224
  3.9332   3.9533   3.9608   3.9699   3.9754   3.9987   4.0086   4.0285
  4.0368   4.0375   4.0735   4.0795   4.0836   4.1022   4.1040   4.1177
  4.1247   4.1511   4.1679   4.1800   4.1923   4.2011   4.2108   4.2279
  4.2425   4.2593   4.2829   4.2930   4.3056   4.3117   4.3163   4.3271
  4.3355   4.3463   4.3504   4.3858   4.4198   4.4285   4.4513   4.4694
  4.5116   4.5138   4.5212   4.5340   4.5429   4.5470   4.5720   4.5772
  4.5794   4.6264   4.6363   4.6462   4.6558   4.7274   4.7362   4.7505
  4.7687   4.7977   4.8010   4.8348   4.8537   4.8669   4.8896   4.8971
  4.9499   4.9535   4.9630   4.9993   5.0197   5.0271   5.0477   5.0678
  5.0891   5.1110   5.1208   5.1224   5.1578   5.1907   5.2076   5.2178
  5.2553   5.2878   5.2969   5.3009   5.3080   5.3165   5.3291   5.3343
  5.3584   5.4044   5.4125   5.4571   5.4754   5.4868   5.5117   5.5221
  5.5609   5.5899   5.5962   5.6344   5.6666   5.6793   5.7057   5.7088
  5.7589   5.7820   5.8067   5.8165   5.8605   5.8930   5.9137   5.9484
  5.9696   5.9721   5.9944   6.0101   6.0200   6.0598   6.1316   6.1630
  6.2698   6.3497   6.3565   6.4337   6.4739   6.5036   6.5132   6.5344
  6.5656   6.5680   6.5859   6.6040   6.6153   6.6271   6.6611   6.6863
  6.7183   6.7325   6.7788   6.7843   6.8318   6.9155   6.9564   6.9771
  7.0176   7.0376   7.0476   7.0742   7.0798   7.0905   7.1042   7.1141
  7.1255   7.1417   7.1614   7.1658   7.2783   7.3329   7.3755   7.4299
  7.4643   7.5185   7.5702   7.6379   7.6743   7.6948   7.7106   7.7474
  7.7602   7.7898   7.9066   8.5632  15.0337  15.3064  15.6062  15.8076
 16.2578  17.5975  18.6175  19.5842  19.9898  20.2205
 --------------------------------------------------------------
 
          Ground-State Mulliken Net Atomic Charges

     Atom                 Charge (a.u.)
  ----------------------------------------
      1 N                     0.233241
      2 H                     0.163009
      3 C                    -0.282578
      4 O                    -0.583756
      5 N                     0.455436
      6 H                     0.051700
      7 C                    -0.390328
      8 O                    -0.729692
      9 C                     1.246613
     10 C                    -1.164267
     11 H                     0.609734
     12 C                    -0.597246
     13 H                     0.285076
     14 H                     0.349752
     15 H                     0.352078
     16 O                    -0.529425
     17 H                     0.284193
     18 H                     0.246459
  ----------------------------------------
  Sum of atomic charges =     0.000000

 -----------------------------------------------------------------
                    Cartesian Multipole Moments
 -----------------------------------------------------------------
    Charge (ESU x 10^10)
                 0.0000
    Dipole Moment (Debye)
         X       1.0750      Y      -3.1802      Z       1.1164
       Tot       3.5377
    Quadrupole Moments (Debye-Ang)
        XX     -67.5024     XY       5.6864     YY     -56.5048
        XZ       7.2206     YZ      -1.2786     ZZ     -58.4208
    Octopole Moments (Debye-Ang^2)
       XXX      67.0103    XXY     -11.9382    XYY       2.5804
       YYY      -0.4606    XXZ      41.0985    XYZ      -7.2381
       YYZ       1.1033    XZZ      10.4267    YZZ       2.8157
       ZZZ       1.2709
    Hexadecapole Moments (Debye-Ang^3)
      XXXX   -2023.9959   XXXY     121.6121   XXYY    -486.2955
      XYYY     -23.4548   YYYY    -513.1724   XXXZ     242.9843
      XXYZ     -43.4758   XYYZ       7.7414   YYYZ      -1.0434
      XXZZ    -330.1113   XYZZ     -11.0280   YYZZ    -107.6937
      XZZZ       7.3097   YZZZ      -1.4437   ZZZZ     -66.2225
 -----------------------------------------------------------------
 Total job time:  19153.34s(wall), 10841.86s(cpu) 
 Mon Mar 11 00:53:14 2024

        *************************************************************
        *                                                           *
        *  Thank you very much for using Q-Chem.  Have a nice day.  *
        *                                                           *
        *************************************************************


