You are running Q-Chem version: 6.1.1

#
# job setting
#
local host:  node111.bme.utexas.edu
current dir: /home/mm227274/dimer_database/nucleobase_wat/T_optimized-Wat-DOCK/almo
input file:  T-wat_1_1.3_jun.inp
output file: 
nprocs     : 1
nthreads   : 1
#
# qchem installation setting
#
QC:          /opt/qchem/6.1
QCAUX:       /opt/qchem/6.1/qcaux
QCPROG:      /opt/qchem/6.1/exe/qcprog.exe_s
QCPROG_S:    /opt/qchem/6.1/exe/qcprog.exe_s
PARALLEL:    -DSERIAL
QCMPI:       seq
#
# qchem directory setting
#
qcrun:       qchem1317378
QCSCRATCH:   /scratch/qchemscratch
QCLOCALSCR:  
QCTMPDIR:    /scratch/qchemscratch
QCFILEPREF:  /scratch/qchemscratch/qchem1317378
QCSAVEDIR:   
workdirs:    /scratch/qchemscratch/qchem1317378
workdir0:    /scratch/qchemscratch/qchem1317378
partmpdirs =  
#
# parallel setting
#
QCRSH:           ssh
QCMPI:           seq
QCMPIRUN:        
QCMACHINEFILE:   

#
# env setting
#
exported envs:   QC QCAUX QCSCRATCH QCRUNNAME QCFILEPREF QCPROG QCPROG_S GUIFILE

Running Job 1 of 1 T-wat_1_1.3_jun.inp
qchem T-wat_1_1.3_jun.inp_1317378.0 /scratch/qchemscratch/qchem1317378/ 1
/opt/qchem/6.1/exe/qcprog.exe_s T-wat_1_1.3_jun.inp_1317378.0 /scratch/qchemscratch/qchem1317378/
                  Welcome to Q-Chem
     A Quantum Leap Into The Future Of Chemistry


 Q-Chem 6.1, Q-Chem, Inc., Pleasanton, CA (2023)

 License issued to: SRG Pengyu Ren, University of Texas at Austin

 E. Epifanovsky,  A. T. B. Gilbert,  Xintian Feng,  Joonho Lee,  Yuezhi Mao,  
 N. Mardirossian,  P. Pokhilko,  A. White,  M. Wormit,  M. P. Coons,  
 A. L. Dempwolff,  Zhengting Gan,  D. Hait,  P. R. Horn,  L. D. Jacobson,  
 I. Kaliman,  J. Kussmann,  A. W. Lange,  Ka Un Lao,  D. S. Levine,  Jie Liu,  
 S. C. McKenzie,  A. F. Morrison,  K. D. Nanda,  F. Plasser,  D. R. Rehn,  
 M. L. Vidal,  Zhi-Qiang You,  Ying Zhu,  B. Alam,  B. Albrecht,  
 A. Aldossary,  E. Alguire,  J. H. Andersen,  V. Athavale,  D. Barton,  
 K. Begam,  A. Behn,  N. Bellonzi,  Y. A. Bernard,  E. J. Berquist,  
 H. Burton,  A. Carreras,  K. Carter-Fenk,  Mathew Chow,  Romit Chakraborty,  
 Chandrima Chakravarty,  Junhan Chen,  A. D. Chien,  K. D. Closser,  
 V. Cofer-Shabica,  L. Cunha,  S. Dasgupta,  Jia Deng,  M. de Wergifosse,  
 M. Diedenhofen,  Hainam Do,  S. Ehlert,  Po-Tung Fang,  S. Fatehi,  
 Qingguo Feng,  T. Friedhoff,  Thomas Froitzheim,  B. Ganoe,  J. Gayvert,  
 Qinghui Ge,  G. Gidofalvi,  M. Gimferrer,  M. Goldey,  Montgomery Gray,  
 J. Gomes,  C. Gonzalez-Espinoza,  S. Gulania,  A. Gunina,  J. A. Gyamfi,  
 M. W. D. Hanson-Heine,  P. H. P. Harbach,  A. W. Hauser,  M. F. Herbst,  
 M. Hernandez Vera,  M. Hodecker,  Z. C. Holden,  S. Houck,  Xunkun Huang,  
 Kerwin Hui,  B. C. Huynh,  K. Ikeda,  M. Ivanov,  Hyunjun Ji,  Zuxin Jin,  
 Hanjie Jiang,  Subrata Jana,  B. Kaduk,  S. Kaehler,  R. Kang,  
 K. Khistyaev,  Jaehoon Kim,  Yongbin Kim,  P. Klunzinger,  Z. Koczor-Benda,  
 Joong Hoon Koh,  D. Kosenkov,  Saikiran Kotaru,  L. Koulias,  T. Kowalczyk,  
 C. M. Krauter,  K. Kue,  A. Kunitsa,  T. Kus,  A. Landau,  K. V. Lawler,  
 D. Lefrancois,  S. Lehtola,  Rain Li,  Shaozhi Li,  Yi-Pei Li,  
 Jiashu Liang,  M. Liebenthal,  Hung-Hsuan Lin,  You-Sheng Lin,  Fenglai Liu,  
 Kuan-Yu Liu,  Xiao Liu,  M. Loipersberger,  A. Luenser,  C. Malbon,  
 A. Manjanath,  P. Manohar,  E. Mansoor,  S. F. Manzer,  Shan-Ping Mao,  
 A. V. Marenich,  T. Markovich,  S. Mason,  F. Matz,  S. A. Maurer,  
 P. F. McLaughlin,  M. F. S. J. Menger,  J.-M. Mewes,  S. A. Mewes,  
 P. Morgante,  Mohammad Mostafanejad,  J. W. Mullinax,  K. J. Oosterbaan,  
 G. Paran,  V. Parravicini,  Alexander C. Paul,  Suranjan K. Paul,  
 F. Pavosevic,  Zheng Pei,  S. Prager,  E. I. Proynov,  E. Ramos,  B. Rana,  
 A. E. Rask,  A. Rettig,  R. M. Richard,  F. Rob,  E. Rossomme,  T. Scheele,  
 M. Scheurer,  M. Schneider,  P. E. Schneider,  Tim K. Schramm,  N. Sergueev,  
 S. M. Sharada,  M. Sharma,  Hengyuan Shen,  W. Skomorowski,  D. W. Small,  
 C. J. Stein,  Alistair J. Sterling,  Yingli Su,  Yu-Chuan Su,  
 E. J. Sundstrom,  J. Talbot,  Zhen Tao,  J. Thirman,  Hung-Yi Tsai,  
 T. Tsuchimochi,  N. M. Tubman,  C. Utku,  S. P. Veccham,  O. Vydrov,  
 J. Wenzel,  Jonathan Wong,  J. Witte,  A. Yamada,  Chou-Hsun Yang,  Kun Yao,  
 S. Yeganeh,  S. R. Yost,  A. Zech,  F. Zeller,  Igor Ying Zhang,  
 Xing Zhang,  Yu Zhang,  D. Zuev,  A. Aspuru-Guzik,  A. T. Bell,  
 N. A. Besley,  K. B. Bravaya,  B. R. Brooks,  D. Casanova,  Jeng-Da Chai,  
 Hsing-Ta Chen,  S. Coriani,  C. J. Cramer,  A. E. DePrince, III,  
 R. A. DiStasio Jr.,  A. Dreuw,  B. D. Dunietz,  T. R. Furlani,  
 W. A. Goddard III,  S. Grimme,  S. Hammes-Schiffer,  T. Head-Gordon,  
 W. J. Hehre,  Chao-Ping Hsu,  T.-C. Jagau,  Yousung Jung,  A. Klamt,  
 Jing Kong,  D. S. Lambrecht,  Xiangyuan Li,  WanZhen Liang,  N. J. Mayhall,  
 C. W. McCurdy,  J. B. Neaton,  T. Neudecker,  C. Ochsenfeld,  
 J. A. Parkhill,  R. Peverati,  V. A. Rassolov,  Haisheng Ren,  Yihan Shao,  
 L. V. Slipchenko,  R. P. Steele,  J. E. Subotnik,  A. J. W. Thom,  
 A. Tkatchenko,  D. G. Truhlar,  T. Van Voorhis,  Fan Wang,  
 T. A. Wesolowski,  K. B. Whaley,  H. L. Woodcock III,  P. M. Zimmerman,  
 S. Faraji,  P. M. W. Gill,  M. Head-Gordon,  J. M. Herbert,  A. I. Krylov

 Contributors to earlier versions of Q-Chem not listed above: 
 R. D. Adamson,  B. Austin,  R. Baer,  J. Baker,  G. J. O. Beran,  
 K. Brandhorst,  S. T. Brown,  E. F. C. Byrd,  Arup K. Chakraborty,  
 G. K. L. Chan,  Chun-Min Chang,  Yunqing Chen,  C.-L. Cheng,  
 Siu Hung Chien,  D. M. Chipman,  D. L. Crittenden,  H. Dachsel,  
 R. J. Doerksen,  A. D. Dutoi,  R. G. Edgar,  J. Fosso-Tande,  
 L. Fusti-Molnar,  D. Ghosh,  A. Ghysels,  A. Golubeva-Zadorozhnaya,  
 J. Gonthier,  M. S. Gordon,  S. R. Gwaltney,  G. Hawkins,  J. E. Herr,  
 A. Heyden,  S. Hirata,  E. G. Hohenstein,  G. Kedziora,  F. J. Keil,  
 C. Kelley,  Jihan Kim,  R. A. King,  R. Z. Khaliullin,  P. P. Korambath,  
 W. Kurlancheek,  A. Laurent,  A. M. Lee,  M. S. Lee,  S. V. Levchenko,  
 Ching Yeh Lin,  D. Liotard,  E. Livshits,  R. C. Lochan,  I. Lotan,  
 L. A. Martinez-Martinez,  P. E. Maslen,  N. Nair,  D. P. O'Neill,  
 D. Neuhauser,  E. Neuscamman,  C. M. Oana,  R. Olivares-Amaya,  R. Olson,  
 T. M. Perrine,  B. Peters,  P. A. Pieniazek,  A. Prociuk,  Y. M. Rhee,  
 J. Ritchie,  M. A. Rohrdanz,  E. Rosta,  N. J. Russ,  H. F. Schaefer III,  
 M. W. Schmidt,  N. E. Schultz,  S. Sharma,  N. Shenvi,  C. D. Sherrill,  
 A. C. Simmonett,  A. Sodt,  T. Stein,  D. Stuck,  K. S. Thanthiriwatte,  
 V. Vanovschi,  L. Vogt,  Tao Wang,  A. Warshel,  M. A. Watson,  
 C. F. Williams,  Q. Wu,  X. Xu,  Jun Yang,  W. Zhang,  Yan Zhao

   Please cite Q-Chem as follows:
  "Software for the frontiers of quantum chemistry:
   An overview of developments in the Q-Chem 5 package"
   J. Chem. Phys. 155, 084801 (2021)
   https://doi.org/10.1063/5.0055522 (open access)

 Q-Chem 6.1.1 for Intel X86 EM64T Linux

 Parts of Q-Chem use Armadillo 9.900.5 (Nocturnal Misbehaviour).
 http://arma.sourceforge.net/

 Q-Chem begins on Mon Apr 15 13:32:38 2024  

 Host: 
0

     Scratch files written to /scratch/qchemscratch/qchem1317378//
 Jan1824 |scratch|qcdevops|jenkins|workspace|build_RNUM UKVU   
 Processing $rem in /opt/qchem/6.1/config/preferences:
 Processing $rem in /home/mm227274/.qchemrc:

 Q-Chem warning in module libgen/rem_setup.C, line 3361:

 Neither GIA nor STOLL is specified by user. Use STOLL as the default


 Checking the input file for inconsistencies... 	...done.

--------------------------------------------------------------
User input:
--------------------------------------------------------------
$molecule
0 1
--
0 1
N -0.92227 0.64524 -0.00218
H -1.8368 1.11267 -0.0116
C -0.98525 -0.72873 -0.00478
O -2.04385 -1.36932 -0.01332
N 0.25537 -1.33309 0.00509
H 0.25173 -2.35022 0.00217
C 1.51985 -0.71966 0.0074
O 2.54425 -1.40069 0.01426
C 1.47564 0.73954 0.00017
C 0.26338 1.34706 -0.00589
H 0.1556 2.4281 -0.01349
C 2.77952 1.47406 -0.00291
H 2.61854 2.55534 -0.0095
H 3.37109 1.21034 0.87827
H 3.37248 1.20012 -0.87999
--
0 1
O -5.1352816 0.9889167999999999 -0.017112000000000002
H -4.8980316 0.03834679999999999 -0.07760199999999999
H -5.616891600000001 1.0637668 0.821538
$end

$rem
JOBTYPE          eda
EDA2             2
METHOD           b97m-v
BASIS            jun-cc-pvdz
SCF_CONVERGENCE  8
THRESH           14
SYMMETRY         false
DISP_FREE_X      revPBE
DISP_FREE_C      PBE
EDA_BSSE         true
$end
--------------------------------------------------------------
 ----------------------------------------------------------------
             Standard Nuclear Orientation (Angstroms)
    I     Atom           X                Y                Z
 ----------------------------------------------------------------
    1      N       0.7649459578    -0.6007670686    -0.0164645785
    2      H       1.6990309115    -1.0275583818    -0.0331719586
    3      C       0.7675554880     0.7746437792    -0.0142304426
    4      O       1.7969522537     1.4611193451    -0.0267218787
    5      N      -0.4983050691     1.3239138514     0.0054125887
    6      H      -0.5393203812     2.3402268517     0.0063304079
    7      C      -1.7346099647     0.6555548714     0.0130185347
    8      O      -2.7878460098     1.2909241470     0.0286389514
    9      C      -1.6264555913    -0.8002624916    -0.0000150411
   10      C      -0.3887649212    -1.3539480597    -0.0156891727
   11      H      -0.2336996959    -2.4291801174    -0.0280410149
   12      C      -2.8968414751    -1.5913047795     0.0019790927
   13      H      -2.6886117328    -2.6644444551    -0.0096844384
   14      H      -3.4939483901    -1.3569205876     0.8877041506
   15      H      -3.5066690119    -1.3405712263    -0.8704640701
   16      O       4.9888072541    -0.7590881917    -0.0581013603
   17      H       4.7097030342     0.1803563021    -0.1135522850
   18      H       5.4784198479    -0.8156781876     0.7773396116
 ----------------------------------------------------------------
 Molecular Point Group                 C1    NOp =  1
 Largest Abelian Subgroup              C1    NOp =  1
 Nuclear Repulsion Energy =         510.17231132 hartrees
 There are       38 alpha and       38 beta electrons
 Requested basis set is jun-cc-pVDZ
 There are 104 shells and 220 basis functions

 Total QAlloc Memory Limit  16000 MB
 Mega-Array Size       188 MB
 MEM_STATIC part       192 MB

 A cutoff of  1.0D-14 yielded   5047 shell pairs
 There are     22387 function pairs (     24421 Cartesian)
 Smallest overlap matrix eigenvalue = 3.83E-05

 Scale SEOQF with 1.000000e-02/1.000000e-01/1.000000e-01

 Standard Electronic Orientation quadrupole field applied
 Nucleus-field energy     =     0.0000000093 hartrees

 -----------------------------------------------------------------------
  General SCF calculation program by
  Eric Jon Sundstrom, Paul Horn, Yuezhi Mao, Dmitri Zuev, Alec White,
  David Stuck, Shaama M.S., Shane Yost, Joonho Lee, David Small,
  Daniel Levine, Susi Lehtola, Hugh Burton, Evgeny Epifanovsky,
  Bang C. Huynh
 -----------------------------------------------------------------------
================================================================
                 ALMO-EDA with the EDA2 driver                  
================================================================
 The second-generation ALMO-EDA (for DFT):                      
 P. R. Horn, Y. Mao and M. Head-Gordon, PCCP, 18, 23067 (2016)  
 Y. Mao et al. Annu. Rev. Phys. Chem. 72, 641 (2021)            
 Decomposition of the frozen energy:                            
 P. R. Horn, Y. Mao and M. Head-Gordon, JCP, 144, 114107 (2016) 
================================================================
 Using eda2 option set 2
 Option set summary: Frozen orbital wavefunction, initial wavefunction decomposition, and traditional AO-based POL.
--------------------------------
Printing EDA Options
--------------------------------
eda_child_super_basis      0
fragmo_guess_mode          0
child_mp                   0
child_mp_orders            0
cls_elec                   1
cls_disp                   0
scfmi_mode                 1
scfmi_occs                 0
scfmi_virts                0
frz_relax                  0
frz_relax_method           0
dc_pen_start               0
dc_pen_conv                0
dc_pen_increment           0
dc_pen_steps               0
dc_pen_thresh_factor       0
dc_pen_pre_newton_thresh   0
frz_ortho_decomp           1
frz_ortho_decomp_conv      6
plot_mo_ortho_frz          0
frgm_method                2
scfmi_freeze_ss            0
separate_rehyb             0
plot_diff_den              0
eda_nocv                   0
eda_vct_relax              1
disp_free_x                33
disp_free_c                25
eda_bsse                   1
eda_pct_a                  0
eda_covp                   0
eda_vct_a                  0
--------------------------------
 Attempting to make child job directory: /scratch/qchemscratch/qchem1317378//Frg1/
 Attempting to make child job directory: /scratch/qchemscratch/qchem1317378//Frg2/
 Creating input file /scratch/qchemscratch/qchem1317378/Frg1.input
 using default PutDataFrgm: nothing
 calling putenv with: QCSCRATCH=/scratch/qchemscratch/qchem1317378/ 
 Spawning Job For Fragment 0
 Done Job For Fragment 0
 calling putenv with: QCSCRATCH=/scratch/qchemscratch 
 calling putenv with: QCTHREADS=1 
 Creating input file /scratch/qchemscratch/qchem1317378/Frg2.input
 using default PutDataFrgm: nothing
 calling putenv with: QCSCRATCH=/scratch/qchemscratch/qchem1317378/ 
 Spawning Job For Fragment 1
 Done Job For Fragment 1
 calling putenv with: QCSCRATCH=/scratch/qchemscratch 
 calling putenv with: QCTHREADS=1 
Doing General SCFMI
 Exchange:  B97M-V      Correlation:  B97M-V
 Using SG-2 standard quadrature grid
 Nonlocal Correlation:  VV10 with C = 0.0100 and b = 6.00 and scale = 1.00000
 Grid used for NLC:  SG-1 standard quadrature
performing fock build before subrot guess so that all methods have access
Printing subrot_rss_gen Method Specification:
Occupied Subspace Method is 0
Virtual Subspace Method is 0
Energy of the unrelaxed supersystem initial determinant -530.557805110139
write pseudocanon occs and virts to disk
write pseudocanon orbital energies to disk
Tolerance of ortho_decomp_scf: 1.00e-06
GDM subspace size: 20
Beginning the Orthogonal Decomposition of the Initial Supersystem Wavefunction
    1    -530.5497844146      1.81e-02     ortho_decomp Preconditoned Steepest Descent
    2    -530.5500668903      3.02e-05     ortho_decomp BFGS Step
    3    -530.5500668944      1.63e-07     ortho_decomp 00000 Convergence criterion met
 Exchange:  revPBE      Correlation:  PBE
 Using SG-2 standard quadrature grid
 Exchange:  revPBE      Correlation:  PBE
 Using SG-2 standard quadrature grid
 Exchange:  revPBE      Correlation:  PBE
 Using SG-2 standard quadrature grid
Doing General SCFMI
 Exchange:  B97M-V      Correlation:  B97M-V
 Using SG-2 standard quadrature grid
 Nonlocal Correlation:  VV10 with C = 0.0100 and b = 6.00 and scale = 1.00000
 Grid used for NLC:  SG-1 standard quadrature
performing fock build at end of subrot_r(subrot) constructor so that all methods have access
<S^2> of initial wavefunction before polarization iterations 0.0000000000
Beginning iterations for the determination of the polarized wavefunction
Energy prior to optimization (guess energy) = -530.557805110139
Begin Timing: Total SCF Calculation
begin iterations for algorithm: DIIS         
the SCF tolerance is set to 1.00e-08
    1    -530.5578051101      7.82e-05     00000 
    2    -530.5580239643      6.83e-05     00000 
    3    -530.5580426934      6.65e-05     00000 
    4    -530.5581108723      1.23e-05     00000 
    5    -530.5581120181      8.92e-06     00000 
    6    -530.5581132263      2.42e-06     00000 
    7    -530.5581133096      8.07e-07     00000 
    8    -530.5581133196      1.92e-07     00000 
    9    -530.5581133201      1.04e-07     00000 
   10    -530.5581133203      2.53e-08     00000 
   11    -530.5581133203      8.21e-09     00000 Convergence criterion met
write pseudocanon occs and virts to disk
write pseudocanon orbital energies to disk
Timing for Total SCF: 178.00s (wall), 178.17s (cpu)
<S^2> of polarized wavefunction after polarization iterations 0.0000000000
relaxing scfmi constraint to allow all rotations in the entire AO span
Doing General SCFMI
 Exchange:  B97M-V      Correlation:  B97M-V
 Using SG-2 standard quadrature grid
 Nonlocal Correlation:  VV10 with C = 0.0100 and b = 6.00 and scale = 1.00000
 Grid used for NLC:  SG-1 standard quadrature
performing fock build at end of subrot_r(subrot) constructor so that all methods have access
<S^2> of polarized wavefunction before ct-allowed iterations 0.0000000000
Beginning iterations for the determination of the CT-Allowed wavefunction
Energy prior to optimization (guess energy) = -530.558113320281
Begin Timing: Total SCF Calculation
begin iterations for algorithm: DIIS         
the SCF tolerance is set to 1.00e-08
    1    -530.5581133203      9.47e-05     00000 
    2    -530.5584675909      3.56e-06     00000 
    3    -530.5584673245      5.45e-06     00000 
    4    -530.5584678593      1.46e-06     00000 
    5    -530.5584678919      7.79e-07     00000 
    6    -530.5584679037      1.70e-07     00000 
    7    -530.5584679040      1.27e-07     00000 
    8    -530.5584679043      1.42e-08     00000 
    9    -530.5584679043      5.81e-09     00000 Convergence criterion met
write pseudocanon occs and virts to disk
write pseudocanon orbital energies to disk
Timing for Total SCF: 145.00s (wall), 145.09s (cpu)
<S^2> of ct_allowed wavefunction after ct-allowed iterations 0.0000000000
 Attempting to make child job directory: /scratch/qchemscratch/qchem1317378//FrgBSSE1/
 Attempting to make child job directory: /scratch/qchemscratch/qchem1317378//FrgBSSE2/
 Creating input file /scratch/qchemscratch/qchem1317378/FrgBSSE1.input
 calling putenv with: QCSCRATCH=/scratch/qchemscratch/qchem1317378/ 
 Spawning Job For Fragment 0
 Done Job For Fragment 0
 calling putenv with: QCSCRATCH=/scratch/qchemscratch 
 calling putenv with: QCTHREADS=1 
 Creating input file /scratch/qchemscratch/qchem1317378/FrgBSSE2.input
 calling putenv with: QCSCRATCH=/scratch/qchemscratch/qchem1317378/ 
 Spawning Job For Fragment 1
 Done Job For Fragment 1
 calling putenv with: QCSCRATCH=/scratch/qchemscratch 
 calling putenv with: QCTHREADS=1 
====================================================================
   Evaluating the BSSE with fragment SCF in the supersystem basis
   Fragment contributions (kJ/mol) 
   Frgm 1: 0.1577
   Frgm 2: 0.6048
   BSSE (kJ/mol) = 0.7625
====================================================================

================================
        Results of EDA2         
================================
Basic EDA Quantities
--------------------
Fragment Energies (Ha):
1 -454.1424607670
2  -76.4097604844
--------------------
  E_prp (kJ/mol) = 0.0000
  E_frz (kJ/mol) = -14.6606
  E_pol (kJ/mol) = -0.8092
  E_vct (kJ/mol) = -0.1684 (CP-corrected)
  E_int (kJ/mol) = -15.6382 (CP-corrected)
--------------------


Decomposition of frozen interaction energy
--------------------
  --------------------
  Orthogonal Frozen Decomposition:
  --------------------
     E_elec   (ELEC)   (kJ/mol) = -16.6907
     E_pauli  (PAULI)  (kJ/mol) = 3.7013
     E_disp   (DISP)   (kJ/mol) = -1.6712
  --------------------
  Classical Frozen Decomposition:
  --------------------
     E_cls_elec  (CLS ELEC)  (kJ/mol) = -13.7314
     E_mod_pauli (MOD PAULI) (kJ/mol) = 0.7420 (FRZ - CLS ELEC - DISP)
     E_disp      (DISP)      (kJ/mol) = -1.6712
  --------------------
--------------------

Simplified EDA Summary (kJ/mol)
--------------------
 PREPARATION      0.0000
 FROZEN           -14.6606 (ELEC + PAULI + DISP)
[ELEC + PAULI = -12.9893, DISP = -1.6712]
 POLARIZATION    -0.8092
 CHARGE TRANSFER -0.1684     (counterpoise-corrected)
 TOTAL           -15.6382     (PRP + FRZ + POL + CT)
--------------------
 
 --------------------------------------------------------------
 
                    Orbital Energies (a.u.)
 --------------------------------------------------------------
 
 Alpha MOs
 -- Occupied --
-19.1718 -19.1465 -19.1443 -14.4215 -14.4038 -10.3443 -10.3098 -10.2703
-10.2206 -10.1981  -1.0714  -1.0409  -1.0067  -0.9767  -0.9256  -0.8111
 -0.7047  -0.6635  -0.6485  -0.5542  -0.5432  -0.5009  -0.4998  -0.4602
 -0.4547  -0.4222  -0.4071  -0.4051  -0.3867  -0.3759  -0.3678  -0.3657
 -0.3387  -0.2858  -0.2728  -0.2705  -0.2460  -0.2316
 -- Virtual --
 -0.0766  -0.0275  -0.0242  -0.0090   0.0001   0.0101   0.0187   0.0315
  0.0399   0.0503   0.0524   0.0602   0.0701   0.0747   0.0805   0.0833
  0.0947   0.1032   0.1046   0.1117   0.1198   0.1251   0.1299   0.1365
  0.1398   0.1466   0.1485   0.1638   0.1676   0.1721   0.1786   0.1802
  0.1862   0.1916   0.1965   0.1983   0.2088   0.2159   0.2236   0.2253
  0.2351   0.2429   0.2452   0.2669   0.2709   0.2755   0.2797   0.2871
  0.2953   0.3067   0.3203   0.3406   0.3451   0.3655   0.3682   0.3894
  0.4369   0.4839   0.5171   0.5199   0.5528   0.5722   0.6169   0.6261
  0.6406   0.6499   0.6518   0.6686   0.6827   0.7026   0.7048   0.7211
  0.7257   0.7352   0.7596   0.8021   0.8163   0.8306   0.8422   0.8532
  0.8732   0.8840   0.9003   0.9312   0.9396   0.9615   0.9766   1.0029
  1.0149   1.0344   1.0418   1.0793   1.0851   1.0971   1.1042   1.1240
  1.1338   1.1436   1.1825   1.2257   1.2375   1.2585   1.2693   1.2848
  1.2908   1.3011   1.3119   1.3128   1.3420   1.3670   1.4027   1.4177
  1.4377   1.4709   1.4848   1.5111   1.5436   1.5605   1.5705   1.5984
  1.6345   1.6426   1.6507   1.6646   1.6962   1.7023   1.7405   1.7495
  1.7552   1.7668   1.7782   1.8147   1.8309   1.8368   1.8628   1.9167
  1.9450   1.9793   1.9961   2.0411   2.1192   2.1253   2.1565   2.1624
  2.1784   2.1946   2.2089   2.2285   2.2570   2.2734   2.2833   2.3726
  2.3841   2.4018   2.5197   2.5329   2.5824   2.5939   2.6190   2.6384
  2.6699   2.7006   2.7284   2.7532   2.7954   2.8053   2.8933   2.9473
  2.9695   2.9768   2.9905   3.1159   3.1625   3.1698   3.1822   3.4544
  3.5289   3.5556   3.5777   3.7276   3.7724   3.8243
 --------------------------------------------------------------
 
          Ground-State Mulliken Net Atomic Charges

     Atom                 Charge (a.u.)
  ----------------------------------------
      1 N                    -0.193935
      2 H                     0.240910
      3 C                     0.377089
      4 O                    -0.435907
      5 N                    -0.303027
      6 H                     0.227299
      7 C                     0.353877
      8 O                    -0.427323
      9 C                     0.386247
     10 C                    -0.242475
     11 H                     0.076301
     12 C                    -0.376624
     13 H                     0.070875
     14 H                     0.123510
     15 H                     0.123852
     16 O                    -0.478161
     17 H                     0.250458
     18 H                     0.227033
  ----------------------------------------
  Sum of atomic charges =     0.000000

 -----------------------------------------------------------------
                    Cartesian Multipole Moments
 -----------------------------------------------------------------
    Charge (ESU x 10^10)
                -0.0000
    Dipole Moment (Debye)
         X       1.0740      Y      -3.1501      Z       1.2642
       Tot       3.5602
    Quadrupole Moments (Debye-Ang)
        XX     -67.6195     XY       6.4824     YY     -56.9590
        XZ       7.9946     YZ      -1.3936     ZZ     -58.7646
    Octopole Moments (Debye-Ang^2)
       XXX      67.9692    XXY      -9.3665    XYY       1.2059
       YYY      -0.7542    XXZ      45.1256    XYZ      -7.8151
       YYZ       1.3177    XZZ      10.2037    YZZ       2.7970
       ZZZ       1.5771
    Hexadecapole Moments (Debye-Ang^3)
      XXXX   -2024.4260   XXXY     144.4325   XXYY    -494.1432
      XYYY     -20.2778   YYYY    -515.8315   XXXZ     264.8341
      XXYZ     -46.5393   XYYZ       8.8804   YYYZ      -1.4307
      XXZZ    -332.4894   XYZZ      -9.9386   YYZZ    -108.4748
      XZZZ       9.0083   YZZZ      -1.7219   ZZZZ     -67.6310
 -----------------------------------------------------------------
 Total job time:  986.80s(wall), 518.32s(cpu) 
 Mon Apr 15 13:49:05 2024

        *************************************************************
        *                                                           *
        *  Thank you very much for using Q-Chem.  Have a nice day.  *
        *                                                           *
        *************************************************************


remove work dirs /scratch/qchemscratch/qchem1317378.0 -- /scratch/qchemscratch/qchem1317378.0
rm -rf /scratch/qchemscratch/qchem1317378.0
rm -rf /scratch/qchemscratch/qchem1317378
