
Running Job 1 of 1 T-wat_9_0.9.inp
qchem T-wat_9_0.9.inp_3937423.0 /scratch/qchemscratch/qchem3937423/ 1
/opt/qchem/6.1/exe/qcprog.exe_s T-wat_9_0.9.inp_3937423.0 /scratch/qchemscratch/qchem3937423/
                  Welcome to Q-Chem
     A Quantum Leap Into The Future Of Chemistry


 Q-Chem 6.1, Q-Chem, Inc., Pleasanton, CA (2023)

 License issued to: SRG Pengyu Ren, University of Texas at Austin

 E. Epifanovsky,  A. T. B. Gilbert,  Xintian Feng,  Joonho Lee,  Yuezhi Mao,  
 N. Mardirossian,  P. Pokhilko,  A. White,  M. Wormit,  M. P. Coons,  
 A. L. Dempwolff,  Zhengting Gan,  D. Hait,  P. R. Horn,  L. D. Jacobson,  
 I. Kaliman,  J. Kussmann,  A. W. Lange,  Ka Un Lao,  D. S. Levine,  Jie Liu,  
 S. C. McKenzie,  A. F. Morrison,  K. D. Nanda,  F. Plasser,  D. R. Rehn,  
 M. L. Vidal,  Zhi-Qiang You,  Ying Zhu,  B. Alam,  B. Albrecht,  
 A. Aldossary,  E. Alguire,  J. H. Andersen,  V. Athavale,  D. Barton,  
 K. Begam,  A. Behn,  N. Bellonzi,  Y. A. Bernard,  E. J. Berquist,  
 H. Burton,  A. Carreras,  K. Carter-Fenk,  Mathew Chow,  Romit Chakraborty,  
 Chandrima Chakravarty,  Junhan Chen,  A. D. Chien,  K. D. Closser,  
 V. Cofer-Shabica,  L. Cunha,  S. Dasgupta,  Jia Deng,  M. de Wergifosse,  
 M. Diedenhofen,  Hainam Do,  S. Ehlert,  Po-Tung Fang,  S. Fatehi,  
 Qingguo Feng,  T. Friedhoff,  Thomas Froitzheim,  B. Ganoe,  J. Gayvert,  
 Qinghui Ge,  G. Gidofalvi,  M. Gimferrer,  M. Goldey,  Montgomery Gray,  
 J. Gomes,  C. Gonzalez-Espinoza,  S. Gulania,  A. Gunina,  J. A. Gyamfi,  
 M. W. D. Hanson-Heine,  P. H. P. Harbach,  A. W. Hauser,  M. F. Herbst,  
 M. Hernandez Vera,  M. Hodecker,  Z. C. Holden,  S. Houck,  Xunkun Huang,  
 Kerwin Hui,  B. C. Huynh,  K. Ikeda,  M. Ivanov,  Hyunjun Ji,  Zuxin Jin,  
 Hanjie Jiang,  Subrata Jana,  B. Kaduk,  S. Kaehler,  R. Kang,  
 K. Khistyaev,  Jaehoon Kim,  Yongbin Kim,  P. Klunzinger,  Z. Koczor-Benda,  
 Joong Hoon Koh,  D. Kosenkov,  Saikiran Kotaru,  L. Koulias,  T. Kowalczyk,  
 C. M. Krauter,  K. Kue,  A. Kunitsa,  T. Kus,  A. Landau,  K. V. Lawler,  
 D. Lefrancois,  S. Lehtola,  Rain Li,  Shaozhi Li,  Yi-Pei Li,  
 Jiashu Liang,  M. Liebenthal,  Hung-Hsuan Lin,  You-Sheng Lin,  Fenglai Liu,  
 Kuan-Yu Liu,  Xiao Liu,  M. Loipersberger,  A. Luenser,  C. Malbon,  
 A. Manjanath,  P. Manohar,  E. Mansoor,  S. F. Manzer,  Shan-Ping Mao,  
 A. V. Marenich,  T. Markovich,  S. Mason,  F. Matz,  S. A. Maurer,  
 P. F. McLaughlin,  M. F. S. J. Menger,  J.-M. Mewes,  S. A. Mewes,  
 P. Morgante,  Mohammad Mostafanejad,  J. W. Mullinax,  K. J. Oosterbaan,  
 G. Paran,  V. Parravicini,  Alexander C. Paul,  Suranjan K. Paul,  
 F. Pavosevic,  Zheng Pei,  S. Prager,  E. I. Proynov,  E. Ramos,  B. Rana,  
 A. E. Rask,  A. Rettig,  R. M. Richard,  F. Rob,  E. Rossomme,  T. Scheele,  
 M. Scheurer,  M. Schneider,  P. E. Schneider,  Tim K. Schramm,  N. Sergueev,  
 S. M. Sharada,  M. Sharma,  Hengyuan Shen,  W. Skomorowski,  D. W. Small,  
 C. J. Stein,  Alistair J. Sterling,  Yingli Su,  Yu-Chuan Su,  
 E. J. Sundstrom,  J. Talbot,  Zhen Tao,  J. Thirman,  Hung-Yi Tsai,  
 T. Tsuchimochi,  N. M. Tubman,  C. Utku,  S. P. Veccham,  O. Vydrov,  
 J. Wenzel,  Jonathan Wong,  J. Witte,  A. Yamada,  Chou-Hsun Yang,  Kun Yao,  
 S. Yeganeh,  S. R. Yost,  A. Zech,  F. Zeller,  Igor Ying Zhang,  
 Xing Zhang,  Yu Zhang,  D. Zuev,  A. Aspuru-Guzik,  A. T. Bell,  
 N. A. Besley,  K. B. Bravaya,  B. R. Brooks,  D. Casanova,  Jeng-Da Chai,  
 Hsing-Ta Chen,  S. Coriani,  C. J. Cramer,  A. E. DePrince, III,  
 R. A. DiStasio Jr.,  A. Dreuw,  B. D. Dunietz,  T. R. Furlani,  
 W. A. Goddard III,  S. Grimme,  S. Hammes-Schiffer,  T. Head-Gordon,  
 W. J. Hehre,  Chao-Ping Hsu,  T.-C. Jagau,  Yousung Jung,  A. Klamt,  
 Jing Kong,  D. S. Lambrecht,  Xiangyuan Li,  WanZhen Liang,  N. J. Mayhall,  
 C. W. McCurdy,  J. B. Neaton,  T. Neudecker,  C. Ochsenfeld,  
 J. A. Parkhill,  R. Peverati,  V. A. Rassolov,  Haisheng Ren,  Yihan Shao,  
 L. V. Slipchenko,  R. P. Steele,  J. E. Subotnik,  A. J. W. Thom,  
 A. Tkatchenko,  D. G. Truhlar,  T. Van Voorhis,  Fan Wang,  
 T. A. Wesolowski,  K. B. Whaley,  H. L. Woodcock III,  P. M. Zimmerman,  
 S. Faraji,  P. M. W. Gill,  M. Head-Gordon,  J. M. Herbert,  A. I. Krylov

 Contributors to earlier versions of Q-Chem not listed above: 
 R. D. Adamson,  B. Austin,  R. Baer,  J. Baker,  G. J. O. Beran,  
 K. Brandhorst,  S. T. Brown,  E. F. C. Byrd,  Arup K. Chakraborty,  
 G. K. L. Chan,  Chun-Min Chang,  Yunqing Chen,  C.-L. Cheng,  
 Siu Hung Chien,  D. M. Chipman,  D. L. Crittenden,  H. Dachsel,  
 R. J. Doerksen,  A. D. Dutoi,  R. G. Edgar,  J. Fosso-Tande,  
 L. Fusti-Molnar,  D. Ghosh,  A. Ghysels,  A. Golubeva-Zadorozhnaya,  
 J. Gonthier,  M. S. Gordon,  S. R. Gwaltney,  G. Hawkins,  J. E. Herr,  
 A. Heyden,  S. Hirata,  E. G. Hohenstein,  G. Kedziora,  F. J. Keil,  
 C. Kelley,  Jihan Kim,  R. A. King,  R. Z. Khaliullin,  P. P. Korambath,  
 W. Kurlancheek,  A. Laurent,  A. M. Lee,  M. S. Lee,  S. V. Levchenko,  
 Ching Yeh Lin,  D. Liotard,  E. Livshits,  R. C. Lochan,  I. Lotan,  
 L. A. Martinez-Martinez,  P. E. Maslen,  N. Nair,  D. P. O'Neill,  
 D. Neuhauser,  E. Neuscamman,  C. M. Oana,  R. Olivares-Amaya,  R. Olson,  
 T. M. Perrine,  B. Peters,  P. A. Pieniazek,  A. Prociuk,  Y. M. Rhee,  
 J. Ritchie,  M. A. Rohrdanz,  E. Rosta,  N. J. Russ,  H. F. Schaefer III,  
 M. W. Schmidt,  N. E. Schultz,  S. Sharma,  N. Shenvi,  C. D. Sherrill,  
 A. C. Simmonett,  A. Sodt,  T. Stein,  D. Stuck,  K. S. Thanthiriwatte,  
 V. Vanovschi,  L. Vogt,  Tao Wang,  A. Warshel,  M. A. Watson,  
 C. F. Williams,  Q. Wu,  X. Xu,  Jun Yang,  W. Zhang,  Yan Zhao

   Please cite Q-Chem as follows:
  "Software for the frontiers of quantum chemistry:
   An overview of developments in the Q-Chem 5 package"
   J. Chem. Phys. 155, 084801 (2021)
   https://doi.org/10.1063/5.0055522 (open access)

 Q-Chem 6.1.1 for Intel X86 EM64T Linux

 Parts of Q-Chem use Armadillo 9.900.5 (Nocturnal Misbehaviour).
 http://arma.sourceforge.net/

 Q-Chem begins on Sun Mar 10 19:34:16 2024  

 Host: 
0

     Scratch files written to /scratch/qchemscratch/qchem3937423//
 Jan1824 |scratch|qcdevops|jenkins|workspace|build_RNUM UKVU   
 Processing $rem in /opt/qchem/6.1/config/preferences:
 Processing $rem in /home/mm227274/.qchemrc:

 Q-Chem warning in module libgen/rem_setup.C, line 3361:

 Neither GIA nor STOLL is specified by user. Use STOLL as the default


 Checking the input file for inconsistencies... 	...done.

--------------------------------------------------------------
User input:
--------------------------------------------------------------
$molecule
0 1
--
0 1
N 0.97963 1.79292 0.00672
H 1.29726 2.7551 0.00979
C -0.39981 1.6343 -0.00326
O -1.18124 2.57676 -0.00162
N -0.78126 0.3019 -0.01172
H -1.79358 0.10951 -0.03135
C 0.04378 -0.81874 -0.00651
O -0.43215 -1.96559 -0.01046
C 1.47623 -0.54588 0.00427
C 1.87708 0.74897 0.00895
H 2.92517 1.03519 0.01519
C 2.41443 -1.71195 0.00678
H 3.45463 -1.37529 0.00945
H 2.2452 -2.34058 0.88543
H 2.24911 -2.33997 -0.87296
--
0 1
O -2.7699274666666667 -1.0978746666666668 -0.09808700000000001
H -3.178527466666667 -1.2728846666666667 0.7638630000000001
H -1.9875174666666666 -1.6886146666666668 -0.12438700000000001
$end

$rem
JOBTYPE          eda
EDA2             2
METHOD           b97m-v
BASIS            aug-cc-pvtz
SCF_CONVERGENCE  8
THRESH           14
SYMMETRY         false
DISP_FREE_X      revPBE
DISP_FREE_C      PBE
EDA_BSSE         true
$end
--------------------------------------------------------------
 ----------------------------------------------------------------
             Standard Nuclear Orientation (Angstroms)
    I     Atom           X                Y                Z
 ----------------------------------------------------------------
    1      N       0.1792024048    -1.9929128075    -0.0039779971
    2      H       0.1051612776    -3.0034601932    -0.0046757919
    3      C      -1.0350252639    -1.3193155330     0.0017227582
    4      O      -2.1172280092    -1.8917640170    -0.0007946600
    5      N      -0.8785384967     0.0577642559     0.0070688603
    6      H      -1.7406129286     0.6223442249     0.0234445705
    7      C       0.3120514922     0.7781999832     0.0025971282
    8      O       0.3103483675     2.0198868552     0.0034344432
    9      C       1.5316264434    -0.0212251898    -0.0035771522
   10      C       1.4074053735    -1.3710051060    -0.0051426951
   11      H       2.2666617949    -2.0359294375    -0.0078830968
   12      C       2.8441428124     0.6979710915    -0.0050854236
   13      H       3.6768303644    -0.0105441075    -0.0042033895
   14      H       2.9297829051     1.3413684426    -0.8851683262
   15      H       2.9294087047     1.3437138081     0.8732245228
   16      O      -2.1817828512     2.1113045018     0.0855117065
   17      H      -2.4906890194     2.4269777676    -0.7778929675
   18      H      -1.2330956582     2.3583991619     0.1132188258
 ----------------------------------------------------------------
 Molecular Point Group                 C1    NOp =  1
 Largest Abelian Subgroup              C1    NOp =  1
 Nuclear Repulsion Energy =         546.23001890 hartrees
 There are       38 alpha and       38 beta electrons
 Requested basis set is aug-cc-pVTZ
 There are 212 shells and 644 basis functions

 Total QAlloc Memory Limit  16000 MB
 Mega-Array Size       188 MB
 MEM_STATIC part       192 MB

 A cutoff of  1.0D-14 yielded  21383 shell pairs
 There are    196363 function pairs (    266580 Cartesian)
 Smallest overlap matrix eigenvalue = 1.90E-06

 Scale SEOQF with 1.000000e-01/1.000000e-01/1.000000e-01

 Standard Electronic Orientation quadrupole field applied
 Nucleus-field energy     =     0.0000000202 hartrees

 -----------------------------------------------------------------------
  General SCF calculation program by
  Eric Jon Sundstrom, Paul Horn, Yuezhi Mao, Dmitri Zuev, Alec White,
  David Stuck, Shaama M.S., Shane Yost, Joonho Lee, David Small,
  Daniel Levine, Susi Lehtola, Hugh Burton, Evgeny Epifanovsky,
  Bang C. Huynh
 -----------------------------------------------------------------------
================================================================
                 ALMO-EDA with the EDA2 driver                  
================================================================
 The second-generation ALMO-EDA (for DFT):                      
 P. R. Horn, Y. Mao and M. Head-Gordon, PCCP, 18, 23067 (2016)  
 Y. Mao et al. Annu. Rev. Phys. Chem. 72, 641 (2021)            
 Decomposition of the frozen energy:                            
 P. R. Horn, Y. Mao and M. Head-Gordon, JCP, 144, 114107 (2016) 
================================================================
 Using eda2 option set 2
 Option set summary: Frozen orbital wavefunction, initial wavefunction decomposition, and traditional AO-based POL.
--------------------------------
Printing EDA Options
--------------------------------
eda_child_super_basis      0
fragmo_guess_mode          0
child_mp                   0
child_mp_orders            0
cls_elec                   1
cls_disp                   0
scfmi_mode                 1
scfmi_occs                 0
scfmi_virts                0
frz_relax                  0
frz_relax_method           0
dc_pen_start               0
dc_pen_conv                0
dc_pen_increment           0
dc_pen_steps               0
dc_pen_thresh_factor       0
dc_pen_pre_newton_thresh   0
frz_ortho_decomp           1
frz_ortho_decomp_conv      6
plot_mo_ortho_frz          0
frgm_method                2
scfmi_freeze_ss            0
separate_rehyb             0
plot_diff_den              0
eda_nocv                   0
eda_vct_relax              1
disp_free_x                33
disp_free_c                25
eda_bsse                   1
eda_pct_a                  0
eda_covp                   0
eda_vct_a                  0
--------------------------------
 Attempting to make child job directory: /scratch/qchemscratch/qchem3937423//Frg1/
 Attempting to make child job directory: /scratch/qchemscratch/qchem3937423//Frg2/
 Creating input file /scratch/qchemscratch/qchem3937423/Frg1.input
 using default PutDataFrgm: nothing
 calling putenv with: QCSCRATCH=/scratch/qchemscratch/qchem3937423/ 
 Spawning Job For Fragment 0
 Done Job For Fragment 0
 calling putenv with: QCSCRATCH=/scratch/qchemscratch 
 calling putenv with: QCTHREADS=1 
 Creating input file /scratch/qchemscratch/qchem3937423/Frg2.input
 using default PutDataFrgm: nothing
 calling putenv with: QCSCRATCH=/scratch/qchemscratch/qchem3937423/ 
 Spawning Job For Fragment 1
 Done Job For Fragment 1
 calling putenv with: QCSCRATCH=/scratch/qchemscratch 
 calling putenv with: QCTHREADS=1 
Doing General SCFMI
 Exchange:  B97M-V      Correlation:  B97M-V
 Using SG-2 standard quadrature grid
 Nonlocal Correlation:  VV10 with C = 0.0100 and b = 6.00 and scale = 1.00000
 Grid used for NLC:  SG-1 standard quadrature
performing fock build before subrot guess so that all methods have access
Printing subrot_rss_gen Method Specification:
Occupied Subspace Method is 0
Virtual Subspace Method is 0
Energy of the unrelaxed supersystem initial determinant -530.643497235764
write pseudocanon occs and virts to disk
write pseudocanon orbital energies to disk
Tolerance of ortho_decomp_scf: 1.00e-06
GDM subspace size: 20
Beginning the Orthogonal Decomposition of the Initial Supersystem Wavefunction
    1    -530.4587479378      2.24e-01     ortho_decomp Preconditoned Steepest Descent
    2    -530.4951641642      8.11e-04     ortho_decomp BFGS Step
    3    -530.4951670995      1.93e-05     ortho_decomp BFGS Step
    4    -530.4951671003      1.30e-07     ortho_decomp 00000 Convergence criterion met
 Exchange:  revPBE      Correlation:  PBE
 Using SG-2 standard quadrature grid
 Exchange:  revPBE      Correlation:  PBE
 Using SG-2 standard quadrature grid
 Exchange:  revPBE      Correlation:  PBE
 Using SG-2 standard quadrature grid
Doing General SCFMI
 Exchange:  B97M-V      Correlation:  B97M-V
 Using SG-2 standard quadrature grid
 Nonlocal Correlation:  VV10 with C = 0.0100 and b = 6.00 and scale = 1.00000
 Grid used for NLC:  SG-1 standard quadrature
performing fock build at end of subrot_r(subrot) constructor so that all methods have access
<S^2> of initial wavefunction before polarization iterations 0.0000000000
Beginning iterations for the determination of the polarized wavefunction
Energy prior to optimization (guess energy) = -530.643497235764
Begin Timing: Total SCF Calculation
begin iterations for algorithm: DIIS         
the SCF tolerance is set to 1.00e-08
    1    -530.6434972358      2.73e-04     00000 
    2    -530.6632357808      1.22e-04     00000 
    3    -530.6618284054      1.68e-04     00000 
    4    -530.6652468714      4.93e-05     00000 
    5    -530.6655614172      2.36e-05     00000 
    6    -530.6656475458      1.06e-05     00000 
    7    -530.6656751972      8.38e-06     00000 
    8    -530.6656899596      3.16e-06     00000 
    9    -530.6656941552      1.58e-06     00000 
   10    -530.6656946951      9.27e-07     00000 
   11    -530.6656948524      5.98e-07     00000 
   12    -530.6656949232      3.72e-07     00000 
   13    -530.6656949504      2.36e-07     00000 
   14    -530.6656949583      1.80e-07     00000 
   15    -530.6656949615      1.18e-07     00000 
   16    -530.6656949627      8.85e-08     00000 
   17    -530.6656949638      5.29e-08     00000 
   18    -530.6656949644      2.64e-08     00000 
   19    -530.6656949646      1.74e-08     00000 
   20    -530.6656949646      9.91e-09     00000 Convergence criterion met
write pseudocanon occs and virts to disk
write pseudocanon orbital energies to disk
Timing for Total SCF: 7823.00s (wall), 7734.10s (cpu)
<S^2> of polarized wavefunction after polarization iterations 0.0000000000
relaxing scfmi constraint to allow all rotations in the entire AO span
Doing General SCFMI
 Exchange:  B97M-V      Correlation:  B97M-V
 Using SG-2 standard quadrature grid
 Nonlocal Correlation:  VV10 with C = 0.0100 and b = 6.00 and scale = 1.00000
 Grid used for NLC:  SG-1 standard quadrature
performing fock build at end of subrot_r(subrot) constructor so that all methods have access
<S^2> of polarized wavefunction before ct-allowed iterations 0.0000000000
Beginning iterations for the determination of the CT-Allowed wavefunction
Energy prior to optimization (guess energy) = -530.665694964648
Begin Timing: Total SCF Calculation
begin iterations for algorithm: DIIS         
the SCF tolerance is set to 1.00e-08
    1    -530.6656949646      3.29e-04     00000 
    2    -530.6871481637      4.90e-05     00000 
    3    -530.6862710579      8.63e-05     00000 
    4    -530.6874542980      2.07e-05     00000 
    5    -530.6875097451      1.07e-05     00000 
    6    -530.6875272163      3.12e-06     00000 
    7    -530.6875286041      1.38e-06     00000 
    8    -530.6875289231      2.47e-07     00000 
    9    -530.6875289325      9.81e-08     00000 
   10    -530.6875289343      2.32e-08     00000 
   11    -530.6875289344      8.58e-09     00000 Convergence criterion met
write pseudocanon occs and virts to disk
write pseudocanon orbital energies to disk
Timing for Total SCF: 3430.00s (wall), 3391.31s (cpu)
<S^2> of ct_allowed wavefunction after ct-allowed iterations 0.0000000000
 Attempting to make child job directory: /scratch/qchemscratch/qchem3937423//FrgBSSE1/
 Attempting to make child job directory: /scratch/qchemscratch/qchem3937423//FrgBSSE2/
 Creating input file /scratch/qchemscratch/qchem3937423/FrgBSSE1.input
 calling putenv with: QCSCRATCH=/scratch/qchemscratch/qchem3937423/ 
 Spawning Job For Fragment 0
 Done Job For Fragment 0
 calling putenv with: QCSCRATCH=/scratch/qchemscratch 
 calling putenv with: QCTHREADS=1 
 Creating input file /scratch/qchemscratch/qchem3937423/FrgBSSE2.input
 calling putenv with: QCSCRATCH=/scratch/qchemscratch/qchem3937423/ 
 Spawning Job For Fragment 1
 Done Job For Fragment 1
 calling putenv with: QCSCRATCH=/scratch/qchemscratch 
 calling putenv with: QCTHREADS=1 
====================================================================
   Evaluating the BSSE with fragment SCF in the supersystem basis
   Fragment contributions (kJ/mol) 
   Frgm 1: 0.5420
   Frgm 2: 0.3214
   BSSE (kJ/mol) = 0.8635
====================================================================

================================
        Results of EDA2         
================================
Basic EDA Quantities
--------------------
Fragment Energies (Ha):
1 -454.2506281947
2  -76.4329923736
--------------------
  E_prp (kJ/mol) = 0.0000
  E_frz (kJ/mol) = 105.3451
  E_pol (kJ/mol) = -58.2808
  E_vct (kJ/mol) = -56.4623 (CP-corrected)
  E_int (kJ/mol) = -9.3981 (CP-corrected)
--------------------


Decomposition of frozen interaction energy
--------------------
  --------------------
  Orthogonal Frozen Decomposition:
  --------------------
     E_elec   (ELEC)   (kJ/mol) = -288.8176
     E_pauli  (PAULI)  (kJ/mol) = 417.8638
     E_disp   (DISP)   (kJ/mol) = -23.7012
  --------------------
  Classical Frozen Decomposition:
  --------------------
     E_cls_elec  (CLS ELEC)  (kJ/mol) = -182.1269
     E_mod_pauli (MOD PAULI) (kJ/mol) = 311.1731 (FRZ - CLS ELEC - DISP)
     E_disp      (DISP)      (kJ/mol) = -23.7012
  --------------------
--------------------

Simplified EDA Summary (kJ/mol)
--------------------
 PREPARATION      0.0000
 FROZEN           105.3451 (ELEC + PAULI + DISP)
[ELEC + PAULI = 129.0462, DISP = -23.7012]
 POLARIZATION    -58.2808
 CHARGE TRANSFER -56.4623     (counterpoise-corrected)
 TOTAL           -9.3981     (PRP + FRZ + POL + CT)
--------------------
 
 --------------------------------------------------------------
 
                    Orbital Energies (a.u.)
 --------------------------------------------------------------
 
 Alpha MOs
 -- Occupied --
-19.1471 -19.1451 -19.1337 -14.4114 -14.3771 -10.3286 -10.3076 -10.2644
-10.2149 -10.1924  -1.0668  -1.0474  -1.0013  -0.9701  -0.9147  -0.8077
 -0.7009  -0.6571  -0.6438  -0.5498  -0.5453  -0.5071  -0.4868  -0.4607
 -0.4553  -0.4170  -0.4124  -0.4059  -0.3927  -0.3797  -0.3724  -0.3563
 -0.3373  -0.2898  -0.2703  -0.2638  -0.2523  -0.2312
 -- Virtual --
 -0.0785  -0.0315  -0.0219  -0.0146  -0.0088   0.0088   0.0115   0.0220
  0.0303   0.0366   0.0409   0.0516   0.0537   0.0573   0.0597   0.0659
  0.0731   0.0768   0.0785   0.0850   0.0889   0.0899   0.0932   0.0981
  0.1000   0.1049   0.1112   0.1152   0.1218   0.1306   0.1349   0.1426
  0.1441   0.1488   0.1489   0.1562   0.1580   0.1607   0.1636   0.1743
  0.1785   0.1848   0.1897   0.1908   0.1956   0.1996   0.2053   0.2119
  0.2162   0.2191   0.2238   0.2263   0.2312   0.2371   0.2464   0.2483
  0.2508   0.2581   0.2589   0.2643   0.2670   0.2770   0.2843   0.2893
  0.2900   0.2949   0.2970   0.2992   0.3064   0.3142   0.3155   0.3208
  0.3293   0.3330   0.3367   0.3401   0.3455   0.3516   0.3560   0.3595
  0.3633   0.3672   0.3727   0.3766   0.3802   0.3887   0.3938   0.4021
  0.4116   0.4135   0.4138   0.4191   0.4223   0.4261   0.4324   0.4510
  0.4570   0.4654   0.4659   0.4703   0.4749   0.4771   0.4857   0.4959
  0.5054   0.5088   0.5138   0.5226   0.5242   0.5253   0.5341   0.5396
  0.5493   0.5545   0.5622   0.5705   0.5748   0.5819   0.5935   0.6054
  0.6141   0.6241   0.6309   0.6371   0.6412   0.6504   0.6518   0.6601
  0.6662   0.6774   0.6868   0.6997   0.7019   0.7075   0.7120   0.7165
  0.7286   0.7356   0.7377   0.7409   0.7470   0.7586   0.7650   0.7702
  0.7722   0.7735   0.7825   0.7890   0.7930   0.7974   0.8039   0.8065
  0.8164   0.8197   0.8323   0.8368   0.8406   0.8473   0.8535   0.8658
  0.8720   0.8768   0.8818   0.8868   0.8954   0.9077   0.9110   0.9134
  0.9228   0.9279   0.9357   0.9418   0.9547   0.9610   0.9756   0.9770
  0.9839   0.9888   0.9914   1.0041   1.0118   1.0137   1.0205   1.0249
  1.0267   1.0364   1.0479   1.0501   1.0574   1.0683   1.0793   1.0808
  1.0917   1.0963   1.1011   1.1082   1.1152   1.1296   1.1382   1.1499
  1.1564   1.1617   1.1775   1.1791   1.1863   1.2001   1.2059   1.2108
  1.2169   1.2299   1.2392   1.2446   1.2503   1.2594   1.2619   1.2739
  1.2759   1.2827   1.2912   1.2988   1.3055   1.3133   1.3247   1.3375
  1.3454   1.3514   1.3599   1.3752   1.3849   1.3881   1.4020   1.4043
  1.4152   1.4254   1.4313   1.4378   1.4469   1.4540   1.4626   1.4666
  1.4801   1.4830   1.4877   1.4953   1.4977   1.5086   1.5253   1.5299
  1.5380   1.5458   1.5525   1.5628   1.5735   1.5740   1.5807   1.5906
  1.5981   1.6166   1.6233   1.6376   1.6456   1.6618   1.6710   1.6867
  1.6902   1.6937   1.7049   1.7099   1.7291   1.7377   1.7602   1.7622
  1.7684   1.7914   1.8134   1.8409   1.8426   1.8611   1.8720   1.8794
  1.9034   1.9137   1.9207   1.9307   1.9382   1.9523   1.9633   1.9936
  2.0012   2.0062   2.0207   2.0333   2.0494   2.0542   2.0703   2.0733
  2.0858   2.0962   2.0989   2.1102   2.1195   2.1234   2.1424   2.1483
  2.1621   2.1712   2.1917   2.2087   2.2212   2.2380   2.2445   2.2605
  2.2881   2.2925   2.3040   2.3109   2.3189   2.3380   2.3477   2.3545
  2.3706   2.3764   2.3948   2.4052   2.4183   2.4273   2.4354   2.4490
  2.4589   2.4699   2.4835   2.4975   2.5047   2.5195   2.5321   2.5405
  2.5592   2.5649   2.5821   2.5977   2.6137   2.6336   2.6436   2.6610
  2.6769   2.6931   2.6982   2.7107   2.7523   2.7539   2.7715   2.7778
  2.7925   2.8035   2.8261   2.8334   2.8407   2.8777   2.9020   2.9067
  2.9153   2.9433   2.9596   3.0020   3.0118   3.0528   3.0636   3.0677
  3.0742   3.0967   3.1302   3.1577   3.1722   3.1759   3.2004   3.2085
  3.2167   3.2324   3.2586   3.2727   3.2833   3.3282   3.3569   3.3593
  3.3681   3.3919   3.4097   3.4140   3.4181   3.4403   3.4482   3.4587
  3.4689   3.4810   3.5149   3.5244   3.5320   3.5471   3.5628   3.5789
  3.6001   3.6045   3.6239   3.6284   3.6476   3.6564   3.6929   3.7146
  3.7169   3.7294   3.7352   3.7455   3.7726   3.8098   3.8169   3.8398
  3.8627   3.8795   3.8845   3.9052   3.9463   3.9594   3.9639   3.9648
  3.9750   3.9986   4.0073   4.0343   4.0394   4.0573   4.0597   4.0687
  4.0805   4.0944   4.0983   4.1219   4.1371   4.1436   4.1582   4.1833
  4.2008   4.2090   4.2217   4.2292   4.2397   4.2700   4.2751   4.3043
  4.3151   4.3348   4.3514   4.3563   4.3762   4.3923   4.3979   4.4157
  4.4279   4.4550   4.4710   4.5038   4.5115   4.5307   4.5467   4.5534
  4.5593   4.5622   4.5757   4.5990   4.6207   4.6238   4.6687   4.6765
  4.6825   4.6944   4.7226   4.7377   4.7685   4.7880   4.7998   4.8154
  4.8364   4.8552   4.8880   4.9067   4.9174   4.9318   4.9593   4.9729
  4.9909   5.0196   5.0342   5.0691   5.0850   5.0948   5.1200   5.1265
  5.1359   5.1700   5.1904   5.2184   5.2239   5.2432   5.2814   5.3009
  5.3064   5.3186   5.3269   5.3395   5.3715   5.3929   5.4181   5.4460
  5.4613   5.4706   5.5005   5.5237   5.5682   5.5787   5.6027   5.6081
  5.6167   5.6595   5.6796   5.6852   5.7022   5.7237   5.7560   5.7814
  5.8090   5.8222   5.8379   5.8528   5.9120   5.9369   5.9487   5.9751
  5.9925   6.0068   6.0243   6.0584   6.0893   6.1628   6.2098   6.2548
  6.3267   6.3912   6.4359   6.4825   6.4948   6.5422   6.5529   6.5604
  6.6070   6.6281   6.6725   6.7013   6.7256   6.7412   6.7853   6.7935
  6.8138   6.8444   6.8914   6.9301   6.9408   6.9634   6.9764   7.0566
  7.0735   7.0954   7.1008   7.1226   7.1832   7.1913   7.2536   7.2707
  7.2846   7.3340   7.3758   7.3952   7.4203   7.4491   7.5071   7.5262
  7.6422   7.6699   7.7139   7.7230   7.7783   7.8160   7.8866   7.9479
  8.0543   8.1743   8.4031   8.9166  15.5686  16.0016  16.1848  16.5988
 17.4557  17.8962  18.8225  19.7496  20.1834  20.3882
 --------------------------------------------------------------
 
          Ground-State Mulliken Net Atomic Charges

     Atom                 Charge (a.u.)
  ----------------------------------------
      1 N                     0.213337
      2 H                     0.021778
      3 C                    -0.390528
      4 O                    -0.626025
      5 N                     0.201879
      6 H                     0.396080
      7 C                    -0.344019
      8 O                    -0.682295
      9 C                     1.557301
     10 C                    -1.281353
     11 H                     0.765738
     12 C                    -0.767731
     13 H                     0.333291
     14 H                     0.327306
     15 H                     0.315188
     16 O                    -0.478629
     17 H                     0.181244
     18 H                     0.257437
  ----------------------------------------
  Sum of atomic charges =     0.000000

 -----------------------------------------------------------------
                    Cartesian Multipole Moments
 -----------------------------------------------------------------
    Charge (ESU x 10^10)
                -0.0000
    Dipole Moment (Debye)
         X       4.2174      Y      -2.0252      Z      -1.2352
       Tot       4.8388
    Quadrupole Moments (Debye-Ang)
        XX     -62.1495     XY      -9.9183     YY     -57.8454
        XZ       3.7461     YZ      -3.3636     ZZ     -58.1993
    Octopole Moments (Debye-Ang^2)
       XXX      17.3156    XXY      15.3050    XYY      11.8165
       YYY     -21.7622    XXZ     -10.3016    XYZ       9.6669
       YYZ      -8.5922    XZZ      -8.6610    YZZ       6.5094
       ZZZ      -1.1695
    Hexadecapole Moments (Debye-Ang^3)
      XXXX   -1032.5641   XXXY     -54.6370   XXYY    -331.8021
      XYYY     -68.3557   YYYY    -781.6013   XXXZ      28.6995
      XXYZ     -26.1639   XYYZ      24.2930   YYYZ     -22.5181
      XXZZ    -177.0151   XYZZ      -4.6576   YYZZ    -147.8452
      XZZZ       3.9756   YZZZ      -3.5944   ZZZZ     -65.8149
 -----------------------------------------------------------------
 Total job time:  24964.33s(wall), 16774.86s(cpu) 
 Mon Mar 11 02:30:21 2024

        *************************************************************
        *                                                           *
        *  Thank you very much for using Q-Chem.  Have a nice day.  *
        *                                                           *
        *************************************************************


