You are running Q-Chem version: 6.1.1

#
# job setting
#
local host:  node111.bme.utexas.edu
current dir: /home/mm227274/dimer_database/nucleobase_wat/T_optimized-Wat-DOCK/almo
input file:  T-wat_1_1.0_jun.inp
output file: 
nprocs     : 1
nthreads   : 1
#
# qchem installation setting
#
QC:          /opt/qchem/6.1
QCAUX:       /opt/qchem/6.1/qcaux
QCPROG:      /opt/qchem/6.1/exe/qcprog.exe_s
QCPROG_S:    /opt/qchem/6.1/exe/qcprog.exe_s
PARALLEL:    -DSERIAL
QCMPI:       seq
#
# qchem directory setting
#
qcrun:       qchem1317353
QCSCRATCH:   /scratch/qchemscratch
QCLOCALSCR:  
QCTMPDIR:    /scratch/qchemscratch
QCFILEPREF:  /scratch/qchemscratch/qchem1317353
QCSAVEDIR:   
workdirs:    /scratch/qchemscratch/qchem1317353
workdir0:    /scratch/qchemscratch/qchem1317353
partmpdirs =  
#
# parallel setting
#
QCRSH:           ssh
QCMPI:           seq
QCMPIRUN:        
QCMACHINEFILE:   

#
# env setting
#
exported envs:   QC QCAUX QCSCRATCH QCRUNNAME QCFILEPREF QCPROG QCPROG_S GUIFILE

Running Job 1 of 1 T-wat_1_1.0_jun.inp
qchem T-wat_1_1.0_jun.inp_1317353.0 /scratch/qchemscratch/qchem1317353/ 1
/opt/qchem/6.1/exe/qcprog.exe_s T-wat_1_1.0_jun.inp_1317353.0 /scratch/qchemscratch/qchem1317353/
                  Welcome to Q-Chem
     A Quantum Leap Into The Future Of Chemistry


 Q-Chem 6.1, Q-Chem, Inc., Pleasanton, CA (2023)

 License issued to: SRG Pengyu Ren, University of Texas at Austin

 E. Epifanovsky,  A. T. B. Gilbert,  Xintian Feng,  Joonho Lee,  Yuezhi Mao,  
 N. Mardirossian,  P. Pokhilko,  A. White,  M. Wormit,  M. P. Coons,  
 A. L. Dempwolff,  Zhengting Gan,  D. Hait,  P. R. Horn,  L. D. Jacobson,  
 I. Kaliman,  J. Kussmann,  A. W. Lange,  Ka Un Lao,  D. S. Levine,  Jie Liu,  
 S. C. McKenzie,  A. F. Morrison,  K. D. Nanda,  F. Plasser,  D. R. Rehn,  
 M. L. Vidal,  Zhi-Qiang You,  Ying Zhu,  B. Alam,  B. Albrecht,  
 A. Aldossary,  E. Alguire,  J. H. Andersen,  V. Athavale,  D. Barton,  
 K. Begam,  A. Behn,  N. Bellonzi,  Y. A. Bernard,  E. J. Berquist,  
 H. Burton,  A. Carreras,  K. Carter-Fenk,  Mathew Chow,  Romit Chakraborty,  
 Chandrima Chakravarty,  Junhan Chen,  A. D. Chien,  K. D. Closser,  
 V. Cofer-Shabica,  L. Cunha,  S. Dasgupta,  Jia Deng,  M. de Wergifosse,  
 M. Diedenhofen,  Hainam Do,  S. Ehlert,  Po-Tung Fang,  S. Fatehi,  
 Qingguo Feng,  T. Friedhoff,  Thomas Froitzheim,  B. Ganoe,  J. Gayvert,  
 Qinghui Ge,  G. Gidofalvi,  M. Gimferrer,  M. Goldey,  Montgomery Gray,  
 J. Gomes,  C. Gonzalez-Espinoza,  S. Gulania,  A. Gunina,  J. A. Gyamfi,  
 M. W. D. Hanson-Heine,  P. H. P. Harbach,  A. W. Hauser,  M. F. Herbst,  
 M. Hernandez Vera,  M. Hodecker,  Z. C. Holden,  S. Houck,  Xunkun Huang,  
 Kerwin Hui,  B. C. Huynh,  K. Ikeda,  M. Ivanov,  Hyunjun Ji,  Zuxin Jin,  
 Hanjie Jiang,  Subrata Jana,  B. Kaduk,  S. Kaehler,  R. Kang,  
 K. Khistyaev,  Jaehoon Kim,  Yongbin Kim,  P. Klunzinger,  Z. Koczor-Benda,  
 Joong Hoon Koh,  D. Kosenkov,  Saikiran Kotaru,  L. Koulias,  T. Kowalczyk,  
 C. M. Krauter,  K. Kue,  A. Kunitsa,  T. Kus,  A. Landau,  K. V. Lawler,  
 D. Lefrancois,  S. Lehtola,  Rain Li,  Shaozhi Li,  Yi-Pei Li,  
 Jiashu Liang,  M. Liebenthal,  Hung-Hsuan Lin,  You-Sheng Lin,  Fenglai Liu,  
 Kuan-Yu Liu,  Xiao Liu,  M. Loipersberger,  A. Luenser,  C. Malbon,  
 A. Manjanath,  P. Manohar,  E. Mansoor,  S. F. Manzer,  Shan-Ping Mao,  
 A. V. Marenich,  T. Markovich,  S. Mason,  F. Matz,  S. A. Maurer,  
 P. F. McLaughlin,  M. F. S. J. Menger,  J.-M. Mewes,  S. A. Mewes,  
 P. Morgante,  Mohammad Mostafanejad,  J. W. Mullinax,  K. J. Oosterbaan,  
 G. Paran,  V. Parravicini,  Alexander C. Paul,  Suranjan K. Paul,  
 F. Pavosevic,  Zheng Pei,  S. Prager,  E. I. Proynov,  E. Ramos,  B. Rana,  
 A. E. Rask,  A. Rettig,  R. M. Richard,  F. Rob,  E. Rossomme,  T. Scheele,  
 M. Scheurer,  M. Schneider,  P. E. Schneider,  Tim K. Schramm,  N. Sergueev,  
 S. M. Sharada,  M. Sharma,  Hengyuan Shen,  W. Skomorowski,  D. W. Small,  
 C. J. Stein,  Alistair J. Sterling,  Yingli Su,  Yu-Chuan Su,  
 E. J. Sundstrom,  J. Talbot,  Zhen Tao,  J. Thirman,  Hung-Yi Tsai,  
 T. Tsuchimochi,  N. M. Tubman,  C. Utku,  S. P. Veccham,  O. Vydrov,  
 J. Wenzel,  Jonathan Wong,  J. Witte,  A. Yamada,  Chou-Hsun Yang,  Kun Yao,  
 S. Yeganeh,  S. R. Yost,  A. Zech,  F. Zeller,  Igor Ying Zhang,  
 Xing Zhang,  Yu Zhang,  D. Zuev,  A. Aspuru-Guzik,  A. T. Bell,  
 N. A. Besley,  K. B. Bravaya,  B. R. Brooks,  D. Casanova,  Jeng-Da Chai,  
 Hsing-Ta Chen,  S. Coriani,  C. J. Cramer,  A. E. DePrince, III,  
 R. A. DiStasio Jr.,  A. Dreuw,  B. D. Dunietz,  T. R. Furlani,  
 W. A. Goddard III,  S. Grimme,  S. Hammes-Schiffer,  T. Head-Gordon,  
 W. J. Hehre,  Chao-Ping Hsu,  T.-C. Jagau,  Yousung Jung,  A. Klamt,  
 Jing Kong,  D. S. Lambrecht,  Xiangyuan Li,  WanZhen Liang,  N. J. Mayhall,  
 C. W. McCurdy,  J. B. Neaton,  T. Neudecker,  C. Ochsenfeld,  
 J. A. Parkhill,  R. Peverati,  V. A. Rassolov,  Haisheng Ren,  Yihan Shao,  
 L. V. Slipchenko,  R. P. Steele,  J. E. Subotnik,  A. J. W. Thom,  
 A. Tkatchenko,  D. G. Truhlar,  T. Van Voorhis,  Fan Wang,  
 T. A. Wesolowski,  K. B. Whaley,  H. L. Woodcock III,  P. M. Zimmerman,  
 S. Faraji,  P. M. W. Gill,  M. Head-Gordon,  J. M. Herbert,  A. I. Krylov

 Contributors to earlier versions of Q-Chem not listed above: 
 R. D. Adamson,  B. Austin,  R. Baer,  J. Baker,  G. J. O. Beran,  
 K. Brandhorst,  S. T. Brown,  E. F. C. Byrd,  Arup K. Chakraborty,  
 G. K. L. Chan,  Chun-Min Chang,  Yunqing Chen,  C.-L. Cheng,  
 Siu Hung Chien,  D. M. Chipman,  D. L. Crittenden,  H. Dachsel,  
 R. J. Doerksen,  A. D. Dutoi,  R. G. Edgar,  J. Fosso-Tande,  
 L. Fusti-Molnar,  D. Ghosh,  A. Ghysels,  A. Golubeva-Zadorozhnaya,  
 J. Gonthier,  M. S. Gordon,  S. R. Gwaltney,  G. Hawkins,  J. E. Herr,  
 A. Heyden,  S. Hirata,  E. G. Hohenstein,  G. Kedziora,  F. J. Keil,  
 C. Kelley,  Jihan Kim,  R. A. King,  R. Z. Khaliullin,  P. P. Korambath,  
 W. Kurlancheek,  A. Laurent,  A. M. Lee,  M. S. Lee,  S. V. Levchenko,  
 Ching Yeh Lin,  D. Liotard,  E. Livshits,  R. C. Lochan,  I. Lotan,  
 L. A. Martinez-Martinez,  P. E. Maslen,  N. Nair,  D. P. O'Neill,  
 D. Neuhauser,  E. Neuscamman,  C. M. Oana,  R. Olivares-Amaya,  R. Olson,  
 T. M. Perrine,  B. Peters,  P. A. Pieniazek,  A. Prociuk,  Y. M. Rhee,  
 J. Ritchie,  M. A. Rohrdanz,  E. Rosta,  N. J. Russ,  H. F. Schaefer III,  
 M. W. Schmidt,  N. E. Schultz,  S. Sharma,  N. Shenvi,  C. D. Sherrill,  
 A. C. Simmonett,  A. Sodt,  T. Stein,  D. Stuck,  K. S. Thanthiriwatte,  
 V. Vanovschi,  L. Vogt,  Tao Wang,  A. Warshel,  M. A. Watson,  
 C. F. Williams,  Q. Wu,  X. Xu,  Jun Yang,  W. Zhang,  Yan Zhao

   Please cite Q-Chem as follows:
  "Software for the frontiers of quantum chemistry:
   An overview of developments in the Q-Chem 5 package"
   J. Chem. Phys. 155, 084801 (2021)
   https://doi.org/10.1063/5.0055522 (open access)

 Q-Chem 6.1.1 for Intel X86 EM64T Linux

 Parts of Q-Chem use Armadillo 9.900.5 (Nocturnal Misbehaviour).
 http://arma.sourceforge.net/

 Q-Chem begins on Mon Apr 15 13:32:41 2024  

 Host: 
0

     Scratch files written to /scratch/qchemscratch/qchem1317353//
 Jan1824 |scratch|qcdevops|jenkins|workspace|build_RNUM UKVU   
 Processing $rem in /opt/qchem/6.1/config/preferences:
 Processing $rem in /home/mm227274/.qchemrc:

 Q-Chem warning in module libgen/rem_setup.C, line 3361:

 Neither GIA nor STOLL is specified by user. Use STOLL as the default


 Checking the input file for inconsistencies... 	...done.

--------------------------------------------------------------
User input:
--------------------------------------------------------------
$molecule
0 1
--
0 1
N -0.92227 0.64524 -0.00218
H -1.8368 1.11267 -0.0116
C -0.98525 -0.72873 -0.00478
O -2.04385 -1.36932 -0.01332
N 0.25537 -1.33309 0.00509
H 0.25173 -2.35022 0.00217
C 1.51985 -0.71966 0.0074
O 2.54425 -1.40069 0.01426
C 1.47564 0.73954 0.00017
C 0.26338 1.34706 -0.00589
H 0.1556 2.4281 -0.01349
C 2.77952 1.47406 -0.00291
H 2.61854 2.55534 -0.0095
H 3.37109 1.21034 0.87827
H 3.37248 1.20012 -0.87999
--
0 1
O -3.7342 0.90208 -0.07358
H -3.49695 -0.04849 -0.13407
H -4.21581 0.97693 0.76507
$end

$rem
JOBTYPE          eda
EDA2             2
METHOD           b97m-v
BASIS            jun-cc-pvdz
SCF_CONVERGENCE  8
THRESH           14
SYMMETRY         false
DISP_FREE_X      revPBE
DISP_FREE_C      PBE
EDA_BSSE         true
$end
--------------------------------------------------------------
 ----------------------------------------------------------------
             Standard Nuclear Orientation (Angstroms)
    I     Atom           X                Y                Z
 ----------------------------------------------------------------
    1      N       0.9222705023    -0.6452393965    -0.0021801997
    2      H       1.8368006761    -1.1126690636    -0.0115998527
    3      C       0.9852499935     0.7287306252    -0.0047810522
    4      O       2.0438497567     1.3693210120    -0.0133213872
    5      N      -0.2553702310     1.3330901717     0.0050884957
    6      H      -0.2517306076     2.3502201713     0.0021678619
    7      C      -1.5198500039     0.7196597047     0.0073988012
    8      O      -2.5442502566     1.4006893295     0.0142583144
    9      C      -1.4756394629    -0.7395402834     0.0001697134
   10      C      -0.2633792375    -1.3470598381    -0.0058898343
   11      H      -0.1555988365    -2.4280998029    -0.0134891539
   12      C      -2.7795191906    -1.4740607684    -0.0029099081
   13      H      -2.6185387896    -2.5553407128    -0.0094992243
   14      H      -3.3710893418    -1.2103404383     0.8782698916
   15      H      -3.3724792388    -1.2001215347    -0.8799901148
   16      O       3.7342006018    -0.9020783993    -0.0735798687
   17      H       3.4969502533     0.0484914751    -0.1340704756
   18      H       4.2158105786    -0.9769276982     0.7650702072
 ----------------------------------------------------------------
 Molecular Point Group                 C1    NOp =  1
 Largest Abelian Subgroup              C1    NOp =  1
 Nuclear Repulsion Energy =         531.86909492 hartrees
 There are       38 alpha and       38 beta electrons
 Requested basis set is jun-cc-pVDZ
 There are 104 shells and 220 basis functions

 Total QAlloc Memory Limit  16000 MB
 Mega-Array Size       188 MB
 MEM_STATIC part       192 MB

 A cutoff of  1.0D-14 yielded   5175 shell pairs
 There are     22975 function pairs (     25069 Cartesian)
 Smallest overlap matrix eigenvalue = 3.40E-05

 Scale SEOQF with 1.000000e-01/1.000000e-01/1.000000e-01

 Standard Electronic Orientation quadrupole field applied
 Nucleus-field energy     =     0.0000000199 hartrees

 -----------------------------------------------------------------------
  General SCF calculation program by
  Eric Jon Sundstrom, Paul Horn, Yuezhi Mao, Dmitri Zuev, Alec White,
  David Stuck, Shaama M.S., Shane Yost, Joonho Lee, David Small,
  Daniel Levine, Susi Lehtola, Hugh Burton, Evgeny Epifanovsky,
  Bang C. Huynh
 -----------------------------------------------------------------------
================================================================
                 ALMO-EDA with the EDA2 driver                  
================================================================
 The second-generation ALMO-EDA (for DFT):                      
 P. R. Horn, Y. Mao and M. Head-Gordon, PCCP, 18, 23067 (2016)  
 Y. Mao et al. Annu. Rev. Phys. Chem. 72, 641 (2021)            
 Decomposition of the frozen energy:                            
 P. R. Horn, Y. Mao and M. Head-Gordon, JCP, 144, 114107 (2016) 
================================================================
 Using eda2 option set 2
 Option set summary: Frozen orbital wavefunction, initial wavefunction decomposition, and traditional AO-based POL.
--------------------------------
Printing EDA Options
--------------------------------
eda_child_super_basis      0
fragmo_guess_mode          0
child_mp                   0
child_mp_orders            0
cls_elec                   1
cls_disp                   0
scfmi_mode                 1
scfmi_occs                 0
scfmi_virts                0
frz_relax                  0
frz_relax_method           0
dc_pen_start               0
dc_pen_conv                0
dc_pen_increment           0
dc_pen_steps               0
dc_pen_thresh_factor       0
dc_pen_pre_newton_thresh   0
frz_ortho_decomp           1
frz_ortho_decomp_conv      6
plot_mo_ortho_frz          0
frgm_method                2
scfmi_freeze_ss            0
separate_rehyb             0
plot_diff_den              0
eda_nocv                   0
eda_vct_relax              1
disp_free_x                33
disp_free_c                25
eda_bsse                   1
eda_pct_a                  0
eda_covp                   0
eda_vct_a                  0
--------------------------------
 Attempting to make child job directory: /scratch/qchemscratch/qchem1317353//Frg1/
 Attempting to make child job directory: /scratch/qchemscratch/qchem1317353//Frg2/
 Creating input file /scratch/qchemscratch/qchem1317353/Frg1.input
 using default PutDataFrgm: nothing
 calling putenv with: QCSCRATCH=/scratch/qchemscratch/qchem1317353/ 
 Spawning Job For Fragment 0
 Done Job For Fragment 0
 calling putenv with: QCSCRATCH=/scratch/qchemscratch 
 calling putenv with: QCTHREADS=1 
 Creating input file /scratch/qchemscratch/qchem1317353/Frg2.input
 using default PutDataFrgm: nothing
 calling putenv with: QCSCRATCH=/scratch/qchemscratch/qchem1317353/ 
 Spawning Job For Fragment 1
 Done Job For Fragment 1
 calling putenv with: QCSCRATCH=/scratch/qchemscratch 
 calling putenv with: QCTHREADS=1 
Doing General SCFMI
 Exchange:  B97M-V      Correlation:  B97M-V
 Using SG-2 standard quadrature grid
 Nonlocal Correlation:  VV10 with C = 0.0100 and b = 6.00 and scale = 1.00000
 Grid used for NLC:  SG-1 standard quadrature
performing fock build before subrot guess so that all methods have access
Printing subrot_rss_gen Method Specification:
Occupied Subspace Method is 0
Virtual Subspace Method is 0
Energy of the unrelaxed supersystem initial determinant -530.557273591990
write pseudocanon occs and virts to disk
write pseudocanon orbital energies to disk
Tolerance of ortho_decomp_scf: 1.00e-06
GDM subspace size: 20
Beginning the Orthogonal Decomposition of the Initial Supersystem Wavefunction
    1    -530.4754556774      1.19e-01     ortho_decomp Preconditoned Steepest Descent
    2    -530.4867941050      4.33e-04     ortho_decomp BFGS Step
    3    -530.4867949623      7.39e-06     ortho_decomp BFGS Step
    4    -530.4867949624      4.29e-08     ortho_decomp 00000 Convergence criterion met
 Exchange:  revPBE      Correlation:  PBE
 Using SG-2 standard quadrature grid
 Exchange:  revPBE      Correlation:  PBE
 Using SG-2 standard quadrature grid
 Exchange:  revPBE      Correlation:  PBE
 Using SG-2 standard quadrature grid
Doing General SCFMI
 Exchange:  B97M-V      Correlation:  B97M-V
 Using SG-2 standard quadrature grid
 Nonlocal Correlation:  VV10 with C = 0.0100 and b = 6.00 and scale = 1.00000
 Grid used for NLC:  SG-1 standard quadrature
performing fock build at end of subrot_r(subrot) constructor so that all methods have access
<S^2> of initial wavefunction before polarization iterations 0.0000000000
Beginning iterations for the determination of the polarized wavefunction
Energy prior to optimization (guess energy) = -530.557273591990
Begin Timing: Total SCF Calculation
begin iterations for algorithm: DIIS         
the SCF tolerance is set to 1.00e-08
    1    -530.5572735920      3.31e-04     00000 
    2    -530.5607546333      1.80e-04     00000 
    3    -530.5600355674      2.86e-04     00000 
    4    -530.5613610603      3.61e-05     00000 
    5    -530.5613630196      3.55e-05     00000 
    6    -530.5613834092      6.40e-06     00000 
    7    -530.5613838951      3.73e-06     00000 
    8    -530.5613841471      9.59e-07     00000 
    9    -530.5613841576      6.16e-07     00000 
   10    -530.5613841643      2.45e-07     00000 
   11    -530.5613841655      8.31e-08     00000 
   12    -530.5613841656      2.33e-08     00000 
   13    -530.5613841656      9.00e-09     00000 Convergence criterion met
write pseudocanon occs and virts to disk
write pseudocanon orbital energies to disk
Timing for Total SCF: 247.00s (wall), 245.86s (cpu)
<S^2> of polarized wavefunction after polarization iterations 0.0000000000
relaxing scfmi constraint to allow all rotations in the entire AO span
Doing General SCFMI
 Exchange:  B97M-V      Correlation:  B97M-V
 Using SG-2 standard quadrature grid
 Nonlocal Correlation:  VV10 with C = 0.0100 and b = 6.00 and scale = 1.00000
 Grid used for NLC:  SG-1 standard quadrature
performing fock build at end of subrot_r(subrot) constructor so that all methods have access
<S^2> of polarized wavefunction before ct-allowed iterations 0.0000000000
Beginning iterations for the determination of the CT-Allowed wavefunction
Energy prior to optimization (guess energy) = -530.561384165571
Begin Timing: Total SCF Calculation
begin iterations for algorithm: DIIS         
the SCF tolerance is set to 1.00e-08
    1    -530.5613841656      4.44e-04     00000 
    2    -530.5709221939      8.94e-05     00000 
    3    -530.5706347796      1.51e-04     00000 
    4    -530.5710791265      3.32e-05     00000 
    5    -530.5710984221      1.34e-05     00000 
    6    -530.5711020349      3.83e-06     00000 
    7    -530.5711022747      1.84e-06     00000 
    8    -530.5711023386      2.73e-07     00000 
    9    -530.5711023402      1.20e-07     00000 
   10    -530.5711023404      6.50e-08     00000 
   11    -530.5711023405      1.08e-08     00000 
   12    -530.5711023405      3.86e-09     00000 Convergence criterion met
write pseudocanon occs and virts to disk
write pseudocanon orbital energies to disk
Timing for Total SCF: 213.00s (wall), 212.87s (cpu)
<S^2> of ct_allowed wavefunction after ct-allowed iterations 0.0000000000
 Attempting to make child job directory: /scratch/qchemscratch/qchem1317353//FrgBSSE1/
 Attempting to make child job directory: /scratch/qchemscratch/qchem1317353//FrgBSSE2/
 Creating input file /scratch/qchemscratch/qchem1317353/FrgBSSE1.input
 calling putenv with: QCSCRATCH=/scratch/qchemscratch/qchem1317353/ 
 Spawning Job For Fragment 0
 Done Job For Fragment 0
 calling putenv with: QCSCRATCH=/scratch/qchemscratch 
 calling putenv with: QCTHREADS=1 
 Creating input file /scratch/qchemscratch/qchem1317353/FrgBSSE2.input
 calling putenv with: QCSCRATCH=/scratch/qchemscratch/qchem1317353/ 
 Spawning Job For Fragment 1
 Done Job For Fragment 1
 calling putenv with: QCSCRATCH=/scratch/qchemscratch 
 calling putenv with: QCTHREADS=1 
====================================================================
   Evaluating the BSSE with fragment SCF in the supersystem basis
   Fragment contributions (kJ/mol) 
   Frgm 1: 0.6175
   Frgm 2: 2.2370
   BSSE (kJ/mol) = 2.8545
====================================================================

================================
        Results of EDA2         
================================
Basic EDA Quantities
--------------------
Fragment Energies (Ha):
1 -454.1424395630
2  -76.4098003595
--------------------
  E_prp (kJ/mol) = 0.0000
  E_frz (kJ/mol) = -13.2161
  E_pol (kJ/mol) = -10.7924
  E_vct (kJ/mol) = -22.6609 (CP-corrected)
  E_int (kJ/mol) = -46.6694 (CP-corrected)
--------------------


Decomposition of frozen interaction energy
--------------------
  --------------------
  Orthogonal Frozen Decomposition:
  --------------------
     E_elec   (ELEC)   (kJ/mol) = -137.4801
     E_pauli  (PAULI)  (kJ/mol) = 140.1246
     E_disp   (DISP)   (kJ/mol) = -15.8606
  --------------------
  Classical Frozen Decomposition:
  --------------------
     E_cls_elec  (CLS ELEC)  (kJ/mol) = -84.1408
     E_mod_pauli (MOD PAULI) (kJ/mol) = 86.7853 (FRZ - CLS ELEC - DISP)
     E_disp      (DISP)      (kJ/mol) = -15.8606
  --------------------
--------------------

Simplified EDA Summary (kJ/mol)
--------------------
 PREPARATION      0.0000
 FROZEN           -13.2161 (ELEC + PAULI + DISP)
[ELEC + PAULI = 2.6445, DISP = -15.8606]
 POLARIZATION    -10.7924
 CHARGE TRANSFER -22.6609     (counterpoise-corrected)
 TOTAL           -46.6694     (PRP + FRZ + POL + CT)
--------------------
 
 --------------------------------------------------------------
 
                    Orbital Energies (a.u.)
 --------------------------------------------------------------
 
 Alpha MOs
 -- Occupied --
-19.1770 -19.1544 -19.1437 -14.4116 -14.4052 -10.3480 -10.3094 -10.2671
-10.2186 -10.1967  -1.0764  -1.0422  -1.0163  -0.9765  -0.9250  -0.8092
 -0.7030  -0.6625  -0.6471  -0.5526  -0.5419  -0.5105  -0.4980  -0.4605
 -0.4535  -0.4305  -0.4067  -0.4049  -0.3858  -0.3776  -0.3743  -0.3660
 -0.3393  -0.3011  -0.2781  -0.2735  -0.2472  -0.2305
 -- Virtual --
 -0.0750  -0.0265  -0.0220  -0.0069   0.0009   0.0157   0.0196   0.0320
  0.0472   0.0505   0.0584   0.0599   0.0723   0.0770   0.0835   0.0975
  0.1030   0.1071   0.1126   0.1195   0.1246   0.1295   0.1303   0.1369
  0.1478   0.1518   0.1656   0.1692   0.1741   0.1806   0.1870   0.1898
  0.1908   0.1978   0.2010   0.2069   0.2140   0.2213   0.2236   0.2338
  0.2370   0.2486   0.2549   0.2678   0.2720   0.2785   0.2812   0.2953
  0.3107   0.3218   0.3352   0.3600   0.3607   0.3676   0.3822   0.3979
  0.4368   0.4887   0.5184   0.5324   0.5540   0.5764   0.6232   0.6299
  0.6409   0.6537   0.6605   0.6710   0.6793   0.7041   0.7099   0.7236
  0.7265   0.7553   0.7639   0.8061   0.8248   0.8395   0.8440   0.8603
  0.8846   0.8916   0.9072   0.9342   0.9624   0.9707   0.9826   1.0135
  1.0182   1.0424   1.0482   1.0856   1.0973   1.1015   1.1322   1.1335
  1.1513   1.1695   1.2128   1.2177   1.2452   1.2501   1.2744   1.2819
  1.2968   1.3049   1.3129   1.3256   1.3568   1.3843   1.4191   1.4421
  1.4484   1.4904   1.5131   1.5391   1.5647   1.5745   1.5885   1.6114
  1.6408   1.6485   1.6516   1.6762   1.7034   1.7085   1.7443   1.7613
  1.7649   1.7741   1.8148   1.8306   1.8343   1.8610   1.9114   1.9311
  1.9824   1.9984   2.0441   2.0642   2.1256   2.1451   2.1583   2.1813
  2.1981   2.2070   2.2444   2.2604   2.2672   2.2787   2.3316   2.3783
  2.3896   2.4162   2.5299   2.5348   2.5942   2.5960   2.6216   2.6477
  2.6815   2.7093   2.7246   2.7598   2.8011   2.8054   2.9054   2.9503
  2.9636   2.9955   3.0522   3.1108   3.1589   3.1786   3.1964   3.4615
  3.5407   3.5666   3.6103   3.7272   3.7730   3.8730
 --------------------------------------------------------------
 
          Ground-State Mulliken Net Atomic Charges

     Atom                 Charge (a.u.)
  ----------------------------------------
      1 N                    -0.225068
      2 H                     0.253535
      3 C                     0.386874
      4 O                    -0.458824
      5 N                    -0.305826
      6 H                     0.227659
      7 C                     0.351519
      8 O                    -0.426574
      9 C                     0.378772
     10 C                    -0.224173
     11 H                     0.073936
     12 C                    -0.377520
     13 H                     0.070944
     14 H                     0.122757
     15 H                     0.123317
     16 O                    -0.498513
     17 H                     0.278422
     18 H                     0.248763
  ----------------------------------------
  Sum of atomic charges =     0.000000

 -----------------------------------------------------------------
                    Cartesian Multipole Moments
 -----------------------------------------------------------------
    Charge (ESU x 10^10)
                -0.0000
    Dipole Moment (Debye)
         X       1.0407      Y      -3.2321      Z       1.2645
       Tot       3.6233
    Quadrupole Moments (Debye-Ang)
        XX     -67.7175     XY       4.2781     YY     -57.3772
        XZ       6.2076     YZ      -1.7025     ZZ     -58.7076
    Octopole Moments (Debye-Ang^2)
       XXX      45.0116    XXY     -24.2358    XYY       3.3324
       YYY      -1.3078    XXZ      27.5106    XYZ      -7.3661
       YYZ       1.8586    XZZ       8.2023    YZZ       2.4588
       ZZZ       1.3772
    Hexadecapole Moments (Debye-Ang^3)
      XXXX   -1577.2597   XXXY      46.6350   XXYY    -408.1797
      XYYY     -13.5264   YYYY    -509.5261   XXXZ     125.6387
      XXYZ     -32.9574   XYYZ       9.1444   YYYZ      -2.6150
      XXZZ    -256.3962   XYZZ      -9.3984   YYZZ    -107.1488
      XZZZ       6.7488   YZZZ      -1.8551   ZZZZ     -67.4107
 -----------------------------------------------------------------
 Total job time:  1244.92s(wall), 706.54s(cpu) 
 Mon Apr 15 13:53:26 2024

        *************************************************************
        *                                                           *
        *  Thank you very much for using Q-Chem.  Have a nice day.  *
        *                                                           *
        *************************************************************


remove work dirs /scratch/qchemscratch/qchem1317353.0 -- /scratch/qchemscratch/qchem1317353.0
rm -rf /scratch/qchemscratch/qchem1317353.0
rm -rf /scratch/qchemscratch/qchem1317353
