You are running Q-Chem version: 6.1.1

#
# job setting
#
local host:  node111.bme.utexas.edu
current dir: /home/mm227274/dimer_database/nucleobase_wat/T_optimized-Wat-DOCK/almo
input file:  T-wat_1_1.1_jun.inp
output file: 
nprocs     : 1
nthreads   : 1
#
# qchem installation setting
#
QC:          /opt/qchem/6.1
QCAUX:       /opt/qchem/6.1/qcaux
QCPROG:      /opt/qchem/6.1/exe/qcprog.exe_s
QCPROG_S:    /opt/qchem/6.1/exe/qcprog.exe_s
PARALLEL:    -DSERIAL
QCMPI:       seq
#
# qchem directory setting
#
qcrun:       qchem1317369
QCSCRATCH:   /scratch/qchemscratch
QCLOCALSCR:  
QCTMPDIR:    /scratch/qchemscratch
QCFILEPREF:  /scratch/qchemscratch/qchem1317369
QCSAVEDIR:   
workdirs:    /scratch/qchemscratch/qchem1317369
workdir0:    /scratch/qchemscratch/qchem1317369
partmpdirs =  
#
# parallel setting
#
QCRSH:           ssh
QCMPI:           seq
QCMPIRUN:        
QCMACHINEFILE:   

#
# env setting
#
exported envs:   QC QCAUX QCSCRATCH QCRUNNAME QCFILEPREF QCPROG QCPROG_S GUIFILE

Running Job 1 of 1 T-wat_1_1.1_jun.inp
qchem T-wat_1_1.1_jun.inp_1317369.0 /scratch/qchemscratch/qchem1317369/ 1
/opt/qchem/6.1/exe/qcprog.exe_s T-wat_1_1.1_jun.inp_1317369.0 /scratch/qchemscratch/qchem1317369/
                  Welcome to Q-Chem
     A Quantum Leap Into The Future Of Chemistry


 Q-Chem 6.1, Q-Chem, Inc., Pleasanton, CA (2023)

 License issued to: SRG Pengyu Ren, University of Texas at Austin

 E. Epifanovsky,  A. T. B. Gilbert,  Xintian Feng,  Joonho Lee,  Yuezhi Mao,  
 N. Mardirossian,  P. Pokhilko,  A. White,  M. Wormit,  M. P. Coons,  
 A. L. Dempwolff,  Zhengting Gan,  D. Hait,  P. R. Horn,  L. D. Jacobson,  
 I. Kaliman,  J. Kussmann,  A. W. Lange,  Ka Un Lao,  D. S. Levine,  Jie Liu,  
 S. C. McKenzie,  A. F. Morrison,  K. D. Nanda,  F. Plasser,  D. R. Rehn,  
 M. L. Vidal,  Zhi-Qiang You,  Ying Zhu,  B. Alam,  B. Albrecht,  
 A. Aldossary,  E. Alguire,  J. H. Andersen,  V. Athavale,  D. Barton,  
 K. Begam,  A. Behn,  N. Bellonzi,  Y. A. Bernard,  E. J. Berquist,  
 H. Burton,  A. Carreras,  K. Carter-Fenk,  Mathew Chow,  Romit Chakraborty,  
 Chandrima Chakravarty,  Junhan Chen,  A. D. Chien,  K. D. Closser,  
 V. Cofer-Shabica,  L. Cunha,  S. Dasgupta,  Jia Deng,  M. de Wergifosse,  
 M. Diedenhofen,  Hainam Do,  S. Ehlert,  Po-Tung Fang,  S. Fatehi,  
 Qingguo Feng,  T. Friedhoff,  Thomas Froitzheim,  B. Ganoe,  J. Gayvert,  
 Qinghui Ge,  G. Gidofalvi,  M. Gimferrer,  M. Goldey,  Montgomery Gray,  
 J. Gomes,  C. Gonzalez-Espinoza,  S. Gulania,  A. Gunina,  J. A. Gyamfi,  
 M. W. D. Hanson-Heine,  P. H. P. Harbach,  A. W. Hauser,  M. F. Herbst,  
 M. Hernandez Vera,  M. Hodecker,  Z. C. Holden,  S. Houck,  Xunkun Huang,  
 Kerwin Hui,  B. C. Huynh,  K. Ikeda,  M. Ivanov,  Hyunjun Ji,  Zuxin Jin,  
 Hanjie Jiang,  Subrata Jana,  B. Kaduk,  S. Kaehler,  R. Kang,  
 K. Khistyaev,  Jaehoon Kim,  Yongbin Kim,  P. Klunzinger,  Z. Koczor-Benda,  
 Joong Hoon Koh,  D. Kosenkov,  Saikiran Kotaru,  L. Koulias,  T. Kowalczyk,  
 C. M. Krauter,  K. Kue,  A. Kunitsa,  T. Kus,  A. Landau,  K. V. Lawler,  
 D. Lefrancois,  S. Lehtola,  Rain Li,  Shaozhi Li,  Yi-Pei Li,  
 Jiashu Liang,  M. Liebenthal,  Hung-Hsuan Lin,  You-Sheng Lin,  Fenglai Liu,  
 Kuan-Yu Liu,  Xiao Liu,  M. Loipersberger,  A. Luenser,  C. Malbon,  
 A. Manjanath,  P. Manohar,  E. Mansoor,  S. F. Manzer,  Shan-Ping Mao,  
 A. V. Marenich,  T. Markovich,  S. Mason,  F. Matz,  S. A. Maurer,  
 P. F. McLaughlin,  M. F. S. J. Menger,  J.-M. Mewes,  S. A. Mewes,  
 P. Morgante,  Mohammad Mostafanejad,  J. W. Mullinax,  K. J. Oosterbaan,  
 G. Paran,  V. Parravicini,  Alexander C. Paul,  Suranjan K. Paul,  
 F. Pavosevic,  Zheng Pei,  S. Prager,  E. I. Proynov,  E. Ramos,  B. Rana,  
 A. E. Rask,  A. Rettig,  R. M. Richard,  F. Rob,  E. Rossomme,  T. Scheele,  
 M. Scheurer,  M. Schneider,  P. E. Schneider,  Tim K. Schramm,  N. Sergueev,  
 S. M. Sharada,  M. Sharma,  Hengyuan Shen,  W. Skomorowski,  D. W. Small,  
 C. J. Stein,  Alistair J. Sterling,  Yingli Su,  Yu-Chuan Su,  
 E. J. Sundstrom,  J. Talbot,  Zhen Tao,  J. Thirman,  Hung-Yi Tsai,  
 T. Tsuchimochi,  N. M. Tubman,  C. Utku,  S. P. Veccham,  O. Vydrov,  
 J. Wenzel,  Jonathan Wong,  J. Witte,  A. Yamada,  Chou-Hsun Yang,  Kun Yao,  
 S. Yeganeh,  S. R. Yost,  A. Zech,  F. Zeller,  Igor Ying Zhang,  
 Xing Zhang,  Yu Zhang,  D. Zuev,  A. Aspuru-Guzik,  A. T. Bell,  
 N. A. Besley,  K. B. Bravaya,  B. R. Brooks,  D. Casanova,  Jeng-Da Chai,  
 Hsing-Ta Chen,  S. Coriani,  C. J. Cramer,  A. E. DePrince, III,  
 R. A. DiStasio Jr.,  A. Dreuw,  B. D. Dunietz,  T. R. Furlani,  
 W. A. Goddard III,  S. Grimme,  S. Hammes-Schiffer,  T. Head-Gordon,  
 W. J. Hehre,  Chao-Ping Hsu,  T.-C. Jagau,  Yousung Jung,  A. Klamt,  
 Jing Kong,  D. S. Lambrecht,  Xiangyuan Li,  WanZhen Liang,  N. J. Mayhall,  
 C. W. McCurdy,  J. B. Neaton,  T. Neudecker,  C. Ochsenfeld,  
 J. A. Parkhill,  R. Peverati,  V. A. Rassolov,  Haisheng Ren,  Yihan Shao,  
 L. V. Slipchenko,  R. P. Steele,  J. E. Subotnik,  A. J. W. Thom,  
 A. Tkatchenko,  D. G. Truhlar,  T. Van Voorhis,  Fan Wang,  
 T. A. Wesolowski,  K. B. Whaley,  H. L. Woodcock III,  P. M. Zimmerman,  
 S. Faraji,  P. M. W. Gill,  M. Head-Gordon,  J. M. Herbert,  A. I. Krylov

 Contributors to earlier versions of Q-Chem not listed above: 
 R. D. Adamson,  B. Austin,  R. Baer,  J. Baker,  G. J. O. Beran,  
 K. Brandhorst,  S. T. Brown,  E. F. C. Byrd,  Arup K. Chakraborty,  
 G. K. L. Chan,  Chun-Min Chang,  Yunqing Chen,  C.-L. Cheng,  
 Siu Hung Chien,  D. M. Chipman,  D. L. Crittenden,  H. Dachsel,  
 R. J. Doerksen,  A. D. Dutoi,  R. G. Edgar,  J. Fosso-Tande,  
 L. Fusti-Molnar,  D. Ghosh,  A. Ghysels,  A. Golubeva-Zadorozhnaya,  
 J. Gonthier,  M. S. Gordon,  S. R. Gwaltney,  G. Hawkins,  J. E. Herr,  
 A. Heyden,  S. Hirata,  E. G. Hohenstein,  G. Kedziora,  F. J. Keil,  
 C. Kelley,  Jihan Kim,  R. A. King,  R. Z. Khaliullin,  P. P. Korambath,  
 W. Kurlancheek,  A. Laurent,  A. M. Lee,  M. S. Lee,  S. V. Levchenko,  
 Ching Yeh Lin,  D. Liotard,  E. Livshits,  R. C. Lochan,  I. Lotan,  
 L. A. Martinez-Martinez,  P. E. Maslen,  N. Nair,  D. P. O'Neill,  
 D. Neuhauser,  E. Neuscamman,  C. M. Oana,  R. Olivares-Amaya,  R. Olson,  
 T. M. Perrine,  B. Peters,  P. A. Pieniazek,  A. Prociuk,  Y. M. Rhee,  
 J. Ritchie,  M. A. Rohrdanz,  E. Rosta,  N. J. Russ,  H. F. Schaefer III,  
 M. W. Schmidt,  N. E. Schultz,  S. Sharma,  N. Shenvi,  C. D. Sherrill,  
 A. C. Simmonett,  A. Sodt,  T. Stein,  D. Stuck,  K. S. Thanthiriwatte,  
 V. Vanovschi,  L. Vogt,  Tao Wang,  A. Warshel,  M. A. Watson,  
 C. F. Williams,  Q. Wu,  X. Xu,  Jun Yang,  W. Zhang,  Yan Zhao

   Please cite Q-Chem as follows:
  "Software for the frontiers of quantum chemistry:
   An overview of developments in the Q-Chem 5 package"
   J. Chem. Phys. 155, 084801 (2021)
   https://doi.org/10.1063/5.0055522 (open access)

 Q-Chem 6.1.1 for Intel X86 EM64T Linux

 Parts of Q-Chem use Armadillo 9.900.5 (Nocturnal Misbehaviour).
 http://arma.sourceforge.net/

 Q-Chem begins on Mon Apr 15 13:32:41 2024  

 Host: 
0

     Scratch files written to /scratch/qchemscratch/qchem1317369//
 Jan1824 |scratch|qcdevops|jenkins|workspace|build_RNUM UKVU   
 Processing $rem in /opt/qchem/6.1/config/preferences:
 Processing $rem in /home/mm227274/.qchemrc:

 Q-Chem warning in module libgen/rem_setup.C, line 3361:

 Neither GIA nor STOLL is specified by user. Use STOLL as the default


 Checking the input file for inconsistencies... 	...done.

--------------------------------------------------------------
User input:
--------------------------------------------------------------
$molecule
0 1
--
0 1
N -0.92227 0.64524 -0.00218
H -1.8368 1.11267 -0.0116
C -0.98525 -0.72873 -0.00478
O -2.04385 -1.36932 -0.01332
N 0.25537 -1.33309 0.00509
H 0.25173 -2.35022 0.00217
C 1.51985 -0.71966 0.0074
O 2.54425 -1.40069 0.01426
C 1.47564 0.73954 0.00017
C 0.26338 1.34706 -0.00589
H 0.1556 2.4281 -0.01349
C 2.77952 1.47406 -0.00291
H 2.61854 2.55534 -0.0095
H 3.37109 1.21034 0.87827
H 3.37248 1.20012 -0.87999
--
0 1
O -4.2012272 0.9310256 -0.05475733333333334
H -3.9639772 -0.019544399999999996 -0.11524733333333333
H -4.682837200000001 1.0058756 0.7838926666666667
$end

$rem
JOBTYPE          eda
EDA2             2
METHOD           b97m-v
BASIS            jun-cc-pvdz
SCF_CONVERGENCE  8
THRESH           14
SYMMETRY         false
DISP_FREE_X      revPBE
DISP_FREE_C      PBE
EDA_BSSE         true
$end
--------------------------------------------------------------
 ----------------------------------------------------------------
             Standard Nuclear Orientation (Angstroms)
    I     Atom           X                Y                Z
 ----------------------------------------------------------------
    1      N       0.8724206775    -0.6255346688    -0.0073476199
    2      H       1.7953432665    -1.0761065215    -0.0193293731
    3      C       0.9101988020     0.7493613008    -0.0081767189
    4      O       1.9568580944     1.4092623311    -0.0180456342
    5      N      -0.3412673168     1.3308610582     0.0051272921
    6      H      -0.3562786885     2.3478898503     0.0036082479
    7      C      -1.5942826113     0.6943493369     0.0092348258
    8      O      -2.6309773251     1.3564742472     0.0191823902
    9      C      -1.5233474964    -0.7637838358    -0.0001084646
   10      C      -0.3001705533    -1.3489681248    -0.0095474953
   11      H      -0.1726089318    -2.4278392433    -0.0188701685
   12      C      -2.8135478529    -1.5220801769    -0.0014761253
   13      H      -2.6327887505    -2.6002172756    -0.0099005022
   14      H      -3.4079845553    -1.2704365283     0.8813046950
   15      H      -3.4132863940    -1.2578767069    -0.8769327035
   16      O       4.1559468221    -0.8510866324    -0.0671846824
   17      H       3.9011845898     0.0950545675    -0.1258614445
   18      H       4.6406234791    -0.9182234369     0.7703508242
 ----------------------------------------------------------------
 Molecular Point Group                 C1    NOp =  1
 Largest Abelian Subgroup              C1    NOp =  1
 Nuclear Repulsion Energy =         523.18047279 hartrees
 There are       38 alpha and       38 beta electrons
 Requested basis set is jun-cc-pVDZ
 There are 104 shells and 220 basis functions

 Total QAlloc Memory Limit  16000 MB
 Mega-Array Size       188 MB
 MEM_STATIC part       192 MB

 A cutoff of  1.0D-14 yielded   5141 shell pairs
 There are     22789 function pairs (     24867 Cartesian)
 Smallest overlap matrix eigenvalue = 3.55E-05

 Scale SEOQF with 1.000000e-01/1.000000e-01/1.000000e-01

 Standard Electronic Orientation quadrupole field applied
 Nucleus-field energy     =     0.0000000213 hartrees

 -----------------------------------------------------------------------
  General SCF calculation program by
  Eric Jon Sundstrom, Paul Horn, Yuezhi Mao, Dmitri Zuev, Alec White,
  David Stuck, Shaama M.S., Shane Yost, Joonho Lee, David Small,
  Daniel Levine, Susi Lehtola, Hugh Burton, Evgeny Epifanovsky,
  Bang C. Huynh
 -----------------------------------------------------------------------
================================================================
                 ALMO-EDA with the EDA2 driver                  
================================================================
 The second-generation ALMO-EDA (for DFT):                      
 P. R. Horn, Y. Mao and M. Head-Gordon, PCCP, 18, 23067 (2016)  
 Y. Mao et al. Annu. Rev. Phys. Chem. 72, 641 (2021)            
 Decomposition of the frozen energy:                            
 P. R. Horn, Y. Mao and M. Head-Gordon, JCP, 144, 114107 (2016) 
================================================================
 Using eda2 option set 2
 Option set summary: Frozen orbital wavefunction, initial wavefunction decomposition, and traditional AO-based POL.
--------------------------------
Printing EDA Options
--------------------------------
eda_child_super_basis      0
fragmo_guess_mode          0
child_mp                   0
child_mp_orders            0
cls_elec                   1
cls_disp                   0
scfmi_mode                 1
scfmi_occs                 0
scfmi_virts                0
frz_relax                  0
frz_relax_method           0
dc_pen_start               0
dc_pen_conv                0
dc_pen_increment           0
dc_pen_steps               0
dc_pen_thresh_factor       0
dc_pen_pre_newton_thresh   0
frz_ortho_decomp           1
frz_ortho_decomp_conv      6
plot_mo_ortho_frz          0
frgm_method                2
scfmi_freeze_ss            0
separate_rehyb             0
plot_diff_den              0
eda_nocv                   0
eda_vct_relax              1
disp_free_x                33
disp_free_c                25
eda_bsse                   1
eda_pct_a                  0
eda_covp                   0
eda_vct_a                  0
--------------------------------
 Attempting to make child job directory: /scratch/qchemscratch/qchem1317369//Frg1/
 Attempting to make child job directory: /scratch/qchemscratch/qchem1317369//Frg2/
 Creating input file /scratch/qchemscratch/qchem1317369/Frg1.input
 using default PutDataFrgm: nothing
 calling putenv with: QCSCRATCH=/scratch/qchemscratch/qchem1317369/ 
 Spawning Job For Fragment 0
 Done Job For Fragment 0
 calling putenv with: QCSCRATCH=/scratch/qchemscratch 
 calling putenv with: QCTHREADS=1 
 Creating input file /scratch/qchemscratch/qchem1317369/Frg2.input
 using default PutDataFrgm: nothing
 calling putenv with: QCSCRATCH=/scratch/qchemscratch/qchem1317369/ 
 Spawning Job For Fragment 1
 Done Job For Fragment 1
 calling putenv with: QCSCRATCH=/scratch/qchemscratch 
 calling putenv with: QCTHREADS=1 
Doing General SCFMI
 Exchange:  B97M-V      Correlation:  B97M-V
 Using SG-2 standard quadrature grid
 Nonlocal Correlation:  VV10 with C = 0.0100 and b = 6.00 and scale = 1.00000
 Grid used for NLC:  SG-1 standard quadrature
performing fock build before subrot guess so that all methods have access
Printing subrot_rss_gen Method Specification:
Occupied Subspace Method is 0
Virtual Subspace Method is 0
Energy of the unrelaxed supersystem initial determinant -530.562513834224
write pseudocanon occs and virts to disk
write pseudocanon orbital energies to disk
Tolerance of ortho_decomp_scf: 1.00e-06
GDM subspace size: 20
Beginning the Orthogonal Decomposition of the Initial Supersystem Wavefunction
    1    -530.5284109964      6.21e-02     ortho_decomp Preconditoned Steepest Descent
    2    -530.5317232848      1.75e-04     ortho_decomp BFGS Step
    3    -530.5317234223      1.84e-06     ortho_decomp BFGS Step
    4    -530.5317234223      8.06e-09     ortho_decomp 00000 Convergence criterion met
 Exchange:  revPBE      Correlation:  PBE
 Using SG-2 standard quadrature grid
 Exchange:  revPBE      Correlation:  PBE
 Using SG-2 standard quadrature grid
 Exchange:  revPBE      Correlation:  PBE
 Using SG-2 standard quadrature grid
Doing General SCFMI
 Exchange:  B97M-V      Correlation:  B97M-V
 Using SG-2 standard quadrature grid
 Nonlocal Correlation:  VV10 with C = 0.0100 and b = 6.00 and scale = 1.00000
 Grid used for NLC:  SG-1 standard quadrature
performing fock build at end of subrot_r(subrot) constructor so that all methods have access
<S^2> of initial wavefunction before polarization iterations 0.0000000000
Beginning iterations for the determination of the polarized wavefunction
Energy prior to optimization (guess energy) = -530.562513834224
Begin Timing: Total SCF Calculation
begin iterations for algorithm: DIIS         
the SCF tolerance is set to 1.00e-08
    1    -530.5625138342      1.86e-04     00000 
    2    -530.5637673603      1.27e-04     00000 
    3    -530.5636273362      1.66e-04     00000 
    4    -530.5640655122      2.38e-05     00000 
    5    -530.5640674863      2.14e-05     00000 
    6    -530.5640747011      4.50e-06     00000 
    7    -530.5640749675      2.08e-06     00000 
    8    -530.5640750386      4.79e-07     00000 
    9    -530.5640750411      2.96e-07     00000 
   10    -530.5640750428      9.00e-08     00000 
   11    -530.5640750429      3.26e-08     00000 
   12    -530.5640750430      9.90e-09     00000 Convergence criterion met
write pseudocanon occs and virts to disk
write pseudocanon orbital energies to disk
Timing for Total SCF: 222.00s (wall), 221.84s (cpu)
<S^2> of polarized wavefunction after polarization iterations 0.0000000000
relaxing scfmi constraint to allow all rotations in the entire AO span
Doing General SCFMI
 Exchange:  B97M-V      Correlation:  B97M-V
 Using SG-2 standard quadrature grid
 Nonlocal Correlation:  VV10 with C = 0.0100 and b = 6.00 and scale = 1.00000
 Grid used for NLC:  SG-1 standard quadrature
performing fock build at end of subrot_r(subrot) constructor so that all methods have access
<S^2> of polarized wavefunction before ct-allowed iterations 0.0000000000
Beginning iterations for the determination of the CT-Allowed wavefunction
Energy prior to optimization (guess energy) = -530.564075042961
Begin Timing: Total SCF Calculation
begin iterations for algorithm: DIIS         
the SCF tolerance is set to 1.00e-08
    1    -530.5640750430      2.54e-04     00000 
    2    -530.5673624770      3.46e-05     00000 
    3    -530.5673162345      6.05e-05     00000 
    4    -530.5673864054      1.27e-05     00000 
    5    -530.5673892999      5.07e-06     00000 
    6    -530.5673898115      1.37e-06     00000 
    7    -530.5673898417      6.66e-07     00000 
    8    -530.5673898501      1.07e-07     00000 
    9    -530.5673898504      4.44e-08     00000 
   10    -530.5673898504      2.67e-08     00000 
   11    -530.5673898504      3.64e-09     00000 Convergence criterion met
write pseudocanon occs and virts to disk
write pseudocanon orbital energies to disk
Timing for Total SCF: 185.00s (wall), 184.50s (cpu)
<S^2> of ct_allowed wavefunction after ct-allowed iterations 0.0000000000
 Attempting to make child job directory: /scratch/qchemscratch/qchem1317369//FrgBSSE1/
 Attempting to make child job directory: /scratch/qchemscratch/qchem1317369//FrgBSSE2/
 Creating input file /scratch/qchemscratch/qchem1317369/FrgBSSE1.input
 calling putenv with: QCSCRATCH=/scratch/qchemscratch/qchem1317369/ 
 Spawning Job For Fragment 0
 Done Job For Fragment 0
 calling putenv with: QCSCRATCH=/scratch/qchemscratch 
 calling putenv with: QCTHREADS=1 
 Creating input file /scratch/qchemscratch/qchem1317369/FrgBSSE2.input
 calling putenv with: QCSCRATCH=/scratch/qchemscratch/qchem1317369/ 
 Spawning Job For Fragment 1
 Done Job For Fragment 1
 calling putenv with: QCSCRATCH=/scratch/qchemscratch 
 calling putenv with: QCTHREADS=1 
====================================================================
   Evaluating the BSSE with fragment SCF in the supersystem basis
   Fragment contributions (kJ/mol) 
   Frgm 1: 0.3800
   Frgm 2: 1.4019
   BSSE (kJ/mol) = 1.7819
====================================================================

================================
        Results of EDA2         
================================
Basic EDA Quantities
--------------------
Fragment Energies (Ha):
1 -454.1424459903
2  -76.4097849237
--------------------
  E_prp (kJ/mol) = 0.0000
  E_frz (kJ/mol) = -26.9981
  E_pol (kJ/mol) = -4.0990
  E_vct (kJ/mol) = -6.9212 (CP-corrected)
  E_int (kJ/mol) = -38.0183 (CP-corrected)
--------------------


Decomposition of frozen interaction energy
--------------------
  --------------------
  Orthogonal Frozen Decomposition:
  --------------------
     E_elec   (ELEC)   (kJ/mol) = -61.4825
     E_pauli  (PAULI)  (kJ/mol) = 43.6162
     E_disp   (DISP)   (kJ/mol) = -9.1318
  --------------------
  Classical Frozen Decomposition:
  --------------------
     E_cls_elec  (CLS ELEC)  (kJ/mol) = -40.7531
     E_mod_pauli (MOD PAULI) (kJ/mol) = 22.8868 (FRZ - CLS ELEC - DISP)
     E_disp      (DISP)      (kJ/mol) = -9.1318
  --------------------
--------------------

Simplified EDA Summary (kJ/mol)
--------------------
 PREPARATION      0.0000
 FROZEN           -26.9981 (ELEC + PAULI + DISP)
[ELEC + PAULI = -17.8663, DISP = -9.1318]
 POLARIZATION    -4.0990
 CHARGE TRANSFER -6.9212     (counterpoise-corrected)
 TOTAL           -38.0183     (PRP + FRZ + POL + CT)
--------------------
 
 --------------------------------------------------------------
 
                    Orbital Energies (a.u.)
 --------------------------------------------------------------
 
 Alpha MOs
 -- Occupied --
-19.1755 -19.1506 -19.1443 -14.4182 -14.4047 -10.3464 -10.3099 -10.2692
-10.2200 -10.1976  -1.0735  -1.0416  -1.0110  -0.9769  -0.9257  -0.8104
 -0.7041  -0.6633  -0.6479  -0.5532  -0.5427  -0.5049  -0.4990  -0.4605
 -0.4543  -0.4263  -0.4070  -0.4051  -0.3865  -0.3757  -0.3714  -0.3671
 -0.3393  -0.2943  -0.2753  -0.2721  -0.2469  -0.2314
 -- Virtual --
 -0.0761  -0.0258  -0.0242  -0.0082   0.0004   0.0135   0.0189   0.0317
  0.0448   0.0503   0.0556   0.0598   0.0711   0.0766   0.0830   0.0943
  0.0975   0.1036   0.1059   0.1173   0.1223   0.1281   0.1300   0.1352
  0.1463   0.1483   0.1568   0.1664   0.1734   0.1753   0.1798   0.1853
  0.1906   0.1919   0.1989   0.2033   0.2117   0.2194   0.2221   0.2274
  0.2351   0.2479   0.2503   0.2670   0.2728   0.2773   0.2803   0.2939
  0.3081   0.3189   0.3333   0.3481   0.3639   0.3648   0.3812   0.3919
  0.4361   0.4893   0.5174   0.5223   0.5532   0.5756   0.6200   0.6272
  0.6406   0.6506   0.6574   0.6693   0.6855   0.7029   0.7096   0.7235
  0.7249   0.7481   0.7684   0.7991   0.8257   0.8312   0.8422   0.8575
  0.8794   0.8852   0.9029   0.9328   0.9411   0.9612   0.9797   1.0067
  1.0180   1.0420   1.0469   1.0845   1.0943   1.0977   1.1264   1.1333
  1.1422   1.1574   1.1988   1.2356   1.2464   1.2557   1.2766   1.2841
  1.2984   1.3079   1.3122   1.3149   1.3479   1.3680   1.4182   1.4250
  1.4493   1.4814   1.5119   1.5181   1.5526   1.5631   1.5765   1.6088
  1.6359   1.6435   1.6508   1.6744   1.6999   1.7052   1.7493   1.7587
  1.7678   1.7766   1.8146   1.8315   1.8345   1.8491   1.8930   1.9263
  1.9502   1.9802   1.9979   2.0422   2.1201   2.1372   2.1570   2.1660
  2.1897   2.1955   2.2183   2.2356   2.2594   2.2740   2.2886   2.3753
  2.3851   2.4088   2.5234   2.5385   2.5843   2.5948   2.6199   2.6417
  2.6741   2.7034   2.7263   2.7559   2.8032   2.8059   2.8977   2.9447
  2.9764   2.9819   3.0020   3.1135   3.1695   3.1741   3.1810   3.4572
  3.5288   3.5585   3.5994   3.7277   3.7722   3.8456
 --------------------------------------------------------------
 
          Ground-State Mulliken Net Atomic Charges

     Atom                 Charge (a.u.)
  ----------------------------------------
      1 N                    -0.187654
      2 H                     0.236920
      3 C                     0.417134
      4 O                    -0.457916
      5 N                    -0.306051
      6 H                     0.227683
      7 C                     0.349569
      8 O                    -0.425365
      9 C                     0.391353
     10 C                    -0.275973
     11 H                     0.075876
     12 C                    -0.377796
     13 H                     0.071096
     14 H                     0.123242
     15 H                     0.123699
     16 O                    -0.492294
     17 H                     0.267953
     18 H                     0.238523
  ----------------------------------------
  Sum of atomic charges =     0.000000

 -----------------------------------------------------------------
                    Cartesian Multipole Moments
 -----------------------------------------------------------------
    Charge (ESU x 10^10)
                -0.0000
    Dipole Moment (Debye)
         X       1.0110      Y      -3.2097      Z       1.2584
       Tot       3.5928
    Quadrupole Moments (Debye-Ang)
        XX     -67.6719     XY       4.9578     YY     -57.2333
        XZ       6.7873     YZ      -1.5847     ZZ     -58.7527
    Octopole Moments (Debye-Ang^2)
       XXX      52.8033    XXY     -19.9768    XYY       2.1700
       YYY      -1.1138    XXZ      32.8934    XYZ      -7.5288
       YYZ       1.6361    XZZ       8.7386    YZZ       2.5855
       ZZZ       1.4432
    Hexadecapole Moments (Debye-Ang^3)
      XXXX   -1711.2436   XXXY      73.1855   XXYY    -434.5173
      XYYY     -16.5385   YYYY    -512.2517   XXXZ     164.7675
      XXYZ     -37.4223   XYYZ       9.0523   YYYZ      -2.1473
      XXZZ    -279.4718   XYZZ      -9.5665   YYZZ    -107.7514
      XZZZ       7.4697   YZZZ      -1.8060   ZZZZ     -67.5267
 -----------------------------------------------------------------
 Total job time:  1197.52s(wall), 662.28s(cpu) 
 Mon Apr 15 13:52:39 2024

        *************************************************************
        *                                                           *
        *  Thank you very much for using Q-Chem.  Have a nice day.  *
        *                                                           *
        *************************************************************


remove work dirs /scratch/qchemscratch/qchem1317369.0 -- /scratch/qchemscratch/qchem1317369.0
rm -rf /scratch/qchemscratch/qchem1317369.0
rm -rf /scratch/qchemscratch/qchem1317369
