
Running Job 1 of 1 U-wat_1_0.95_pvdz.inp
qchem U-wat_1_0.95_pvdz.inp_1902790.0 /scratch/qchemscratch/qchem1902790/ 1
/opt/qchem/6.1/exe/qcprog.exe_s U-wat_1_0.95_pvdz.inp_1902790.0 /scratch/qchemscratch/qchem1902790/
                  Welcome to Q-Chem
     A Quantum Leap Into The Future Of Chemistry


 Q-Chem 6.1, Q-Chem, Inc., Pleasanton, CA (2023)

 License issued to: SRG Pengyu Ren, University of Texas at Austin

 E. Epifanovsky,  A. T. B. Gilbert,  Xintian Feng,  Joonho Lee,  Yuezhi Mao,  
 N. Mardirossian,  P. Pokhilko,  A. White,  M. Wormit,  M. P. Coons,  
 A. L. Dempwolff,  Zhengting Gan,  D. Hait,  P. R. Horn,  L. D. Jacobson,  
 I. Kaliman,  J. Kussmann,  A. W. Lange,  Ka Un Lao,  D. S. Levine,  Jie Liu,  
 S. C. McKenzie,  A. F. Morrison,  K. D. Nanda,  F. Plasser,  D. R. Rehn,  
 M. L. Vidal,  Zhi-Qiang You,  Ying Zhu,  B. Alam,  B. Albrecht,  
 A. Aldossary,  E. Alguire,  J. H. Andersen,  V. Athavale,  D. Barton,  
 K. Begam,  A. Behn,  N. Bellonzi,  Y. A. Bernard,  E. J. Berquist,  
 H. Burton,  A. Carreras,  K. Carter-Fenk,  Mathew Chow,  Romit Chakraborty,  
 Chandrima Chakravarty,  Junhan Chen,  A. D. Chien,  K. D. Closser,  
 V. Cofer-Shabica,  L. Cunha,  S. Dasgupta,  Jia Deng,  M. de Wergifosse,  
 M. Diedenhofen,  Hainam Do,  S. Ehlert,  Po-Tung Fang,  S. Fatehi,  
 Qingguo Feng,  T. Friedhoff,  Thomas Froitzheim,  B. Ganoe,  J. Gayvert,  
 Qinghui Ge,  G. Gidofalvi,  M. Gimferrer,  M. Goldey,  Montgomery Gray,  
 J. Gomes,  C. Gonzalez-Espinoza,  S. Gulania,  A. Gunina,  J. A. Gyamfi,  
 M. W. D. Hanson-Heine,  P. H. P. Harbach,  A. W. Hauser,  M. F. Herbst,  
 M. Hernandez Vera,  M. Hodecker,  Z. C. Holden,  S. Houck,  Xunkun Huang,  
 Kerwin Hui,  B. C. Huynh,  K. Ikeda,  M. Ivanov,  Hyunjun Ji,  Zuxin Jin,  
 Hanjie Jiang,  Subrata Jana,  B. Kaduk,  S. Kaehler,  R. Kang,  
 K. Khistyaev,  Jaehoon Kim,  Yongbin Kim,  P. Klunzinger,  Z. Koczor-Benda,  
 Joong Hoon Koh,  D. Kosenkov,  Saikiran Kotaru,  L. Koulias,  T. Kowalczyk,  
 C. M. Krauter,  K. Kue,  A. Kunitsa,  T. Kus,  A. Landau,  K. V. Lawler,  
 D. Lefrancois,  S. Lehtola,  Rain Li,  Shaozhi Li,  Yi-Pei Li,  
 Jiashu Liang,  M. Liebenthal,  Hung-Hsuan Lin,  You-Sheng Lin,  Fenglai Liu,  
 Kuan-Yu Liu,  Xiao Liu,  M. Loipersberger,  A. Luenser,  C. Malbon,  
 A. Manjanath,  P. Manohar,  E. Mansoor,  S. F. Manzer,  Shan-Ping Mao,  
 A. V. Marenich,  T. Markovich,  S. Mason,  F. Matz,  S. A. Maurer,  
 P. F. McLaughlin,  M. F. S. J. Menger,  J.-M. Mewes,  S. A. Mewes,  
 P. Morgante,  Mohammad Mostafanejad,  J. W. Mullinax,  K. J. Oosterbaan,  
 G. Paran,  V. Parravicini,  Alexander C. Paul,  Suranjan K. Paul,  
 F. Pavosevic,  Zheng Pei,  S. Prager,  E. I. Proynov,  E. Ramos,  B. Rana,  
 A. E. Rask,  A. Rettig,  R. M. Richard,  F. Rob,  E. Rossomme,  T. Scheele,  
 M. Scheurer,  M. Schneider,  P. E. Schneider,  Tim K. Schramm,  N. Sergueev,  
 S. M. Sharada,  M. Sharma,  Hengyuan Shen,  W. Skomorowski,  D. W. Small,  
 C. J. Stein,  Alistair J. Sterling,  Yingli Su,  Yu-Chuan Su,  
 E. J. Sundstrom,  J. Talbot,  Zhen Tao,  J. Thirman,  Hung-Yi Tsai,  
 T. Tsuchimochi,  N. M. Tubman,  C. Utku,  S. P. Veccham,  O. Vydrov,  
 J. Wenzel,  Jonathan Wong,  J. Witte,  A. Yamada,  Chou-Hsun Yang,  Kun Yao,  
 S. Yeganeh,  S. R. Yost,  A. Zech,  F. Zeller,  Igor Ying Zhang,  
 Xing Zhang,  Yu Zhang,  D. Zuev,  A. Aspuru-Guzik,  A. T. Bell,  
 N. A. Besley,  K. B. Bravaya,  B. R. Brooks,  D. Casanova,  Jeng-Da Chai,  
 Hsing-Ta Chen,  S. Coriani,  C. J. Cramer,  A. E. DePrince, III,  
 R. A. DiStasio Jr.,  A. Dreuw,  B. D. Dunietz,  T. R. Furlani,  
 W. A. Goddard III,  S. Grimme,  S. Hammes-Schiffer,  T. Head-Gordon,  
 W. J. Hehre,  Chao-Ping Hsu,  T.-C. Jagau,  Yousung Jung,  A. Klamt,  
 Jing Kong,  D. S. Lambrecht,  Xiangyuan Li,  WanZhen Liang,  N. J. Mayhall,  
 C. W. McCurdy,  J. B. Neaton,  T. Neudecker,  C. Ochsenfeld,  
 J. A. Parkhill,  R. Peverati,  V. A. Rassolov,  Haisheng Ren,  Yihan Shao,  
 L. V. Slipchenko,  R. P. Steele,  J. E. Subotnik,  A. J. W. Thom,  
 A. Tkatchenko,  D. G. Truhlar,  T. Van Voorhis,  Fan Wang,  
 T. A. Wesolowski,  K. B. Whaley,  H. L. Woodcock III,  P. M. Zimmerman,  
 S. Faraji,  P. M. W. Gill,  M. Head-Gordon,  J. M. Herbert,  A. I. Krylov

 Contributors to earlier versions of Q-Chem not listed above: 
 R. D. Adamson,  B. Austin,  R. Baer,  J. Baker,  G. J. O. Beran,  
 K. Brandhorst,  S. T. Brown,  E. F. C. Byrd,  Arup K. Chakraborty,  
 G. K. L. Chan,  Chun-Min Chang,  Yunqing Chen,  C.-L. Cheng,  
 Siu Hung Chien,  D. M. Chipman,  D. L. Crittenden,  H. Dachsel,  
 R. J. Doerksen,  A. D. Dutoi,  R. G. Edgar,  J. Fosso-Tande,  
 L. Fusti-Molnar,  D. Ghosh,  A. Ghysels,  A. Golubeva-Zadorozhnaya,  
 J. Gonthier,  M. S. Gordon,  S. R. Gwaltney,  G. Hawkins,  J. E. Herr,  
 A. Heyden,  S. Hirata,  E. G. Hohenstein,  G. Kedziora,  F. J. Keil,  
 C. Kelley,  Jihan Kim,  R. A. King,  R. Z. Khaliullin,  P. P. Korambath,  
 W. Kurlancheek,  A. Laurent,  A. M. Lee,  M. S. Lee,  S. V. Levchenko,  
 Ching Yeh Lin,  D. Liotard,  E. Livshits,  R. C. Lochan,  I. Lotan,  
 L. A. Martinez-Martinez,  P. E. Maslen,  N. Nair,  D. P. O'Neill,  
 D. Neuhauser,  E. Neuscamman,  C. M. Oana,  R. Olivares-Amaya,  R. Olson,  
 T. M. Perrine,  B. Peters,  P. A. Pieniazek,  A. Prociuk,  Y. M. Rhee,  
 J. Ritchie,  M. A. Rohrdanz,  E. Rosta,  N. J. Russ,  H. F. Schaefer III,  
 M. W. Schmidt,  N. E. Schultz,  S. Sharma,  N. Shenvi,  C. D. Sherrill,  
 A. C. Simmonett,  A. Sodt,  T. Stein,  D. Stuck,  K. S. Thanthiriwatte,  
 V. Vanovschi,  L. Vogt,  Tao Wang,  A. Warshel,  M. A. Watson,  
 C. F. Williams,  Q. Wu,  X. Xu,  Jun Yang,  W. Zhang,  Yan Zhao

   Please cite Q-Chem as follows:
  "Software for the frontiers of quantum chemistry:
   An overview of developments in the Q-Chem 5 package"
   J. Chem. Phys. 155, 084801 (2021)
   https://doi.org/10.1063/5.0055522 (open access)

 Q-Chem 6.1.1 for Intel X86 EM64T Linux

 Parts of Q-Chem use Armadillo 9.900.5 (Nocturnal Misbehaviour).
 http://arma.sourceforge.net/

 Q-Chem begins on Tue Apr 16 17:46:07 2024  

 Host: 
0

     Scratch files written to /scratch/qchemscratch/qchem1902790//
 Jan1824 |scratch|qcdevops|jenkins|workspace|build_RNUM UKVU   
 Processing $rem in /opt/qchem/6.1/config/preferences:
 Processing $rem in /home/mm227274/.qchemrc:

 Q-Chem warning in module libgen/rem_setup.C, line 3361:

 Neither GIA nor STOLL is specified by user. Use STOLL as the default


 Checking the input file for inconsistencies... 	...done.

--------------------------------------------------------------
User input:
--------------------------------------------------------------
$molecule
0 1
--
0 1
N -0.74211 0.69023 -0.00264
H -1.73703 0.94685 -0.01197
C -0.50316 -0.66851 -0.00433
O -1.40104 -1.51815 -0.01204
N 0.8372 -0.99299 0.00531
C 1.9487 -0.12435 0.00661
O 3.08953 -0.57725 0.01348
C 1.5717 1.28047 -0.00169
H 2.35737 2.0244 -0.00543
C 0.26348 1.62708 -0.00782
H -0.0694 2.66008 -0.01624
H 1.04917 -1.98775 0.00306
--
0 1
O -3.3326126250000003 0.357587125 -0.08255575000000001
H -2.9107126250000004 -0.5262828749999999 -0.14126575
H -3.827292625 0.334577125 0.75152425
$end

$rem
JOBTYPE          eda
EDA2             2
METHOD           b97m-v
BASIS            aug-cc-pvdz
SCF_CONVERGENCE  8
THRESH           14
SYMMETRY         false
DISP_FREE_X      revPBE
DISP_FREE_C      PBE
EDA_BSSE         true
$end
--------------------------------------------------------------
 ----------------------------------------------------------------
             Standard Nuclear Orientation (Angstroms)
    I     Atom           X                Y                Z
 ----------------------------------------------------------------
    1      N       0.7719188536    -0.6890217906    -0.0000739576
    2      H       1.7666733989    -0.9463270119    -0.0080800416
    3      C       0.5339035461     0.6698811438    -0.0024976464
    4      O       1.4323752628     1.5189026740    -0.0093593977
    5      N      -0.8062444716     0.9952833413     0.0053655788
    6      C      -1.9183410109     0.1274062530     0.0055568271
    7      O      -3.0588676551     0.5810906897     0.0108579091
    8      C      -1.5422949972    -1.2776745506    -0.0018224205
    9      H      -2.3284700044    -2.0210667420    -0.0063045020
   10      C      -0.2343065118    -1.6251835727    -0.0062086666
   11      H       0.0978748321    -2.6584142649    -0.0138821454
   12      H      -1.0175288639     1.9901876978     0.0025322182
   13      O       3.3627468226    -0.3581812086    -0.0768633058
   14      H       2.9415270022     0.5259590017    -0.1363830716
   15      H       3.8564013615    -0.3352424177     0.7578259879
 ----------------------------------------------------------------
 Molecular Point Group                 C1    NOp =  1
 Largest Abelian Subgroup              C1    NOp =  1
 Nuclear Repulsion Energy =         447.18484802 hartrees
 There are       34 alpha and       34 beta electrons
 Requested basis set is aug-cc-pVDZ
 There are 111 shells and 261 basis functions

 Total QAlloc Memory Limit  16000 MB
 Mega-Array Size       188 MB
 MEM_STATIC part       192 MB


                       Distance Matrix (Angstroms)
             N (  1)   H (  2)   C (  3)   O (  4)   N (  5)   C (  6)
   H (  2)  1.027525
   C (  3)  1.379592  2.032703
   O (  4)  2.304608  2.487793  1.236178
   N (  5)  2.308141  3.223343  1.379110  2.299089
   C (  6)  2.811420  3.838284  2.511543  3.628193  1.410663
   O (  7)  4.035868  5.061542  3.593893  4.588155  2.290392  1.227460
   C (  8)  2.387907  3.325523  2.846678  4.082838  2.389176  1.454550
   H (  9)  3.374432  4.233824  3.928664  5.164818  3.378709  2.187300
   C ( 10)  1.374382  2.113000  2.420224  3.558527  2.682181  2.430572
   H ( 11)  2.081594  2.390850  3.356755  4.385304  3.763949  3.438939
   H ( 12)  3.221846  4.046605  2.037198  2.494851  1.017096  2.069161
   O ( 13)  2.612995  1.702380  3.010780  2.693387  4.383961  5.304006
   H ( 14)  2.490373  1.887954  2.415634  1.810970  3.779702  4.878248
   H ( 15)  3.195873  2.308029  3.553499  3.146797  4.906808  5.841883
             O (  7)   C (  8)   H (  9)   C ( 10)   H ( 11)   H ( 12)
   C (  8)  2.398992
   H (  9)  2.702776  1.082000
   C ( 10)  3.584143  1.353372  2.131254
   H ( 11)  4.523276  2.144002  2.508669  1.085343
   H ( 12)  2.480461  3.309731  4.220048  3.699246  4.780575
   O ( 13)  6.490536  4.991045  5.929597  3.814326  3.994299  4.970710
   H ( 14)  6.002454  4.834859  5.854667  3.838004  4.271018  4.223433
   H ( 15)  7.015595  5.532736  6.455891  4.356786  4.485441  5.452824
             O ( 13)   H ( 14)
   H ( 14)  0.981159
   H ( 15)  0.970014  1.542165
 
 A cutoff of  1.0D-14 yielded   6054 shell pairs
 There are     33488 function pairs (     38277 Cartesian)
 Smallest overlap matrix eigenvalue = 1.34E-05

 Scale SEOQF with 1.000000e-01/1.000000e-01/1.000000e-01

 Standard Electronic Orientation quadrupole field applied
 Nucleus-field energy     =     0.0000000148 hartrees

 -----------------------------------------------------------------------
  General SCF calculation program by
  Eric Jon Sundstrom, Paul Horn, Yuezhi Mao, Dmitri Zuev, Alec White,
  David Stuck, Shaama M.S., Shane Yost, Joonho Lee, David Small,
  Daniel Levine, Susi Lehtola, Hugh Burton, Evgeny Epifanovsky,
  Bang C. Huynh
 -----------------------------------------------------------------------
================================================================
                 ALMO-EDA with the EDA2 driver                  
================================================================
 The second-generation ALMO-EDA (for DFT):                      
 P. R. Horn, Y. Mao and M. Head-Gordon, PCCP, 18, 23067 (2016)  
 Y. Mao et al. Annu. Rev. Phys. Chem. 72, 641 (2021)            
 Decomposition of the frozen energy:                            
 P. R. Horn, Y. Mao and M. Head-Gordon, JCP, 144, 114107 (2016) 
================================================================
 Using eda2 option set 2
 Option set summary: Frozen orbital wavefunction, initial wavefunction decomposition, and traditional AO-based POL.
--------------------------------
Printing EDA Options
--------------------------------
eda_child_super_basis      0
fragmo_guess_mode          0
child_mp                   0
child_mp_orders            0
cls_elec                   1
cls_disp                   0
scfmi_mode                 1
scfmi_occs                 0
scfmi_virts                0
frz_relax                  0
frz_relax_method           0
dc_pen_start               0
dc_pen_conv                0
dc_pen_increment           0
dc_pen_steps               0
dc_pen_thresh_factor       0
dc_pen_pre_newton_thresh   0
frz_ortho_decomp           1
frz_ortho_decomp_conv      6
plot_mo_ortho_frz          0
frgm_method                2
scfmi_freeze_ss            0
separate_rehyb             0
plot_diff_den              0
eda_nocv                   0
eda_vct_relax              1
disp_free_x                33
disp_free_c                25
eda_bsse                   1
eda_pct_a                  0
eda_covp                   0
eda_vct_a                  0
--------------------------------
 Attempting to make child job directory: /scratch/qchemscratch/qchem1902790//Frg1/
 Attempting to make child job directory: /scratch/qchemscratch/qchem1902790//Frg2/
 Creating input file /scratch/qchemscratch/qchem1902790/Frg1.input
 using default PutDataFrgm: nothing
 calling putenv with: QCSCRATCH=/scratch/qchemscratch/qchem1902790/ 
 Spawning Job For Fragment 0
 Done Job For Fragment 0
 calling putenv with: QCSCRATCH=/scratch/qchemscratch 
 calling putenv with: QCTHREADS=1 
 Creating input file /scratch/qchemscratch/qchem1902790/Frg2.input
 using default PutDataFrgm: nothing
 calling putenv with: QCSCRATCH=/scratch/qchemscratch/qchem1902790/ 
 Spawning Job For Fragment 1
 Done Job For Fragment 1
 calling putenv with: QCSCRATCH=/scratch/qchemscratch 
 calling putenv with: QCTHREADS=1 
Doing General SCFMI
 Exchange:  B97M-V      Correlation:  B97M-V
 Using SG-2 standard quadrature grid
 Nonlocal Correlation:  VV10 with C = 0.0100 and b = 6.00 and scale = 1.00000
 Grid used for NLC:  SG-1 standard quadrature
performing fock build before subrot guess so that all methods have access
Printing subrot_rss_gen Method Specification:
Occupied Subspace Method is 0
Virtual Subspace Method is 0
Energy of the unrelaxed supersystem initial determinant -491.234244506562
write pseudocanon occs and virts to disk
write pseudocanon orbital energies to disk
Tolerance of ortho_decomp_scf: 1.00e-06
GDM subspace size: 20
Beginning the Orthogonal Decomposition of the Initial Supersystem Wavefunction
    1    -491.1122287671      1.75e-01     ortho_decomp Preconditoned Steepest Descent
    2    -491.1318551383      6.38e-04     ortho_decomp BFGS Step
    3    -491.1318567513      1.40e-05     ortho_decomp BFGS Step
    4    -491.1318567517      8.88e-08     ortho_decomp 00000 Convergence criterion met
 Exchange:  revPBE      Correlation:  PBE
 Using SG-2 standard quadrature grid
 Exchange:  revPBE      Correlation:  PBE
 Using SG-2 standard quadrature grid
 Exchange:  revPBE      Correlation:  PBE
 Using SG-2 standard quadrature grid
Doing General SCFMI
 Exchange:  B97M-V      Correlation:  B97M-V
 Using SG-2 standard quadrature grid
 Nonlocal Correlation:  VV10 with C = 0.0100 and b = 6.00 and scale = 1.00000
 Grid used for NLC:  SG-1 standard quadrature
performing fock build at end of subrot_r(subrot) constructor so that all methods have access
<S^2> of initial wavefunction before polarization iterations 0.0000000000
Beginning iterations for the determination of the polarized wavefunction
Energy prior to optimization (guess energy) = -491.234244506562
Begin Timing: Total SCF Calculation
begin iterations for algorithm: DIIS         
the SCF tolerance is set to 1.00e-08
    1    -491.2342445066      4.49e-04     00000 
    2    -491.2431227205      1.96e-04     00000 
    3    -491.2423462736      2.86e-04     00000 
    4    -491.2440419469      6.56e-05     00000 
    5    -491.2441151455      3.83e-05     00000 
    6    -491.2441464963      1.39e-05     00000 
    7    -491.2441520217      7.78e-06     00000 
    8    -491.2441536685      2.46e-06     00000 
    9    -491.2441538192      1.85e-06     00000 
   10    -491.2441539075      7.07e-07     00000 
   11    -491.2441539195      3.27e-07     00000 
   12    -491.2441539213      2.17e-07     00000 
   13    -491.2441539222      8.61e-08     00000 
   14    -491.2441539223      5.50e-08     00000 
   15    -491.2441539223      2.69e-08     00000 
   16    -491.2441539224      1.36e-08     00000 
   17    -491.2441539224      5.61e-09     00000 Convergence criterion met
write pseudocanon occs and virts to disk
write pseudocanon orbital energies to disk
Timing for Total SCF: 1434.00s (wall), 501.32s (cpu)
<S^2> of polarized wavefunction after polarization iterations 0.0000000000
relaxing scfmi constraint to allow all rotations in the entire AO span
Doing General SCFMI
 Exchange:  B97M-V      Correlation:  B97M-V
 Using SG-2 standard quadrature grid
 Nonlocal Correlation:  VV10 with C = 0.0100 and b = 6.00 and scale = 1.00000
 Grid used for NLC:  SG-1 standard quadrature
performing fock build at end of subrot_r(subrot) constructor so that all methods have access
<S^2> of polarized wavefunction before ct-allowed iterations 0.0000000000
Beginning iterations for the determination of the CT-Allowed wavefunction
Energy prior to optimization (guess energy) = -491.244153922372
Begin Timing: Total SCF Calculation
begin iterations for algorithm: DIIS         
the SCF tolerance is set to 1.00e-08
    1    -491.2441539224      5.19e-04     00000 
    2    -491.2586352994      9.37e-05     00000 
    3    -491.2580986939      1.67e-04     00000 
    4    -491.2588713252      3.34e-05     00000 
    5    -491.2588971771      1.49e-05     00000 
    6    -491.2589030573      5.11e-06     00000 
    7    -491.2589036759      2.26e-06     00000 
    8    -491.2589038140      3.25e-07     00000 
    9    -491.2589038166      1.62e-07     00000 
   10    -491.2589038174      6.65e-08     00000 
   11    -491.2589038176      1.09e-08     00000 
   12    -491.2589038176      4.36e-09     00000 Convergence criterion met
write pseudocanon occs and virts to disk
write pseudocanon orbital energies to disk
Timing for Total SCF: 855.00s (wall), 346.26s (cpu)
<S^2> of ct_allowed wavefunction after ct-allowed iterations 0.0000000000
 Attempting to make child job directory: /scratch/qchemscratch/qchem1902790//FrgBSSE1/
 Attempting to make child job directory: /scratch/qchemscratch/qchem1902790//FrgBSSE2/
 Creating input file /scratch/qchemscratch/qchem1902790/FrgBSSE1.input
 calling putenv with: QCSCRATCH=/scratch/qchemscratch/qchem1902790/ 
 Spawning Job For Fragment 0
 Done Job For Fragment 0
 calling putenv with: QCSCRATCH=/scratch/qchemscratch 
 calling putenv with: QCTHREADS=1 
 Creating input file /scratch/qchemscratch/qchem1902790/FrgBSSE2.input
 calling putenv with: QCSCRATCH=/scratch/qchemscratch/qchem1902790/ 
 Spawning Job For Fragment 1
 Done Job For Fragment 1
 calling putenv with: QCSCRATCH=/scratch/qchemscratch 
 calling putenv with: QCTHREADS=1 
====================================================================
   Evaluating the BSSE with fragment SCF in the supersystem basis
   Fragment contributions (kJ/mol) 
   Frgm 1: 0.9646
   Frgm 2: 1.8679
   BSSE (kJ/mol) = 2.8325
====================================================================

================================
        Results of EDA2         
================================
Basic EDA Quantities
--------------------
Fragment Energies (Ha):
1 -414.8283754951
2  -76.4138855469
--------------------
  E_prp (kJ/mol) = 0.0000
  E_frz (kJ/mol) = 21.0477
  E_pol (kJ/mol) = -26.0175
  E_vct (kJ/mol) = -35.8938 (CP-corrected)
  E_int (kJ/mol) = -40.8637 (CP-corrected)
--------------------


Decomposition of frozen interaction energy
--------------------
  --------------------
  Orthogonal Frozen Decomposition:
  --------------------
     E_elec   (ELEC)   (kJ/mol) = -198.6679
     E_pauli  (PAULI)  (kJ/mol) = 238.9813
     E_disp   (DISP)   (kJ/mol) = -19.2658
  --------------------
  Classical Frozen Decomposition:
  --------------------
     E_cls_elec  (CLS ELEC)  (kJ/mol) = -119.9998
     E_mod_pauli (MOD PAULI) (kJ/mol) = 160.3132 (FRZ - CLS ELEC - DISP)
     E_disp      (DISP)      (kJ/mol) = -19.2658
  --------------------
--------------------

Simplified EDA Summary (kJ/mol)
--------------------
 PREPARATION      0.0000
 FROZEN           21.0477 (ELEC + PAULI + DISP)
[ELEC + PAULI = 40.3134, DISP = -19.2658]
 POLARIZATION    -26.0175
 CHARGE TRANSFER -35.8938     (counterpoise-corrected)
 TOTAL           -40.8637     (PRP + FRZ + POL + CT)
--------------------
 
 --------------------------------------------------------------
 
                    Orbital Energies (a.u.)
 --------------------------------------------------------------
 
 Alpha MOs
 -- Occupied --
-19.1797 -19.1620 -19.1443 -14.4087 -14.4065 -10.3519 -10.3119 -10.2732
-10.2095  -1.0814  -1.0426  -1.0229  -0.9782  -0.9254  -0.7906  -0.6754
 -0.6515  -0.5776  -0.5392  -0.5167  -0.4998  -0.4604  -0.4543  -0.4449
 -0.4051  -0.3996  -0.3845  -0.3797  -0.3506  -0.3074  -0.2826  -0.2761
 -0.2471  -0.2400
 -- Virtual --
 -0.0785  -0.0323  -0.0306  -0.0104  -0.0029   0.0177   0.0204   0.0249
  0.0383   0.0517   0.0582   0.0606   0.0679   0.0744   0.0775   0.0858
  0.0911   0.0972   0.1007   0.1052   0.1107   0.1164   0.1186   0.1300
  0.1350   0.1479   0.1572   0.1633   0.1659   0.1754   0.1842   0.1864
  0.1946   0.1975   0.2010   0.2104   0.2130   0.2208   0.2262   0.2326
  0.2393   0.2469   0.2504   0.2533   0.2635   0.2702   0.2790   0.2827
  0.2882   0.2929   0.2988   0.3073   0.3204   0.3310   0.3375   0.3408
  0.3566   0.3682   0.3695   0.3830   0.3876   0.4003   0.4091   0.4183
  0.4434   0.4536   0.4592   0.4626   0.4725   0.4852   0.4951   0.5049
  0.5113   0.5196   0.5263   0.5268   0.5477   0.5514   0.5638   0.5709
  0.5815   0.5946   0.6079   0.6114   0.6187   0.6435   0.6559   0.6622
  0.6694   0.6759   0.6947   0.6958   0.7134   0.7185   0.7224   0.7435
  0.7519   0.7754   0.7762   0.7940   0.8027   0.8140   0.8229   0.8348
  0.8562   0.8767   0.8917   0.9054   0.9195   0.9211   0.9534   0.9570
  0.9640   0.9704   0.9993   1.0217   1.0273   1.0542   1.0665   1.0711
  1.0878   1.1116   1.1285   1.1597   1.1673   1.1814   1.1968   1.2208
  1.2363   1.2618   1.2850   1.3090   1.3265   1.3367   1.3447   1.3701
  1.3874   1.4070   1.4186   1.4248   1.4471   1.4565   1.4655   1.4781
  1.5101   1.5246   1.5479   1.5814   1.5924   1.6296   1.6515   1.6542
  1.7052   1.7129   1.7232   1.7427   1.7615   1.7718   1.7794   1.7925
  1.8111   1.8336   1.8529   1.8805   1.9162   1.9631   1.9764   1.9853
  2.0054   2.0235   2.0437   2.0669   2.1166   2.1319   2.1395   2.1823
  2.2082   2.2205   2.2363   2.2449   2.2780   2.2988   2.3317   2.3554
  2.3875   2.4384   2.4780   2.4996   2.5032   2.5323   2.5367   2.5662
  2.5830   2.6262   2.6409   2.6578   2.6704   2.7510   2.7700   2.7855
  2.8596   2.9141   2.9312   2.9745   3.0083   3.1315   3.2056   3.2437
  3.2751   3.4103   3.4201   3.4508   3.4698   3.4895   3.5026   3.5119
  3.5294   3.5387   3.6238   3.6630   3.7401   3.7518   3.7848   3.8586
  3.9153   4.0345   4.1352
 --------------------------------------------------------------
 
          Ground-State Mulliken Net Atomic Charges

     Atom                 Charge (a.u.)
  ----------------------------------------
      1 N                    -0.281268
      2 H                     0.008502
      3 C                     0.942247
      4 O                    -0.764992
      5 N                    -0.355233
      6 C                     0.678795
      7 O                    -0.781085
      8 C                     1.001937
      9 H                    -0.543281
     10 C                     0.829925
     11 H                    -0.530959
     12 H                    -0.107556
     13 O                    -0.504596
     14 H                     0.230268
     15 H                     0.177297
  ----------------------------------------
  Sum of atomic charges =     0.000000

 -----------------------------------------------------------------
                    Cartesian Multipole Moments
 -----------------------------------------------------------------
    Charge (ESU x 10^10)
                 0.0000
    Dipole Moment (Debye)
         X       2.5406      Y      -2.6478      Z       1.1608
       Tot       3.8488
    Quadrupole Moments (Debye-Ang)
        XX     -64.1913     XY       0.5484     YY     -47.7913
        XZ       5.3701     YZ      -0.6525     ZZ     -52.3933
    Octopole Moments (Debye-Ang^2)
       XXX      71.3701    XXY     -10.7203    XYY      -5.5873
       YYY      -6.6784    XXZ      22.0630    XYZ      -2.6906
       YYZ       0.1349    XZZ       8.1598    YZZ       3.9351
       ZZZ       1.1812
    Hexadecapole Moments (Debye-Ang^3)
      XXXX   -1298.0972   XXXY      50.6440   XXYY    -265.1748
      XYYY     -23.2758   YYYY    -360.0254   XXXZ      93.5850
      XXYZ     -10.7044   XYYZ       1.4907   YYYZ      -0.0246
      XXZZ    -194.5121   XYZZ      -5.4214   YYZZ     -81.0501
      XZZZ       5.4585   YZZZ      -0.6525   ZZZZ     -53.5878
 -----------------------------------------------------------------
 Total job time:  5368.76s(wall), 1303.85s(cpu) 
 Tue Apr 16 19:15:36 2024

        *************************************************************
        *                                                           *
        *  Thank you very much for using Q-Chem.  Have a nice day.  *
        *                                                           *
        *************************************************************


