
Running Job 1 of 1 U-wat_12_0.95.inp
qchem U-wat_12_0.95.inp_2249628.0 /scratch/qchemscratch/qchem2249628/ 1
/opt/qchem/6.1/exe/qcprog.exe_s U-wat_12_0.95.inp_2249628.0 /scratch/qchemscratch/qchem2249628/
                  Welcome to Q-Chem
     A Quantum Leap Into The Future Of Chemistry


 Q-Chem 6.1, Q-Chem, Inc., Pleasanton, CA (2023)

 License issued to: SRG Pengyu Ren, University of Texas at Austin

 E. Epifanovsky,  A. T. B. Gilbert,  Xintian Feng,  Joonho Lee,  Yuezhi Mao,  
 N. Mardirossian,  P. Pokhilko,  A. White,  M. Wormit,  M. P. Coons,  
 A. L. Dempwolff,  Zhengting Gan,  D. Hait,  P. R. Horn,  L. D. Jacobson,  
 I. Kaliman,  J. Kussmann,  A. W. Lange,  Ka Un Lao,  D. S. Levine,  Jie Liu,  
 S. C. McKenzie,  A. F. Morrison,  K. D. Nanda,  F. Plasser,  D. R. Rehn,  
 M. L. Vidal,  Zhi-Qiang You,  Ying Zhu,  B. Alam,  B. Albrecht,  
 A. Aldossary,  E. Alguire,  J. H. Andersen,  V. Athavale,  D. Barton,  
 K. Begam,  A. Behn,  N. Bellonzi,  Y. A. Bernard,  E. J. Berquist,  
 H. Burton,  A. Carreras,  K. Carter-Fenk,  Mathew Chow,  Romit Chakraborty,  
 Chandrima Chakravarty,  Junhan Chen,  A. D. Chien,  K. D. Closser,  
 V. Cofer-Shabica,  L. Cunha,  S. Dasgupta,  Jia Deng,  M. de Wergifosse,  
 M. Diedenhofen,  Hainam Do,  S. Ehlert,  Po-Tung Fang,  S. Fatehi,  
 Qingguo Feng,  T. Friedhoff,  Thomas Froitzheim,  B. Ganoe,  J. Gayvert,  
 Qinghui Ge,  G. Gidofalvi,  M. Gimferrer,  M. Goldey,  Montgomery Gray,  
 J. Gomes,  C. Gonzalez-Espinoza,  S. Gulania,  A. Gunina,  J. A. Gyamfi,  
 M. W. D. Hanson-Heine,  P. H. P. Harbach,  A. W. Hauser,  M. F. Herbst,  
 M. Hernandez Vera,  M. Hodecker,  Z. C. Holden,  S. Houck,  Xunkun Huang,  
 Kerwin Hui,  B. C. Huynh,  K. Ikeda,  M. Ivanov,  Hyunjun Ji,  Zuxin Jin,  
 Hanjie Jiang,  Subrata Jana,  B. Kaduk,  S. Kaehler,  R. Kang,  
 K. Khistyaev,  Jaehoon Kim,  Yongbin Kim,  P. Klunzinger,  Z. Koczor-Benda,  
 Joong Hoon Koh,  D. Kosenkov,  Saikiran Kotaru,  L. Koulias,  T. Kowalczyk,  
 C. M. Krauter,  K. Kue,  A. Kunitsa,  T. Kus,  A. Landau,  K. V. Lawler,  
 D. Lefrancois,  S. Lehtola,  Rain Li,  Shaozhi Li,  Yi-Pei Li,  
 Jiashu Liang,  M. Liebenthal,  Hung-Hsuan Lin,  You-Sheng Lin,  Fenglai Liu,  
 Kuan-Yu Liu,  Xiao Liu,  M. Loipersberger,  A. Luenser,  C. Malbon,  
 A. Manjanath,  P. Manohar,  E. Mansoor,  S. F. Manzer,  Shan-Ping Mao,  
 A. V. Marenich,  T. Markovich,  S. Mason,  F. Matz,  S. A. Maurer,  
 P. F. McLaughlin,  M. F. S. J. Menger,  J.-M. Mewes,  S. A. Mewes,  
 P. Morgante,  Mohammad Mostafanejad,  J. W. Mullinax,  K. J. Oosterbaan,  
 G. Paran,  V. Parravicini,  Alexander C. Paul,  Suranjan K. Paul,  
 F. Pavosevic,  Zheng Pei,  S. Prager,  E. I. Proynov,  E. Ramos,  B. Rana,  
 A. E. Rask,  A. Rettig,  R. M. Richard,  F. Rob,  E. Rossomme,  T. Scheele,  
 M. Scheurer,  M. Schneider,  P. E. Schneider,  Tim K. Schramm,  N. Sergueev,  
 S. M. Sharada,  M. Sharma,  Hengyuan Shen,  W. Skomorowski,  D. W. Small,  
 C. J. Stein,  Alistair J. Sterling,  Yingli Su,  Yu-Chuan Su,  
 E. J. Sundstrom,  J. Talbot,  Zhen Tao,  J. Thirman,  Hung-Yi Tsai,  
 T. Tsuchimochi,  N. M. Tubman,  C. Utku,  S. P. Veccham,  O. Vydrov,  
 J. Wenzel,  Jonathan Wong,  J. Witte,  A. Yamada,  Chou-Hsun Yang,  Kun Yao,  
 S. Yeganeh,  S. R. Yost,  A. Zech,  F. Zeller,  Igor Ying Zhang,  
 Xing Zhang,  Yu Zhang,  D. Zuev,  A. Aspuru-Guzik,  A. T. Bell,  
 N. A. Besley,  K. B. Bravaya,  B. R. Brooks,  D. Casanova,  Jeng-Da Chai,  
 Hsing-Ta Chen,  S. Coriani,  C. J. Cramer,  A. E. DePrince, III,  
 R. A. DiStasio Jr.,  A. Dreuw,  B. D. Dunietz,  T. R. Furlani,  
 W. A. Goddard III,  S. Grimme,  S. Hammes-Schiffer,  T. Head-Gordon,  
 W. J. Hehre,  Chao-Ping Hsu,  T.-C. Jagau,  Yousung Jung,  A. Klamt,  
 Jing Kong,  D. S. Lambrecht,  Xiangyuan Li,  WanZhen Liang,  N. J. Mayhall,  
 C. W. McCurdy,  J. B. Neaton,  T. Neudecker,  C. Ochsenfeld,  
 J. A. Parkhill,  R. Peverati,  V. A. Rassolov,  Haisheng Ren,  Yihan Shao,  
 L. V. Slipchenko,  R. P. Steele,  J. E. Subotnik,  A. J. W. Thom,  
 A. Tkatchenko,  D. G. Truhlar,  T. Van Voorhis,  Fan Wang,  
 T. A. Wesolowski,  K. B. Whaley,  H. L. Woodcock III,  P. M. Zimmerman,  
 S. Faraji,  P. M. W. Gill,  M. Head-Gordon,  J. M. Herbert,  A. I. Krylov

 Contributors to earlier versions of Q-Chem not listed above: 
 R. D. Adamson,  B. Austin,  R. Baer,  J. Baker,  G. J. O. Beran,  
 K. Brandhorst,  S. T. Brown,  E. F. C. Byrd,  Arup K. Chakraborty,  
 G. K. L. Chan,  Chun-Min Chang,  Yunqing Chen,  C.-L. Cheng,  
 Siu Hung Chien,  D. M. Chipman,  D. L. Crittenden,  H. Dachsel,  
 R. J. Doerksen,  A. D. Dutoi,  R. G. Edgar,  J. Fosso-Tande,  
 L. Fusti-Molnar,  D. Ghosh,  A. Ghysels,  A. Golubeva-Zadorozhnaya,  
 J. Gonthier,  M. S. Gordon,  S. R. Gwaltney,  G. Hawkins,  J. E. Herr,  
 A. Heyden,  S. Hirata,  E. G. Hohenstein,  G. Kedziora,  F. J. Keil,  
 C. Kelley,  Jihan Kim,  R. A. King,  R. Z. Khaliullin,  P. P. Korambath,  
 W. Kurlancheek,  A. Laurent,  A. M. Lee,  M. S. Lee,  S. V. Levchenko,  
 Ching Yeh Lin,  D. Liotard,  E. Livshits,  R. C. Lochan,  I. Lotan,  
 L. A. Martinez-Martinez,  P. E. Maslen,  N. Nair,  D. P. O'Neill,  
 D. Neuhauser,  E. Neuscamman,  C. M. Oana,  R. Olivares-Amaya,  R. Olson,  
 T. M. Perrine,  B. Peters,  P. A. Pieniazek,  A. Prociuk,  Y. M. Rhee,  
 J. Ritchie,  M. A. Rohrdanz,  E. Rosta,  N. J. Russ,  H. F. Schaefer III,  
 M. W. Schmidt,  N. E. Schultz,  S. Sharma,  N. Shenvi,  C. D. Sherrill,  
 A. C. Simmonett,  A. Sodt,  T. Stein,  D. Stuck,  K. S. Thanthiriwatte,  
 V. Vanovschi,  L. Vogt,  Tao Wang,  A. Warshel,  M. A. Watson,  
 C. F. Williams,  Q. Wu,  X. Xu,  Jun Yang,  W. Zhang,  Yan Zhao

   Please cite Q-Chem as follows:
  "Software for the frontiers of quantum chemistry:
   An overview of developments in the Q-Chem 5 package"
   J. Chem. Phys. 155, 084801 (2021)
   https://doi.org/10.1063/5.0055522 (open access)

 Q-Chem 6.1.1 for Intel X86 EM64T Linux

 Parts of Q-Chem use Armadillo 9.900.5 (Nocturnal Misbehaviour).
 http://arma.sourceforge.net/

 Q-Chem begins on Thu Mar 28 14:30:14 2024  

 Host: 
0

     Scratch files written to /scratch/qchemscratch/qchem2249628//
 Jan1824 |scratch|qcdevops|jenkins|workspace|build_RNUM UKVU   
 Processing $rem in /opt/qchem/6.1/config/preferences:
 Processing $rem in /home/mm227274/.qchemrc:

 Q-Chem warning in module libgen/rem_setup.C, line 3361:

 Neither GIA nor STOLL is specified by user. Use STOLL as the default


 Checking the input file for inconsistencies... 	...done.

--------------------------------------------------------------
User input:
--------------------------------------------------------------
$molecule
0 1
--
0 1
N 1.66639 1.12439 0.00409
H 2.48654 1.71958 0.00361
C 1.93297 -0.23766 0.0074
O 3.06323 -0.70558 0.01387
N 0.77407 -1.00178 0.00381
C -0.55518 -0.56648 -0.00897
O -1.47107 -1.39711 -0.01738
C -0.70702 0.87811 -0.00939
H -1.71044 1.28576 -0.01858
C 0.3976 1.65858 -0.00584
H 0.34897 2.74269 -0.00976
H 0.91614 -2.00907 0.00099
--
0 1
O -3.6326705 0.28506195833333337 -0.080049625
H -2.9800705 -0.44003804166666666 -0.14617962499999998
H -4.0470605 0.14365195833333333 0.7843203750000001
$end

$rem
JOBTYPE          eda
EDA2             2
METHOD           b97m-v
BASIS            aug-cc-pvtz
SCF_CONVERGENCE  8
THRESH           14
SYMMETRY         false
DISP_FREE_X      revPBE
DISP_FREE_C      PBE
EDA_BSSE         true
$end
--------------------------------------------------------------
 ----------------------------------------------------------------
             Standard Nuclear Orientation (Angstroms)
    I     Atom           X                Y                Z
 ----------------------------------------------------------------
    1      N       1.6333999976     1.1233982992     0.0036148409
    2      H       2.4530783096     1.7192361661     0.0021690894
    3      C       1.9010597866    -0.2384414059     0.0062435007
    4      O       3.0316966640    -0.7054698110     0.0110782992
    5      N       0.7427598062    -1.0034758864     0.0040363103
    6      C      -0.5868495801    -0.5692231978    -0.0068477595
    7      O      -1.5020938354    -1.4005745332    -0.0142184649
    8      C      -0.7398307945     0.8752464496    -0.0067217039
    9      H      -1.7435838996     1.2821057242    -0.0144618375
   10      C       0.3641762862     1.6565880503    -0.0044774302
   11      H       0.3146849049     2.7406601838    -0.0080757466
   12      H       0.8856213132    -2.0106526393     0.0007867327
   13      O      -3.6651047025     0.2799038264    -0.0735747850
   14      H      -3.0120220866    -0.4446647930    -0.1407563270
   15      H      -4.0782163658     0.1379632333     0.7913199940
 ----------------------------------------------------------------
 Molecular Point Group                 C1    NOp =  1
 Largest Abelian Subgroup              C1    NOp =  1
 Nuclear Repulsion Energy =         441.34749140 hartrees
 There are       34 alpha and       34 beta electrons
 Requested basis set is aug-cc-pVTZ
 There are 180 shells and 552 basis functions

 Total QAlloc Memory Limit  16000 MB
 Mega-Array Size       188 MB
 MEM_STATIC part       192 MB


                       Distance Matrix (Angstroms)
             N (  1)   H (  2)   C (  3)   O (  4)   N (  5)   C (  6)
   H (  2)  1.013359
   C (  3)  1.387896  2.034021
   O (  4)  2.302183  2.492805  1.223306
   N (  5)  2.305826  3.215331  1.388143  2.308265
   C (  6)  2.791878  3.805035  2.509837  3.621155  1.398769
   O (  7)  4.025181  5.037546  3.596168  4.586836  2.279778  1.236475
   C (  8)  2.386192  3.302585  2.866142  4.089425  2.393280  1.452548
   H (  9)  3.380760  4.219400  3.949167  5.172467  3.377296  2.183005
   C ( 10)  1.376694  2.089852  2.439931  3.563036  2.686883  2.420473
   H ( 11)  2.086788  2.369839  3.375179  4.388432  3.768547  3.430466
   H ( 12)  3.222027  4.045861  2.042517  2.511822  1.017263  2.060570
   O ( 13)  5.365780  6.285664  5.590817  6.769437  4.591553  3.193920
   H ( 14)  4.905060  5.879644  4.919605  6.051249  3.798897  2.432058
   H ( 15)  5.849284  6.766165  6.042331  7.202154  5.016424  3.650593
             O (  7)   C (  8)   H (  9)   C ( 10)   H ( 11)   H ( 12)
   C (  8)  2.400096
   H (  9)  2.693528  1.083104
   C ( 10)  3.581802  1.352528  2.140792
   H ( 11)  4.522228  2.142842  2.522676  1.085207
   H ( 12)  2.464468  3.312184  4.213693  3.704131  4.785501
   O ( 13)  2.739735  2.985989  2.167982  4.258537  4.679566  5.095222
   H ( 14)  1.791552  2.631156  2.146304  3.979014  4.607698  4.202853
   H ( 15)  3.106831  3.510737  2.721921  4.761761  5.168234  5.466368
             O ( 13)   H ( 14)
   H ( 14)  0.977768
   H ( 15)  0.968943  1.531337
 
 A cutoff of  1.0D-14 yielded  15377 shell pairs
 There are    143859 function pairs (    196416 Cartesian)
 Smallest overlap matrix eigenvalue = 2.76E-06

 Scale SEOQF with 1.000000e-01/1.000000e-01/1.000000e-01

 Standard Electronic Orientation quadrupole field applied
 Nucleus-field energy     =     0.0000000155 hartrees

 -----------------------------------------------------------------------
  General SCF calculation program by
  Eric Jon Sundstrom, Paul Horn, Yuezhi Mao, Dmitri Zuev, Alec White,
  David Stuck, Shaama M.S., Shane Yost, Joonho Lee, David Small,
  Daniel Levine, Susi Lehtola, Hugh Burton, Evgeny Epifanovsky,
  Bang C. Huynh
 -----------------------------------------------------------------------
================================================================
                 ALMO-EDA with the EDA2 driver                  
================================================================
 The second-generation ALMO-EDA (for DFT):                      
 P. R. Horn, Y. Mao and M. Head-Gordon, PCCP, 18, 23067 (2016)  
 Y. Mao et al. Annu. Rev. Phys. Chem. 72, 641 (2021)            
 Decomposition of the frozen energy:                            
 P. R. Horn, Y. Mao and M. Head-Gordon, JCP, 144, 114107 (2016) 
================================================================
 Using eda2 option set 2
 Option set summary: Frozen orbital wavefunction, initial wavefunction decomposition, and traditional AO-based POL.
--------------------------------
Printing EDA Options
--------------------------------
eda_child_super_basis      0
fragmo_guess_mode          0
child_mp                   0
child_mp_orders            0
cls_elec                   1
cls_disp                   0
scfmi_mode                 1
scfmi_occs                 0
scfmi_virts                0
frz_relax                  0
frz_relax_method           0
dc_pen_start               0
dc_pen_conv                0
dc_pen_increment           0
dc_pen_steps               0
dc_pen_thresh_factor       0
dc_pen_pre_newton_thresh   0
frz_ortho_decomp           1
frz_ortho_decomp_conv      6
plot_mo_ortho_frz          0
frgm_method                2
scfmi_freeze_ss            0
separate_rehyb             0
plot_diff_den              0
eda_nocv                   0
eda_vct_relax              1
disp_free_x                33
disp_free_c                25
eda_bsse                   1
eda_pct_a                  0
eda_covp                   0
eda_vct_a                  0
--------------------------------
 Attempting to make child job directory: /scratch/qchemscratch/qchem2249628//Frg1/
 Attempting to make child job directory: /scratch/qchemscratch/qchem2249628//Frg2/
 Creating input file /scratch/qchemscratch/qchem2249628/Frg1.input
 using default PutDataFrgm: nothing
 calling putenv with: QCSCRATCH=/scratch/qchemscratch/qchem2249628/ 
 Spawning Job For Fragment 0
 Done Job For Fragment 0
 calling putenv with: QCSCRATCH=/scratch/qchemscratch 
 calling putenv with: QCTHREADS=1 
 Creating input file /scratch/qchemscratch/qchem2249628/Frg2.input
 using default PutDataFrgm: nothing
 calling putenv with: QCSCRATCH=/scratch/qchemscratch/qchem2249628/ 
 Spawning Job For Fragment 1
 Done Job For Fragment 1
 calling putenv with: QCSCRATCH=/scratch/qchemscratch 
 calling putenv with: QCTHREADS=1 
Doing General SCFMI
 Exchange:  B97M-V      Correlation:  B97M-V
 Using SG-2 standard quadrature grid
 Nonlocal Correlation:  VV10 with C = 0.0100 and b = 6.00 and scale = 1.00000
 Grid used for NLC:  SG-1 standard quadrature
performing fock build before subrot guess so that all methods have access
Printing subrot_rss_gen Method Specification:
Occupied Subspace Method is 0
Virtual Subspace Method is 0
Energy of the unrelaxed supersystem initial determinant -491.348454588727
write pseudocanon occs and virts to disk
write pseudocanon orbital energies to disk
Tolerance of ortho_decomp_scf: 1.00e-06
GDM subspace size: 20
Beginning the Orthogonal Decomposition of the Initial Supersystem Wavefunction
    1    -491.2672742746      1.34e-01     ortho_decomp Preconditoned Steepest Descent
    2    -491.2799551677      4.68e-04     ortho_decomp BFGS Step
    3    -491.2799560902      7.43e-06     ortho_decomp BFGS Step
    4    -491.2799560903      4.15e-08     ortho_decomp 00000 Convergence criterion met
 Exchange:  revPBE      Correlation:  PBE
 Using SG-2 standard quadrature grid
 Exchange:  revPBE      Correlation:  PBE
 Using SG-2 standard quadrature grid
 Exchange:  revPBE      Correlation:  PBE
 Using SG-2 standard quadrature grid
Doing General SCFMI
 Exchange:  B97M-V      Correlation:  B97M-V
 Using SG-2 standard quadrature grid
 Nonlocal Correlation:  VV10 with C = 0.0100 and b = 6.00 and scale = 1.00000
 Grid used for NLC:  SG-1 standard quadrature
performing fock build at end of subrot_r(subrot) constructor so that all methods have access
<S^2> of initial wavefunction before polarization iterations 0.0000000000
Beginning iterations for the determination of the polarized wavefunction
Energy prior to optimization (guess energy) = -491.348454588727
Begin Timing: Total SCF Calculation
begin iterations for algorithm: DIIS         
the SCF tolerance is set to 1.00e-08
    1    -491.3484545887      1.62e-04     00000 
    2    -491.3535886696      8.74e-05     00000 
    3    -491.3526421416      1.37e-04     00000 
    4    -491.3543959927      2.23e-05     00000 
    5    -491.3544271797      1.42e-05     00000 
    6    -491.3544444224      5.01e-06     00000 
    7    -491.3544464684      3.88e-06     00000 
    8    -491.3544480642      7.05e-07     00000 
    9    -491.3544481991      5.59e-07     00000 
   10    -491.3544482294      2.82e-07     00000 
   11    -491.3544482384      9.94e-08     00000 
   12    -491.3544482392      5.54e-08     00000 
   13    -491.3544482395      2.59e-08     00000 
   14    -491.3544482395      1.48e-08     00000 
   15    -491.3544482395      8.09e-09     00000 Convergence criterion met
write pseudocanon occs and virts to disk
write pseudocanon orbital energies to disk
Timing for Total SCF: 1513.00s (wall), 1509.23s (cpu)
<S^2> of polarized wavefunction after polarization iterations 0.0000000000
relaxing scfmi constraint to allow all rotations in the entire AO span
Doing General SCFMI
 Exchange:  B97M-V      Correlation:  B97M-V
 Using SG-2 standard quadrature grid
 Nonlocal Correlation:  VV10 with C = 0.0100 and b = 6.00 and scale = 1.00000
 Grid used for NLC:  SG-1 standard quadrature
performing fock build at end of subrot_r(subrot) constructor so that all methods have access
<S^2> of polarized wavefunction before ct-allowed iterations 0.0000000000
Beginning iterations for the determination of the CT-Allowed wavefunction
Energy prior to optimization (guess energy) = -491.354448239512
Begin Timing: Total SCF Calculation
begin iterations for algorithm: DIIS         
the SCF tolerance is set to 1.00e-08
    1    -491.3544482395      1.93e-04     00000 
    2    -491.3612455704      2.46e-05     00000 
    3    -491.3610384488      4.80e-05     00000 
    4    -491.3613092770      9.59e-06     00000 
    5    -491.3613198019      4.17e-06     00000 
    6    -491.3613217510      1.75e-06     00000 
    7    -491.3613220864      6.13e-07     00000 
    8    -491.3613221304      1.36e-07     00000 
    9    -491.3613221324      5.89e-08     00000 
   10    -491.3613221329      2.31e-08     00000 
   11    -491.3613221329      4.78e-09     00000 Convergence criterion met
write pseudocanon occs and virts to disk
write pseudocanon orbital energies to disk
Timing for Total SCF: 1054.00s (wall), 1051.47s (cpu)
<S^2> of ct_allowed wavefunction after ct-allowed iterations 0.0000000000
 Attempting to make child job directory: /scratch/qchemscratch/qchem2249628//FrgBSSE1/
 Attempting to make child job directory: /scratch/qchemscratch/qchem2249628//FrgBSSE2/
 Creating input file /scratch/qchemscratch/qchem2249628/FrgBSSE1.input
 calling putenv with: QCSCRATCH=/scratch/qchemscratch/qchem2249628/ 
 Spawning Job For Fragment 0
 Done Job For Fragment 0
 calling putenv with: QCSCRATCH=/scratch/qchemscratch 
 calling putenv with: QCTHREADS=1 
 Creating input file /scratch/qchemscratch/qchem2249628/FrgBSSE2.input
 calling putenv with: QCSCRATCH=/scratch/qchemscratch/qchem2249628/ 
 Spawning Job For Fragment 1
 Done Job For Fragment 1
 calling putenv with: QCSCRATCH=/scratch/qchemscratch 
 calling putenv with: QCTHREADS=1 
====================================================================
   Evaluating the BSSE with fragment SCF in the supersystem basis
   Fragment contributions (kJ/mol) 
   Frgm 1: 0.3619
   Frgm 2: 0.1947
   BSSE (kJ/mol) = 0.5567
====================================================================

================================
        Results of EDA2         
================================
Basic EDA Quantities
--------------------
Fragment Energies (Ha):
1 -414.9177970258
2  -76.4327569900
--------------------
  E_prp (kJ/mol) = 0.0000
  E_frz (kJ/mol) = 5.5121
  E_pol (kJ/mol) = -15.7365
  E_vct (kJ/mol) = -17.4910 (CP-corrected)
  E_int (kJ/mol) = -27.7154 (CP-corrected)
--------------------


Decomposition of frozen interaction energy
--------------------
  --------------------
  Orthogonal Frozen Decomposition:
  --------------------
     E_elec   (ELEC)   (kJ/mol) = -129.4680
     E_pauli  (PAULI)  (kJ/mol) = 152.0684
     E_disp   (DISP)   (kJ/mol) = -17.0883
  --------------------
  Classical Frozen Decomposition:
  --------------------
     E_cls_elec  (CLS ELEC)  (kJ/mol) = -71.0623
     E_mod_pauli (MOD PAULI) (kJ/mol) = 93.6627 (FRZ - CLS ELEC - DISP)
     E_disp      (DISP)      (kJ/mol) = -17.0883
  --------------------
--------------------

Simplified EDA Summary (kJ/mol)
--------------------
 PREPARATION      0.0000
 FROZEN           5.5121 (ELEC + PAULI + DISP)
[ELEC + PAULI = 22.6004, DISP = -17.0883]
 POLARIZATION    -15.7365
 CHARGE TRANSFER -17.4910     (counterpoise-corrected)
 TOTAL           -27.7154     (PRP + FRZ + POL + CT)
--------------------
 
 --------------------------------------------------------------
 
                    Orbital Energies (a.u.)
 --------------------------------------------------------------
 
 Alpha MOs
 -- Occupied --
-19.1521 -19.1509 -19.1302 -14.4251 -14.4096 -10.3472 -10.3182 -10.2768
-10.2062  -1.0801  -1.0519  -0.9847  -0.9779  -0.9336  -0.7957  -0.6825
 -0.6600  -0.5845  -0.5470  -0.5081  -0.4785  -0.4671  -0.4653  -0.4372
 -0.4114  -0.4075  -0.3944  -0.3578  -0.3426  -0.2860  -0.2843  -0.2654
 -0.2565  -0.2486
 -- Virtual --
 -0.0883  -0.0360  -0.0349  -0.0110  -0.0042   0.0097   0.0136   0.0192
  0.0367   0.0440   0.0471   0.0501   0.0574   0.0644   0.0710   0.0735
  0.0752   0.0785   0.0841   0.0883   0.0981   0.1007   0.1014   0.1114
  0.1145   0.1210   0.1365   0.1423   0.1443   0.1495   0.1511   0.1581
  0.1602   0.1698   0.1762   0.1816   0.1855   0.1893   0.1913   0.1944
  0.1993   0.2072   0.2079   0.2136   0.2214   0.2234   0.2276   0.2285
  0.2374   0.2405   0.2475   0.2483   0.2588   0.2661   0.2755   0.2782
  0.2836   0.2883   0.2970   0.3054   0.3103   0.3179   0.3185   0.3231
  0.3292   0.3377   0.3411   0.3516   0.3542   0.3619   0.3685   0.3699
  0.3790   0.3799   0.3913   0.3961   0.3998   0.4072   0.4185   0.4242
  0.4295   0.4356   0.4425   0.4568   0.4634   0.4708   0.4804   0.4851
  0.4892   0.5020   0.5044   0.5143   0.5163   0.5277   0.5360   0.5410
  0.5438   0.5504   0.5577   0.5645   0.5845   0.5876   0.6027   0.6086
  0.6179   0.6264   0.6337   0.6464   0.6481   0.6547   0.6656   0.6700
  0.6822   0.6919   0.6993   0.7018   0.7077   0.7215   0.7319   0.7354
  0.7411   0.7504   0.7551   0.7580   0.7624   0.7695   0.7817   0.7889
  0.7963   0.8027   0.8051   0.8152   0.8205   0.8356   0.8457   0.8508
  0.8534   0.8645   0.8796   0.8810   0.8837   0.8944   0.8980   0.9052
  0.9121   0.9160   0.9277   0.9386   0.9444   0.9611   0.9690   0.9735
  0.9806   0.9865   0.9898   0.9929   1.0028   1.0161   1.0238   1.0287
  1.0357   1.0465   1.0564   1.0643   1.0685   1.0893   1.0905   1.1011
  1.1127   1.1145   1.1228   1.1285   1.1364   1.1482   1.1549   1.1650
  1.1765   1.1861   1.1906   1.2019   1.2256   1.2336   1.2497   1.2505
  1.2564   1.2619   1.2740   1.2797   1.2908   1.3031   1.3142   1.3206
  1.3252   1.3315   1.3437   1.3480   1.3649   1.3669   1.3785   1.3830
  1.3968   1.4024   1.4108   1.4214   1.4442   1.4458   1.4597   1.4677
  1.4744   1.4792   1.5009   1.5096   1.5232   1.5273   1.5428   1.5516
  1.5641   1.5825   1.5977   1.6140   1.6357   1.6482   1.6540   1.6717
  1.6833   1.7001   1.7064   1.7354   1.7456   1.7546   1.7796   1.7886
  1.7979   1.8160   1.8366   1.8490   1.8573   1.8885   1.9143   1.9254
  1.9354   1.9415   1.9496   1.9509   1.9841   1.9937   2.0119   2.0178
  2.0318   2.0436   2.0463   2.0795   2.0912   2.1020   2.1169   2.1233
  2.1471   2.1559   2.1909   2.2060   2.2133   2.2294   2.2394   2.2440
  2.2539   2.2704   2.2836   2.2943   2.3011   2.3190   2.3315   2.3358
  2.3541   2.3729   2.3776   2.3915   2.4008   2.4167   2.4208   2.4372
  2.4513   2.4612   2.4744   2.4949   2.5028   2.5093   2.5269   2.5403
  2.5679   2.5737   2.5861   2.6018   2.6132   2.6374   2.6500   2.6733
  2.6902   2.7254   2.7289   2.7305   2.7500   2.7774   2.7807   2.7892
  2.8095   2.8245   2.8388   2.8756   2.8944   2.8992   2.9319   2.9639
  2.9858   2.9911   3.0184   3.0297   3.0512   3.0720   3.0973   3.1212
  3.1334   3.1560   3.1573   3.1904   3.2176   3.2417   3.2623   3.2732
  3.3053   3.3098   3.3591   3.3835   3.4004   3.4226   3.4316   3.4353
  3.4587   3.4657   3.4851   3.5203   3.5375   3.5443   3.5786   3.5911
  3.6369   3.6547   3.6827   3.6856   3.6939   3.7128   3.7306   3.7480
  3.7648   3.7806   3.8364   3.8482   3.8546   3.9219   3.9512   3.9566
  3.9636   3.9714   3.9731   3.9848   4.0019   4.0174   4.0496   4.0564
  4.0822   4.0965   4.1093   4.1237   4.1413   4.1638   4.1664   4.1859
  4.2176   4.2244   4.2341   4.2379   4.2682   4.2782   4.2997   4.3199
  4.3307   4.3803   4.3863   4.4177   4.4331   4.4433   4.4516   4.4737
  4.4813   4.4957   4.5190   4.5402   4.5599   4.6013   4.6208   4.6781
  4.6891   4.6980   4.7153   4.7566   4.7607   4.7779   4.7919   4.8082
  4.8284   4.8347   4.8504   4.8839   4.8863   4.9117   4.9703   4.9899
  5.0047   5.0393   5.0558   5.1105   5.1219   5.1376   5.1486   5.1889
  5.2174   5.2581   5.2710   5.2715   5.2774   5.3094   5.3184   5.3594
  5.3737   5.3948   5.4027   5.4267   5.4733   5.5092   5.5329   5.5754
  5.5779   5.5888   5.6142   5.6753   5.6935   5.6966   5.7107   5.7833
  5.8026   5.8185   5.8385   5.9016   5.9232   5.9881   6.0127   6.0361
  6.0972   6.1513   6.2940   6.3383   6.4044   6.4115   6.4463   6.4590
  6.5260   6.5693   6.5946   6.6197   6.6416   6.6698   6.6804   6.7131
  6.7482   6.7658   6.7770   6.8067   6.8396   6.8842   6.9211   6.9362
  7.0200   7.0418   7.0677   7.0731   7.0784   7.0940   7.1169   7.1364
  7.1691   7.2191   7.2383   7.2401   7.3057   7.3488   7.3627   7.4156
  7.4793   7.5398   7.5629   7.6161   7.6541   7.6612   7.7046   7.7554
  7.8409   7.9023   7.9459   7.9972   8.7899  15.4873  15.6499  15.8921
 16.2389  16.6099  17.7897  19.1208  19.4909  20.0741
 --------------------------------------------------------------
 
          Ground-State Mulliken Net Atomic Charges

     Atom                 Charge (a.u.)
  ----------------------------------------
      1 N                     0.257087
      2 H                     0.053728
      3 C                    -0.250013
      4 O                    -0.589584
      5 N                     0.447612
      6 C                     0.107421
      7 O                    -0.604537
      8 C                    -0.000518
      9 H                     0.638872
     10 C                    -0.818999
     11 H                     0.733255
     12 H                     0.063646
     13 O                    -0.578670
     14 H                     0.335569
     15 H                     0.205131
  ----------------------------------------
  Sum of atomic charges =     0.000000

 -----------------------------------------------------------------
                    Cartesian Multipole Moments
 -----------------------------------------------------------------
    Charge (ESU x 10^10)
                -0.0000
    Dipole Moment (Debye)
         X       1.7537      Y       3.2225      Z       1.1715
       Tot       3.8513
    Quadrupole Moments (Debye-Ang)
        XX     -68.4563     XY       6.2129     YY     -45.4107
        XZ      -5.6985     YZ       0.2678     ZZ     -52.0679
    Octopole Moments (Debye-Ang^2)
       XXX     -17.5478    XXY      16.5924    XYY      15.5798
       YYY      10.3216    XXZ      24.9597    XYZ      -1.1606
       YYZ       0.0045    XZZ      -5.1276    YZZ      -3.6251
       ZZZ       1.2252
    Hexadecapole Moments (Debye-Ang^3)
      XXXX   -1480.1550   XXXY      96.8787   XXYY    -274.1317
      XYYY       5.4751   YYYY    -330.3015   XXXZ    -111.6672
      XXYZ       5.2944   XYYZ      -0.7405   YYYZ      -0.1649
      XXZZ    -206.9043   XYZZ       0.3167   YYZZ     -77.8642
      XZZZ      -5.9597   YZZZ       0.2164   ZZZZ     -52.9456
 -----------------------------------------------------------------
 Total job time:  7023.82s(wall), 4402.18s(cpu) 
 Thu Mar 28 16:27:18 2024

        *************************************************************
        *                                                           *
        *  Thank you very much for using Q-Chem.  Have a nice day.  *
        *                                                           *
        *************************************************************


