
Running Job 1 of 1 U-wat_1_1.1.inp
qchem U-wat_1_1.1.inp_4086539.0 /scratch/qchemscratch/qchem4086539/ 1
/opt/qchem/6.1/exe/qcprog.exe_s U-wat_1_1.1.inp_4086539.0 /scratch/qchemscratch/qchem4086539/
                  Welcome to Q-Chem
     A Quantum Leap Into The Future Of Chemistry


 Q-Chem 6.1, Q-Chem, Inc., Pleasanton, CA (2023)

 License issued to: SRG Pengyu Ren, University of Texas at Austin

 E. Epifanovsky,  A. T. B. Gilbert,  Xintian Feng,  Joonho Lee,  Yuezhi Mao,  
 N. Mardirossian,  P. Pokhilko,  A. White,  M. Wormit,  M. P. Coons,  
 A. L. Dempwolff,  Zhengting Gan,  D. Hait,  P. R. Horn,  L. D. Jacobson,  
 I. Kaliman,  J. Kussmann,  A. W. Lange,  Ka Un Lao,  D. S. Levine,  Jie Liu,  
 S. C. McKenzie,  A. F. Morrison,  K. D. Nanda,  F. Plasser,  D. R. Rehn,  
 M. L. Vidal,  Zhi-Qiang You,  Ying Zhu,  B. Alam,  B. Albrecht,  
 A. Aldossary,  E. Alguire,  J. H. Andersen,  V. Athavale,  D. Barton,  
 K. Begam,  A. Behn,  N. Bellonzi,  Y. A. Bernard,  E. J. Berquist,  
 H. Burton,  A. Carreras,  K. Carter-Fenk,  Mathew Chow,  Romit Chakraborty,  
 Chandrima Chakravarty,  Junhan Chen,  A. D. Chien,  K. D. Closser,  
 V. Cofer-Shabica,  L. Cunha,  S. Dasgupta,  Jia Deng,  M. de Wergifosse,  
 M. Diedenhofen,  Hainam Do,  S. Ehlert,  Po-Tung Fang,  S. Fatehi,  
 Qingguo Feng,  T. Friedhoff,  Thomas Froitzheim,  B. Ganoe,  J. Gayvert,  
 Qinghui Ge,  G. Gidofalvi,  M. Gimferrer,  M. Goldey,  Montgomery Gray,  
 J. Gomes,  C. Gonzalez-Espinoza,  S. Gulania,  A. Gunina,  J. A. Gyamfi,  
 M. W. D. Hanson-Heine,  P. H. P. Harbach,  A. W. Hauser,  M. F. Herbst,  
 M. Hernandez Vera,  M. Hodecker,  Z. C. Holden,  S. Houck,  Xunkun Huang,  
 Kerwin Hui,  B. C. Huynh,  K. Ikeda,  M. Ivanov,  Hyunjun Ji,  Zuxin Jin,  
 Hanjie Jiang,  Subrata Jana,  B. Kaduk,  S. Kaehler,  R. Kang,  
 K. Khistyaev,  Jaehoon Kim,  Yongbin Kim,  P. Klunzinger,  Z. Koczor-Benda,  
 Joong Hoon Koh,  D. Kosenkov,  Saikiran Kotaru,  L. Koulias,  T. Kowalczyk,  
 C. M. Krauter,  K. Kue,  A. Kunitsa,  T. Kus,  A. Landau,  K. V. Lawler,  
 D. Lefrancois,  S. Lehtola,  Rain Li,  Shaozhi Li,  Yi-Pei Li,  
 Jiashu Liang,  M. Liebenthal,  Hung-Hsuan Lin,  You-Sheng Lin,  Fenglai Liu,  
 Kuan-Yu Liu,  Xiao Liu,  M. Loipersberger,  A. Luenser,  C. Malbon,  
 A. Manjanath,  P. Manohar,  E. Mansoor,  S. F. Manzer,  Shan-Ping Mao,  
 A. V. Marenich,  T. Markovich,  S. Mason,  F. Matz,  S. A. Maurer,  
 P. F. McLaughlin,  M. F. S. J. Menger,  J.-M. Mewes,  S. A. Mewes,  
 P. Morgante,  Mohammad Mostafanejad,  J. W. Mullinax,  K. J. Oosterbaan,  
 G. Paran,  V. Parravicini,  Alexander C. Paul,  Suranjan K. Paul,  
 F. Pavosevic,  Zheng Pei,  S. Prager,  E. I. Proynov,  E. Ramos,  B. Rana,  
 A. E. Rask,  A. Rettig,  R. M. Richard,  F. Rob,  E. Rossomme,  T. Scheele,  
 M. Scheurer,  M. Schneider,  P. E. Schneider,  Tim K. Schramm,  N. Sergueev,  
 S. M. Sharada,  M. Sharma,  Hengyuan Shen,  W. Skomorowski,  D. W. Small,  
 C. J. Stein,  Alistair J. Sterling,  Yingli Su,  Yu-Chuan Su,  
 E. J. Sundstrom,  J. Talbot,  Zhen Tao,  J. Thirman,  Hung-Yi Tsai,  
 T. Tsuchimochi,  N. M. Tubman,  C. Utku,  S. P. Veccham,  O. Vydrov,  
 J. Wenzel,  Jonathan Wong,  J. Witte,  A. Yamada,  Chou-Hsun Yang,  Kun Yao,  
 S. Yeganeh,  S. R. Yost,  A. Zech,  F. Zeller,  Igor Ying Zhang,  
 Xing Zhang,  Yu Zhang,  D. Zuev,  A. Aspuru-Guzik,  A. T. Bell,  
 N. A. Besley,  K. B. Bravaya,  B. R. Brooks,  D. Casanova,  Jeng-Da Chai,  
 Hsing-Ta Chen,  S. Coriani,  C. J. Cramer,  A. E. DePrince, III,  
 R. A. DiStasio Jr.,  A. Dreuw,  B. D. Dunietz,  T. R. Furlani,  
 W. A. Goddard III,  S. Grimme,  S. Hammes-Schiffer,  T. Head-Gordon,  
 W. J. Hehre,  Chao-Ping Hsu,  T.-C. Jagau,  Yousung Jung,  A. Klamt,  
 Jing Kong,  D. S. Lambrecht,  Xiangyuan Li,  WanZhen Liang,  N. J. Mayhall,  
 C. W. McCurdy,  J. B. Neaton,  T. Neudecker,  C. Ochsenfeld,  
 J. A. Parkhill,  R. Peverati,  V. A. Rassolov,  Haisheng Ren,  Yihan Shao,  
 L. V. Slipchenko,  R. P. Steele,  J. E. Subotnik,  A. J. W. Thom,  
 A. Tkatchenko,  D. G. Truhlar,  T. Van Voorhis,  Fan Wang,  
 T. A. Wesolowski,  K. B. Whaley,  H. L. Woodcock III,  P. M. Zimmerman,  
 S. Faraji,  P. M. W. Gill,  M. Head-Gordon,  J. M. Herbert,  A. I. Krylov

 Contributors to earlier versions of Q-Chem not listed above: 
 R. D. Adamson,  B. Austin,  R. Baer,  J. Baker,  G. J. O. Beran,  
 K. Brandhorst,  S. T. Brown,  E. F. C. Byrd,  Arup K. Chakraborty,  
 G. K. L. Chan,  Chun-Min Chang,  Yunqing Chen,  C.-L. Cheng,  
 Siu Hung Chien,  D. M. Chipman,  D. L. Crittenden,  H. Dachsel,  
 R. J. Doerksen,  A. D. Dutoi,  R. G. Edgar,  J. Fosso-Tande,  
 L. Fusti-Molnar,  D. Ghosh,  A. Ghysels,  A. Golubeva-Zadorozhnaya,  
 J. Gonthier,  M. S. Gordon,  S. R. Gwaltney,  G. Hawkins,  J. E. Herr,  
 A. Heyden,  S. Hirata,  E. G. Hohenstein,  G. Kedziora,  F. J. Keil,  
 C. Kelley,  Jihan Kim,  R. A. King,  R. Z. Khaliullin,  P. P. Korambath,  
 W. Kurlancheek,  A. Laurent,  A. M. Lee,  M. S. Lee,  S. V. Levchenko,  
 Ching Yeh Lin,  D. Liotard,  E. Livshits,  R. C. Lochan,  I. Lotan,  
 L. A. Martinez-Martinez,  P. E. Maslen,  N. Nair,  D. P. O'Neill,  
 D. Neuhauser,  E. Neuscamman,  C. M. Oana,  R. Olivares-Amaya,  R. Olson,  
 T. M. Perrine,  B. Peters,  P. A. Pieniazek,  A. Prociuk,  Y. M. Rhee,  
 J. Ritchie,  M. A. Rohrdanz,  E. Rosta,  N. J. Russ,  H. F. Schaefer III,  
 M. W. Schmidt,  N. E. Schultz,  S. Sharma,  N. Shenvi,  C. D. Sherrill,  
 A. C. Simmonett,  A. Sodt,  T. Stein,  D. Stuck,  K. S. Thanthiriwatte,  
 V. Vanovschi,  L. Vogt,  Tao Wang,  A. Warshel,  M. A. Watson,  
 C. F. Williams,  Q. Wu,  X. Xu,  Jun Yang,  W. Zhang,  Yan Zhao

   Please cite Q-Chem as follows:
  "Software for the frontiers of quantum chemistry:
   An overview of developments in the Q-Chem 5 package"
   J. Chem. Phys. 155, 084801 (2021)
   https://doi.org/10.1063/5.0055522 (open access)

 Q-Chem 6.1.1 for Intel X86 EM64T Linux

 Parts of Q-Chem use Armadillo 9.900.5 (Nocturnal Misbehaviour).
 http://arma.sourceforge.net/

 Q-Chem begins on Mon Mar 11 12:52:01 2024  

 Host: 
0

     Scratch files written to /scratch/qchemscratch/qchem4086539//
 Jan1824 |scratch|qcdevops|jenkins|workspace|build_RNUM UKVU   
 Processing $rem in /opt/qchem/6.1/config/preferences:
 Processing $rem in /home/mm227274/.qchemrc:

 Q-Chem warning in module libgen/rem_setup.C, line 3361:

 Neither GIA nor STOLL is specified by user. Use STOLL as the default


 Checking the input file for inconsistencies... 	...done.

--------------------------------------------------------------
User input:
--------------------------------------------------------------
$molecule
0 1
--
0 1
N -0.74211 0.69023 -0.00264
H -1.73703 0.94685 -0.01197
C -0.50316 -0.66851 -0.00433
O -1.40104 -1.51815 -0.01204
N 0.8372 -0.99299 0.00531
C 1.9487 -0.12435 0.00661
O 3.08953 -0.57725 0.01348
C 1.5717 1.28047 -0.00169
H 2.35737 2.0244 -0.00543
C 0.26348 1.62708 -0.00782
H -0.0694 2.66008 -0.01624
H 1.04917 -1.98775 0.00306
--
0 1
O -3.95033475 0.32210575 -0.05433850000000001
H -3.52843475 -0.56176425 -0.11304850000000001
H -4.44501475 0.29909575 0.7797415
$end

$rem
JOBTYPE          eda
EDA2             2
METHOD           b97m-v
BASIS            aug-cc-pvtz
SCF_CONVERGENCE  8
THRESH           14
SYMMETRY         false
DISP_FREE_X      revPBE
DISP_FREE_C      PBE
EDA_BSSE         true
$end
--------------------------------------------------------------
 ----------------------------------------------------------------
             Standard Nuclear Orientation (Angstroms)
    I     Atom           X                Y                Z
 ----------------------------------------------------------------
    1      N      -0.6819218019    -0.6933241520     0.0074686621
    2      H      -1.6769593775    -0.9493807044     0.0193827251
    3      C      -0.4422080263     0.6652823159     0.0078108899
    4      O      -1.3395907909     1.5154300712     0.0172467906
    5      N       0.8983056717     0.9890048820    -0.0052984722
    6      C       2.0093128510     0.1197408766    -0.0088376864
    7      O       3.1503758425     0.5719968877    -0.0187596622
    8      C       1.6315482303    -1.2848625444     0.0011744806
    9      H       2.4168085950    -2.0292309800     0.0034045005
   10      C       0.3231534360    -1.6307350969     0.0107074301
   11      H      -0.0102829499    -2.6635433187     0.0205229453
   12      H       1.1108372137     1.9836469131    -0.0041260291
   13      O      -3.8898035685    -0.3233712945     0.0668294243
   14      H      -3.4672662511     0.5602945741     0.1240089585
   15      H      -4.3865151301    -0.3005502169    -0.7660475366
 ----------------------------------------------------------------
 Molecular Point Group                 C1    NOp =  1
 Largest Abelian Subgroup              C1    NOp =  1
 Nuclear Repulsion Energy =         435.25203638 hartrees
 There are       34 alpha and       34 beta electrons
 Requested basis set is aug-cc-pVTZ
 There are 180 shells and 552 basis functions

 Total QAlloc Memory Limit  16000 MB
 Mega-Array Size       188 MB
 MEM_STATIC part       192 MB


                       Distance Matrix (Angstroms)
             N (  1)   H (  2)   C (  3)   O (  4)   N (  5)   C (  6)
   H (  2)  1.027525
   C (  3)  1.379592  2.032703
   O (  4)  2.304608  2.487793  1.236178
   N (  5)  2.308141  3.223343  1.379110  2.299089
   C (  6)  2.811420  3.838284  2.511543  3.628193  1.410663
   O (  7)  4.035868  5.061542  3.593893  4.588155  2.290392  1.227460
   C (  8)  2.387907  3.325523  2.846678  4.082838  2.389176  1.454550
   H (  9)  3.374432  4.233824  3.928664  5.164818  3.378709  2.187300
   C ( 10)  1.374382  2.113000  2.420224  3.558527  2.682181  2.430572
   H ( 11)  2.081594  2.390850  3.356755  4.385304  3.763949  3.438939
   H ( 12)  3.221846  4.046605  2.037198  2.494851  1.017096  2.069161
   O ( 13)  3.229689  2.300178  3.587037  3.144397  4.965231  5.916219
   H ( 14)  3.056679  2.344198  3.029109  2.334670  4.388477  5.495876
   H ( 15)  3.804814  2.894749  4.133914  3.632504  5.492816  6.454195
             O (  7)   C (  8)   H (  9)   C ( 10)   H ( 11)   H ( 12)
   C (  8)  2.398992
   H (  9)  2.702776  1.082000
   C ( 10)  3.584143  1.353372  2.131254
   H ( 11)  4.523276  2.144002  2.508669  1.085343
   H ( 12)  2.480461  3.309731  4.220048  3.699246  4.780575
   O ( 13)  7.097403  5.604828  6.533555  4.411503  4.530919  5.507611
   H ( 14)  6.619192  5.423800  6.429815  4.379581  4.728062  4.795976
   H ( 15)  7.623943  6.146103  7.061558  4.955171  5.035259  6.001580
             O ( 13)   H ( 14)
   H ( 14)  0.981159
   H ( 15)  0.970014  1.542165
 
 A cutoff of  1.0D-14 yielded  15252 shell pairs
 There are    142490 function pairs (    194524 Cartesian)
 Smallest overlap matrix eigenvalue = 3.41E-06

 Scale SEOQF with 1.000000e-01/1.000000e-01/1.000000e-01

 Standard Electronic Orientation quadrupole field applied
 Nucleus-field energy     =     0.0000000164 hartrees

 -----------------------------------------------------------------------
  General SCF calculation program by
  Eric Jon Sundstrom, Paul Horn, Yuezhi Mao, Dmitri Zuev, Alec White,
  David Stuck, Shaama M.S., Shane Yost, Joonho Lee, David Small,
  Daniel Levine, Susi Lehtola, Hugh Burton, Evgeny Epifanovsky,
  Bang C. Huynh
 -----------------------------------------------------------------------
================================================================
                 ALMO-EDA with the EDA2 driver                  
================================================================
 The second-generation ALMO-EDA (for DFT):                      
 P. R. Horn, Y. Mao and M. Head-Gordon, PCCP, 18, 23067 (2016)  
 Y. Mao et al. Annu. Rev. Phys. Chem. 72, 641 (2021)            
 Decomposition of the frozen energy:                            
 P. R. Horn, Y. Mao and M. Head-Gordon, JCP, 144, 114107 (2016) 
================================================================
 Using eda2 option set 2
 Option set summary: Frozen orbital wavefunction, initial wavefunction decomposition, and traditional AO-based POL.
--------------------------------
Printing EDA Options
--------------------------------
eda_child_super_basis      0
fragmo_guess_mode          0
child_mp                   0
child_mp_orders            0
cls_elec                   1
cls_disp                   0
scfmi_mode                 1
scfmi_occs                 0
scfmi_virts                0
frz_relax                  0
frz_relax_method           0
dc_pen_start               0
dc_pen_conv                0
dc_pen_increment           0
dc_pen_steps               0
dc_pen_thresh_factor       0
dc_pen_pre_newton_thresh   0
frz_ortho_decomp           1
frz_ortho_decomp_conv      6
plot_mo_ortho_frz          0
frgm_method                2
scfmi_freeze_ss            0
separate_rehyb             0
plot_diff_den              0
eda_nocv                   0
eda_vct_relax              1
disp_free_x                33
disp_free_c                25
eda_bsse                   1
eda_pct_a                  0
eda_covp                   0
eda_vct_a                  0
--------------------------------
 Attempting to make child job directory: /scratch/qchemscratch/qchem4086539//Frg1/
 Attempting to make child job directory: /scratch/qchemscratch/qchem4086539//Frg2/
 Creating input file /scratch/qchemscratch/qchem4086539/Frg1.input
 using default PutDataFrgm: nothing
 calling putenv with: QCSCRATCH=/scratch/qchemscratch/qchem4086539/ 
 Spawning Job For Fragment 0
 Done Job For Fragment 0
 calling putenv with: QCSCRATCH=/scratch/qchemscratch 
 calling putenv with: QCTHREADS=1 
 Creating input file /scratch/qchemscratch/qchem4086539/Frg2.input
 using default PutDataFrgm: nothing
 calling putenv with: QCSCRATCH=/scratch/qchemscratch/qchem4086539/ 
 Spawning Job For Fragment 1
 Done Job For Fragment 1
 calling putenv with: QCSCRATCH=/scratch/qchemscratch 
 calling putenv with: QCTHREADS=1 
Doing General SCFMI
 Exchange:  B97M-V      Correlation:  B97M-V
 Using SG-2 standard quadrature grid
 Nonlocal Correlation:  VV10 with C = 0.0100 and b = 6.00 and scale = 1.00000
 Grid used for NLC:  SG-1 standard quadrature
performing fock build before subrot guess so that all methods have access
Printing subrot_rss_gen Method Specification:
Occupied Subspace Method is 0
Virtual Subspace Method is 0
Energy of the unrelaxed supersystem initial determinant -491.359935795110
write pseudocanon occs and virts to disk
write pseudocanon orbital energies to disk
Tolerance of ortho_decomp_scf: 1.00e-06
GDM subspace size: 20
Beginning the Orthogonal Decomposition of the Initial Supersystem Wavefunction
    1    -491.3230457632      7.07e-02     ortho_decomp Preconditoned Steepest Descent
    2    -491.3264707818      1.88e-04     ortho_decomp BFGS Step
    3    -491.3264709190      2.11e-06     ortho_decomp BFGS Step
    4    -491.3264709190      9.13e-09     ortho_decomp 00000 Convergence criterion met
 Exchange:  revPBE      Correlation:  PBE
 Using SG-2 standard quadrature grid
 Exchange:  revPBE      Correlation:  PBE
 Using SG-2 standard quadrature grid
 Exchange:  revPBE      Correlation:  PBE
 Using SG-2 standard quadrature grid
Doing General SCFMI
 Exchange:  B97M-V      Correlation:  B97M-V
 Using SG-2 standard quadrature grid
 Nonlocal Correlation:  VV10 with C = 0.0100 and b = 6.00 and scale = 1.00000
 Grid used for NLC:  SG-1 standard quadrature
performing fock build at end of subrot_r(subrot) constructor so that all methods have access
<S^2> of initial wavefunction before polarization iterations 0.0000000000
Beginning iterations for the determination of the polarized wavefunction
Energy prior to optimization (guess energy) = -491.359935795110
Begin Timing: Total SCF Calculation
begin iterations for algorithm: DIIS         
the SCF tolerance is set to 1.00e-08
    1    -491.3599357951      9.60e-05     00000 
    2    -491.3620283554      5.22e-05     00000 
    3    -491.3618216558      7.47e-05     00000 
    4    -491.3623053156      1.29e-05     00000 
    5    -491.3623113599      1.02e-05     00000 
    6    -491.3623200079      2.70e-06     00000 
    7    -491.3623205315      1.53e-06     00000 
    8    -491.3623207438      2.72e-07     00000 
    9    -491.3623207482      3.02e-07     00000 
   10    -491.3623207591      8.72e-08     00000 
   11    -491.3623207600      3.43e-08     00000 
   12    -491.3623207601      2.02e-08     00000 
   13    -491.3623207601      9.74e-09     00000 Convergence criterion met
write pseudocanon occs and virts to disk
write pseudocanon orbital energies to disk
Timing for Total SCF: 2033.00s (wall), 2016.35s (cpu)
<S^2> of polarized wavefunction after polarization iterations 0.0000000000
relaxing scfmi constraint to allow all rotations in the entire AO span
Doing General SCFMI
 Exchange:  B97M-V      Correlation:  B97M-V
 Using SG-2 standard quadrature grid
 Nonlocal Correlation:  VV10 with C = 0.0100 and b = 6.00 and scale = 1.00000
 Grid used for NLC:  SG-1 standard quadrature
performing fock build at end of subrot_r(subrot) constructor so that all methods have access
<S^2> of polarized wavefunction before ct-allowed iterations 0.0000000000
Beginning iterations for the determination of the CT-Allowed wavefunction
Energy prior to optimization (guess energy) = -491.362320760099
Begin Timing: Total SCF Calculation
begin iterations for algorithm: DIIS         
the SCF tolerance is set to 1.00e-08
    1    -491.3623207601      1.03e-04     00000 
    2    -491.3651015721      1.35e-05     00000 
    3    -491.3650510122      2.51e-05     00000 
    4    -491.3651237365      4.47e-06     00000 
    5    -491.3651256460      2.18e-06     00000 
    6    -491.3651261828      7.08e-07     00000 
    7    -491.3651262316      3.37e-07     00000 
    8    -491.3651262445      5.69e-08     00000 
    9    -491.3651262448      2.61e-08     00000 
   10    -491.3651262449      1.15e-08     00000 
   11    -491.3651262449      1.83e-09     00000 Convergence criterion met
write pseudocanon occs and virts to disk
write pseudocanon orbital energies to disk
Timing for Total SCF: 1656.00s (wall), 1642.60s (cpu)
<S^2> of ct_allowed wavefunction after ct-allowed iterations 0.0000000000
 Attempting to make child job directory: /scratch/qchemscratch/qchem4086539//FrgBSSE1/
 Attempting to make child job directory: /scratch/qchemscratch/qchem4086539//FrgBSSE2/
 Creating input file /scratch/qchemscratch/qchem4086539/FrgBSSE1.input
 calling putenv with: QCSCRATCH=/scratch/qchemscratch/qchem4086539/ 
 Spawning Job For Fragment 0
 Done Job For Fragment 0
 calling putenv with: QCSCRATCH=/scratch/qchemscratch 
 calling putenv with: QCTHREADS=1 
 Creating input file /scratch/qchemscratch/qchem4086539/FrgBSSE2.input
 calling putenv with: QCSCRATCH=/scratch/qchemscratch/qchem4086539/ 
 Spawning Job For Fragment 1
 Done Job For Fragment 1
 calling putenv with: QCSCRATCH=/scratch/qchemscratch 
 calling putenv with: QCTHREADS=1 
====================================================================
   Evaluating the BSSE with fragment SCF in the supersystem basis
   Fragment contributions (kJ/mol) 
   Frgm 1: 0.2411
   Frgm 2: 0.1299
   BSSE (kJ/mol) = 0.3710
====================================================================

================================
        Results of EDA2         
================================
Basic EDA Quantities
--------------------
Fragment Energies (Ha):
1 -414.9172814147
2  -76.4327026836
--------------------
  E_prp (kJ/mol) = 0.0000
  E_frz (kJ/mol) = -26.1285
  E_pol (kJ/mol) = -6.2618
  E_vct (kJ/mol) = -6.9949 (CP-corrected)
  E_int (kJ/mol) = -39.3852 (CP-corrected)
--------------------


Decomposition of frozen interaction energy
--------------------
  --------------------
  Orthogonal Frozen Decomposition:
  --------------------
     E_elec   (ELEC)   (kJ/mol) = -65.6834
     E_pauli  (PAULI)  (kJ/mol) = 49.7742
     E_disp   (DISP)   (kJ/mol) = -10.2193
  --------------------
  Classical Frozen Decomposition:
  --------------------
     E_cls_elec  (CLS ELEC)  (kJ/mol) = -40.9889
     E_mod_pauli (MOD PAULI) (kJ/mol) = 25.0796 (FRZ - CLS ELEC - DISP)
     E_disp      (DISP)      (kJ/mol) = -10.2193
  --------------------
--------------------

Simplified EDA Summary (kJ/mol)
--------------------
 PREPARATION      0.0000
 FROZEN           -26.1285 (ELEC + PAULI + DISP)
[ELEC + PAULI = -15.9092, DISP = -10.2193]
 POLARIZATION    -6.2618
 CHARGE TRANSFER -6.9949     (counterpoise-corrected)
 TOTAL           -39.3852     (PRP + FRZ + POL + CT)
--------------------
 
 --------------------------------------------------------------
 
                    Orbital Energies (a.u.)
 --------------------------------------------------------------
 
 Alpha MOs
 -- Occupied --
-19.1711 -19.1478 -19.1372 -14.4169 -14.4012 -10.3426 -10.3065 -10.2725
-10.2081  -1.0725  -1.0381  -1.0126  -0.9771  -0.9249  -0.7914  -0.6766
 -0.6501  -0.5783  -0.5393  -0.5079  -0.5013  -0.4609  -0.4549  -0.4381
 -0.4054  -0.3982  -0.3838  -0.3758  -0.3523  -0.2999  -0.2793  -0.2749
 -0.2481  -0.2433
 -- Virtual --
 -0.0810  -0.0357  -0.0297  -0.0144  -0.0040   0.0130   0.0147   0.0217
  0.0313   0.0392   0.0495   0.0524   0.0599   0.0617   0.0686   0.0718
  0.0757   0.0804   0.0864   0.0904   0.0947   0.0988   0.1027   0.1065
  0.1135   0.1185   0.1236   0.1257   0.1411   0.1476   0.1503   0.1536
  0.1624   0.1647   0.1687   0.1755   0.1788   0.1852   0.1925   0.1937
  0.1974   0.2050   0.2064   0.2123   0.2141   0.2191   0.2231   0.2272
  0.2297   0.2432   0.2454   0.2515   0.2569   0.2660   0.2752   0.2777
  0.2792   0.2860   0.2925   0.3011   0.3055   0.3090   0.3162   0.3200
  0.3280   0.3331   0.3414   0.3479   0.3550   0.3590   0.3664   0.3666
  0.3749   0.3794   0.3826   0.3875   0.3930   0.4018   0.4043   0.4247
  0.4282   0.4435   0.4458   0.4558   0.4616   0.4762   0.4815   0.4869
  0.4923   0.4983   0.5069   0.5169   0.5184   0.5241   0.5277   0.5322
  0.5396   0.5475   0.5485   0.5607   0.5697   0.5781   0.5942   0.5996
  0.6125   0.6147   0.6215   0.6267   0.6322   0.6419   0.6531   0.6579
  0.6663   0.6696   0.6909   0.6992   0.7038   0.7125   0.7171   0.7252
  0.7330   0.7364   0.7373   0.7454   0.7542   0.7672   0.7773   0.7833
  0.7874   0.7911   0.7963   0.8006   0.8075   0.8220   0.8228   0.8337
  0.8442   0.8458   0.8544   0.8606   0.8755   0.8779   0.8906   0.8961
  0.9011   0.9058   0.9224   0.9348   0.9392   0.9452   0.9527   0.9629
  0.9724   0.9734   0.9774   0.9872   0.9975   1.0037   1.0153   1.0207
  1.0259   1.0313   1.0371   1.0415   1.0477   1.0572   1.0636   1.0812
  1.0882   1.1009   1.1147   1.1262   1.1311   1.1327   1.1478   1.1524
  1.1644   1.1679   1.1771   1.1879   1.1991   1.2108   1.2238   1.2302
  1.2344   1.2455   1.2592   1.2662   1.2726   1.2882   1.2953   1.3048
  1.3135   1.3171   1.3270   1.3445   1.3490   1.3525   1.3620   1.3764
  1.3829   1.3990   1.4081   1.4197   1.4222   1.4344   1.4556   1.4626
  1.4748   1.4862   1.4958   1.5149   1.5197   1.5340   1.5406   1.5452
  1.5604   1.5639   1.5691   1.5843   1.6011   1.6296   1.6423   1.6460
  1.6688   1.6856   1.6907   1.7036   1.7194   1.7235   1.7543   1.7561
  1.7600   1.7965   1.8019   1.8197   1.8352   1.8420   1.8777   1.9024
  1.9263   1.9337   1.9492   1.9622   1.9682   1.9714   1.9981   2.0099
  2.0250   2.0442   2.0509   2.0620   2.0815   2.0824   2.1011   2.1069
  2.1406   2.1446   2.1573   2.1751   2.2171   2.2202   2.2258   2.2422
  2.2530   2.2773   2.2863   2.2944   2.3010   2.3078   2.3191   2.3290
  2.3340   2.3403   2.3529   2.3668   2.3792   2.3860   2.3961   2.4015
  2.4138   2.4467   2.4506   2.4659   2.4821   2.4871   2.5017   2.5093
  2.5273   2.5476   2.5607   2.5817   2.6018   2.6094   2.6428   2.6484
  2.6576   2.6762   2.6857   2.7078   2.7209   2.7332   2.7504   2.7667
  2.7747   2.7920   2.8095   2.8164   2.8514   2.8953   2.9064   2.9129
  2.9657   2.9704   3.0097   3.0227   3.0290   3.0523   3.0567   3.0855
  3.1048   3.1332   3.1570   3.2123   3.2138   3.2243   3.2395   3.2712
  3.3003   3.3080   3.3295   3.3761   3.3843   3.3899   3.4246   3.4498
  3.4594   3.4840   3.5004   3.5188   3.5356   3.5379   3.5689   3.5846
  3.6022   3.6142   3.6664   3.6833   3.6913   3.6969   3.7140   3.7317
  3.7555   3.7637   3.7685   3.8340   3.8386   3.8634   3.8934   3.9345
  3.9475   3.9639   3.9711   3.9889   4.0034   4.0058   4.0285   4.0329
  4.0667   4.0778   4.1161   4.1299   4.1442   4.1517   4.1598   4.1753
  4.1800   4.1875   4.2181   4.2403   4.2578   4.2706   4.2775   4.3039
  4.3199   4.3442   4.3497   4.3658   4.4175   4.4263   4.4390   4.4501
  4.4585   4.4987   4.5070   4.5131   4.5224   4.5791   4.5947   4.6284
  4.6703   4.7032   4.7057   4.7250   4.7506   4.7609   4.7749   4.7869
  4.8234   4.8290   4.8583   4.8689   4.8897   4.9432   4.9531   4.9958
  4.9978   5.0350   5.0458   5.0480   5.0543   5.1314   5.1384   5.1477
  5.1689   5.1892   5.2158   5.2860   5.3027   5.3154   5.3274   5.3385
  5.3730   5.3815   5.3948   5.4126   5.4394   5.4866   5.5397   5.5655
  5.5846   5.6127   5.6188   5.6253   5.6898   5.6954   5.6982   5.7844
  5.8121   5.8304   5.8385   5.8746   5.9034   5.9860   5.9899   6.0316
  6.0511   6.1005   6.2718   6.2975   6.3719   6.3868   6.4385   6.4748
  6.5245   6.5421   6.5547   6.5997   6.6127   6.6186   6.6460   6.6773
  6.7003   6.7326   6.7559   6.7902   6.8126   6.8232   6.9214   6.9309
  7.0126   7.0320   7.0455   7.0700   7.0783   7.0867   7.0972   7.1077
  7.1259   7.1344   7.1598   7.1973   7.2472   7.2649   7.3538   7.4035
  7.4309   7.4805   7.5521   7.5895   7.6110   7.6714   7.6797   7.7153
  7.7286   7.7835   7.8330   7.9649   8.6371  15.3242  15.5116  15.5329
 15.8422  16.5162  17.7507  19.0109  19.3032  20.0929
 --------------------------------------------------------------
 
          Ground-State Mulliken Net Atomic Charges

     Atom                 Charge (a.u.)
  ----------------------------------------
      1 N                     0.234323
      2 H                     0.222637
      3 C                    -0.150757
      4 O                    -0.587594
      5 N                     0.417368
      6 C                     0.074449
      7 O                    -0.637723
      8 C                    -0.156865
      9 H                     0.614731
     10 C                    -0.723601
     11 H                     0.632124
     12 H                     0.065281
     13 O                    -0.527617
     14 H                     0.303028
     15 H                     0.220216
  ----------------------------------------
  Sum of atomic charges =     0.000000

 -----------------------------------------------------------------
                    Cartesian Multipole Moments
 -----------------------------------------------------------------
    Charge (ESU x 10^10)
                 0.0000
    Dipole Moment (Debye)
         X      -2.3594      Y      -2.7230      Z      -1.1263
       Tot       3.7749
    Quadrupole Moments (Debye-Ang)
        XX     -64.3874     XY      -1.4273     YY     -47.5186
        XZ       5.9596     YZ       0.5632     ZZ     -52.2627
    Octopole Moments (Debye-Ang^2)
       XXX     -78.2332    XXY      -6.2996    XYY       5.3636
       YYY      -6.6788    XXZ     -27.5604    XYZ      -2.7014
       YYZ      -0.0774    XZZ      -8.9176    YZZ       3.9344
       ZZZ      -1.1855
    Hexadecapole Moments (Debye-Ang^3)
      XXXX   -1477.6360   XXXY     -70.1715   XXYY    -291.5793
      XYYY      21.9609   YYYY    -357.6575   XXXZ     133.0936
      XXYZ      12.6408   XYYZ       1.3198   YYYZ      -0.1665
      XXZZ    -221.8726   XYZZ       5.8666   YYZZ     -80.6929
      XZZZ       5.9913   YZZZ       0.6122   ZZZZ     -53.1708
 -----------------------------------------------------------------
 Total job time:  10432.60s(wall), 6552.81s(cpu) 
 Mon Mar 11 15:45:54 2024

        *************************************************************
        *                                                           *
        *  Thank you very much for using Q-Chem.  Have a nice day.  *
        *                                                           *
        *************************************************************


