
Running Job 1 of 1 U-wat_1_1.3_jun.inp
qchem U-wat_1_1.3_jun.inp_1902948.0 /scratch/qchemscratch/qchem1902948/ 1
/opt/qchem/6.1/exe/qcprog.exe_s U-wat_1_1.3_jun.inp_1902948.0 /scratch/qchemscratch/qchem1902948/
                  Welcome to Q-Chem
     A Quantum Leap Into The Future Of Chemistry


 Q-Chem 6.1, Q-Chem, Inc., Pleasanton, CA (2023)

 License issued to: SRG Pengyu Ren, University of Texas at Austin

 E. Epifanovsky,  A. T. B. Gilbert,  Xintian Feng,  Joonho Lee,  Yuezhi Mao,  
 N. Mardirossian,  P. Pokhilko,  A. White,  M. Wormit,  M. P. Coons,  
 A. L. Dempwolff,  Zhengting Gan,  D. Hait,  P. R. Horn,  L. D. Jacobson,  
 I. Kaliman,  J. Kussmann,  A. W. Lange,  Ka Un Lao,  D. S. Levine,  Jie Liu,  
 S. C. McKenzie,  A. F. Morrison,  K. D. Nanda,  F. Plasser,  D. R. Rehn,  
 M. L. Vidal,  Zhi-Qiang You,  Ying Zhu,  B. Alam,  B. Albrecht,  
 A. Aldossary,  E. Alguire,  J. H. Andersen,  V. Athavale,  D. Barton,  
 K. Begam,  A. Behn,  N. Bellonzi,  Y. A. Bernard,  E. J. Berquist,  
 H. Burton,  A. Carreras,  K. Carter-Fenk,  Mathew Chow,  Romit Chakraborty,  
 Chandrima Chakravarty,  Junhan Chen,  A. D. Chien,  K. D. Closser,  
 V. Cofer-Shabica,  L. Cunha,  S. Dasgupta,  Jia Deng,  M. de Wergifosse,  
 M. Diedenhofen,  Hainam Do,  S. Ehlert,  Po-Tung Fang,  S. Fatehi,  
 Qingguo Feng,  T. Friedhoff,  Thomas Froitzheim,  B. Ganoe,  J. Gayvert,  
 Qinghui Ge,  G. Gidofalvi,  M. Gimferrer,  M. Goldey,  Montgomery Gray,  
 J. Gomes,  C. Gonzalez-Espinoza,  S. Gulania,  A. Gunina,  J. A. Gyamfi,  
 M. W. D. Hanson-Heine,  P. H. P. Harbach,  A. W. Hauser,  M. F. Herbst,  
 M. Hernandez Vera,  M. Hodecker,  Z. C. Holden,  S. Houck,  Xunkun Huang,  
 Kerwin Hui,  B. C. Huynh,  K. Ikeda,  M. Ivanov,  Hyunjun Ji,  Zuxin Jin,  
 Hanjie Jiang,  Subrata Jana,  B. Kaduk,  S. Kaehler,  R. Kang,  
 K. Khistyaev,  Jaehoon Kim,  Yongbin Kim,  P. Klunzinger,  Z. Koczor-Benda,  
 Joong Hoon Koh,  D. Kosenkov,  Saikiran Kotaru,  L. Koulias,  T. Kowalczyk,  
 C. M. Krauter,  K. Kue,  A. Kunitsa,  T. Kus,  A. Landau,  K. V. Lawler,  
 D. Lefrancois,  S. Lehtola,  Rain Li,  Shaozhi Li,  Yi-Pei Li,  
 Jiashu Liang,  M. Liebenthal,  Hung-Hsuan Lin,  You-Sheng Lin,  Fenglai Liu,  
 Kuan-Yu Liu,  Xiao Liu,  M. Loipersberger,  A. Luenser,  C. Malbon,  
 A. Manjanath,  P. Manohar,  E. Mansoor,  S. F. Manzer,  Shan-Ping Mao,  
 A. V. Marenich,  T. Markovich,  S. Mason,  F. Matz,  S. A. Maurer,  
 P. F. McLaughlin,  M. F. S. J. Menger,  J.-M. Mewes,  S. A. Mewes,  
 P. Morgante,  Mohammad Mostafanejad,  J. W. Mullinax,  K. J. Oosterbaan,  
 G. Paran,  V. Parravicini,  Alexander C. Paul,  Suranjan K. Paul,  
 F. Pavosevic,  Zheng Pei,  S. Prager,  E. I. Proynov,  E. Ramos,  B. Rana,  
 A. E. Rask,  A. Rettig,  R. M. Richard,  F. Rob,  E. Rossomme,  T. Scheele,  
 M. Scheurer,  M. Schneider,  P. E. Schneider,  Tim K. Schramm,  N. Sergueev,  
 S. M. Sharada,  M. Sharma,  Hengyuan Shen,  W. Skomorowski,  D. W. Small,  
 C. J. Stein,  Alistair J. Sterling,  Yingli Su,  Yu-Chuan Su,  
 E. J. Sundstrom,  J. Talbot,  Zhen Tao,  J. Thirman,  Hung-Yi Tsai,  
 T. Tsuchimochi,  N. M. Tubman,  C. Utku,  S. P. Veccham,  O. Vydrov,  
 J. Wenzel,  Jonathan Wong,  J. Witte,  A. Yamada,  Chou-Hsun Yang,  Kun Yao,  
 S. Yeganeh,  S. R. Yost,  A. Zech,  F. Zeller,  Igor Ying Zhang,  
 Xing Zhang,  Yu Zhang,  D. Zuev,  A. Aspuru-Guzik,  A. T. Bell,  
 N. A. Besley,  K. B. Bravaya,  B. R. Brooks,  D. Casanova,  Jeng-Da Chai,  
 Hsing-Ta Chen,  S. Coriani,  C. J. Cramer,  A. E. DePrince, III,  
 R. A. DiStasio Jr.,  A. Dreuw,  B. D. Dunietz,  T. R. Furlani,  
 W. A. Goddard III,  S. Grimme,  S. Hammes-Schiffer,  T. Head-Gordon,  
 W. J. Hehre,  Chao-Ping Hsu,  T.-C. Jagau,  Yousung Jung,  A. Klamt,  
 Jing Kong,  D. S. Lambrecht,  Xiangyuan Li,  WanZhen Liang,  N. J. Mayhall,  
 C. W. McCurdy,  J. B. Neaton,  T. Neudecker,  C. Ochsenfeld,  
 J. A. Parkhill,  R. Peverati,  V. A. Rassolov,  Haisheng Ren,  Yihan Shao,  
 L. V. Slipchenko,  R. P. Steele,  J. E. Subotnik,  A. J. W. Thom,  
 A. Tkatchenko,  D. G. Truhlar,  T. Van Voorhis,  Fan Wang,  
 T. A. Wesolowski,  K. B. Whaley,  H. L. Woodcock III,  P. M. Zimmerman,  
 S. Faraji,  P. M. W. Gill,  M. Head-Gordon,  J. M. Herbert,  A. I. Krylov

 Contributors to earlier versions of Q-Chem not listed above: 
 R. D. Adamson,  B. Austin,  R. Baer,  J. Baker,  G. J. O. Beran,  
 K. Brandhorst,  S. T. Brown,  E. F. C. Byrd,  Arup K. Chakraborty,  
 G. K. L. Chan,  Chun-Min Chang,  Yunqing Chen,  C.-L. Cheng,  
 Siu Hung Chien,  D. M. Chipman,  D. L. Crittenden,  H. Dachsel,  
 R. J. Doerksen,  A. D. Dutoi,  R. G. Edgar,  J. Fosso-Tande,  
 L. Fusti-Molnar,  D. Ghosh,  A. Ghysels,  A. Golubeva-Zadorozhnaya,  
 J. Gonthier,  M. S. Gordon,  S. R. Gwaltney,  G. Hawkins,  J. E. Herr,  
 A. Heyden,  S. Hirata,  E. G. Hohenstein,  G. Kedziora,  F. J. Keil,  
 C. Kelley,  Jihan Kim,  R. A. King,  R. Z. Khaliullin,  P. P. Korambath,  
 W. Kurlancheek,  A. Laurent,  A. M. Lee,  M. S. Lee,  S. V. Levchenko,  
 Ching Yeh Lin,  D. Liotard,  E. Livshits,  R. C. Lochan,  I. Lotan,  
 L. A. Martinez-Martinez,  P. E. Maslen,  N. Nair,  D. P. O'Neill,  
 D. Neuhauser,  E. Neuscamman,  C. M. Oana,  R. Olivares-Amaya,  R. Olson,  
 T. M. Perrine,  B. Peters,  P. A. Pieniazek,  A. Prociuk,  Y. M. Rhee,  
 J. Ritchie,  M. A. Rohrdanz,  E. Rosta,  N. J. Russ,  H. F. Schaefer III,  
 M. W. Schmidt,  N. E. Schultz,  S. Sharma,  N. Shenvi,  C. D. Sherrill,  
 A. C. Simmonett,  A. Sodt,  T. Stein,  D. Stuck,  K. S. Thanthiriwatte,  
 V. Vanovschi,  L. Vogt,  Tao Wang,  A. Warshel,  M. A. Watson,  
 C. F. Williams,  Q. Wu,  X. Xu,  Jun Yang,  W. Zhang,  Yan Zhao

   Please cite Q-Chem as follows:
  "Software for the frontiers of quantum chemistry:
   An overview of developments in the Q-Chem 5 package"
   J. Chem. Phys. 155, 084801 (2021)
   https://doi.org/10.1063/5.0055522 (open access)

 Q-Chem 6.1.1 for Intel X86 EM64T Linux

 Parts of Q-Chem use Armadillo 9.900.5 (Nocturnal Misbehaviour).
 http://arma.sourceforge.net/

 Q-Chem begins on Tue Apr 16 17:48:41 2024  

 Host: 
0

     Scratch files written to /scratch/qchemscratch/qchem1902948//
 Jan1824 |scratch|qcdevops|jenkins|workspace|build_RNUM UKVU   
 Processing $rem in /opt/qchem/6.1/config/preferences:
 Processing $rem in /home/mm227274/.qchemrc:

 Q-Chem warning in module libgen/rem_setup.C, line 3361:

 Neither GIA nor STOLL is specified by user. Use STOLL as the default


 Checking the input file for inconsistencies... 	...done.

--------------------------------------------------------------
User input:
--------------------------------------------------------------
$molecule
0 1
--
0 1
N -0.74211 0.69023 -0.00264
H -1.73703 0.94685 -0.01197
C -0.50316 -0.66851 -0.00433
O -1.40104 -1.51815 -0.01204
N 0.8372 -0.99299 0.00531
C 1.9487 -0.12435 0.00661
O 3.08953 -0.57725 0.01348
C 1.5717 1.28047 -0.00169
H 2.35737 2.0244 -0.00543
C 0.26348 1.62708 -0.00782
H -0.0694 2.66008 -0.01624
H 1.04917 -1.98775 0.00306
--
0 1
O -4.773964250000001 0.27479725 -0.016715500000000015
H -4.35206425 -0.6090727499999999 -0.0754255
H -5.2686442499999995 0.25178725 0.8173644999999999
$end

$rem
JOBTYPE          eda
EDA2             2
METHOD           b97m-v
BASIS            jun-cc-pvdz
SCF_CONVERGENCE  8
THRESH           14
SYMMETRY         false
DISP_FREE_X      revPBE
DISP_FREE_C      PBE
EDA_BSSE         true
$end
--------------------------------------------------------------
 ----------------------------------------------------------------
             Standard Nuclear Orientation (Angstroms)
    I     Atom           X                Y                Z
 ----------------------------------------------------------------
    1      N      -0.5600742254    -0.7008544913     0.0158765693
    2      H      -1.5548078729    -0.9578228728     0.0325768966
    3      C      -0.3216259234     0.6579733523     0.0139673767
    4      O      -1.2197467216     1.5072967970     0.0268042876
    5      N       1.0185115922     0.9829268541    -0.0055720836
    6      C       2.1302993265     0.1146901742    -0.0134772182
    7      O       3.2708833374     0.5679948869    -0.0290222344
    8      C       1.7538920452    -1.2902537145    -0.0005408143
    9      H       2.5398467930    -2.0338919058    -0.0012866102
   10      C       0.4458772739    -1.6373304623     0.0152935299
   11      H       0.1134508194    -2.6704385314     0.0275148498
   12      H       1.2301205016     1.9777660638    -0.0062180074
   13      O      -4.5918842346    -0.2868686123     0.0577683818
   14      H      -4.1699114131     0.5972368201     0.1122585046
   15      H      -5.0924357776    -0.2652167859    -0.7728377583
 ----------------------------------------------------------------
 Molecular Point Group                 C1    NOp =  1
 Largest Abelian Subgroup              C1    NOp =  1
 Nuclear Repulsion Energy =         423.78096206 hartrees
 There are       34 alpha and       34 beta electrons
 Requested basis set is jun-cc-pVDZ
 There are 90 shells and 192 basis functions

 Total QAlloc Memory Limit  16000 MB
 Mega-Array Size       188 MB
 MEM_STATIC part       192 MB


                       Distance Matrix (Angstroms)
             N (  1)   H (  2)   C (  3)   O (  4)   N (  5)   C (  6)
   H (  2)  1.027525
   C (  3)  1.379592  2.032703
   O (  4)  2.304608  2.487793  1.236178
   N (  5)  2.308141  3.223343  1.379110  2.299089
   C (  6)  2.811420  3.838284  2.511543  3.628193  1.410663
   O (  7)  4.035868  5.061542  3.593893  4.588155  2.290392  1.227460
   C (  8)  2.387907  3.325523  2.846678  4.082838  2.389176  1.454550
   H (  9)  3.374432  4.233824  3.928664  5.164818  3.378709  2.187300
   C ( 10)  1.374382  2.113000  2.420224  3.558527  2.682181  2.430572
   H ( 11)  2.081594  2.390850  3.356755  4.385304  3.763949  3.438939
   H ( 12)  3.221846  4.046605  2.037198  2.494851  1.017096  2.069161
   O ( 13)  4.053225  3.110409  4.373757  3.819856  5.752646  6.734544
   H ( 14)  3.837350  3.043571  3.850020  3.088524  5.204073  6.319914
   H ( 15)  4.621055  3.693671  4.922598  4.333469  6.284126  7.272473
             O (  7)   C (  8)   H (  9)   C ( 10)   H ( 11)   H ( 12)
   C (  8)  2.398992
   H (  9)  2.702776  1.082000
   C ( 10)  3.584143  1.353372  2.131254
   H ( 11)  4.523276  2.144002  2.508669  1.085343
   H ( 12)  2.480461  3.309731  4.220048  3.699246  4.780575
   O ( 13)  7.909579  6.424878  7.342831  5.215802  5.274704  6.247272
   H ( 14)  7.442193  6.218263  7.208092  5.129152  5.388142  5.574966
   H ( 15)  8.437571  6.965583  7.872435  5.759927  5.790243  6.752288
             O ( 13)   H ( 14)
   H ( 14)  0.981159
   H ( 15)  0.970014  1.542165
 
 A cutoff of  1.0D-14 yielded   3836 shell pairs
 There are     17336 function pairs (     18967 Cartesian)
 Smallest overlap matrix eigenvalue = 6.95E-05

 Scale SEOQF with 1.000000e-01/1.000000e-01/1.000000e-01

 Standard Electronic Orientation quadrupole field applied
 Nucleus-field energy     =     0.0000000189 hartrees

 -----------------------------------------------------------------------
  General SCF calculation program by
  Eric Jon Sundstrom, Paul Horn, Yuezhi Mao, Dmitri Zuev, Alec White,
  David Stuck, Shaama M.S., Shane Yost, Joonho Lee, David Small,
  Daniel Levine, Susi Lehtola, Hugh Burton, Evgeny Epifanovsky,
  Bang C. Huynh
 -----------------------------------------------------------------------
================================================================
                 ALMO-EDA with the EDA2 driver                  
================================================================
 The second-generation ALMO-EDA (for DFT):                      
 P. R. Horn, Y. Mao and M. Head-Gordon, PCCP, 18, 23067 (2016)  
 Y. Mao et al. Annu. Rev. Phys. Chem. 72, 641 (2021)            
 Decomposition of the frozen energy:                            
 P. R. Horn, Y. Mao and M. Head-Gordon, JCP, 144, 114107 (2016) 
================================================================
 Using eda2 option set 2
 Option set summary: Frozen orbital wavefunction, initial wavefunction decomposition, and traditional AO-based POL.
--------------------------------
Printing EDA Options
--------------------------------
eda_child_super_basis      0
fragmo_guess_mode          0
child_mp                   0
child_mp_orders            0
cls_elec                   1
cls_disp                   0
scfmi_mode                 1
scfmi_occs                 0
scfmi_virts                0
frz_relax                  0
frz_relax_method           0
dc_pen_start               0
dc_pen_conv                0
dc_pen_increment           0
dc_pen_steps               0
dc_pen_thresh_factor       0
dc_pen_pre_newton_thresh   0
frz_ortho_decomp           1
frz_ortho_decomp_conv      6
plot_mo_ortho_frz          0
frgm_method                2
scfmi_freeze_ss            0
separate_rehyb             0
plot_diff_den              0
eda_nocv                   0
eda_vct_relax              1
disp_free_x                33
disp_free_c                25
eda_bsse                   1
eda_pct_a                  0
eda_covp                   0
eda_vct_a                  0
--------------------------------
 Attempting to make child job directory: /scratch/qchemscratch/qchem1902948//Frg1/
 Attempting to make child job directory: /scratch/qchemscratch/qchem1902948//Frg2/
 Creating input file /scratch/qchemscratch/qchem1902948/Frg1.input
 using default PutDataFrgm: nothing
 calling putenv with: QCSCRATCH=/scratch/qchemscratch/qchem1902948/ 
 Spawning Job For Fragment 0
 Done Job For Fragment 0
 calling putenv with: QCSCRATCH=/scratch/qchemscratch 
 calling putenv with: QCTHREADS=1 
 Creating input file /scratch/qchemscratch/qchem1902948/Frg2.input
 using default PutDataFrgm: nothing
 calling putenv with: QCSCRATCH=/scratch/qchemscratch/qchem1902948/ 
 Spawning Job For Fragment 1
 Done Job For Fragment 1
 calling putenv with: QCSCRATCH=/scratch/qchemscratch 
 calling putenv with: QCTHREADS=1 
Doing General SCFMI
 Exchange:  B97M-V      Correlation:  B97M-V
 Using SG-2 standard quadrature grid
 Nonlocal Correlation:  VV10 with C = 0.0100 and b = 6.00 and scale = 1.00000
 Grid used for NLC:  SG-1 standard quadrature
performing fock build before subrot guess so that all methods have access
Printing subrot_rss_gen Method Specification:
Occupied Subspace Method is 0
Virtual Subspace Method is 0
Energy of the unrelaxed supersystem initial determinant -491.235176025268
write pseudocanon occs and virts to disk
write pseudocanon orbital energies to disk
Tolerance of ortho_decomp_scf: 1.00e-06
GDM subspace size: 20
Beginning the Orthogonal Decomposition of the Initial Supersystem Wavefunction
    1    -491.2256063691      2.24e-02     ortho_decomp Preconditoned Steepest Descent
    2    -491.2260079179      4.35e-05     ortho_decomp BFGS Step
    3    -491.2260079254      2.48e-07     ortho_decomp 00000 Convergence criterion met
 Exchange:  revPBE      Correlation:  PBE
 Using SG-2 standard quadrature grid
 Exchange:  revPBE      Correlation:  PBE
 Using SG-2 standard quadrature grid
 Exchange:  revPBE      Correlation:  PBE
 Using SG-2 standard quadrature grid
Doing General SCFMI
 Exchange:  B97M-V      Correlation:  B97M-V
 Using SG-2 standard quadrature grid
 Nonlocal Correlation:  VV10 with C = 0.0100 and b = 6.00 and scale = 1.00000
 Grid used for NLC:  SG-1 standard quadrature
performing fock build at end of subrot_r(subrot) constructor so that all methods have access
<S^2> of initial wavefunction before polarization iterations 0.0000000000
Beginning iterations for the determination of the polarized wavefunction
Energy prior to optimization (guess energy) = -491.235176025268
Begin Timing: Total SCF Calculation
begin iterations for algorithm: DIIS         
the SCF tolerance is set to 1.00e-08
    1    -491.2351760253      1.03e-04     00000 
    2    -491.2354664187      8.58e-05     00000 
    3    -491.2354792394      8.80e-05     00000 
    4    -491.2355658816      1.56e-05     00000 
    5    -491.2355672705      1.13e-05     00000 
    6    -491.2355686746      3.22e-06     00000 
    7    -491.2355687832      1.04e-06     00000 
    8    -491.2355687950      2.83e-07     00000 
    9    -491.2355687958      1.41e-07     00000 
   10    -491.2355687961      3.04e-08     00000 
   11    -491.2355687961      9.67e-09     00000 Convergence criterion met
write pseudocanon occs and virts to disk
write pseudocanon orbital energies to disk
Timing for Total SCF: 544.00s (wall), 196.08s (cpu)
<S^2> of polarized wavefunction after polarization iterations 0.0000000000
relaxing scfmi constraint to allow all rotations in the entire AO span
Doing General SCFMI
 Exchange:  B97M-V      Correlation:  B97M-V
 Using SG-2 standard quadrature grid
 Nonlocal Correlation:  VV10 with C = 0.0100 and b = 6.00 and scale = 1.00000
 Grid used for NLC:  SG-1 standard quadrature
performing fock build at end of subrot_r(subrot) constructor so that all methods have access
<S^2> of polarized wavefunction before ct-allowed iterations 0.0000000000
Beginning iterations for the determination of the CT-Allowed wavefunction
Energy prior to optimization (guess energy) = -491.235568796142
Begin Timing: Total SCF Calculation
begin iterations for algorithm: DIIS         
the SCF tolerance is set to 1.00e-08
    1    -491.2355687961      1.23e-04     00000 
    2    -491.2360703831      6.35e-06     00000 
    3    -491.2360696520      9.93e-06     00000 
    4    -491.2360710331      2.53e-06     00000 
    5    -491.2360711067      1.37e-06     00000 
    6    -491.2360711343      3.07e-07     00000 
    7    -491.2360711351      2.18e-07     00000 
    8    -491.2360711358      2.17e-08     00000 
    9    -491.2360711358      1.07e-08     00000 
   10    -491.2360711358      5.15e-09     00000 Convergence criterion met
write pseudocanon occs and virts to disk
write pseudocanon orbital energies to disk
Timing for Total SCF: 500.00s (wall), 175.52s (cpu)
<S^2> of ct_allowed wavefunction after ct-allowed iterations 0.0000000000
 Attempting to make child job directory: /scratch/qchemscratch/qchem1902948//FrgBSSE1/
 Attempting to make child job directory: /scratch/qchemscratch/qchem1902948//FrgBSSE2/
 Creating input file /scratch/qchemscratch/qchem1902948/FrgBSSE1.input
 calling putenv with: QCSCRATCH=/scratch/qchemscratch/qchem1902948/ 
 Spawning Job For Fragment 0
 Done Job For Fragment 0
 calling putenv with: QCSCRATCH=/scratch/qchemscratch 
 calling putenv with: QCTHREADS=1 
 Creating input file /scratch/qchemscratch/qchem1902948/FrgBSSE2.input
 calling putenv with: QCSCRATCH=/scratch/qchemscratch/qchem1902948/ 
 Spawning Job For Fragment 1
 Done Job For Fragment 1
 calling putenv with: QCSCRATCH=/scratch/qchemscratch 
 calling putenv with: QCTHREADS=1 
====================================================================
   Evaluating the BSSE with fragment SCF in the supersystem basis
   Fragment contributions (kJ/mol) 
   Frgm 1: 0.1684
   Frgm 2: 0.6458
   BSSE (kJ/mol) = 0.8142
====================================================================

================================
        Results of EDA2         
================================
Basic EDA Quantities
--------------------
Fragment Energies (Ha):
1 -414.8192849887
2  -76.4096082301
--------------------
  E_prp (kJ/mol) = 0.0000
  E_frz (kJ/mol) = -16.4957
  E_pol (kJ/mol) = -1.0312
  E_vct (kJ/mol) = -0.5047 (CP-corrected)
  E_int (kJ/mol) = -18.0317 (CP-corrected)
--------------------


Decomposition of frozen interaction energy
--------------------
  --------------------
  Orthogonal Frozen Decomposition:
  --------------------
     E_elec   (ELEC)   (kJ/mol) = -19.6673
     E_pauli  (PAULI)  (kJ/mol) = 5.2652
     E_disp   (DISP)   (kJ/mol) = -2.0936
  --------------------
  Classical Frozen Decomposition:
  --------------------
     E_cls_elec  (CLS ELEC)  (kJ/mol) = -15.9176
     E_mod_pauli (MOD PAULI) (kJ/mol) = 1.5155 (FRZ - CLS ELEC - DISP)
     E_disp      (DISP)      (kJ/mol) = -2.0936
  --------------------
--------------------

Simplified EDA Summary (kJ/mol)
--------------------
 PREPARATION      0.0000
 FROZEN           -16.4957 (ELEC + PAULI + DISP)
[ELEC + PAULI = -14.4021, DISP = -2.0936]
 POLARIZATION    -1.0312
 CHARGE TRANSFER -0.5047     (counterpoise-corrected)
 TOTAL           -18.0317     (PRP + FRZ + POL + CT)
--------------------
 
 --------------------------------------------------------------
 
                    Orbital Energies (a.u.)
 --------------------------------------------------------------
 
 Alpha MOs
 -- Occupied --
-19.1757 -19.1524 -19.1455 -14.4274 -14.4064 -10.3499 -10.3149 -10.2816
-10.2157  -1.0763  -1.0435  -1.0106  -0.9825  -0.9291  -0.7963  -0.6810
 -0.6544  -0.5824  -0.5428  -0.5049  -0.5039  -0.4623  -0.4580  -0.4373
 -0.4062  -0.4000  -0.3854  -0.3695  -0.3533  -0.2901  -0.2777  -0.2736
 -0.2479  -0.2445
 -- Virtual --
 -0.0822  -0.0311  -0.0299  -0.0054   0.0022   0.0197   0.0222   0.0311
  0.0446   0.0561   0.0614   0.0653   0.0734   0.0804   0.0907   0.1017
  0.1089   0.1166   0.1179   0.1227   0.1287   0.1359   0.1447   0.1525
  0.1601   0.1650   0.1694   0.1718   0.1864   0.1927   0.1956   0.2074
  0.2114   0.2196   0.2208   0.2352   0.2458   0.2549   0.2622   0.2673
  0.2690   0.2757   0.2796   0.2997   0.3129   0.3310   0.3345   0.3649
  0.3788   0.4246   0.4802   0.4830   0.5128   0.5694   0.5938   0.6228
  0.6364   0.6438   0.6671   0.6811   0.6947   0.7118   0.7241   0.7363
  0.7822   0.8106   0.8197   0.8422   0.8520   0.8756   0.8958   0.9062
  0.9241   0.9464   0.9633   0.9995   1.0311   1.0352   1.0392   1.0673
  1.0796   1.0921   1.0945   1.1193   1.1329   1.1356   1.1718   1.2313
  1.2470   1.2547   1.2694   1.2860   1.2936   1.3053   1.3167   1.3440
  1.4053   1.4246   1.4651   1.4885   1.4893   1.5421   1.5636   1.5699
  1.6275   1.6390   1.6784   1.6960   1.6984   1.7004   1.7391   1.7547
  1.7585   1.7890   1.8094   1.8355   1.8715   1.9242   1.9478   1.9605
  2.0269   2.1070   2.1191   2.1566   2.1759   2.2055   2.2115   2.2257
  2.2415   2.3040   2.3322   2.3741   2.4714   2.5058   2.5796   2.5945
  2.6545   2.6648   2.7002   2.7245   2.7915   2.7981   2.8769   2.9415
  2.9562   2.9872   3.0485   3.1129   3.1608   3.1665   3.1795   3.4496
  3.5489   3.5558   3.5756   3.7176   3.7884   3.8213
 --------------------------------------------------------------
 
          Ground-State Mulliken Net Atomic Charges

     Atom                 Charge (a.u.)
  ----------------------------------------
      1 N                    -0.248961
      2 H                     0.236387
      3 C                     0.378340
      4 O                    -0.439691
      5 N                    -0.298746
      6 C                     0.382477
      7 O                    -0.400464
      8 C                     0.041527
      9 H                     0.048418
     10 C                    -0.012484
     11 H                     0.089025
     12 H                     0.223987
     13 O                    -0.480985
     14 H                     0.251699
     15 H                     0.229472
  ----------------------------------------
  Sum of atomic charges =     0.000000

 -----------------------------------------------------------------
                    Cartesian Multipole Moments
 -----------------------------------------------------------------
    Charge (ESU x 10^10)
                -0.0000
    Dipole Moment (Debye)
         X      -2.3181      Y      -2.6995      Z      -1.2546
       Tot       3.7729
    Quadrupole Moments (Debye-Ang)
        XX     -65.4087     XY      -3.4273     YY     -47.5735
        XZ       7.5171     YZ       0.5153     ZZ     -52.6267
    Octopole Moments (Debye-Ang^2)
       XXX     -87.7417    XXY       3.3355    XYY       5.0733
       YYY      -6.8694    XXZ     -39.4177    XYZ      -2.9676
       YYZ      -0.1941    XZZ     -10.1536    YZZ       4.0491
       ZZZ      -1.5261
    Hexadecapole Moments (Debye-Ang^3)
      XXXX   -1788.7607   XXXY    -128.2757   XXYY    -337.1240
      XYYY      18.8416   YYYY    -357.7139   XXXZ     218.6674
      XXYZ      16.5950   XYYZ       1.9200   YYYZ      -0.2297
      XXZZ    -268.2838   XYZZ       5.8348   YYZZ     -81.2364
      XZZZ       8.4402   YZZZ       0.7072   ZZZZ     -54.6936
 -----------------------------------------------------------------
 Total job time:  3348.44s(wall), 603.30s(cpu) 
 Tue Apr 16 18:44:29 2024

        *************************************************************
        *                                                           *
        *  Thank you very much for using Q-Chem.  Have a nice day.  *
        *                                                           *
        *************************************************************


