
Running Job 1 of 1 U-wat_12_1.0.inp
qchem U-wat_12_1.0.inp_2249637.0 /scratch/qchemscratch/qchem2249637/ 1
/opt/qchem/6.1/exe/qcprog.exe_s U-wat_12_1.0.inp_2249637.0 /scratch/qchemscratch/qchem2249637/
                  Welcome to Q-Chem
     A Quantum Leap Into The Future Of Chemistry


 Q-Chem 6.1, Q-Chem, Inc., Pleasanton, CA (2023)

 License issued to: SRG Pengyu Ren, University of Texas at Austin

 E. Epifanovsky,  A. T. B. Gilbert,  Xintian Feng,  Joonho Lee,  Yuezhi Mao,  
 N. Mardirossian,  P. Pokhilko,  A. White,  M. Wormit,  M. P. Coons,  
 A. L. Dempwolff,  Zhengting Gan,  D. Hait,  P. R. Horn,  L. D. Jacobson,  
 I. Kaliman,  J. Kussmann,  A. W. Lange,  Ka Un Lao,  D. S. Levine,  Jie Liu,  
 S. C. McKenzie,  A. F. Morrison,  K. D. Nanda,  F. Plasser,  D. R. Rehn,  
 M. L. Vidal,  Zhi-Qiang You,  Ying Zhu,  B. Alam,  B. Albrecht,  
 A. Aldossary,  E. Alguire,  J. H. Andersen,  V. Athavale,  D. Barton,  
 K. Begam,  A. Behn,  N. Bellonzi,  Y. A. Bernard,  E. J. Berquist,  
 H. Burton,  A. Carreras,  K. Carter-Fenk,  Mathew Chow,  Romit Chakraborty,  
 Chandrima Chakravarty,  Junhan Chen,  A. D. Chien,  K. D. Closser,  
 V. Cofer-Shabica,  L. Cunha,  S. Dasgupta,  Jia Deng,  M. de Wergifosse,  
 M. Diedenhofen,  Hainam Do,  S. Ehlert,  Po-Tung Fang,  S. Fatehi,  
 Qingguo Feng,  T. Friedhoff,  Thomas Froitzheim,  B. Ganoe,  J. Gayvert,  
 Qinghui Ge,  G. Gidofalvi,  M. Gimferrer,  M. Goldey,  Montgomery Gray,  
 J. Gomes,  C. Gonzalez-Espinoza,  S. Gulania,  A. Gunina,  J. A. Gyamfi,  
 M. W. D. Hanson-Heine,  P. H. P. Harbach,  A. W. Hauser,  M. F. Herbst,  
 M. Hernandez Vera,  M. Hodecker,  Z. C. Holden,  S. Houck,  Xunkun Huang,  
 Kerwin Hui,  B. C. Huynh,  K. Ikeda,  M. Ivanov,  Hyunjun Ji,  Zuxin Jin,  
 Hanjie Jiang,  Subrata Jana,  B. Kaduk,  S. Kaehler,  R. Kang,  
 K. Khistyaev,  Jaehoon Kim,  Yongbin Kim,  P. Klunzinger,  Z. Koczor-Benda,  
 Joong Hoon Koh,  D. Kosenkov,  Saikiran Kotaru,  L. Koulias,  T. Kowalczyk,  
 C. M. Krauter,  K. Kue,  A. Kunitsa,  T. Kus,  A. Landau,  K. V. Lawler,  
 D. Lefrancois,  S. Lehtola,  Rain Li,  Shaozhi Li,  Yi-Pei Li,  
 Jiashu Liang,  M. Liebenthal,  Hung-Hsuan Lin,  You-Sheng Lin,  Fenglai Liu,  
 Kuan-Yu Liu,  Xiao Liu,  M. Loipersberger,  A. Luenser,  C. Malbon,  
 A. Manjanath,  P. Manohar,  E. Mansoor,  S. F. Manzer,  Shan-Ping Mao,  
 A. V. Marenich,  T. Markovich,  S. Mason,  F. Matz,  S. A. Maurer,  
 P. F. McLaughlin,  M. F. S. J. Menger,  J.-M. Mewes,  S. A. Mewes,  
 P. Morgante,  Mohammad Mostafanejad,  J. W. Mullinax,  K. J. Oosterbaan,  
 G. Paran,  V. Parravicini,  Alexander C. Paul,  Suranjan K. Paul,  
 F. Pavosevic,  Zheng Pei,  S. Prager,  E. I. Proynov,  E. Ramos,  B. Rana,  
 A. E. Rask,  A. Rettig,  R. M. Richard,  F. Rob,  E. Rossomme,  T. Scheele,  
 M. Scheurer,  M. Schneider,  P. E. Schneider,  Tim K. Schramm,  N. Sergueev,  
 S. M. Sharada,  M. Sharma,  Hengyuan Shen,  W. Skomorowski,  D. W. Small,  
 C. J. Stein,  Alistair J. Sterling,  Yingli Su,  Yu-Chuan Su,  
 E. J. Sundstrom,  J. Talbot,  Zhen Tao,  J. Thirman,  Hung-Yi Tsai,  
 T. Tsuchimochi,  N. M. Tubman,  C. Utku,  S. P. Veccham,  O. Vydrov,  
 J. Wenzel,  Jonathan Wong,  J. Witte,  A. Yamada,  Chou-Hsun Yang,  Kun Yao,  
 S. Yeganeh,  S. R. Yost,  A. Zech,  F. Zeller,  Igor Ying Zhang,  
 Xing Zhang,  Yu Zhang,  D. Zuev,  A. Aspuru-Guzik,  A. T. Bell,  
 N. A. Besley,  K. B. Bravaya,  B. R. Brooks,  D. Casanova,  Jeng-Da Chai,  
 Hsing-Ta Chen,  S. Coriani,  C. J. Cramer,  A. E. DePrince, III,  
 R. A. DiStasio Jr.,  A. Dreuw,  B. D. Dunietz,  T. R. Furlani,  
 W. A. Goddard III,  S. Grimme,  S. Hammes-Schiffer,  T. Head-Gordon,  
 W. J. Hehre,  Chao-Ping Hsu,  T.-C. Jagau,  Yousung Jung,  A. Klamt,  
 Jing Kong,  D. S. Lambrecht,  Xiangyuan Li,  WanZhen Liang,  N. J. Mayhall,  
 C. W. McCurdy,  J. B. Neaton,  T. Neudecker,  C. Ochsenfeld,  
 J. A. Parkhill,  R. Peverati,  V. A. Rassolov,  Haisheng Ren,  Yihan Shao,  
 L. V. Slipchenko,  R. P. Steele,  J. E. Subotnik,  A. J. W. Thom,  
 A. Tkatchenko,  D. G. Truhlar,  T. Van Voorhis,  Fan Wang,  
 T. A. Wesolowski,  K. B. Whaley,  H. L. Woodcock III,  P. M. Zimmerman,  
 S. Faraji,  P. M. W. Gill,  M. Head-Gordon,  J. M. Herbert,  A. I. Krylov

 Contributors to earlier versions of Q-Chem not listed above: 
 R. D. Adamson,  B. Austin,  R. Baer,  J. Baker,  G. J. O. Beran,  
 K. Brandhorst,  S. T. Brown,  E. F. C. Byrd,  Arup K. Chakraborty,  
 G. K. L. Chan,  Chun-Min Chang,  Yunqing Chen,  C.-L. Cheng,  
 Siu Hung Chien,  D. M. Chipman,  D. L. Crittenden,  H. Dachsel,  
 R. J. Doerksen,  A. D. Dutoi,  R. G. Edgar,  J. Fosso-Tande,  
 L. Fusti-Molnar,  D. Ghosh,  A. Ghysels,  A. Golubeva-Zadorozhnaya,  
 J. Gonthier,  M. S. Gordon,  S. R. Gwaltney,  G. Hawkins,  J. E. Herr,  
 A. Heyden,  S. Hirata,  E. G. Hohenstein,  G. Kedziora,  F. J. Keil,  
 C. Kelley,  Jihan Kim,  R. A. King,  R. Z. Khaliullin,  P. P. Korambath,  
 W. Kurlancheek,  A. Laurent,  A. M. Lee,  M. S. Lee,  S. V. Levchenko,  
 Ching Yeh Lin,  D. Liotard,  E. Livshits,  R. C. Lochan,  I. Lotan,  
 L. A. Martinez-Martinez,  P. E. Maslen,  N. Nair,  D. P. O'Neill,  
 D. Neuhauser,  E. Neuscamman,  C. M. Oana,  R. Olivares-Amaya,  R. Olson,  
 T. M. Perrine,  B. Peters,  P. A. Pieniazek,  A. Prociuk,  Y. M. Rhee,  
 J. Ritchie,  M. A. Rohrdanz,  E. Rosta,  N. J. Russ,  H. F. Schaefer III,  
 M. W. Schmidt,  N. E. Schultz,  S. Sharma,  N. Shenvi,  C. D. Sherrill,  
 A. C. Simmonett,  A. Sodt,  T. Stein,  D. Stuck,  K. S. Thanthiriwatte,  
 V. Vanovschi,  L. Vogt,  Tao Wang,  A. Warshel,  M. A. Watson,  
 C. F. Williams,  Q. Wu,  X. Xu,  Jun Yang,  W. Zhang,  Yan Zhao

   Please cite Q-Chem as follows:
  "Software for the frontiers of quantum chemistry:
   An overview of developments in the Q-Chem 5 package"
   J. Chem. Phys. 155, 084801 (2021)
   https://doi.org/10.1063/5.0055522 (open access)

 Q-Chem 6.1.1 for Intel X86 EM64T Linux

 Parts of Q-Chem use Armadillo 9.900.5 (Nocturnal Misbehaviour).
 http://arma.sourceforge.net/

 Q-Chem begins on Thu Mar 28 14:29:54 2024  

 Host: 
0

     Scratch files written to /scratch/qchemscratch/qchem2249637//
 Jan1824 |scratch|qcdevops|jenkins|workspace|build_RNUM UKVU   
 Processing $rem in /opt/qchem/6.1/config/preferences:
 Processing $rem in /home/mm227274/.qchemrc:

 Q-Chem warning in module libgen/rem_setup.C, line 3361:

 Neither GIA nor STOLL is specified by user. Use STOLL as the default


 Checking the input file for inconsistencies... 	...done.

--------------------------------------------------------------
User input:
--------------------------------------------------------------
$molecule
0 1
--
0 1
N 1.66639 1.12439 0.00409
H 2.48654 1.71958 0.00361
C 1.93297 -0.23766 0.0074
O 3.06323 -0.70558 0.01387
N 0.77407 -1.00178 0.00381
C -0.55518 -0.56648 -0.00897
O -1.47107 -1.39711 -0.01738
C -0.70702 0.87811 -0.00939
H -1.71044 1.28576 -0.01858
C 0.3976 1.65858 -0.00584
H 0.34897 2.74269 -0.00976
H 0.91614 -2.00907 0.00099
--
0 1
O -3.85101 0.26955 -0.0701
H -3.19841 -0.45555 -0.13623
H -4.2654 0.12814 0.79427
$end

$rem
JOBTYPE          eda
EDA2             2
METHOD           b97m-v
BASIS            aug-cc-pvtz
SCF_CONVERGENCE  8
THRESH           14
SYMMETRY         false
DISP_FREE_X      revPBE
DISP_FREE_C      PBE
EDA_BSSE         true
$end
--------------------------------------------------------------
 ----------------------------------------------------------------
             Standard Nuclear Orientation (Angstroms)
    I     Atom           X                Y                Z
 ----------------------------------------------------------------
    1      N       1.6663908669     1.1243878471     0.0040901588
    2      H       2.4865416360     1.7195767869     0.0036096481
    3      C       1.9329691079    -0.2376624967     0.0074003580
    4      O       3.0632285060    -0.7055839561     0.0138699567
    5      N       0.7740681186    -1.0017809996     0.0038110616
    6      C      -0.5551813245    -0.5664792845    -0.0089684394
    7      O      -1.4710724019    -1.3971081027    -0.0173778302
    8      C      -0.7070194575     0.8781109116    -0.0093887099
    9      H      -1.7104389347     1.2857622064    -0.0185783518
   10      C       0.3976015529     1.6585794847    -0.0058393928
   11      H       0.3489729524     2.7426895466    -0.0097596253
   12      H       0.9161368154    -2.0090711839     0.0009912338
   13      O      -3.8510102715     0.2695549611    -0.0700971451
   14      H      -3.1984112387    -0.4555458979    -0.1362272700
   15      H      -4.2654000634     0.1281456997     0.7942730755
 ----------------------------------------------------------------
 Molecular Point Group                 C1    NOp =  1
 Largest Abelian Subgroup              C1    NOp =  1
 Nuclear Repulsion Energy =         437.31097797 hartrees
 There are       34 alpha and       34 beta electrons
 Requested basis set is aug-cc-pVTZ
 There are 180 shells and 552 basis functions

 Total QAlloc Memory Limit  16000 MB
 Mega-Array Size       188 MB
 MEM_STATIC part       192 MB


                       Distance Matrix (Angstroms)
             N (  1)   H (  2)   C (  3)   O (  4)   N (  5)   C (  6)
   H (  2)  1.013359
   C (  3)  1.387896  2.034021
   O (  4)  2.302183  2.492805  1.223306
   N (  5)  2.305826  3.215331  1.388143  2.308265
   C (  6)  2.791878  3.805035  2.509837  3.621155  1.398769
   O (  7)  4.025181  5.037546  3.596168  4.586836  2.279778  1.236475
   C (  8)  2.386192  3.302585  2.866142  4.089425  2.393280  1.452548
   H (  9)  3.380760  4.219400  3.949167  5.172467  3.377296  2.183005
   C ( 10)  1.376694  2.089852  2.439931  3.563036  2.686883  2.420473
   H ( 11)  2.086788  2.369839  3.375179  4.388432  3.768547  3.430466
   H ( 12)  3.222027  4.045861  2.042517  2.511822  1.017263  2.060570
   O ( 13)  5.583723  6.501735  5.806694  6.983169  4.797198  3.400761
   H ( 14)  5.116852  6.088465  5.138012  6.268427  4.012303  2.648616
   H ( 15)  6.066550  6.981871  6.258815  7.417070  5.224730  3.859200
             O (  7)   C (  8)   H (  9)   C ( 10)   H ( 11)   H ( 12)
   C (  8)  2.400096
   H (  9)  2.693528  1.083104
   C ( 10)  3.581802  1.352528  2.140792
   H ( 11)  4.522228  2.142842  2.522676  1.085207
   H ( 12)  2.464468  3.312184  4.213693  3.704131  4.785501
   O ( 13)  2.905968  3.202921  2.370101  4.470371  4.874412  5.284211
   H ( 14)  1.970879  2.828739  2.293481  4.173468  4.777932  4.400202
   H ( 15)  3.285338  3.724298  2.920382  4.972524  5.364210  5.660858
             O ( 13)   H ( 14)
   H ( 14)  0.977768
   H ( 15)  0.968943  1.531337
 
 A cutoff of  1.0D-14 yielded  15294 shell pairs
 There are    142916 function pairs (    195053 Cartesian)
 Smallest overlap matrix eigenvalue = 2.87E-06

 Scale SEOQF with 1.000000e-01/1.000000e-01/1.000000e-01

 Standard Electronic Orientation quadrupole field applied
 Nucleus-field energy     =     0.0000000161 hartrees

 -----------------------------------------------------------------------
  General SCF calculation program by
  Eric Jon Sundstrom, Paul Horn, Yuezhi Mao, Dmitri Zuev, Alec White,
  David Stuck, Shaama M.S., Shane Yost, Joonho Lee, David Small,
  Daniel Levine, Susi Lehtola, Hugh Burton, Evgeny Epifanovsky,
  Bang C. Huynh
 -----------------------------------------------------------------------
================================================================
                 ALMO-EDA with the EDA2 driver                  
================================================================
 The second-generation ALMO-EDA (for DFT):                      
 P. R. Horn, Y. Mao and M. Head-Gordon, PCCP, 18, 23067 (2016)  
 Y. Mao et al. Annu. Rev. Phys. Chem. 72, 641 (2021)            
 Decomposition of the frozen energy:                            
 P. R. Horn, Y. Mao and M. Head-Gordon, JCP, 144, 114107 (2016) 
================================================================
 Using eda2 option set 2
 Option set summary: Frozen orbital wavefunction, initial wavefunction decomposition, and traditional AO-based POL.
--------------------------------
Printing EDA Options
--------------------------------
eda_child_super_basis      0
fragmo_guess_mode          0
child_mp                   0
child_mp_orders            0
cls_elec                   1
cls_disp                   0
scfmi_mode                 1
scfmi_occs                 0
scfmi_virts                0
frz_relax                  0
frz_relax_method           0
dc_pen_start               0
dc_pen_conv                0
dc_pen_increment           0
dc_pen_steps               0
dc_pen_thresh_factor       0
dc_pen_pre_newton_thresh   0
frz_ortho_decomp           1
frz_ortho_decomp_conv      6
plot_mo_ortho_frz          0
frgm_method                2
scfmi_freeze_ss            0
separate_rehyb             0
plot_diff_den              0
eda_nocv                   0
eda_vct_relax              1
disp_free_x                33
disp_free_c                25
eda_bsse                   1
eda_pct_a                  0
eda_covp                   0
eda_vct_a                  0
--------------------------------
 Attempting to make child job directory: /scratch/qchemscratch/qchem2249637//Frg1/
 Attempting to make child job directory: /scratch/qchemscratch/qchem2249637//Frg2/
 Creating input file /scratch/qchemscratch/qchem2249637/Frg1.input
 using default PutDataFrgm: nothing
 calling putenv with: QCSCRATCH=/scratch/qchemscratch/qchem2249637/ 
 Spawning Job For Fragment 0
 Done Job For Fragment 0
 calling putenv with: QCSCRATCH=/scratch/qchemscratch 
 calling putenv with: QCTHREADS=1 
 Creating input file /scratch/qchemscratch/qchem2249637/Frg2.input
 using default PutDataFrgm: nothing
 calling putenv with: QCSCRATCH=/scratch/qchemscratch/qchem2249637/ 
 Spawning Job For Fragment 1
 Done Job For Fragment 1
 calling putenv with: QCSCRATCH=/scratch/qchemscratch 
 calling putenv with: QCTHREADS=1 
Doing General SCFMI
 Exchange:  B97M-V      Correlation:  B97M-V
 Using SG-2 standard quadrature grid
 Nonlocal Correlation:  VV10 with C = 0.0100 and b = 6.00 and scale = 1.00000
 Grid used for NLC:  SG-1 standard quadrature
performing fock build before subrot guess so that all methods have access
Printing subrot_rss_gen Method Specification:
Occupied Subspace Method is 0
Virtual Subspace Method is 0
Energy of the unrelaxed supersystem initial determinant -491.355215462746
write pseudocanon occs and virts to disk
write pseudocanon orbital energies to disk
Tolerance of ortho_decomp_scf: 1.00e-06
GDM subspace size: 20
Beginning the Orthogonal Decomposition of the Initial Supersystem Wavefunction
    1    -491.3014656438      9.90e-02     ortho_decomp Preconditoned Steepest Descent
    2    -491.3085025607      3.13e-04     ortho_decomp BFGS Step
    3    -491.3085029709      4.09e-06     ortho_decomp BFGS Step
    4    -491.3085029710      2.00e-08     ortho_decomp 00000 Convergence criterion met
 Exchange:  revPBE      Correlation:  PBE
 Using SG-2 standard quadrature grid
 Exchange:  revPBE      Correlation:  PBE
 Using SG-2 standard quadrature grid
 Exchange:  revPBE      Correlation:  PBE
 Using SG-2 standard quadrature grid
Doing General SCFMI
 Exchange:  B97M-V      Correlation:  B97M-V
 Using SG-2 standard quadrature grid
 Nonlocal Correlation:  VV10 with C = 0.0100 and b = 6.00 and scale = 1.00000
 Grid used for NLC:  SG-1 standard quadrature
performing fock build at end of subrot_r(subrot) constructor so that all methods have access
<S^2> of initial wavefunction before polarization iterations 0.0000000000
Beginning iterations for the determination of the polarized wavefunction
Energy prior to optimization (guess energy) = -491.355215462746
Begin Timing: Total SCF Calculation
begin iterations for algorithm: DIIS         
the SCF tolerance is set to 1.00e-08
    1    -491.3552154627      1.18e-04     00000 
    2    -491.3581020699      6.90e-05     00000 
    3    -491.3574748454      1.11e-04     00000 
    4    -491.3586279155      1.26e-05     00000 
    5    -491.3586343432      1.02e-05     00000 
    6    -491.3586428468      3.34e-06     00000 
    7    -491.3586437445      2.04e-06     00000 
    8    -491.3586441491      3.91e-07     00000 
    9    -491.3586441719      3.49e-07     00000 
   10    -491.3586441842      1.53e-07     00000 
   11    -491.3586441868      5.01e-08     00000 
   12    -491.3586441870      2.47e-08     00000 
   13    -491.3586441870      1.10e-08     00000 
   14    -491.3586441870      5.53e-09     00000 Convergence criterion met
write pseudocanon occs and virts to disk
write pseudocanon orbital energies to disk
Timing for Total SCF: 1377.00s (wall), 1373.45s (cpu)
<S^2> of polarized wavefunction after polarization iterations 0.0000000000
relaxing scfmi constraint to allow all rotations in the entire AO span
Doing General SCFMI
 Exchange:  B97M-V      Correlation:  B97M-V
 Using SG-2 standard quadrature grid
 Nonlocal Correlation:  VV10 with C = 0.0100 and b = 6.00 and scale = 1.00000
 Grid used for NLC:  SG-1 standard quadrature
performing fock build at end of subrot_r(subrot) constructor so that all methods have access
<S^2> of polarized wavefunction before ct-allowed iterations 0.0000000000
Beginning iterations for the determination of the CT-Allowed wavefunction
Energy prior to optimization (guess energy) = -491.358644187026
Begin Timing: Total SCF Calculation
begin iterations for algorithm: DIIS         
the SCF tolerance is set to 1.00e-08
    1    -491.3586441870      1.40e-04     00000 
    2    -491.3627024269      1.71e-05     00000 
    3    -491.3625949836      3.44e-05     00000 
    4    -491.3627348527      6.47e-06     00000 
    5    -491.3627399179      2.68e-06     00000 
    6    -491.3627407091      1.17e-06     00000 
    7    -491.3627408577      4.02e-07     00000 
    8    -491.3627408765      9.57e-08     00000 
    9    -491.3627408775      4.07e-08     00000 
   10    -491.3627408777      1.62e-08     00000 
   11    -491.3627408777      3.13e-09     00000 Convergence criterion met
write pseudocanon occs and virts to disk
write pseudocanon orbital energies to disk
Timing for Total SCF: 1035.00s (wall), 1031.97s (cpu)
<S^2> of ct_allowed wavefunction after ct-allowed iterations 0.0000000000
 Attempting to make child job directory: /scratch/qchemscratch/qchem2249637//FrgBSSE1/
 Attempting to make child job directory: /scratch/qchemscratch/qchem2249637//FrgBSSE2/
 Creating input file /scratch/qchemscratch/qchem2249637/FrgBSSE1.input
 calling putenv with: QCSCRATCH=/scratch/qchemscratch/qchem2249637/ 
 Spawning Job For Fragment 0
 Done Job For Fragment 0
 calling putenv with: QCSCRATCH=/scratch/qchemscratch 
 calling putenv with: QCTHREADS=1 
 Creating input file /scratch/qchemscratch/qchem2249637/FrgBSSE2.input
 calling putenv with: QCSCRATCH=/scratch/qchemscratch/qchem2249637/ 
 Spawning Job For Fragment 1
 Done Job For Fragment 1
 calling putenv with: QCSCRATCH=/scratch/qchemscratch 
 calling putenv with: QCTHREADS=1 
====================================================================
   Evaluating the BSSE with fragment SCF in the supersystem basis
   Fragment contributions (kJ/mol) 
   Frgm 1: 0.2167
   Frgm 2: 0.1677
   BSSE (kJ/mol) = 0.3844
====================================================================

================================
        Results of EDA2         
================================
Basic EDA Quantities
--------------------
Fragment Energies (Ha):
1 -414.9177970022
2  -76.4327558715
--------------------
  E_prp (kJ/mol) = 0.0000
  E_frz (kJ/mol) = -12.2418
  E_pol (kJ/mol) = -9.0022
  E_vct (kJ/mol) = -10.3716 (CP-corrected)
  E_int (kJ/mol) = -31.6156 (CP-corrected)
--------------------


Decomposition of frozen interaction energy
--------------------
  --------------------
  Orthogonal Frozen Decomposition:
  --------------------
     E_elec   (ELEC)   (kJ/mol) = -88.3050
     E_pauli  (PAULI)  (kJ/mol) = 89.6114
     E_disp   (DISP)   (kJ/mol) = -13.5482
  --------------------
  Classical Frozen Decomposition:
  --------------------
     E_cls_elec  (CLS ELEC)  (kJ/mol) = -48.5395
     E_mod_pauli (MOD PAULI) (kJ/mol) = 49.8459 (FRZ - CLS ELEC - DISP)
     E_disp      (DISP)      (kJ/mol) = -13.5482
  --------------------
--------------------

Simplified EDA Summary (kJ/mol)
--------------------
 PREPARATION      0.0000
 FROZEN           -12.2418 (ELEC + PAULI + DISP)
[ELEC + PAULI = 1.3064, DISP = -13.5482]
 POLARIZATION    -9.0022
 CHARGE TRANSFER -10.3716     (counterpoise-corrected)
 TOTAL           -31.6156     (PRP + FRZ + POL + CT)
--------------------
 
 --------------------------------------------------------------
 
                    Orbital Energies (a.u.)
 --------------------------------------------------------------
 
 Alpha MOs
 -- Occupied --
-19.1504 -19.1493 -19.1367 -14.4248 -14.4082 -10.3466 -10.3161 -10.2770
-10.2083  -1.0792  -1.0481  -0.9842  -0.9816  -0.9323  -0.7959  -0.6820
 -0.6587  -0.5843  -0.5459  -0.5076  -0.4789  -0.4663  -0.4640  -0.4376
 -0.4109  -0.4062  -0.3924  -0.3575  -0.3455  -0.2851  -0.2823  -0.2671
 -0.2574  -0.2483
 -- Virtual --
 -0.0875  -0.0361  -0.0341  -0.0116  -0.0047   0.0089   0.0132   0.0194
  0.0361   0.0433   0.0467   0.0501   0.0569   0.0639   0.0715   0.0734
  0.0751   0.0777   0.0831   0.0880   0.0977   0.1003   0.1012   0.1106
  0.1140   0.1201   0.1325   0.1413   0.1438   0.1469   0.1501   0.1571
  0.1582   0.1684   0.1756   0.1792   0.1846   0.1890   0.1910   0.1949
  0.1977   0.2046   0.2074   0.2135   0.2173   0.2222   0.2253   0.2270
  0.2365   0.2401   0.2439   0.2475   0.2563   0.2646   0.2715   0.2772
  0.2829   0.2860   0.2937   0.3044   0.3088   0.3140   0.3176   0.3205
  0.3239   0.3365   0.3408   0.3487   0.3511   0.3598   0.3639   0.3689
  0.3776   0.3801   0.3895   0.3932   0.3978   0.4016   0.4157   0.4224
  0.4275   0.4341   0.4398   0.4559   0.4629   0.4693   0.4779   0.4860
  0.4879   0.5027   0.5039   0.5140   0.5176   0.5288   0.5345   0.5409
  0.5421   0.5526   0.5576   0.5610   0.5780   0.5871   0.6000   0.6079
  0.6138   0.6210   0.6275   0.6434   0.6483   0.6520   0.6599   0.6672
  0.6801   0.6839   0.6948   0.7029   0.7058   0.7191   0.7282   0.7348
  0.7407   0.7435   0.7515   0.7562   0.7602   0.7696   0.7753   0.7840
  0.7926   0.8008   0.8028   0.8094   0.8146   0.8246   0.8384   0.8409
  0.8526   0.8585   0.8672   0.8778   0.8796   0.8893   0.8937   0.9014
  0.9037   0.9080   0.9221   0.9334   0.9413   0.9506   0.9620   0.9640
  0.9745   0.9799   0.9827   0.9853   0.9994   1.0151   1.0201   1.0231
  1.0276   1.0408   1.0503   1.0575   1.0692   1.0796   1.0798   1.0821
  1.0944   1.1055   1.1124   1.1238   1.1284   1.1365   1.1405   1.1606
  1.1649   1.1761   1.1840   1.1959   1.2125   1.2278   1.2398   1.2454
  1.2530   1.2554   1.2654   1.2706   1.2724   1.2979   1.3049   1.3134
  1.3177   1.3203   1.3251   1.3406   1.3576   1.3655   1.3667   1.3734
  1.3812   1.3954   1.4087   1.4209   1.4317   1.4413   1.4580   1.4616
  1.4682   1.4778   1.4979   1.5068   1.5167   1.5200   1.5360   1.5447
  1.5557   1.5757   1.5840   1.6068   1.6095   1.6358   1.6542   1.6730
  1.6822   1.6891   1.7033   1.7233   1.7353   1.7468   1.7638   1.7843
  1.7942   1.8123   1.8278   1.8421   1.8477   1.8627   1.8846   1.9113
  1.9261   1.9331   1.9482   1.9499   1.9773   1.9858   2.0121   2.0209
  2.0269   2.0302   2.0440   2.0611   2.0909   2.0962   2.1016   2.1067
  2.1391   2.1506   2.1784   2.1928   2.2134   2.2195   2.2318   2.2433
  2.2481   2.2680   2.2775   2.2901   2.2919   2.2969   2.3186   2.3320
  2.3462   2.3507   2.3693   2.3812   2.3927   2.3980   2.4144   2.4296
  2.4467   2.4505   2.4575   2.4773   2.4879   2.4922   2.5125   2.5367
  2.5557   2.5642   2.5676   2.5829   2.5935   2.6149   2.6290   2.6474
  2.6778   2.7117   2.7279   2.7304   2.7316   2.7412   2.7611   2.7835
  2.7966   2.8000   2.8222   2.8535   2.8783   2.8866   2.9344   2.9474
  2.9536   2.9847   2.9952   3.0192   3.0447   3.0570   3.0645   3.0862
  3.1205   3.1472   3.1551   3.1855   3.2146   3.2385   3.2584   3.2751
  3.3031   3.3055   3.3562   3.3813   3.3914   3.4132   3.4225   3.4290
  3.4555   3.4621   3.4797   3.5198   3.5363   3.5431   3.5671   3.5853
  3.6338   3.6521   3.6604   3.6830   3.6887   3.6969   3.7209   3.7376
  3.7589   3.7753   3.8293   3.8389   3.8513   3.9012   3.9214   3.9505
  3.9526   3.9638   3.9692   3.9747   3.9958   4.0159   4.0366   4.0513
  4.0779   4.0836   4.0987   4.1185   4.1410   4.1564   4.1643   4.1889
  4.2035   4.2164   4.2206   4.2240   4.2388   4.2745   4.2895   4.3188
  4.3212   4.3555   4.3712   4.4139   4.4227   4.4364   4.4452   4.4589
  4.4780   4.4923   4.4998   4.5190   4.5517   4.5578   4.6132   4.6676
  4.6817   4.6973   4.7106   4.7311   4.7507   4.7628   4.7878   4.8072
  4.8283   4.8333   4.8386   4.8483   4.8850   4.8856   4.9544   4.9860
  5.0032   5.0371   5.0508   5.0836   5.1080   5.1243   5.1409   5.1784
  5.2005   5.2234   5.2587   5.2711   5.2763   5.2905   5.3090   5.3335
  5.3523   5.3874   5.3921   5.4031   5.4470   5.5093   5.5222   5.5697
  5.5744   5.5800   5.6113   5.6459   5.6830   5.6943   5.7008   5.7838
  5.7995   5.8119   5.8368   5.9013   5.9088   5.9882   6.0028   6.0358
  6.0772   6.1272   6.2887   6.3357   6.3693   6.3960   6.4554   6.4595
  6.5259   6.5607   6.5937   6.6153   6.6315   6.6378   6.6732   6.7043
  6.7202   6.7477   6.7635   6.7977   6.8069   6.8505   6.9182   6.9335
  7.0402   7.0435   7.0585   7.0698   7.0810   7.0833   7.1065   7.1145
  7.1458   7.1869   7.2122   7.2455   7.2949   7.3248   7.3503   7.4056
  7.4633   7.5261   7.5458   7.5734   7.6393   7.6567   7.6733   7.7369
  7.7788   7.8084   7.8995   7.9338   8.7186  15.4756  15.6215  15.7854
 15.9944  16.4645  17.7668  19.0634  19.4531  20.0425
 --------------------------------------------------------------
 
          Ground-State Mulliken Net Atomic Charges

     Atom                 Charge (a.u.)
  ----------------------------------------
      1 N                     0.255232
      2 H                     0.054337
      3 C                    -0.240931
      4 O                    -0.588647
      5 N                     0.435927
      6 C                     0.135053
      7 O                    -0.631588
      8 C                    -0.030938
      9 H                     0.653139
     10 C                    -0.829563
     11 H                     0.738578
     12 H                     0.064410
     13 O                    -0.566425
     14 H                     0.338020
     15 H                     0.213395
  ----------------------------------------
  Sum of atomic charges =     0.000000

 -----------------------------------------------------------------
                    Cartesian Multipole Moments
 -----------------------------------------------------------------
    Charge (ESU x 10^10)
                 0.0000
    Dipole Moment (Debye)
         X       1.6656      Y       3.2638      Z       1.1700
       Tot       3.8465
    Quadrupole Moments (Debye-Ang)
        XX     -68.1247     XY       6.5022     YY     -45.4618
        XZ      -5.9361     YZ       0.2482     ZZ     -52.0894
    Octopole Moments (Debye-Ang^2)
       XXX     -20.1161    XXY      15.7277    XYY      15.6175
       YYY      10.4151    XXZ      27.0622    XYZ      -1.1125
       YYZ       0.0070    XZZ      -5.5567    YZZ      -3.6157
       ZZZ       1.2588
    Hexadecapole Moments (Debye-Ang^3)
      XXXX   -1549.4817   XXXY     104.6975   XXYY    -284.4558
      XYYY       5.8558   YYYY    -330.6100   XXXZ    -126.5633
      XXYZ       5.5097   XYYZ      -0.7175   YYYZ      -0.1875
      XXZZ    -216.4282   XYZZ       0.1484   YYZZ     -77.9340
      XZZZ      -6.2449   YZZZ       0.2304   ZZZZ     -52.9804
 -----------------------------------------------------------------
 Total job time:  6674.23s(wall), 4220.83s(cpu) 
 Thu Mar 28 16:21:09 2024

        *************************************************************
        *                                                           *
        *  Thank you very much for using Q-Chem.  Have a nice day.  *
        *                                                           *
        *************************************************************


