
Running Job 1 of 1 U-wat_12_0.9.inp
qchem U-wat_12_0.9.inp_2249615.0 /scratch/qchemscratch/qchem2249615/ 1
/opt/qchem/6.1/exe/qcprog.exe_s U-wat_12_0.9.inp_2249615.0 /scratch/qchemscratch/qchem2249615/
                  Welcome to Q-Chem
     A Quantum Leap Into The Future Of Chemistry


 Q-Chem 6.1, Q-Chem, Inc., Pleasanton, CA (2023)

 License issued to: SRG Pengyu Ren, University of Texas at Austin

 E. Epifanovsky,  A. T. B. Gilbert,  Xintian Feng,  Joonho Lee,  Yuezhi Mao,  
 N. Mardirossian,  P. Pokhilko,  A. White,  M. Wormit,  M. P. Coons,  
 A. L. Dempwolff,  Zhengting Gan,  D. Hait,  P. R. Horn,  L. D. Jacobson,  
 I. Kaliman,  J. Kussmann,  A. W. Lange,  Ka Un Lao,  D. S. Levine,  Jie Liu,  
 S. C. McKenzie,  A. F. Morrison,  K. D. Nanda,  F. Plasser,  D. R. Rehn,  
 M. L. Vidal,  Zhi-Qiang You,  Ying Zhu,  B. Alam,  B. Albrecht,  
 A. Aldossary,  E. Alguire,  J. H. Andersen,  V. Athavale,  D. Barton,  
 K. Begam,  A. Behn,  N. Bellonzi,  Y. A. Bernard,  E. J. Berquist,  
 H. Burton,  A. Carreras,  K. Carter-Fenk,  Mathew Chow,  Romit Chakraborty,  
 Chandrima Chakravarty,  Junhan Chen,  A. D. Chien,  K. D. Closser,  
 V. Cofer-Shabica,  L. Cunha,  S. Dasgupta,  Jia Deng,  M. de Wergifosse,  
 M. Diedenhofen,  Hainam Do,  S. Ehlert,  Po-Tung Fang,  S. Fatehi,  
 Qingguo Feng,  T. Friedhoff,  Thomas Froitzheim,  B. Ganoe,  J. Gayvert,  
 Qinghui Ge,  G. Gidofalvi,  M. Gimferrer,  M. Goldey,  Montgomery Gray,  
 J. Gomes,  C. Gonzalez-Espinoza,  S. Gulania,  A. Gunina,  J. A. Gyamfi,  
 M. W. D. Hanson-Heine,  P. H. P. Harbach,  A. W. Hauser,  M. F. Herbst,  
 M. Hernandez Vera,  M. Hodecker,  Z. C. Holden,  S. Houck,  Xunkun Huang,  
 Kerwin Hui,  B. C. Huynh,  K. Ikeda,  M. Ivanov,  Hyunjun Ji,  Zuxin Jin,  
 Hanjie Jiang,  Subrata Jana,  B. Kaduk,  S. Kaehler,  R. Kang,  
 K. Khistyaev,  Jaehoon Kim,  Yongbin Kim,  P. Klunzinger,  Z. Koczor-Benda,  
 Joong Hoon Koh,  D. Kosenkov,  Saikiran Kotaru,  L. Koulias,  T. Kowalczyk,  
 C. M. Krauter,  K. Kue,  A. Kunitsa,  T. Kus,  A. Landau,  K. V. Lawler,  
 D. Lefrancois,  S. Lehtola,  Rain Li,  Shaozhi Li,  Yi-Pei Li,  
 Jiashu Liang,  M. Liebenthal,  Hung-Hsuan Lin,  You-Sheng Lin,  Fenglai Liu,  
 Kuan-Yu Liu,  Xiao Liu,  M. Loipersberger,  A. Luenser,  C. Malbon,  
 A. Manjanath,  P. Manohar,  E. Mansoor,  S. F. Manzer,  Shan-Ping Mao,  
 A. V. Marenich,  T. Markovich,  S. Mason,  F. Matz,  S. A. Maurer,  
 P. F. McLaughlin,  M. F. S. J. Menger,  J.-M. Mewes,  S. A. Mewes,  
 P. Morgante,  Mohammad Mostafanejad,  J. W. Mullinax,  K. J. Oosterbaan,  
 G. Paran,  V. Parravicini,  Alexander C. Paul,  Suranjan K. Paul,  
 F. Pavosevic,  Zheng Pei,  S. Prager,  E. I. Proynov,  E. Ramos,  B. Rana,  
 A. E. Rask,  A. Rettig,  R. M. Richard,  F. Rob,  E. Rossomme,  T. Scheele,  
 M. Scheurer,  M. Schneider,  P. E. Schneider,  Tim K. Schramm,  N. Sergueev,  
 S. M. Sharada,  M. Sharma,  Hengyuan Shen,  W. Skomorowski,  D. W. Small,  
 C. J. Stein,  Alistair J. Sterling,  Yingli Su,  Yu-Chuan Su,  
 E. J. Sundstrom,  J. Talbot,  Zhen Tao,  J. Thirman,  Hung-Yi Tsai,  
 T. Tsuchimochi,  N. M. Tubman,  C. Utku,  S. P. Veccham,  O. Vydrov,  
 J. Wenzel,  Jonathan Wong,  J. Witte,  A. Yamada,  Chou-Hsun Yang,  Kun Yao,  
 S. Yeganeh,  S. R. Yost,  A. Zech,  F. Zeller,  Igor Ying Zhang,  
 Xing Zhang,  Yu Zhang,  D. Zuev,  A. Aspuru-Guzik,  A. T. Bell,  
 N. A. Besley,  K. B. Bravaya,  B. R. Brooks,  D. Casanova,  Jeng-Da Chai,  
 Hsing-Ta Chen,  S. Coriani,  C. J. Cramer,  A. E. DePrince, III,  
 R. A. DiStasio Jr.,  A. Dreuw,  B. D. Dunietz,  T. R. Furlani,  
 W. A. Goddard III,  S. Grimme,  S. Hammes-Schiffer,  T. Head-Gordon,  
 W. J. Hehre,  Chao-Ping Hsu,  T.-C. Jagau,  Yousung Jung,  A. Klamt,  
 Jing Kong,  D. S. Lambrecht,  Xiangyuan Li,  WanZhen Liang,  N. J. Mayhall,  
 C. W. McCurdy,  J. B. Neaton,  T. Neudecker,  C. Ochsenfeld,  
 J. A. Parkhill,  R. Peverati,  V. A. Rassolov,  Haisheng Ren,  Yihan Shao,  
 L. V. Slipchenko,  R. P. Steele,  J. E. Subotnik,  A. J. W. Thom,  
 A. Tkatchenko,  D. G. Truhlar,  T. Van Voorhis,  Fan Wang,  
 T. A. Wesolowski,  K. B. Whaley,  H. L. Woodcock III,  P. M. Zimmerman,  
 S. Faraji,  P. M. W. Gill,  M. Head-Gordon,  J. M. Herbert,  A. I. Krylov

 Contributors to earlier versions of Q-Chem not listed above: 
 R. D. Adamson,  B. Austin,  R. Baer,  J. Baker,  G. J. O. Beran,  
 K. Brandhorst,  S. T. Brown,  E. F. C. Byrd,  Arup K. Chakraborty,  
 G. K. L. Chan,  Chun-Min Chang,  Yunqing Chen,  C.-L. Cheng,  
 Siu Hung Chien,  D. M. Chipman,  D. L. Crittenden,  H. Dachsel,  
 R. J. Doerksen,  A. D. Dutoi,  R. G. Edgar,  J. Fosso-Tande,  
 L. Fusti-Molnar,  D. Ghosh,  A. Ghysels,  A. Golubeva-Zadorozhnaya,  
 J. Gonthier,  M. S. Gordon,  S. R. Gwaltney,  G. Hawkins,  J. E. Herr,  
 A. Heyden,  S. Hirata,  E. G. Hohenstein,  G. Kedziora,  F. J. Keil,  
 C. Kelley,  Jihan Kim,  R. A. King,  R. Z. Khaliullin,  P. P. Korambath,  
 W. Kurlancheek,  A. Laurent,  A. M. Lee,  M. S. Lee,  S. V. Levchenko,  
 Ching Yeh Lin,  D. Liotard,  E. Livshits,  R. C. Lochan,  I. Lotan,  
 L. A. Martinez-Martinez,  P. E. Maslen,  N. Nair,  D. P. O'Neill,  
 D. Neuhauser,  E. Neuscamman,  C. M. Oana,  R. Olivares-Amaya,  R. Olson,  
 T. M. Perrine,  B. Peters,  P. A. Pieniazek,  A. Prociuk,  Y. M. Rhee,  
 J. Ritchie,  M. A. Rohrdanz,  E. Rosta,  N. J. Russ,  H. F. Schaefer III,  
 M. W. Schmidt,  N. E. Schultz,  S. Sharma,  N. Shenvi,  C. D. Sherrill,  
 A. C. Simmonett,  A. Sodt,  T. Stein,  D. Stuck,  K. S. Thanthiriwatte,  
 V. Vanovschi,  L. Vogt,  Tao Wang,  A. Warshel,  M. A. Watson,  
 C. F. Williams,  Q. Wu,  X. Xu,  Jun Yang,  W. Zhang,  Yan Zhao

   Please cite Q-Chem as follows:
  "Software for the frontiers of quantum chemistry:
   An overview of developments in the Q-Chem 5 package"
   J. Chem. Phys. 155, 084801 (2021)
   https://doi.org/10.1063/5.0055522 (open access)

 Q-Chem 6.1.1 for Intel X86 EM64T Linux

 Parts of Q-Chem use Armadillo 9.900.5 (Nocturnal Misbehaviour).
 http://arma.sourceforge.net/

 Q-Chem begins on Thu Mar 28 14:29:30 2024  

 Host: 
0

     Scratch files written to /scratch/qchemscratch/qchem2249615//
 Jan1824 |scratch|qcdevops|jenkins|workspace|build_RNUM UKVU   
 Processing $rem in /opt/qchem/6.1/config/preferences:
 Processing $rem in /home/mm227274/.qchemrc:

 Q-Chem warning in module libgen/rem_setup.C, line 3361:

 Neither GIA nor STOLL is specified by user. Use STOLL as the default


 Checking the input file for inconsistencies... 	...done.

--------------------------------------------------------------
User input:
--------------------------------------------------------------
$molecule
0 1
--
0 1
N 1.66639 1.12439 0.00409
H 2.48654 1.71958 0.00361
C 1.93297 -0.23766 0.0074
O 3.06323 -0.70558 0.01387
N 0.77407 -1.00178 0.00381
C -0.55518 -0.56648 -0.00897
O -1.47107 -1.39711 -0.01738
C -0.70702 0.87811 -0.00939
H -1.71044 1.28576 -0.01858
C 0.3976 1.65858 -0.00584
H 0.34897 2.74269 -0.00976
H 0.91614 -2.00907 0.00099
--
0 1
O -3.414331 0.30057391666666666 -0.08999925
H -2.761731 -0.42452608333333336 -0.15612925
H -3.828721 0.15916391666666668 0.77437075
$end

$rem
JOBTYPE          eda
EDA2             2
METHOD           b97m-v
BASIS            aug-cc-pvtz
SCF_CONVERGENCE  8
THRESH           14
SYMMETRY         false
DISP_FREE_X      revPBE
DISP_FREE_C      PBE
EDA_BSSE         true
$end
--------------------------------------------------------------
 ----------------------------------------------------------------
             Standard Nuclear Orientation (Angstroms)
    I     Atom           X                Y                Z
 ----------------------------------------------------------------
    1      N       1.6006048327     1.1220836838     0.0032315782
    2      H       2.4199106432     1.7184305497     0.0008246143
    3      C       1.8691126733    -0.2395902793     0.0051323172
    4      O       3.0000445853    -0.7059181054     0.0082983647
    5      N       0.7112855392    -1.0053429245     0.0043039062
    6      C      -0.6186065914    -0.5719126998    -0.0046483196
    7      O      -1.5333441916    -1.4038299577    -0.0109899084
    8      C      -0.7724834789     0.8724616340    -0.0039290208
    9      H      -1.7764984073     1.2786998671    -0.0101897365
   10      C       0.3310407518     1.6544876878    -0.0029850218
   11      H       0.2808720504     2.7385298107    -0.0062273379
   12      H       0.8547672066    -2.0124299161     0.0005912429
   13      O      -3.4791865408     0.2911462429    -0.0774788695
   14      H      -2.8257469880    -0.4329990465    -0.1457452420
   15      H      -3.8910280607     0.1487199258     0.7879416432
 ----------------------------------------------------------------
 Molecular Point Group                 C1    NOp =  1
 Largest Abelian Subgroup              C1    NOp =  1
 Nuclear Repulsion Energy =         445.82756244 hartrees
 There are       34 alpha and       34 beta electrons
 Requested basis set is aug-cc-pVTZ
 There are 180 shells and 552 basis functions

 Total QAlloc Memory Limit  16000 MB
 Mega-Array Size       188 MB
 MEM_STATIC part       192 MB


                       Distance Matrix (Angstroms)
             N (  1)   H (  2)   C (  3)   O (  4)   N (  5)   C (  6)
   H (  2)  1.013359
   C (  3)  1.387896  2.034021
   O (  4)  2.302183  2.492805  1.223306
   N (  5)  2.305826  3.215331  1.388143  2.308265
   C (  6)  2.791878  3.805035  2.509837  3.621155  1.398769
   O (  7)  4.025181  5.037546  3.596168  4.586836  2.279778  1.236475
   C (  8)  2.386192  3.302585  2.866142  4.089425  2.393280  1.452548
   H (  9)  3.380760  4.219400  3.949167  5.172467  3.377296  2.183005
   C ( 10)  1.376694  2.089852  2.439931  3.563036  2.686883  2.420473
   H ( 11)  2.086788  2.369839  3.375179  4.388432  3.768547  3.430466
   H ( 12)  3.222027  4.045861  2.042517  2.511822  1.017263  2.060570
   O ( 13)  5.147937  6.069812  5.375203  6.556061  4.387212  2.988828
   H ( 14)  4.693939  5.671601  4.701263  5.834215  3.586181  2.216004
   H ( 15)  5.632161  6.550686  5.826045  6.987498  4.809079  3.443291
             O (  7)   C (  8)   H (  9)   C ( 10)   H ( 11)   H ( 12)
   C (  8)  2.400096
   H (  9)  2.693528  1.083104
   C ( 10)  3.581802  1.352528  2.140792
   H ( 11)  4.522228  2.142842  2.522676  1.085207
   H ( 12)  2.464468  3.312184  4.213693  3.704131  4.785501
   O ( 13)  2.581408  2.769400  1.969502  4.047478  4.486959  4.908738
   H ( 14)  1.622029  2.437259  2.012265  3.787254  4.441750  4.007768
   H ( 15)  2.933833  3.297906  2.526876  4.551787  4.974190  5.273809
             O ( 13)   H ( 14)
   H ( 14)  0.977768
   H ( 15)  0.968943  1.531337
 
 A cutoff of  1.0D-14 yielded  15472 shell pairs
 There are    144728 function pairs (    197571 Cartesian)
 Smallest overlap matrix eigenvalue = 2.60E-06

 Scale SEOQF with 1.000000e-01/1.000000e-01/1.000000e-01

 Standard Electronic Orientation quadrupole field applied
 Nucleus-field energy     =     0.0000000150 hartrees

 -----------------------------------------------------------------------
  General SCF calculation program by
  Eric Jon Sundstrom, Paul Horn, Yuezhi Mao, Dmitri Zuev, Alec White,
  David Stuck, Shaama M.S., Shane Yost, Joonho Lee, David Small,
  Daniel Levine, Susi Lehtola, Hugh Burton, Evgeny Epifanovsky,
  Bang C. Huynh
 -----------------------------------------------------------------------
================================================================
                 ALMO-EDA with the EDA2 driver                  
================================================================
 The second-generation ALMO-EDA (for DFT):                      
 P. R. Horn, Y. Mao and M. Head-Gordon, PCCP, 18, 23067 (2016)  
 Y. Mao et al. Annu. Rev. Phys. Chem. 72, 641 (2021)            
 Decomposition of the frozen energy:                            
 P. R. Horn, Y. Mao and M. Head-Gordon, JCP, 144, 114107 (2016) 
================================================================
 Using eda2 option set 2
 Option set summary: Frozen orbital wavefunction, initial wavefunction decomposition, and traditional AO-based POL.
--------------------------------
Printing EDA Options
--------------------------------
eda_child_super_basis      0
fragmo_guess_mode          0
child_mp                   0
child_mp_orders            0
cls_elec                   1
cls_disp                   0
scfmi_mode                 1
scfmi_occs                 0
scfmi_virts                0
frz_relax                  0
frz_relax_method           0
dc_pen_start               0
dc_pen_conv                0
dc_pen_increment           0
dc_pen_steps               0
dc_pen_thresh_factor       0
dc_pen_pre_newton_thresh   0
frz_ortho_decomp           1
frz_ortho_decomp_conv      6
plot_mo_ortho_frz          0
frgm_method                2
scfmi_freeze_ss            0
separate_rehyb             0
plot_diff_den              0
eda_nocv                   0
eda_vct_relax              1
disp_free_x                33
disp_free_c                25
eda_bsse                   1
eda_pct_a                  0
eda_covp                   0
eda_vct_a                  0
--------------------------------
 Attempting to make child job directory: /scratch/qchemscratch/qchem2249615//Frg1/
 Attempting to make child job directory: /scratch/qchemscratch/qchem2249615//Frg2/
 Creating input file /scratch/qchemscratch/qchem2249615/Frg1.input
 using default PutDataFrgm: nothing
 calling putenv with: QCSCRATCH=/scratch/qchemscratch/qchem2249615/ 
 Spawning Job For Fragment 0
 Done Job For Fragment 0
 calling putenv with: QCSCRATCH=/scratch/qchemscratch 
 calling putenv with: QCTHREADS=1 
 Creating input file /scratch/qchemscratch/qchem2249615/Frg2.input
 using default PutDataFrgm: nothing
 calling putenv with: QCSCRATCH=/scratch/qchemscratch/qchem2249615/ 
 Spawning Job For Fragment 1
 Done Job For Fragment 1
 calling putenv with: QCSCRATCH=/scratch/qchemscratch 
 calling putenv with: QCTHREADS=1 
Doing General SCFMI
 Exchange:  B97M-V      Correlation:  B97M-V
 Using SG-2 standard quadrature grid
 Nonlocal Correlation:  VV10 with C = 0.0100 and b = 6.00 and scale = 1.00000
 Grid used for NLC:  SG-1 standard quadrature
performing fock build before subrot guess so that all methods have access
Printing subrot_rss_gen Method Specification:
Occupied Subspace Method is 0
Virtual Subspace Method is 0
Energy of the unrelaxed supersystem initial determinant -491.332691576200
write pseudocanon occs and virts to disk
write pseudocanon orbital energies to disk
Tolerance of ortho_decomp_scf: 1.00e-06
GDM subspace size: 20
Beginning the Orthogonal Decomposition of the Initial Supersystem Wavefunction
    1    -491.2120458741      1.79e-01     ortho_decomp Preconditoned Steepest Descent
    2    -491.2346039083      6.77e-04     ortho_decomp BFGS Step
    3    -491.2346058758      1.32e-05     ortho_decomp BFGS Step
    4    -491.2346058761      8.06e-08     ortho_decomp 00000 Convergence criterion met
 Exchange:  revPBE      Correlation:  PBE
 Using SG-2 standard quadrature grid
 Exchange:  revPBE      Correlation:  PBE
 Using SG-2 standard quadrature grid
 Exchange:  revPBE      Correlation:  PBE
 Using SG-2 standard quadrature grid
Doing General SCFMI
 Exchange:  B97M-V      Correlation:  B97M-V
 Using SG-2 standard quadrature grid
 Nonlocal Correlation:  VV10 with C = 0.0100 and b = 6.00 and scale = 1.00000
 Grid used for NLC:  SG-1 standard quadrature
performing fock build at end of subrot_r(subrot) constructor so that all methods have access
<S^2> of initial wavefunction before polarization iterations 0.0000000000
Beginning iterations for the determination of the polarized wavefunction
Energy prior to optimization (guess energy) = -491.332691576200
Begin Timing: Total SCF Calculation
begin iterations for algorithm: DIIS         
the SCF tolerance is set to 1.00e-08
    1    -491.3326915762      2.24e-04     00000 
    2    -491.3419296321      1.20e-04     00000 
    3    -491.3407741697      1.68e-04     00000 
    4    -491.3433392791      3.98e-05     00000 
    5    -491.3434635389      2.03e-05     00000 
    6    -491.3435052193      7.43e-06     00000 
    7    -491.3435113226      6.75e-06     00000 
    8    -491.3435169975      1.58e-06     00000 
    9    -491.3435178613      9.47e-07     00000 
   10    -491.3435179622      5.60e-07     00000 
   11    -491.3435180001      2.31e-07     00000 
   12    -491.3435180081      1.30e-07     00000 
   13    -491.3435180107      5.47e-08     00000 
   14    -491.3435180111      3.72e-08     00000 
   15    -491.3435180112      2.58e-08     00000 
   16    -491.3435180112      1.65e-08     00000 
   17    -491.3435180113      1.04e-08     00000 
   18    -491.3435180113      5.35e-09     00000 Convergence criterion met
write pseudocanon occs and virts to disk
write pseudocanon orbital energies to disk
Timing for Total SCF: 1825.00s (wall), 1820.84s (cpu)
<S^2> of polarized wavefunction after polarization iterations 0.0000000000
relaxing scfmi constraint to allow all rotations in the entire AO span
Doing General SCFMI
 Exchange:  B97M-V      Correlation:  B97M-V
 Using SG-2 standard quadrature grid
 Nonlocal Correlation:  VV10 with C = 0.0100 and b = 6.00 and scale = 1.00000
 Grid used for NLC:  SG-1 standard quadrature
performing fock build at end of subrot_r(subrot) constructor so that all methods have access
<S^2> of polarized wavefunction before ct-allowed iterations 0.0000000000
Beginning iterations for the determination of the CT-Allowed wavefunction
Energy prior to optimization (guess energy) = -491.343518011270
Begin Timing: Total SCF Calculation
begin iterations for algorithm: DIIS         
the SCF tolerance is set to 1.00e-08
    1    -491.3435180113      2.68e-04     00000 
    2    -491.3549104807      3.51e-05     00000 
    3    -491.3545401986      6.48e-05     00000 
    4    -491.3550306943      1.43e-05     00000 
    5    -491.3550521417      6.65e-06     00000 
    6    -491.3550572257      2.62e-06     00000 
    7    -491.3550579928      9.27e-07     00000 
    8    -491.3550580944      1.88e-07     00000 
    9    -491.3550580980      8.32e-08     00000 
   10    -491.3550580990      3.15e-08     00000 
   11    -491.3550580991      7.44e-09     00000 Convergence criterion met
write pseudocanon occs and virts to disk
write pseudocanon orbital energies to disk
Timing for Total SCF: 1070.00s (wall), 1066.76s (cpu)
<S^2> of ct_allowed wavefunction after ct-allowed iterations 0.0000000000
 Attempting to make child job directory: /scratch/qchemscratch/qchem2249615//FrgBSSE1/
 Attempting to make child job directory: /scratch/qchemscratch/qchem2249615//FrgBSSE2/
 Creating input file /scratch/qchemscratch/qchem2249615/FrgBSSE1.input
 calling putenv with: QCSCRATCH=/scratch/qchemscratch/qchem2249615/ 
 Spawning Job For Fragment 0
 Done Job For Fragment 0
 calling putenv with: QCSCRATCH=/scratch/qchemscratch 
 calling putenv with: QCTHREADS=1 
 Creating input file /scratch/qchemscratch/qchem2249615/FrgBSSE2.input
 calling putenv with: QCSCRATCH=/scratch/qchemscratch/qchem2249615/ 
 Spawning Job For Fragment 1
 Done Job For Fragment 1
 calling putenv with: QCSCRATCH=/scratch/qchemscratch 
 calling putenv with: QCTHREADS=1 
====================================================================
   Evaluating the BSSE with fragment SCF in the supersystem basis
   Fragment contributions (kJ/mol) 
   Frgm 1: 0.4240
   Frgm 2: 0.2428
   BSSE (kJ/mol) = 0.6668
====================================================================

================================
        Results of EDA2         
================================
Basic EDA Quantities
--------------------
Fragment Energies (Ha):
1 -414.9177970429
2  -76.4327581400
--------------------
  E_prp (kJ/mol) = 0.0000
  E_frz (kJ/mol) = 46.9015
  E_pol (kJ/mol) = -28.4251
  E_vct (kJ/mol) = -29.6321 (CP-corrected)
  E_int (kJ/mol) = -11.1558 (CP-corrected)
--------------------


Decomposition of frozen interaction energy
--------------------
  --------------------
  Orthogonal Frozen Decomposition:
  --------------------
     E_elec   (ELEC)   (kJ/mol) = -185.6073
     E_pauli  (PAULI)  (kJ/mol) = 253.0068
     E_disp   (DISP)   (kJ/mol) = -20.4981
  --------------------
  Classical Frozen Decomposition:
  --------------------
     E_cls_elec  (CLS ELEC)  (kJ/mol) = -106.2932
     E_mod_pauli (MOD PAULI) (kJ/mol) = 173.6927 (FRZ - CLS ELEC - DISP)
     E_disp      (DISP)      (kJ/mol) = -20.4981
  --------------------
--------------------

Simplified EDA Summary (kJ/mol)
--------------------
 PREPARATION      0.0000
 FROZEN           46.9015 (ELEC + PAULI + DISP)
[ELEC + PAULI = 67.3995, DISP = -20.4981]
 POLARIZATION    -28.4251
 CHARGE TRANSFER -29.6321     (counterpoise-corrected)
 TOTAL           -11.1558     (PRP + FRZ + POL + CT)
--------------------
 
 --------------------------------------------------------------
 
                    Orbital Energies (a.u.)
 --------------------------------------------------------------
 
 Alpha MOs
 -- Occupied --
-19.1555 -19.1514 -19.1218 -14.4251 -14.4112 -10.3478 -10.3205 -10.2761
-10.2027  -1.0814  -1.0573  -0.9853  -0.9741  -0.9349  -0.7952  -0.6829
 -0.6615  -0.5846  -0.5485  -0.5086  -0.4795  -0.4682  -0.4667  -0.4369
 -0.4117  -0.4089  -0.3969  -0.3578  -0.3402  -0.2869  -0.2861  -0.2642
 -0.2525  -0.2485
 -- Virtual --
 -0.0892  -0.0360  -0.0355  -0.0107  -0.0037   0.0103   0.0142   0.0193
  0.0371   0.0446   0.0476   0.0501   0.0579   0.0650   0.0706   0.0733
  0.0753   0.0793   0.0852   0.0885   0.0986   0.1005   0.1021   0.1121
  0.1148   0.1221   0.1402   0.1428   0.1447   0.1505   0.1527   0.1581
  0.1632   0.1711   0.1767   0.1834   0.1871   0.1893   0.1913   0.1944
  0.2010   0.2082   0.2091   0.2134   0.2232   0.2262   0.2290   0.2316
  0.2384   0.2412   0.2489   0.2543   0.2620   0.2670   0.2764   0.2830
  0.2839   0.2912   0.3004   0.3062   0.3114   0.3176   0.3211   0.3301
  0.3370   0.3409   0.3416   0.3531   0.3602   0.3632   0.3701   0.3749
  0.3788   0.3832   0.3953   0.4000   0.4018   0.4123   0.4203   0.4272
  0.4322   0.4375   0.4461   0.4570   0.4634   0.4712   0.4815   0.4850
  0.4915   0.5003   0.5055   0.5149   0.5169   0.5274   0.5381   0.5397
  0.5448   0.5500   0.5588   0.5690   0.5885   0.5931   0.6051   0.6096
  0.6209   0.6280   0.6412   0.6448   0.6493   0.6579   0.6681   0.6716
  0.6853   0.6971   0.6987   0.7102   0.7145   0.7237   0.7331   0.7390
  0.7443   0.7527   0.7552   0.7644   0.7652   0.7711   0.7885   0.7940
  0.8018   0.8038   0.8100   0.8161   0.8306   0.8416   0.8516   0.8533
  0.8670   0.8688   0.8807   0.8874   0.8896   0.8983   0.9062   0.9094
  0.9181   0.9254   0.9318   0.9454   0.9534   0.9665   0.9752   0.9798
  0.9878   0.9946   0.9999   1.0031   1.0091   1.0172   1.0268   1.0345
  1.0461   1.0540   1.0604   1.0654   1.0693   1.0919   1.0981   1.1130
  1.1159   1.1272   1.1376   1.1404   1.1453   1.1652   1.1702   1.1735
  1.1826   1.2000   1.2051   1.2099   1.2363   1.2392   1.2528   1.2552
  1.2621   1.2780   1.2842   1.2871   1.2995   1.3133   1.3208   1.3266
  1.3390   1.3470   1.3576   1.3650   1.3685   1.3709   1.3942   1.3998
  1.4011   1.4158   1.4229   1.4249   1.4451   1.4619   1.4671   1.4716
  1.4770   1.4967   1.5034   1.5152   1.5304   1.5339   1.5532   1.5655
  1.5735   1.5931   1.6082   1.6215   1.6493   1.6525   1.6656   1.6824
  1.6927   1.7076   1.7171   1.7421   1.7547   1.7686   1.7809   1.7985
  1.8095   1.8213   1.8387   1.8531   1.8728   1.9077   1.9253   1.9319
  1.9418   1.9488   1.9579   1.9724   1.9908   1.9995   2.0150   2.0181
  2.0365   2.0494   2.0538   2.0884   2.0914   2.1103   2.1229   2.1326
  2.1494   2.1671   2.2061   2.2205   2.2271   2.2415   2.2455   2.2529
  2.2601   2.2854   2.2895   2.2993   2.3100   2.3360   2.3394   2.3467
  2.3549   2.3760   2.3945   2.4022   2.4192   2.4354   2.4465   2.4495
  2.4608   2.4726   2.4851   2.5060   2.5176   2.5260   2.5414   2.5531
  2.5738   2.5988   2.6068   2.6112   2.6294   2.6541   2.6848   2.6940
  2.6975   2.7253   2.7311   2.7410   2.7597   2.7893   2.7989   2.8057
  2.8430   2.8476   2.8535   2.8894   2.9213   2.9279   2.9373   2.9730
  2.9873   3.0212   3.0247   3.0583   3.0885   3.1015   3.1072   3.1508
  3.1583   3.1736   3.1929   3.2218   3.2379   3.2643   3.2715   3.2736
  3.3117   3.3247   3.3608   3.3896   3.4030   3.4244   3.4349   3.4567
  3.4664   3.4750   3.4884   3.5205   3.5343   3.5506   3.5900   3.6015
  3.6443   3.6530   3.6807   3.6999   3.7117   3.7210   3.7446   3.7650
  3.7729   3.7946   3.8500   3.8590   3.8629   3.9239   3.9497   3.9564
  3.9691   3.9800   3.9907   4.0033   4.0189   4.0350   4.0460   4.0808
  4.0867   4.0990   4.1237   4.1346   4.1470   4.1702   4.1807   4.1957
  4.2206   4.2377   4.2432   4.2708   4.2780   4.3052   4.3273   4.3328
  4.3437   4.3990   4.4140   4.4263   4.4402   4.4474   4.4540   4.4771
  4.4942   4.5170   4.5356   4.5542   4.5811   4.6188   4.6642   4.6882
  4.6942   4.7092   4.7148   4.7646   4.7693   4.7913   4.7989   4.8127
  4.8319   4.8332   4.8677   4.8887   4.8945   4.9727   4.9787   5.0053
  5.0255   5.0547   5.0704   5.1409   5.1414   5.1621   5.1771   5.2166
  5.2571   5.2673   5.2722   5.2948   5.3074   5.3291   5.3439   5.3711
  5.3919   5.4028   5.4142   5.4456   5.4755   5.5113   5.5480   5.5761
  5.5890   5.6161   5.6197   5.6861   5.6976   5.7160   5.7713   5.7818
  5.8091   5.8259   5.8520   5.9021   5.9378   5.9880   6.0274   6.0432
  6.1159   6.1892   6.2995   6.3406   6.4036   6.4203   6.4586   6.4721
  6.5273   6.5785   6.5952   6.6394   6.6674   6.6792   6.6985   6.7456
  6.7565   6.7767   6.8038   6.8258   6.8330   6.9040   6.9212   6.9453
  7.0204   7.0428   7.0660   7.0707   7.0829   7.1175   7.1398   7.1620
  7.2029   7.2500   7.2652   7.2905   7.3260   7.3508   7.4112   7.4806
  7.4833   7.5391   7.6129   7.6422   7.6571   7.7055   7.7554   7.7626
  7.8924   7.9660   8.0091   8.1889   8.9078  15.4970  15.6862  16.0506
 16.5244  16.8513  17.8375  19.2059  19.5355  20.1118
 --------------------------------------------------------------
 
          Ground-State Mulliken Net Atomic Charges

     Atom                 Charge (a.u.)
  ----------------------------------------
      1 N                     0.253133
      2 H                     0.052648
      3 C                    -0.257265
      4 O                    -0.589802
      5 N                     0.452671
      6 C                     0.086476
      7 O                    -0.568011
      8 C                     0.042359
      9 H                     0.587170
     10 C                    -0.792238
     11 H                     0.732916
     12 H                     0.062339
     13 O                    -0.587577
     14 H                     0.329932
     15 H                     0.195250
  ----------------------------------------
  Sum of atomic charges =     0.000000

 -----------------------------------------------------------------
                    Cartesian Multipole Moments
 -----------------------------------------------------------------
    Charge (ESU x 10^10)
                 0.0000
    Dipole Moment (Debye)
         X       1.8325      Y       3.1553      Z       1.1748
       Tot       3.8333
    Quadrupole Moments (Debye-Ang)
        XX     -68.7879     XY       5.9660     YY     -45.3372
        XZ      -5.4647     YZ       0.2908     ZZ     -52.0353
    Octopole Moments (Debye-Ang^2)
       XXX     -15.0010    XXY      17.2917    XYY      15.4370
       YYY      10.1075    XXZ      22.9470    XYZ      -1.2156
       YYZ       0.0057    XZZ      -4.7244    YZZ      -3.6458
       ZZZ       1.1910
    Hexadecapole Moments (Debye-Ang^3)
      XXXX   -1414.6678   XXXY      90.0757   XXYY    -264.2190
      XYYY       5.2289   YYYY    -329.9075   XXXZ     -97.9700
      XXYZ       5.1033   XYYZ      -0.7691   YYYZ      -0.1345
      XXZZ    -197.8400   XYZZ       0.5035   YYZZ     -77.7743
      XZZZ      -5.6802   YZZZ       0.2076   ZZZZ     -52.9061
 -----------------------------------------------------------------
 Total job time:  7354.63s(wall), 4756.80s(cpu) 
 Thu Mar 28 16:32:05 2024

        *************************************************************
        *                                                           *
        *  Thank you very much for using Q-Chem.  Have a nice day.  *
        *                                                           *
        *************************************************************


