
Running Job 1 of 1 U-wat_7_1.3.inp
qchem U-wat_7_1.3.inp_4086562.0 /scratch/qchemscratch/qchem4086562/ 1
/opt/qchem/6.1/exe/qcprog.exe_s U-wat_7_1.3.inp_4086562.0 /scratch/qchemscratch/qchem4086562/
                  Welcome to Q-Chem
     A Quantum Leap Into The Future Of Chemistry


 Q-Chem 6.1, Q-Chem, Inc., Pleasanton, CA (2023)

 License issued to: SRG Pengyu Ren, University of Texas at Austin

 E. Epifanovsky,  A. T. B. Gilbert,  Xintian Feng,  Joonho Lee,  Yuezhi Mao,  
 N. Mardirossian,  P. Pokhilko,  A. White,  M. Wormit,  M. P. Coons,  
 A. L. Dempwolff,  Zhengting Gan,  D. Hait,  P. R. Horn,  L. D. Jacobson,  
 I. Kaliman,  J. Kussmann,  A. W. Lange,  Ka Un Lao,  D. S. Levine,  Jie Liu,  
 S. C. McKenzie,  A. F. Morrison,  K. D. Nanda,  F. Plasser,  D. R. Rehn,  
 M. L. Vidal,  Zhi-Qiang You,  Ying Zhu,  B. Alam,  B. Albrecht,  
 A. Aldossary,  E. Alguire,  J. H. Andersen,  V. Athavale,  D. Barton,  
 K. Begam,  A. Behn,  N. Bellonzi,  Y. A. Bernard,  E. J. Berquist,  
 H. Burton,  A. Carreras,  K. Carter-Fenk,  Mathew Chow,  Romit Chakraborty,  
 Chandrima Chakravarty,  Junhan Chen,  A. D. Chien,  K. D. Closser,  
 V. Cofer-Shabica,  L. Cunha,  S. Dasgupta,  Jia Deng,  M. de Wergifosse,  
 M. Diedenhofen,  Hainam Do,  S. Ehlert,  Po-Tung Fang,  S. Fatehi,  
 Qingguo Feng,  T. Friedhoff,  Thomas Froitzheim,  B. Ganoe,  J. Gayvert,  
 Qinghui Ge,  G. Gidofalvi,  M. Gimferrer,  M. Goldey,  Montgomery Gray,  
 J. Gomes,  C. Gonzalez-Espinoza,  S. Gulania,  A. Gunina,  J. A. Gyamfi,  
 M. W. D. Hanson-Heine,  P. H. P. Harbach,  A. W. Hauser,  M. F. Herbst,  
 M. Hernandez Vera,  M. Hodecker,  Z. C. Holden,  S. Houck,  Xunkun Huang,  
 Kerwin Hui,  B. C. Huynh,  K. Ikeda,  M. Ivanov,  Hyunjun Ji,  Zuxin Jin,  
 Hanjie Jiang,  Subrata Jana,  B. Kaduk,  S. Kaehler,  R. Kang,  
 K. Khistyaev,  Jaehoon Kim,  Yongbin Kim,  P. Klunzinger,  Z. Koczor-Benda,  
 Joong Hoon Koh,  D. Kosenkov,  Saikiran Kotaru,  L. Koulias,  T. Kowalczyk,  
 C. M. Krauter,  K. Kue,  A. Kunitsa,  T. Kus,  A. Landau,  K. V. Lawler,  
 D. Lefrancois,  S. Lehtola,  Rain Li,  Shaozhi Li,  Yi-Pei Li,  
 Jiashu Liang,  M. Liebenthal,  Hung-Hsuan Lin,  You-Sheng Lin,  Fenglai Liu,  
 Kuan-Yu Liu,  Xiao Liu,  M. Loipersberger,  A. Luenser,  C. Malbon,  
 A. Manjanath,  P. Manohar,  E. Mansoor,  S. F. Manzer,  Shan-Ping Mao,  
 A. V. Marenich,  T. Markovich,  S. Mason,  F. Matz,  S. A. Maurer,  
 P. F. McLaughlin,  M. F. S. J. Menger,  J.-M. Mewes,  S. A. Mewes,  
 P. Morgante,  Mohammad Mostafanejad,  J. W. Mullinax,  K. J. Oosterbaan,  
 G. Paran,  V. Parravicini,  Alexander C. Paul,  Suranjan K. Paul,  
 F. Pavosevic,  Zheng Pei,  S. Prager,  E. I. Proynov,  E. Ramos,  B. Rana,  
 A. E. Rask,  A. Rettig,  R. M. Richard,  F. Rob,  E. Rossomme,  T. Scheele,  
 M. Scheurer,  M. Schneider,  P. E. Schneider,  Tim K. Schramm,  N. Sergueev,  
 S. M. Sharada,  M. Sharma,  Hengyuan Shen,  W. Skomorowski,  D. W. Small,  
 C. J. Stein,  Alistair J. Sterling,  Yingli Su,  Yu-Chuan Su,  
 E. J. Sundstrom,  J. Talbot,  Zhen Tao,  J. Thirman,  Hung-Yi Tsai,  
 T. Tsuchimochi,  N. M. Tubman,  C. Utku,  S. P. Veccham,  O. Vydrov,  
 J. Wenzel,  Jonathan Wong,  J. Witte,  A. Yamada,  Chou-Hsun Yang,  Kun Yao,  
 S. Yeganeh,  S. R. Yost,  A. Zech,  F. Zeller,  Igor Ying Zhang,  
 Xing Zhang,  Yu Zhang,  D. Zuev,  A. Aspuru-Guzik,  A. T. Bell,  
 N. A. Besley,  K. B. Bravaya,  B. R. Brooks,  D. Casanova,  Jeng-Da Chai,  
 Hsing-Ta Chen,  S. Coriani,  C. J. Cramer,  A. E. DePrince, III,  
 R. A. DiStasio Jr.,  A. Dreuw,  B. D. Dunietz,  T. R. Furlani,  
 W. A. Goddard III,  S. Grimme,  S. Hammes-Schiffer,  T. Head-Gordon,  
 W. J. Hehre,  Chao-Ping Hsu,  T.-C. Jagau,  Yousung Jung,  A. Klamt,  
 Jing Kong,  D. S. Lambrecht,  Xiangyuan Li,  WanZhen Liang,  N. J. Mayhall,  
 C. W. McCurdy,  J. B. Neaton,  T. Neudecker,  C. Ochsenfeld,  
 J. A. Parkhill,  R. Peverati,  V. A. Rassolov,  Haisheng Ren,  Yihan Shao,  
 L. V. Slipchenko,  R. P. Steele,  J. E. Subotnik,  A. J. W. Thom,  
 A. Tkatchenko,  D. G. Truhlar,  T. Van Voorhis,  Fan Wang,  
 T. A. Wesolowski,  K. B. Whaley,  H. L. Woodcock III,  P. M. Zimmerman,  
 S. Faraji,  P. M. W. Gill,  M. Head-Gordon,  J. M. Herbert,  A. I. Krylov

 Contributors to earlier versions of Q-Chem not listed above: 
 R. D. Adamson,  B. Austin,  R. Baer,  J. Baker,  G. J. O. Beran,  
 K. Brandhorst,  S. T. Brown,  E. F. C. Byrd,  Arup K. Chakraborty,  
 G. K. L. Chan,  Chun-Min Chang,  Yunqing Chen,  C.-L. Cheng,  
 Siu Hung Chien,  D. M. Chipman,  D. L. Crittenden,  H. Dachsel,  
 R. J. Doerksen,  A. D. Dutoi,  R. G. Edgar,  J. Fosso-Tande,  
 L. Fusti-Molnar,  D. Ghosh,  A. Ghysels,  A. Golubeva-Zadorozhnaya,  
 J. Gonthier,  M. S. Gordon,  S. R. Gwaltney,  G. Hawkins,  J. E. Herr,  
 A. Heyden,  S. Hirata,  E. G. Hohenstein,  G. Kedziora,  F. J. Keil,  
 C. Kelley,  Jihan Kim,  R. A. King,  R. Z. Khaliullin,  P. P. Korambath,  
 W. Kurlancheek,  A. Laurent,  A. M. Lee,  M. S. Lee,  S. V. Levchenko,  
 Ching Yeh Lin,  D. Liotard,  E. Livshits,  R. C. Lochan,  I. Lotan,  
 L. A. Martinez-Martinez,  P. E. Maslen,  N. Nair,  D. P. O'Neill,  
 D. Neuhauser,  E. Neuscamman,  C. M. Oana,  R. Olivares-Amaya,  R. Olson,  
 T. M. Perrine,  B. Peters,  P. A. Pieniazek,  A. Prociuk,  Y. M. Rhee,  
 J. Ritchie,  M. A. Rohrdanz,  E. Rosta,  N. J. Russ,  H. F. Schaefer III,  
 M. W. Schmidt,  N. E. Schultz,  S. Sharma,  N. Shenvi,  C. D. Sherrill,  
 A. C. Simmonett,  A. Sodt,  T. Stein,  D. Stuck,  K. S. Thanthiriwatte,  
 V. Vanovschi,  L. Vogt,  Tao Wang,  A. Warshel,  M. A. Watson,  
 C. F. Williams,  Q. Wu,  X. Xu,  Jun Yang,  W. Zhang,  Yan Zhao

   Please cite Q-Chem as follows:
  "Software for the frontiers of quantum chemistry:
   An overview of developments in the Q-Chem 5 package"
   J. Chem. Phys. 155, 084801 (2021)
   https://doi.org/10.1063/5.0055522 (open access)

 Q-Chem 6.1.1 for Intel X86 EM64T Linux

 Parts of Q-Chem use Armadillo 9.900.5 (Nocturnal Misbehaviour).
 http://arma.sourceforge.net/

 Q-Chem begins on Mon Mar 11 12:52:24 2024  

 Host: 
0

     Scratch files written to /scratch/qchemscratch/qchem4086562//
 Jan1824 |scratch|qcdevops|jenkins|workspace|build_RNUM UKVU   
 Processing $rem in /opt/qchem/6.1/config/preferences:
 Processing $rem in /home/mm227274/.qchemrc:

 Q-Chem warning in module libgen/rem_setup.C, line 3361:

 Neither GIA nor STOLL is specified by user. Use STOLL as the default


 Checking the input file for inconsistencies... 	...done.

--------------------------------------------------------------
User input:
--------------------------------------------------------------
$molecule
0 1
--
0 1
N 1.99977 0.3558 0.00673
H 2.86582 0.88171 0.00875
C 0.84404 1.13325 -0.00396
O 0.87029 2.35642 -0.00428
N -0.31391 0.37393 -0.0105
C -0.42517 -1.01766 -0.0039
O -1.53457 -1.56924 -0.00766
C 0.84475 -1.72291 0.0086
H 0.83593 -2.80464 0.01192
C 1.99902 -1.01742 0.01154
H 2.97739 -1.4873 0.01848
H -1.20519 0.89117 -0.03122
--
0 1
O -4.33684625 1.00741025 -0.01988850000000001
H -4.76483625 1.14459025 0.8395115
H -4.1372462500000005 0.04763025000000004 -0.045498500000000004
$end

$rem
JOBTYPE          eda
EDA2             2
METHOD           b97m-v
BASIS            aug-cc-pvtz
SCF_CONVERGENCE  8
THRESH           14
SYMMETRY         false
DISP_FREE_X      revPBE
DISP_FREE_C      PBE
EDA_BSSE         true
$end
--------------------------------------------------------------
 ----------------------------------------------------------------
             Standard Nuclear Orientation (Angstroms)
    I     Atom           X                Y                Z
 ----------------------------------------------------------------
    1      N       2.1308731081     0.5494115120     0.0153546164
    2      H       2.9363218854     1.1640830148     0.0230501838
    3      C       0.8994614467     1.2000712295    -0.0074897210
    4      O       0.7960583101     2.4191391940    -0.0113759883
    5      N      -0.1714829530     0.3223803943    -0.0214441847
    6      C      -0.1348314093    -1.0731490134    -0.0114736075
    7      O      -1.1795199790    -1.7391209608    -0.0228820054
    8      C       1.2024638395    -1.6399180963     0.0139201498
    9      H       1.3081967433    -2.7164893502     0.0205153156
   10      C       2.2754798748    -0.8161520137     0.0244104121
   11      H       3.2980028723    -1.1797628737     0.0410566419
   12      H      -1.1123031225     0.7422776288    -0.0512820047
   13      O      -4.2386430768     0.5262426013    -0.0667230002
   14      H      -4.6862245914     0.6192049549     0.7886078954
   15      H      -3.9383294171    -0.4070560310    -0.0876765030
 ----------------------------------------------------------------
 Molecular Point Group                 C1    NOp =  1
 Largest Abelian Subgroup              C1    NOp =  1
 Nuclear Repulsion Energy =         425.85315887 hartrees
 There are       34 alpha and       34 beta electrons
 Requested basis set is aug-cc-pVTZ
 There are 180 shells and 552 basis functions

 Total QAlloc Memory Limit  16000 MB
 Mega-Array Size       188 MB
 MEM_STATIC part       192 MB


                       Distance Matrix (Angstroms)
             N (  1)   H (  2)   C (  3)   O (  4)   N (  5)   C (  6)
   H (  2)  1.013227
   C (  3)  1.392930  2.037407
   O (  4)  2.297461  2.481346  1.223452
   N (  5)  2.313815  3.220077  1.384723  2.309250
   C (  6)  2.786905  3.799787  2.497460  3.614226  1.396046
   O (  7)  4.024617  5.036949  3.600174  4.603713  2.294761  1.238960
   C (  8)  2.378048  3.296782  2.856188  4.079430  2.395745  1.452663
   H (  9)  3.367927  4.208282  3.937930  5.161200  3.380228  2.187218
   C ( 10)  1.373229  2.087593  2.441229  3.557679  2.699257  2.424239
   H ( 11)  2.086360  2.371656  3.379196  4.383443  3.781226  3.434891
   H ( 12)  3.249589  4.071217  2.063659  2.540728  1.030702  2.062234
   O ( 13)  6.370087  7.203820  5.182439  5.379065  4.072518  4.404813
   H ( 14)  6.861167  7.680246  5.671954  5.825390  4.596431  4.921318
   H ( 15)  6.144971  7.052770  5.098383  5.514311  3.837394  3.862135
             O (  7)   C (  8)   H (  9)   C ( 10)   H ( 11)   H ( 12)
   C (  8)  2.384333
   H (  9)  2.673175  1.081771
   C ( 10)  3.576469  1.352799  2.132354
   H ( 11)  4.512780  2.145638  2.514215  1.085377
   H ( 12)  2.482471  3.322236  4.222208  3.729813  4.811815
   O ( 13)  3.806840  5.856996  6.425757  6.651626  7.728072  3.133833
   H ( 14)  4.303161  6.354560  6.902891  7.149096  8.218455  3.673347
   H ( 15)  3.064249  5.287535  5.733343  6.228270  7.278609  3.051019
             O ( 13)   H ( 14)
   H ( 14)  0.969826
   H ( 15)  0.980650  1.542865
 
 A cutoff of  1.0D-14 yielded  14958 shell pairs
 There are    139012 function pairs (    189528 Cartesian)
 Smallest overlap matrix eigenvalue = 3.68E-06

 Scale SEOQF with 1.000000e-01/1.000000e-01/1.000000e-01

 Standard Electronic Orientation quadrupole field applied
 Nucleus-field energy     =     0.0000000193 hartrees

 -----------------------------------------------------------------------
  General SCF calculation program by
  Eric Jon Sundstrom, Paul Horn, Yuezhi Mao, Dmitri Zuev, Alec White,
  David Stuck, Shaama M.S., Shane Yost, Joonho Lee, David Small,
  Daniel Levine, Susi Lehtola, Hugh Burton, Evgeny Epifanovsky,
  Bang C. Huynh
 -----------------------------------------------------------------------
================================================================
                 ALMO-EDA with the EDA2 driver                  
================================================================
 The second-generation ALMO-EDA (for DFT):                      
 P. R. Horn, Y. Mao and M. Head-Gordon, PCCP, 18, 23067 (2016)  
 Y. Mao et al. Annu. Rev. Phys. Chem. 72, 641 (2021)            
 Decomposition of the frozen energy:                            
 P. R. Horn, Y. Mao and M. Head-Gordon, JCP, 144, 114107 (2016) 
================================================================
 Using eda2 option set 2
 Option set summary: Frozen orbital wavefunction, initial wavefunction decomposition, and traditional AO-based POL.
--------------------------------
Printing EDA Options
--------------------------------
eda_child_super_basis      0
fragmo_guess_mode          0
child_mp                   0
child_mp_orders            0
cls_elec                   1
cls_disp                   0
scfmi_mode                 1
scfmi_occs                 0
scfmi_virts                0
frz_relax                  0
frz_relax_method           0
dc_pen_start               0
dc_pen_conv                0
dc_pen_increment           0
dc_pen_steps               0
dc_pen_thresh_factor       0
dc_pen_pre_newton_thresh   0
frz_ortho_decomp           1
frz_ortho_decomp_conv      6
plot_mo_ortho_frz          0
frgm_method                2
scfmi_freeze_ss            0
separate_rehyb             0
plot_diff_den              0
eda_nocv                   0
eda_vct_relax              1
disp_free_x                33
disp_free_c                25
eda_bsse                   1
eda_pct_a                  0
eda_covp                   0
eda_vct_a                  0
--------------------------------
 Attempting to make child job directory: /scratch/qchemscratch/qchem4086562//Frg1/
 Attempting to make child job directory: /scratch/qchemscratch/qchem4086562//Frg2/
 Creating input file /scratch/qchemscratch/qchem4086562/Frg1.input
 using default PutDataFrgm: nothing
 calling putenv with: QCSCRATCH=/scratch/qchemscratch/qchem4086562/ 
 Spawning Job For Fragment 0
 Done Job For Fragment 0
 calling putenv with: QCSCRATCH=/scratch/qchemscratch 
 calling putenv with: QCTHREADS=1 
 Creating input file /scratch/qchemscratch/qchem4086562/Frg2.input
 using default PutDataFrgm: nothing
 calling putenv with: QCSCRATCH=/scratch/qchemscratch/qchem4086562/ 
 Spawning Job For Fragment 1
 Done Job For Fragment 1
 calling putenv with: QCSCRATCH=/scratch/qchemscratch 
 calling putenv with: QCTHREADS=1 
Doing General SCFMI
 Exchange:  B97M-V      Correlation:  B97M-V
 Using SG-2 standard quadrature grid
 Nonlocal Correlation:  VV10 with C = 0.0100 and b = 6.00 and scale = 1.00000
 Grid used for NLC:  SG-1 standard quadrature
performing fock build before subrot guess so that all methods have access
Printing subrot_rss_gen Method Specification:
Occupied Subspace Method is 0
Virtual Subspace Method is 0
Energy of the unrelaxed supersystem initial determinant -491.354568307625
write pseudocanon occs and virts to disk
write pseudocanon orbital energies to disk
Tolerance of ortho_decomp_scf: 1.00e-06
GDM subspace size: 20
Beginning the Orthogonal Decomposition of the Initial Supersystem Wavefunction
    1    -491.3464993192      2.13e-02     ortho_decomp Preconditoned Steepest Descent
    2    -491.3468359877      3.57e-05     ortho_decomp BFGS Step
    3    -491.3468359925      1.76e-07     ortho_decomp 00000 Convergence criterion met
 Exchange:  revPBE      Correlation:  PBE
 Using SG-2 standard quadrature grid
 Exchange:  revPBE      Correlation:  PBE
 Using SG-2 standard quadrature grid
 Exchange:  revPBE      Correlation:  PBE
 Using SG-2 standard quadrature grid
Doing General SCFMI
 Exchange:  B97M-V      Correlation:  B97M-V
 Using SG-2 standard quadrature grid
 Nonlocal Correlation:  VV10 with C = 0.0100 and b = 6.00 and scale = 1.00000
 Grid used for NLC:  SG-1 standard quadrature
performing fock build at end of subrot_r(subrot) constructor so that all methods have access
<S^2> of initial wavefunction before polarization iterations 0.0000000000
Beginning iterations for the determination of the polarized wavefunction
Energy prior to optimization (guess energy) = -491.354568307625
Begin Timing: Total SCF Calculation
begin iterations for algorithm: DIIS         
the SCF tolerance is set to 1.00e-08
    1    -491.3545683076      3.41e-05     00000 
    2    -491.3548189944      3.17e-05     00000 
    3    -491.3548454744      3.09e-05     00000 
    4    -491.3549289117      5.51e-06     00000 
    5    -491.3549299257      4.56e-06     00000 
    6    -491.3549317014      1.27e-06     00000 
    7    -491.3549318184      5.60e-07     00000 
    8    -491.3549318448      1.09e-07     00000 
    9    -491.3549318454      6.99e-08     00000 
   10    -491.3549318460      2.75e-08     00000 
   11    -491.3549318460      7.95e-09     00000 Convergence criterion met
write pseudocanon occs and virts to disk
write pseudocanon orbital energies to disk
Timing for Total SCF: 1577.00s (wall), 1564.69s (cpu)
<S^2> of polarized wavefunction after polarization iterations 0.0000000000
relaxing scfmi constraint to allow all rotations in the entire AO span
Doing General SCFMI
 Exchange:  B97M-V      Correlation:  B97M-V
 Using SG-2 standard quadrature grid
 Nonlocal Correlation:  VV10 with C = 0.0100 and b = 6.00 and scale = 1.00000
 Grid used for NLC:  SG-1 standard quadrature
performing fock build at end of subrot_r(subrot) constructor so that all methods have access
<S^2> of polarized wavefunction before ct-allowed iterations 0.0000000000
Beginning iterations for the determination of the CT-Allowed wavefunction
Energy prior to optimization (guess energy) = -491.354931846042
Begin Timing: Total SCF Calculation
begin iterations for algorithm: DIIS         
the SCF tolerance is set to 1.00e-08
    1    -491.3549318460      3.64e-05     00000 
    2    -491.3553337956      2.40e-06     00000 
    3    -491.3553324418      4.28e-06     00000 
    4    -491.3553345298      1.10e-06     00000 
    5    -491.3553346464      5.95e-07     00000 
    6    -491.3553346874      1.51e-07     00000 
    7    -491.3553346895      7.40e-08     00000 
    8    -491.3553346902      1.36e-08     00000 
    9    -491.3553346902      4.53e-09     00000 Convergence criterion met
write pseudocanon occs and virts to disk
write pseudocanon orbital energies to disk
Timing for Total SCF: 1247.00s (wall), 1236.62s (cpu)
<S^2> of ct_allowed wavefunction after ct-allowed iterations 0.0000000000
 Attempting to make child job directory: /scratch/qchemscratch/qchem4086562//FrgBSSE1/
 Attempting to make child job directory: /scratch/qchemscratch/qchem4086562//FrgBSSE2/
 Creating input file /scratch/qchemscratch/qchem4086562/FrgBSSE1.input
 calling putenv with: QCSCRATCH=/scratch/qchemscratch/qchem4086562/ 
 Spawning Job For Fragment 0
 Done Job For Fragment 0
 calling putenv with: QCSCRATCH=/scratch/qchemscratch 
 calling putenv with: QCTHREADS=1 
 Creating input file /scratch/qchemscratch/qchem4086562/FrgBSSE2.input
 calling putenv with: QCSCRATCH=/scratch/qchemscratch/qchem4086562/ 
 Spawning Job For Fragment 1
 Done Job For Fragment 1
 calling putenv with: QCSCRATCH=/scratch/qchemscratch 
 calling putenv with: QCTHREADS=1 
====================================================================
   Evaluating the BSSE with fragment SCF in the supersystem basis
   Fragment contributions (kJ/mol) 
   Frgm 1: 0.0325
   Frgm 2: 0.0691
   BSSE (kJ/mol) = 0.1016
====================================================================

================================
        Results of EDA2         
================================
Basic EDA Quantities
--------------------
Fragment Energies (Ha):
1 -414.9169428771
2  -76.4329129128
--------------------
  E_prp (kJ/mol) = 0.0000
  E_frz (kJ/mol) = -12.3729
  E_pol (kJ/mol) = -0.9545
  E_vct (kJ/mol) = -0.9561 (CP-corrected)
  E_int (kJ/mol) = -14.2834 (CP-corrected)
--------------------


Decomposition of frozen interaction energy
--------------------
  --------------------
  Orthogonal Frozen Decomposition:
  --------------------
     E_elec   (ELEC)   (kJ/mol) = -15.7524
     E_pauli  (PAULI)  (kJ/mol) = 5.9671
     E_disp   (DISP)   (kJ/mol) = -2.5875
  --------------------
  Classical Frozen Decomposition:
  --------------------
     E_cls_elec  (CLS ELEC)  (kJ/mol) = -11.7770
     E_mod_pauli (MOD PAULI) (kJ/mol) = 1.9916 (FRZ - CLS ELEC - DISP)
     E_disp      (DISP)      (kJ/mol) = -2.5875
  --------------------
--------------------

Simplified EDA Summary (kJ/mol)
--------------------
 PREPARATION      0.0000
 FROZEN           -12.3729 (ELEC + PAULI + DISP)
[ELEC + PAULI = -9.7853, DISP = -2.5875]
 POLARIZATION    -0.9545
 CHARGE TRANSFER -0.9561     (counterpoise-corrected)
 TOTAL           -14.2834     (PRP + FRZ + POL + CT)
--------------------
 
 --------------------------------------------------------------
 
                    Orbital Energies (a.u.)
 --------------------------------------------------------------
 
 Alpha MOs
 -- Occupied --
-19.1554 -19.1446 -19.1370 -14.4201 -14.4026 -10.3415 -10.3070 -10.2738
-10.2081  -1.0728  -1.0346  -0.9961  -0.9784  -0.9260  -0.7919  -0.6763
 -0.6527  -0.5800  -0.5405  -0.5032  -0.4919  -0.4608  -0.4567  -0.4349
 -0.4056  -0.3973  -0.3832  -0.3580  -0.3540  -0.2801  -0.2762  -0.2737
 -0.2474  -0.2431
 -- Virtual --
 -0.0818  -0.0351  -0.0292  -0.0218  -0.0018   0.0049   0.0147   0.0256
  0.0306   0.0349   0.0466   0.0511   0.0585   0.0599   0.0690   0.0736
  0.0749   0.0786   0.0824   0.0872   0.0901   0.0979   0.1016   0.1085
  0.1108   0.1156   0.1182   0.1280   0.1388   0.1458   0.1492   0.1530
  0.1571   0.1633   0.1692   0.1712   0.1750   0.1862   0.1903   0.1916
  0.1959   0.1999   0.2022   0.2068   0.2153   0.2194   0.2235   0.2281
  0.2349   0.2362   0.2407   0.2455   0.2502   0.2576   0.2656   0.2697
  0.2748   0.2751   0.2914   0.2953   0.3025   0.3050   0.3076   0.3184
  0.3259   0.3301   0.3371   0.3390   0.3427   0.3493   0.3537   0.3608
  0.3676   0.3712   0.3761   0.3864   0.3901   0.3996   0.4068   0.4145
  0.4192   0.4255   0.4314   0.4331   0.4493   0.4657   0.4727   0.4872
  0.4888   0.4950   0.4961   0.5048   0.5084   0.5114   0.5180   0.5307
  0.5342   0.5476   0.5498   0.5611   0.5664   0.5719   0.5823   0.5857
  0.5994   0.6106   0.6149   0.6188   0.6264   0.6316   0.6437   0.6447
  0.6601   0.6681   0.6862   0.6910   0.6969   0.7011   0.7081   0.7213
  0.7365   0.7383   0.7420   0.7434   0.7460   0.7547   0.7585   0.7725
  0.7744   0.7844   0.7902   0.7954   0.7982   0.8058   0.8155   0.8173
  0.8245   0.8324   0.8372   0.8424   0.8527   0.8570   0.8698   0.8808
  0.8854   0.8947   0.9046   0.9097   0.9216   0.9275   0.9404   0.9428
  0.9512   0.9562   0.9709   0.9722   0.9767   0.9809   0.9903   0.9965
  1.0035   1.0100   1.0136   1.0269   1.0368   1.0383   1.0457   1.0597
  1.0653   1.0716   1.0722   1.0807   1.0866   1.0939   1.1143   1.1178
  1.1267   1.1307   1.1423   1.1575   1.1707   1.1764   1.1932   1.2006
  1.2179   1.2254   1.2393   1.2458   1.2573   1.2624   1.2759   1.2850
  1.2971   1.3044   1.3136   1.3228   1.3248   1.3336   1.3404   1.3483
  1.3533   1.3765   1.3794   1.3896   1.4025   1.4078   1.4174   1.4412
  1.4487   1.4573   1.4614   1.4648   1.4767   1.4894   1.5040   1.5146
  1.5205   1.5419   1.5621   1.5721   1.5794   1.5868   1.6052   1.6344
  1.6404   1.6750   1.6889   1.6975   1.7014   1.7086   1.7343   1.7402
  1.7551   1.7667   1.7731   1.8041   1.8132   1.8295   1.8536   1.8735
  1.9102   1.9226   1.9255   1.9342   1.9567   1.9609   1.9622   1.9971
  2.0010   2.0067   2.0232   2.0387   2.0540   2.0656   2.0855   2.0956
  2.0974   2.1233   2.1331   2.1510   2.1636   2.1854   2.1943   2.2153
  2.2292   2.2352   2.2529   2.2651   2.2728   2.2859   2.2916   2.3020
  2.3038   2.3105   2.3136   2.3239   2.3408   2.3518   2.3554   2.3767
  2.3909   2.3998   2.4246   2.4285   2.4383   2.4480   2.4661   2.4943
  2.4980   2.5227   2.5441   2.5631   2.5659   2.5712   2.5851   2.5936
  2.6247   2.6266   2.6312   2.6628   2.6786   2.6902   2.7281   2.7310
  2.7520   2.7765   2.7914   2.7990   2.8300   2.8375   2.8395   2.9088
  2.9400   2.9566   2.9730   3.0210   3.0253   3.0329   3.0513   3.0524
  3.0889   3.1349   3.1595   3.1691   3.2099   3.2180   3.2366   3.2793
  3.2969   3.3046   3.3349   3.3737   3.3771   3.3833   3.4226   3.4287
  3.4463   3.4557   3.4673   3.5124   3.5304   3.5376   3.5506   3.5665
  3.5877   3.5891   3.5998   3.6256   3.6672   3.6857   3.6863   3.7137
  3.7190   3.7586   3.7610   3.8202   3.8328   3.8559   3.8975   3.9237
  3.9320   3.9483   3.9651   3.9698   3.9756   4.0005   4.0067   4.0191
  4.0257   4.0671   4.0733   4.1012   4.1028   4.1145   4.1340   4.1487
  4.1594   4.1618   4.1786   4.2225   4.2265   4.2340   4.2586   4.2694
  4.2924   4.3097   4.3196   4.3284   4.3355   4.3591   4.4224   4.4291
  4.4400   4.4477   4.4779   4.4927   4.5237   4.5434   4.5579   4.5954
  4.6546   4.6669   4.6962   4.6982   4.7123   4.7482   4.7495   4.7737
  4.8138   4.8238   4.8270   4.8554   4.8796   4.8951   4.9247   4.9837
  4.9958   5.0148   5.0283   5.0403   5.0437   5.0973   5.1140   5.1379
  5.1521   5.1763   5.2150   5.2533   5.2709   5.2907   5.3076   5.3142
  5.3433   5.3756   5.3820   5.4035   5.4083   5.4518   5.5167   5.5381
  5.5529   5.5702   5.5772   5.6094   5.6750   5.6940   5.6991   5.7679
  5.8004   5.8062   5.8136   5.8735   5.8803   5.9583   5.9835   6.0008
  6.0305   6.0754   6.2900   6.2982   6.3606   6.3662   6.4250   6.4654
  6.4800   6.5138   6.5424   6.5544   6.5775   6.5878   6.6149   6.6255
  6.6856   6.7097   6.7285   6.7536   6.7571   6.8126   6.9054   6.9289
  6.9855   7.0033   7.0338   7.0493   7.0741   7.0798   7.0878   7.0967
  7.1060   7.1163   7.1422   7.1597   7.1719   7.2483   7.3481   7.3541
  7.4014   7.4434   7.5165   7.5522   7.6174   7.6428   7.6666   7.6929
  7.7256   7.7621   7.7774   7.9298   8.5808  15.0778  15.4614  15.5197
 15.6383  16.3402  17.7312  18.8981  19.3040  20.0616
 --------------------------------------------------------------
 
          Ground-State Mulliken Net Atomic Charges

     Atom                 Charge (a.u.)
  ----------------------------------------
      1 N                     0.178642
      2 H                     0.052620
      3 C                    -0.215042
      4 O                    -0.591005
      5 N                     0.407019
      6 C                     0.050490
      7 O                    -0.617498
      8 C                    -0.103170
      9 H                     0.558176
     10 C                    -0.698932
     11 H                     0.753982
     12 H                     0.224200
     13 O                    -0.526864
     14 H                     0.241553
     15 H                     0.285829
  ----------------------------------------
  Sum of atomic charges =     0.000000

 -----------------------------------------------------------------
                    Cartesian Multipole Moments
 -----------------------------------------------------------------
    Charge (ESU x 10^10)
                -0.0000
    Dipole Moment (Debye)
         X       4.2840      Y      -1.7048      Z       1.2781
       Tot       4.7846
    Quadrupole Moments (Debye-Ang)
        XX     -38.8586     XY      -2.6755     YY     -63.2229
        XZ      -6.2691     YZ       1.0652     ZZ     -52.2203
    Octopole Moments (Debye-Ang^2)
       XXX      20.0231    XXY      -4.3101    XYY       2.5762
       YYY     -18.4102    XXZ      32.6939    XYZ      -5.2854
       YYZ       1.0627    XZZ     -11.8884    YZZ       4.5110
       ZZZ       1.0656
    Hexadecapole Moments (Debye-Ang^3)
      XXXX   -1106.5769   XXXY      55.1781   XXYY    -307.8052
      XYYY     -39.2376   YYYY    -674.9691   XXXZ    -158.5506
      XXYZ      25.5773   XYYZ      -3.7053   YYYZ       0.9443
      XXZZ    -215.5445   XYZZ       2.4490   YYZZ    -112.8188
      XZZZ      -6.9917   YZZZ       1.3602   ZZZZ     -53.2663
 -----------------------------------------------------------------
 Total job time:  9031.97s(wall), 5203.36s(cpu) 
 Mon Mar 11 15:22:56 2024

        *************************************************************
        *                                                           *
        *  Thank you very much for using Q-Chem.  Have a nice day.  *
        *                                                           *
        *************************************************************


