
Running Job 1 of 1 U-wat_1_1.1_jun.inp
qchem U-wat_1_1.1_jun.inp_1902939.0 /scratch/qchemscratch/qchem1902939/ 1
/opt/qchem/6.1/exe/qcprog.exe_s U-wat_1_1.1_jun.inp_1902939.0 /scratch/qchemscratch/qchem1902939/
                  Welcome to Q-Chem
     A Quantum Leap Into The Future Of Chemistry


 Q-Chem 6.1, Q-Chem, Inc., Pleasanton, CA (2023)

 License issued to: SRG Pengyu Ren, University of Texas at Austin

 E. Epifanovsky,  A. T. B. Gilbert,  Xintian Feng,  Joonho Lee,  Yuezhi Mao,  
 N. Mardirossian,  P. Pokhilko,  A. White,  M. Wormit,  M. P. Coons,  
 A. L. Dempwolff,  Zhengting Gan,  D. Hait,  P. R. Horn,  L. D. Jacobson,  
 I. Kaliman,  J. Kussmann,  A. W. Lange,  Ka Un Lao,  D. S. Levine,  Jie Liu,  
 S. C. McKenzie,  A. F. Morrison,  K. D. Nanda,  F. Plasser,  D. R. Rehn,  
 M. L. Vidal,  Zhi-Qiang You,  Ying Zhu,  B. Alam,  B. Albrecht,  
 A. Aldossary,  E. Alguire,  J. H. Andersen,  V. Athavale,  D. Barton,  
 K. Begam,  A. Behn,  N. Bellonzi,  Y. A. Bernard,  E. J. Berquist,  
 H. Burton,  A. Carreras,  K. Carter-Fenk,  Mathew Chow,  Romit Chakraborty,  
 Chandrima Chakravarty,  Junhan Chen,  A. D. Chien,  K. D. Closser,  
 V. Cofer-Shabica,  L. Cunha,  S. Dasgupta,  Jia Deng,  M. de Wergifosse,  
 M. Diedenhofen,  Hainam Do,  S. Ehlert,  Po-Tung Fang,  S. Fatehi,  
 Qingguo Feng,  T. Friedhoff,  Thomas Froitzheim,  B. Ganoe,  J. Gayvert,  
 Qinghui Ge,  G. Gidofalvi,  M. Gimferrer,  M. Goldey,  Montgomery Gray,  
 J. Gomes,  C. Gonzalez-Espinoza,  S. Gulania,  A. Gunina,  J. A. Gyamfi,  
 M. W. D. Hanson-Heine,  P. H. P. Harbach,  A. W. Hauser,  M. F. Herbst,  
 M. Hernandez Vera,  M. Hodecker,  Z. C. Holden,  S. Houck,  Xunkun Huang,  
 Kerwin Hui,  B. C. Huynh,  K. Ikeda,  M. Ivanov,  Hyunjun Ji,  Zuxin Jin,  
 Hanjie Jiang,  Subrata Jana,  B. Kaduk,  S. Kaehler,  R. Kang,  
 K. Khistyaev,  Jaehoon Kim,  Yongbin Kim,  P. Klunzinger,  Z. Koczor-Benda,  
 Joong Hoon Koh,  D. Kosenkov,  Saikiran Kotaru,  L. Koulias,  T. Kowalczyk,  
 C. M. Krauter,  K. Kue,  A. Kunitsa,  T. Kus,  A. Landau,  K. V. Lawler,  
 D. Lefrancois,  S. Lehtola,  Rain Li,  Shaozhi Li,  Yi-Pei Li,  
 Jiashu Liang,  M. Liebenthal,  Hung-Hsuan Lin,  You-Sheng Lin,  Fenglai Liu,  
 Kuan-Yu Liu,  Xiao Liu,  M. Loipersberger,  A. Luenser,  C. Malbon,  
 A. Manjanath,  P. Manohar,  E. Mansoor,  S. F. Manzer,  Shan-Ping Mao,  
 A. V. Marenich,  T. Markovich,  S. Mason,  F. Matz,  S. A. Maurer,  
 P. F. McLaughlin,  M. F. S. J. Menger,  J.-M. Mewes,  S. A. Mewes,  
 P. Morgante,  Mohammad Mostafanejad,  J. W. Mullinax,  K. J. Oosterbaan,  
 G. Paran,  V. Parravicini,  Alexander C. Paul,  Suranjan K. Paul,  
 F. Pavosevic,  Zheng Pei,  S. Prager,  E. I. Proynov,  E. Ramos,  B. Rana,  
 A. E. Rask,  A. Rettig,  R. M. Richard,  F. Rob,  E. Rossomme,  T. Scheele,  
 M. Scheurer,  M. Schneider,  P. E. Schneider,  Tim K. Schramm,  N. Sergueev,  
 S. M. Sharada,  M. Sharma,  Hengyuan Shen,  W. Skomorowski,  D. W. Small,  
 C. J. Stein,  Alistair J. Sterling,  Yingli Su,  Yu-Chuan Su,  
 E. J. Sundstrom,  J. Talbot,  Zhen Tao,  J. Thirman,  Hung-Yi Tsai,  
 T. Tsuchimochi,  N. M. Tubman,  C. Utku,  S. P. Veccham,  O. Vydrov,  
 J. Wenzel,  Jonathan Wong,  J. Witte,  A. Yamada,  Chou-Hsun Yang,  Kun Yao,  
 S. Yeganeh,  S. R. Yost,  A. Zech,  F. Zeller,  Igor Ying Zhang,  
 Xing Zhang,  Yu Zhang,  D. Zuev,  A. Aspuru-Guzik,  A. T. Bell,  
 N. A. Besley,  K. B. Bravaya,  B. R. Brooks,  D. Casanova,  Jeng-Da Chai,  
 Hsing-Ta Chen,  S. Coriani,  C. J. Cramer,  A. E. DePrince, III,  
 R. A. DiStasio Jr.,  A. Dreuw,  B. D. Dunietz,  T. R. Furlani,  
 W. A. Goddard III,  S. Grimme,  S. Hammes-Schiffer,  T. Head-Gordon,  
 W. J. Hehre,  Chao-Ping Hsu,  T.-C. Jagau,  Yousung Jung,  A. Klamt,  
 Jing Kong,  D. S. Lambrecht,  Xiangyuan Li,  WanZhen Liang,  N. J. Mayhall,  
 C. W. McCurdy,  J. B. Neaton,  T. Neudecker,  C. Ochsenfeld,  
 J. A. Parkhill,  R. Peverati,  V. A. Rassolov,  Haisheng Ren,  Yihan Shao,  
 L. V. Slipchenko,  R. P. Steele,  J. E. Subotnik,  A. J. W. Thom,  
 A. Tkatchenko,  D. G. Truhlar,  T. Van Voorhis,  Fan Wang,  
 T. A. Wesolowski,  K. B. Whaley,  H. L. Woodcock III,  P. M. Zimmerman,  
 S. Faraji,  P. M. W. Gill,  M. Head-Gordon,  J. M. Herbert,  A. I. Krylov

 Contributors to earlier versions of Q-Chem not listed above: 
 R. D. Adamson,  B. Austin,  R. Baer,  J. Baker,  G. J. O. Beran,  
 K. Brandhorst,  S. T. Brown,  E. F. C. Byrd,  Arup K. Chakraborty,  
 G. K. L. Chan,  Chun-Min Chang,  Yunqing Chen,  C.-L. Cheng,  
 Siu Hung Chien,  D. M. Chipman,  D. L. Crittenden,  H. Dachsel,  
 R. J. Doerksen,  A. D. Dutoi,  R. G. Edgar,  J. Fosso-Tande,  
 L. Fusti-Molnar,  D. Ghosh,  A. Ghysels,  A. Golubeva-Zadorozhnaya,  
 J. Gonthier,  M. S. Gordon,  S. R. Gwaltney,  G. Hawkins,  J. E. Herr,  
 A. Heyden,  S. Hirata,  E. G. Hohenstein,  G. Kedziora,  F. J. Keil,  
 C. Kelley,  Jihan Kim,  R. A. King,  R. Z. Khaliullin,  P. P. Korambath,  
 W. Kurlancheek,  A. Laurent,  A. M. Lee,  M. S. Lee,  S. V. Levchenko,  
 Ching Yeh Lin,  D. Liotard,  E. Livshits,  R. C. Lochan,  I. Lotan,  
 L. A. Martinez-Martinez,  P. E. Maslen,  N. Nair,  D. P. O'Neill,  
 D. Neuhauser,  E. Neuscamman,  C. M. Oana,  R. Olivares-Amaya,  R. Olson,  
 T. M. Perrine,  B. Peters,  P. A. Pieniazek,  A. Prociuk,  Y. M. Rhee,  
 J. Ritchie,  M. A. Rohrdanz,  E. Rosta,  N. J. Russ,  H. F. Schaefer III,  
 M. W. Schmidt,  N. E. Schultz,  S. Sharma,  N. Shenvi,  C. D. Sherrill,  
 A. C. Simmonett,  A. Sodt,  T. Stein,  D. Stuck,  K. S. Thanthiriwatte,  
 V. Vanovschi,  L. Vogt,  Tao Wang,  A. Warshel,  M. A. Watson,  
 C. F. Williams,  Q. Wu,  X. Xu,  Jun Yang,  W. Zhang,  Yan Zhao

   Please cite Q-Chem as follows:
  "Software for the frontiers of quantum chemistry:
   An overview of developments in the Q-Chem 5 package"
   J. Chem. Phys. 155, 084801 (2021)
   https://doi.org/10.1063/5.0055522 (open access)

 Q-Chem 6.1.1 for Intel X86 EM64T Linux

 Parts of Q-Chem use Armadillo 9.900.5 (Nocturnal Misbehaviour).
 http://arma.sourceforge.net/

 Q-Chem begins on Tue Apr 16 17:47:52 2024  

 Host: 
0

     Scratch files written to /scratch/qchemscratch/qchem1902939//
 Jan1824 |scratch|qcdevops|jenkins|workspace|build_RNUM UKVU   
 Processing $rem in /opt/qchem/6.1/config/preferences:
 Processing $rem in /home/mm227274/.qchemrc:

 Q-Chem warning in module libgen/rem_setup.C, line 3361:

 Neither GIA nor STOLL is specified by user. Use STOLL as the default


 Checking the input file for inconsistencies... 	...done.

--------------------------------------------------------------
User input:
--------------------------------------------------------------
$molecule
0 1
--
0 1
N -0.74211 0.69023 -0.00264
H -1.73703 0.94685 -0.01197
C -0.50316 -0.66851 -0.00433
O -1.40104 -1.51815 -0.01204
N 0.8372 -0.99299 0.00531
C 1.9487 -0.12435 0.00661
O 3.08953 -0.57725 0.01348
C 1.5717 1.28047 -0.00169
H 2.35737 2.0244 -0.00543
C 0.26348 1.62708 -0.00782
H -0.0694 2.66008 -0.01624
H 1.04917 -1.98775 0.00306
--
0 1
O -3.95033475 0.32210575 -0.05433850000000001
H -3.52843475 -0.56176425 -0.11304850000000001
H -4.44501475 0.29909575 0.7797415
$end

$rem
JOBTYPE          eda
EDA2             2
METHOD           b97m-v
BASIS            jun-cc-pvdz
SCF_CONVERGENCE  8
THRESH           14
SYMMETRY         false
DISP_FREE_X      revPBE
DISP_FREE_C      PBE
EDA_BSSE         true
$end
--------------------------------------------------------------
 ----------------------------------------------------------------
             Standard Nuclear Orientation (Angstroms)
    I     Atom           X                Y                Z
 ----------------------------------------------------------------
    1      N      -0.6819218019    -0.6933241520     0.0074686621
    2      H      -1.6769593775    -0.9493807044     0.0193827251
    3      C      -0.4422080263     0.6652823159     0.0078108899
    4      O      -1.3395907909     1.5154300712     0.0172467906
    5      N       0.8983056717     0.9890048820    -0.0052984722
    6      C       2.0093128510     0.1197408766    -0.0088376864
    7      O       3.1503758425     0.5719968877    -0.0187596622
    8      C       1.6315482303    -1.2848625444     0.0011744806
    9      H       2.4168085950    -2.0292309800     0.0034045005
   10      C       0.3231534360    -1.6307350969     0.0107074301
   11      H      -0.0102829499    -2.6635433187     0.0205229453
   12      H       1.1108372137     1.9836469131    -0.0041260291
   13      O      -3.8898035685    -0.3233712945     0.0668294243
   14      H      -3.4672662511     0.5602945741     0.1240089585
   15      H      -4.3865151301    -0.3005502169    -0.7660475366
 ----------------------------------------------------------------
 Molecular Point Group                 C1    NOp =  1
 Largest Abelian Subgroup              C1    NOp =  1
 Nuclear Repulsion Energy =         435.25203638 hartrees
 There are       34 alpha and       34 beta electrons
 Requested basis set is jun-cc-pVDZ
 There are 90 shells and 192 basis functions

 Total QAlloc Memory Limit  16000 MB
 Mega-Array Size       188 MB
 MEM_STATIC part       192 MB


                       Distance Matrix (Angstroms)
             N (  1)   H (  2)   C (  3)   O (  4)   N (  5)   C (  6)
   H (  2)  1.027525
   C (  3)  1.379592  2.032703
   O (  4)  2.304608  2.487793  1.236178
   N (  5)  2.308141  3.223343  1.379110  2.299089
   C (  6)  2.811420  3.838284  2.511543  3.628193  1.410663
   O (  7)  4.035868  5.061542  3.593893  4.588155  2.290392  1.227460
   C (  8)  2.387907  3.325523  2.846678  4.082838  2.389176  1.454550
   H (  9)  3.374432  4.233824  3.928664  5.164818  3.378709  2.187300
   C ( 10)  1.374382  2.113000  2.420224  3.558527  2.682181  2.430572
   H ( 11)  2.081594  2.390850  3.356755  4.385304  3.763949  3.438939
   H ( 12)  3.221846  4.046605  2.037198  2.494851  1.017096  2.069161
   O ( 13)  3.229689  2.300178  3.587037  3.144397  4.965231  5.916219
   H ( 14)  3.056679  2.344198  3.029109  2.334670  4.388477  5.495876
   H ( 15)  3.804814  2.894749  4.133914  3.632504  5.492816  6.454195
             O (  7)   C (  8)   H (  9)   C ( 10)   H ( 11)   H ( 12)
   C (  8)  2.398992
   H (  9)  2.702776  1.082000
   C ( 10)  3.584143  1.353372  2.131254
   H ( 11)  4.523276  2.144002  2.508669  1.085343
   H ( 12)  2.480461  3.309731  4.220048  3.699246  4.780575
   O ( 13)  7.097403  5.604828  6.533555  4.411503  4.530919  5.507611
   H ( 14)  6.619192  5.423800  6.429815  4.379581  4.728062  4.795976
   H ( 15)  7.623943  6.146103  7.061558  4.955171  5.035259  6.001580
             O ( 13)   H ( 14)
   H ( 14)  0.981159
   H ( 15)  0.970014  1.542165
 
 A cutoff of  1.0D-14 yielded   3903 shell pairs
 There are     17631 function pairs (     19294 Cartesian)
 Smallest overlap matrix eigenvalue = 6.31E-05

 Scale SEOQF with 1.000000e-01/1.000000e-01/1.000000e-01

 Standard Electronic Orientation quadrupole field applied
 Nucleus-field energy     =     0.0000000164 hartrees

 -----------------------------------------------------------------------
  General SCF calculation program by
  Eric Jon Sundstrom, Paul Horn, Yuezhi Mao, Dmitri Zuev, Alec White,
  David Stuck, Shaama M.S., Shane Yost, Joonho Lee, David Small,
  Daniel Levine, Susi Lehtola, Hugh Burton, Evgeny Epifanovsky,
  Bang C. Huynh
 -----------------------------------------------------------------------
================================================================
                 ALMO-EDA with the EDA2 driver                  
================================================================
 The second-generation ALMO-EDA (for DFT):                      
 P. R. Horn, Y. Mao and M. Head-Gordon, PCCP, 18, 23067 (2016)  
 Y. Mao et al. Annu. Rev. Phys. Chem. 72, 641 (2021)            
 Decomposition of the frozen energy:                            
 P. R. Horn, Y. Mao and M. Head-Gordon, JCP, 144, 114107 (2016) 
================================================================
 Using eda2 option set 2
 Option set summary: Frozen orbital wavefunction, initial wavefunction decomposition, and traditional AO-based POL.
--------------------------------
Printing EDA Options
--------------------------------
eda_child_super_basis      0
fragmo_guess_mode          0
child_mp                   0
child_mp_orders            0
cls_elec                   1
cls_disp                   0
scfmi_mode                 1
scfmi_occs                 0
scfmi_virts                0
frz_relax                  0
frz_relax_method           0
dc_pen_start               0
dc_pen_conv                0
dc_pen_increment           0
dc_pen_steps               0
dc_pen_thresh_factor       0
dc_pen_pre_newton_thresh   0
frz_ortho_decomp           1
frz_ortho_decomp_conv      6
plot_mo_ortho_frz          0
frgm_method                2
scfmi_freeze_ss            0
separate_rehyb             0
plot_diff_den              0
eda_nocv                   0
eda_vct_relax              1
disp_free_x                33
disp_free_c                25
eda_bsse                   1
eda_pct_a                  0
eda_covp                   0
eda_vct_a                  0
--------------------------------
 Attempting to make child job directory: /scratch/qchemscratch/qchem1902939//Frg1/
 Attempting to make child job directory: /scratch/qchemscratch/qchem1902939//Frg2/
 Creating input file /scratch/qchemscratch/qchem1902939/Frg1.input
 using default PutDataFrgm: nothing
 calling putenv with: QCSCRATCH=/scratch/qchemscratch/qchem1902939/ 
 Spawning Job For Fragment 0
 Done Job For Fragment 0
 calling putenv with: QCSCRATCH=/scratch/qchemscratch 
 calling putenv with: QCTHREADS=1 
 Creating input file /scratch/qchemscratch/qchem1902939/Frg2.input
 using default PutDataFrgm: nothing
 calling putenv with: QCSCRATCH=/scratch/qchemscratch/qchem1902939/ 
 Spawning Job For Fragment 1
 Done Job For Fragment 1
 calling putenv with: QCSCRATCH=/scratch/qchemscratch 
 calling putenv with: QCTHREADS=1 
Doing General SCFMI
 Exchange:  B97M-V      Correlation:  B97M-V
 Using SG-2 standard quadrature grid
 Nonlocal Correlation:  VV10 with C = 0.0100 and b = 6.00 and scale = 1.00000
 Grid used for NLC:  SG-1 standard quadrature
performing fock build before subrot guess so that all methods have access
Printing subrot_rss_gen Method Specification:
Occupied Subspace Method is 0
Virtual Subspace Method is 0
Energy of the unrelaxed supersystem initial determinant -491.239219154347
write pseudocanon occs and virts to disk
write pseudocanon orbital energies to disk
Tolerance of ortho_decomp_scf: 1.00e-06
GDM subspace size: 20
Beginning the Orthogonal Decomposition of the Initial Supersystem Wavefunction
    1    -491.2026207490      6.97e-02     ortho_decomp Preconditoned Steepest Descent
    2    -491.2063126563      2.06e-04     ortho_decomp BFGS Step
    3    -491.2063128245      2.23e-06     ortho_decomp BFGS Step
    4    -491.2063128245      1.02e-08     ortho_decomp 00000 Convergence criterion met
 Exchange:  revPBE      Correlation:  PBE
 Using SG-2 standard quadrature grid
 Exchange:  revPBE      Correlation:  PBE
 Using SG-2 standard quadrature grid
 Exchange:  revPBE      Correlation:  PBE
 Using SG-2 standard quadrature grid
Doing General SCFMI
 Exchange:  B97M-V      Correlation:  B97M-V
 Using SG-2 standard quadrature grid
 Nonlocal Correlation:  VV10 with C = 0.0100 and b = 6.00 and scale = 1.00000
 Grid used for NLC:  SG-1 standard quadrature
performing fock build at end of subrot_r(subrot) constructor so that all methods have access
<S^2> of initial wavefunction before polarization iterations 0.0000000000
Beginning iterations for the determination of the polarized wavefunction
Energy prior to optimization (guess energy) = -491.239219154347
Begin Timing: Total SCF Calculation
begin iterations for algorithm: DIIS         
the SCF tolerance is set to 1.00e-08
    1    -491.2392191543      2.28e-04     00000 
    2    -491.2405804634      1.51e-04     00000 
    3    -491.2404163561      2.02e-04     00000 
    4    -491.2408881164      2.85e-05     00000 
    5    -491.2408904554      2.52e-05     00000 
    6    -491.2408977114      5.58e-06     00000 
    7    -491.2408980129      2.49e-06     00000 
    8    -491.2408980852      6.24e-07     00000 
    9    -491.2408980888      3.60e-07     00000 
   10    -491.2408980907      9.71e-08     00000 
   11    -491.2408980909      3.42e-08     00000 
   12    -491.2408980909      1.12e-08     00000 
   13    -491.2408980909      3.40e-09     00000 Convergence criterion met
write pseudocanon occs and virts to disk
write pseudocanon orbital energies to disk
Timing for Total SCF: 700.00s (wall), 241.65s (cpu)
<S^2> of polarized wavefunction after polarization iterations 0.0000000000
relaxing scfmi constraint to allow all rotations in the entire AO span
Doing General SCFMI
 Exchange:  B97M-V      Correlation:  B97M-V
 Using SG-2 standard quadrature grid
 Nonlocal Correlation:  VV10 with C = 0.0100 and b = 6.00 and scale = 1.00000
 Grid used for NLC:  SG-1 standard quadrature
performing fock build at end of subrot_r(subrot) constructor so that all methods have access
<S^2> of polarized wavefunction before ct-allowed iterations 0.0000000000
Beginning iterations for the determination of the CT-Allowed wavefunction
Energy prior to optimization (guess energy) = -491.240898090892
Begin Timing: Total SCF Calculation
begin iterations for algorithm: DIIS         
the SCF tolerance is set to 1.00e-08
    1    -491.2408980909      3.08e-04     00000 
    2    -491.2446028455      4.54e-05     00000 
    3    -491.2445457186      7.82e-05     00000 
    4    -491.2446347305      1.63e-05     00000 
    5    -491.2446382438      6.73e-06     00000 
    6    -491.2446389327      1.71e-06     00000 
    7    -491.2446389667      8.83e-07     00000 
    8    -491.2446389780      1.30e-07     00000 
    9    -491.2446389782      6.09e-08     00000 
   10    -491.2446389783      3.41e-08     00000 
   11    -491.2446389783      3.85e-09     00000 Convergence criterion met
write pseudocanon occs and virts to disk
write pseudocanon orbital energies to disk
Timing for Total SCF: 572.00s (wall), 202.20s (cpu)
<S^2> of ct_allowed wavefunction after ct-allowed iterations 0.0000000000
 Attempting to make child job directory: /scratch/qchemscratch/qchem1902939//FrgBSSE1/
 Attempting to make child job directory: /scratch/qchemscratch/qchem1902939//FrgBSSE2/
 Creating input file /scratch/qchemscratch/qchem1902939/FrgBSSE1.input
 calling putenv with: QCSCRATCH=/scratch/qchemscratch/qchem1902939/ 
 Spawning Job For Fragment 0
 Done Job For Fragment 0
 calling putenv with: QCSCRATCH=/scratch/qchemscratch 
 calling putenv with: QCTHREADS=1 
 Creating input file /scratch/qchemscratch/qchem1902939/FrgBSSE2.input
 calling putenv with: QCSCRATCH=/scratch/qchemscratch/qchem1902939/ 
 Spawning Job For Fragment 1
 Done Job For Fragment 1
 calling putenv with: QCSCRATCH=/scratch/qchemscratch 
 calling putenv with: QCTHREADS=1 
====================================================================
   Evaluating the BSSE with fragment SCF in the supersystem basis
   Fragment contributions (kJ/mol) 
   Frgm 1: 0.3575
   Frgm 2: 1.4176
   BSSE (kJ/mol) = 1.7752
====================================================================

================================
        Results of EDA2         
================================
Basic EDA Quantities
--------------------
Fragment Energies (Ha):
1 -414.8192856948
2  -76.4096112192
--------------------
  E_prp (kJ/mol) = 0.0000
  E_frz (kJ/mol) = -27.1014
  E_pol (kJ/mol) = -4.4081
  E_vct (kJ/mol) = -8.0467 (CP-corrected)
  E_int (kJ/mol) = -39.5561 (CP-corrected)
--------------------


Decomposition of frozen interaction energy
--------------------
  --------------------
  Orthogonal Frozen Decomposition:
  --------------------
     E_elec   (ELEC)   (kJ/mol) = -65.5130
     E_pauli  (PAULI)  (kJ/mol) = 48.0748
     E_disp   (DISP)   (kJ/mol) = -9.6632
  --------------------
  Classical Frozen Decomposition:
  --------------------
     E_cls_elec  (CLS ELEC)  (kJ/mol) = -43.3071
     E_mod_pauli (MOD PAULI) (kJ/mol) = 25.8689 (FRZ - CLS ELEC - DISP)
     E_disp      (DISP)      (kJ/mol) = -9.6632
  --------------------
--------------------

Simplified EDA Summary (kJ/mol)
--------------------
 PREPARATION      0.0000
 FROZEN           -27.1014 (ELEC + PAULI + DISP)
[ELEC + PAULI = -17.4382, DISP = -9.6632]
 POLARIZATION    -4.4081
 CHARGE TRANSFER -8.0467     (counterpoise-corrected)
 TOTAL           -39.5561     (PRP + FRZ + POL + CT)
--------------------
 
 --------------------------------------------------------------
 
                    Orbital Energies (a.u.)
 --------------------------------------------------------------
 
 Alpha MOs
 -- Occupied --
-19.1798 -19.1561 -19.1452 -14.4234 -14.4070 -10.3517 -10.3147 -10.2801
-10.2147  -1.0782  -1.0439  -1.0154  -0.9822  -0.9290  -0.7953  -0.6800
 -0.6540  -0.5808  -0.5421  -0.5095  -0.5029  -0.4623  -0.4570  -0.4401
 -0.4068  -0.3998  -0.3853  -0.3753  -0.3533  -0.2990  -0.2799  -0.2751
 -0.2484  -0.2439
 -- Virtual --
 -0.0813  -0.0312  -0.0272  -0.0043   0.0028   0.0211   0.0251   0.0318
  0.0477   0.0613   0.0632   0.0658   0.0745   0.0801   0.1000   0.1038
  0.1135   0.1211   0.1222   0.1272   0.1325   0.1365   0.1492   0.1565
  0.1589   0.1683   0.1727   0.1798   0.1899   0.1967   0.1982   0.2074
  0.2153   0.2196   0.2272   0.2386   0.2475   0.2578   0.2633   0.2655
  0.2684   0.2789   0.2894   0.3105   0.3247   0.3370   0.3505   0.3770
  0.3863   0.4218   0.4813   0.4901   0.5123   0.5729   0.5962   0.6232
  0.6380   0.6517   0.6678   0.6805   0.6959   0.7193   0.7252   0.7517
  0.7816   0.8185   0.8266   0.8498   0.8642   0.8767   0.8979   0.9176
  0.9253   0.9506   0.9644   0.9993   1.0365   1.0402   1.0412   1.0714
  1.0803   1.0933   1.1197   1.1319   1.1350   1.1495   1.1894   1.2346
  1.2502   1.2510   1.2798   1.2854   1.2928   1.3054   1.3272   1.3658
  1.4002   1.4481   1.4840   1.4899   1.5113   1.5640   1.5688   1.5766
  1.6286   1.6445   1.6887   1.6938   1.6987   1.7113   1.7498   1.7528
  1.7857   1.8114   1.8322   1.8588   1.9055   1.9284   1.9545   1.9628
  2.0280   2.1110   2.1283   2.1579   2.1870   2.2115   2.2153   2.2273
  2.2479   2.3082   2.3341   2.3772   2.4763   2.5095   2.5834   2.5960
  2.6600   2.6687   2.7023   2.7227   2.7963   2.7986   2.8816   2.9463
  2.9633   2.9915   3.0526   3.1107   3.1654   3.1730   3.1789   3.4535
  3.5535   3.5542   3.5967   3.7174   3.7887   3.8422
 --------------------------------------------------------------
 
          Ground-State Mulliken Net Atomic Charges

     Atom                 Charge (a.u.)
  ----------------------------------------
      1 N                    -0.247067
      2 H                     0.235688
      3 C                     0.396381
      4 O                    -0.457285
      5 N                    -0.303966
      6 C                     0.393495
      7 O                    -0.400045
      8 C                     0.032351
      9 H                     0.048939
     10 C                    -0.025907
     11 H                     0.087705
     12 H                     0.224364
     13 O                    -0.493057
     14 H                     0.267411
     15 H                     0.240993
  ----------------------------------------
  Sum of atomic charges =     0.000000

 -----------------------------------------------------------------
                    Cartesian Multipole Moments
 -----------------------------------------------------------------
    Charge (ESU x 10^10)
                -0.0000
    Dipole Moment (Debye)
         X      -2.3675      Y      -2.7221      Z      -1.2533
       Tot       3.8191
    Quadrupole Moments (Debye-Ang)
        XX     -64.9765     XY      -1.8439     YY     -47.8274
        XZ       6.5067     YZ       0.6138     ZZ     -52.6101
    Octopole Moments (Debye-Ang^2)
       XXX     -78.1942    XXY      -4.9657    XYY       5.9630
       YYY      -7.1991    XXZ     -29.8905    XYZ      -2.9013
       YYZ      -0.1952    XZZ      -8.8303    YZZ       3.9628
       ZZZ      -1.4241
    Hexadecapole Moments (Debye-Ang^3)
      XXXX   -1495.8176   XXXY     -80.2357   XXYY    -294.1498
      XYYY      21.4966   YYYY    -359.3637   XXXZ     143.6260
      XXYZ      13.4807   XYYZ       1.8403   YYYZ      -0.0305
      XXZZ    -224.1708   XYZZ       5.4623   YYZZ     -81.3201
      XZZZ       7.1312   YZZZ       0.7263   ZZZZ     -54.5851
 -----------------------------------------------------------------
 Total job time:  3758.53s(wall), 724.83s(cpu) 
 Tue Apr 16 18:50:30 2024

        *************************************************************
        *                                                           *
        *  Thank you very much for using Q-Chem.  Have a nice day.  *
        *                                                           *
        *************************************************************


