
Running Job 1 of 1 deoxy_10_0.9.inp
qchem deoxy_10_0.9.inp_2865159.0 /scratch/qchemscratch/qchem2865159/ 1
/opt/qchem/6.1/exe/qcprog.exe_s deoxy_10_0.9.inp_2865159.0 /scratch/qchemscratch/qchem2865159/
                  Welcome to Q-Chem
     A Quantum Leap Into The Future Of Chemistry


 Q-Chem 6.1, Q-Chem, Inc., Pleasanton, CA (2023)

 License issued to: SRG Pengyu Ren, University of Texas at Austin

 E. Epifanovsky,  A. T. B. Gilbert,  Xintian Feng,  Joonho Lee,  Yuezhi Mao,  
 N. Mardirossian,  P. Pokhilko,  A. White,  M. Wormit,  M. P. Coons,  
 A. L. Dempwolff,  Zhengting Gan,  D. Hait,  P. R. Horn,  L. D. Jacobson,  
 I. Kaliman,  J. Kussmann,  A. W. Lange,  Ka Un Lao,  D. S. Levine,  Jie Liu,  
 S. C. McKenzie,  A. F. Morrison,  K. D. Nanda,  F. Plasser,  D. R. Rehn,  
 M. L. Vidal,  Zhi-Qiang You,  Ying Zhu,  B. Alam,  B. Albrecht,  
 A. Aldossary,  E. Alguire,  J. H. Andersen,  V. Athavale,  D. Barton,  
 K. Begam,  A. Behn,  N. Bellonzi,  Y. A. Bernard,  E. J. Berquist,  
 H. Burton,  A. Carreras,  K. Carter-Fenk,  Mathew Chow,  Romit Chakraborty,  
 Chandrima Chakravarty,  Junhan Chen,  A. D. Chien,  K. D. Closser,  
 V. Cofer-Shabica,  L. Cunha,  S. Dasgupta,  Jia Deng,  M. de Wergifosse,  
 M. Diedenhofen,  Hainam Do,  S. Ehlert,  Po-Tung Fang,  S. Fatehi,  
 Qingguo Feng,  T. Friedhoff,  Thomas Froitzheim,  B. Ganoe,  J. Gayvert,  
 Qinghui Ge,  G. Gidofalvi,  M. Gimferrer,  M. Goldey,  Montgomery Gray,  
 J. Gomes,  C. Gonzalez-Espinoza,  S. Gulania,  A. Gunina,  J. A. Gyamfi,  
 M. W. D. Hanson-Heine,  P. H. P. Harbach,  A. W. Hauser,  M. F. Herbst,  
 M. Hernandez Vera,  M. Hodecker,  Z. C. Holden,  S. Houck,  Xunkun Huang,  
 Kerwin Hui,  B. C. Huynh,  K. Ikeda,  M. Ivanov,  Hyunjun Ji,  Zuxin Jin,  
 Hanjie Jiang,  Subrata Jana,  B. Kaduk,  S. Kaehler,  R. Kang,  
 K. Khistyaev,  Jaehoon Kim,  Yongbin Kim,  P. Klunzinger,  Z. Koczor-Benda,  
 Joong Hoon Koh,  D. Kosenkov,  Saikiran Kotaru,  L. Koulias,  T. Kowalczyk,  
 C. M. Krauter,  K. Kue,  A. Kunitsa,  T. Kus,  A. Landau,  K. V. Lawler,  
 D. Lefrancois,  S. Lehtola,  Rain Li,  Shaozhi Li,  Yi-Pei Li,  
 Jiashu Liang,  M. Liebenthal,  Hung-Hsuan Lin,  You-Sheng Lin,  Fenglai Liu,  
 Kuan-Yu Liu,  Xiao Liu,  M. Loipersberger,  A. Luenser,  C. Malbon,  
 A. Manjanath,  P. Manohar,  E. Mansoor,  S. F. Manzer,  Shan-Ping Mao,  
 A. V. Marenich,  T. Markovich,  S. Mason,  F. Matz,  S. A. Maurer,  
 P. F. McLaughlin,  M. F. S. J. Menger,  J.-M. Mewes,  S. A. Mewes,  
 P. Morgante,  Mohammad Mostafanejad,  J. W. Mullinax,  K. J. Oosterbaan,  
 G. Paran,  V. Parravicini,  Alexander C. Paul,  Suranjan K. Paul,  
 F. Pavosevic,  Zheng Pei,  S. Prager,  E. I. Proynov,  E. Ramos,  B. Rana,  
 A. E. Rask,  A. Rettig,  R. M. Richard,  F. Rob,  E. Rossomme,  T. Scheele,  
 M. Scheurer,  M. Schneider,  P. E. Schneider,  Tim K. Schramm,  N. Sergueev,  
 S. M. Sharada,  M. Sharma,  Hengyuan Shen,  W. Skomorowski,  D. W. Small,  
 C. J. Stein,  Alistair J. Sterling,  Yingli Su,  Yu-Chuan Su,  
 E. J. Sundstrom,  J. Talbot,  Zhen Tao,  J. Thirman,  Hung-Yi Tsai,  
 T. Tsuchimochi,  N. M. Tubman,  C. Utku,  S. P. Veccham,  O. Vydrov,  
 J. Wenzel,  Jonathan Wong,  J. Witte,  A. Yamada,  Chou-Hsun Yang,  Kun Yao,  
 S. Yeganeh,  S. R. Yost,  A. Zech,  F. Zeller,  Igor Ying Zhang,  
 Xing Zhang,  Yu Zhang,  D. Zuev,  A. Aspuru-Guzik,  A. T. Bell,  
 N. A. Besley,  K. B. Bravaya,  B. R. Brooks,  D. Casanova,  Jeng-Da Chai,  
 Hsing-Ta Chen,  S. Coriani,  C. J. Cramer,  A. E. DePrince, III,  
 R. A. DiStasio Jr.,  A. Dreuw,  B. D. Dunietz,  T. R. Furlani,  
 W. A. Goddard III,  S. Grimme,  S. Hammes-Schiffer,  T. Head-Gordon,  
 W. J. Hehre,  Chao-Ping Hsu,  T.-C. Jagau,  Yousung Jung,  A. Klamt,  
 Jing Kong,  D. S. Lambrecht,  Xiangyuan Li,  WanZhen Liang,  N. J. Mayhall,  
 C. W. McCurdy,  J. B. Neaton,  T. Neudecker,  C. Ochsenfeld,  
 J. A. Parkhill,  R. Peverati,  V. A. Rassolov,  Haisheng Ren,  Yihan Shao,  
 L. V. Slipchenko,  R. P. Steele,  J. E. Subotnik,  A. J. W. Thom,  
 A. Tkatchenko,  D. G. Truhlar,  T. Van Voorhis,  Fan Wang,  
 T. A. Wesolowski,  K. B. Whaley,  H. L. Woodcock III,  P. M. Zimmerman,  
 S. Faraji,  P. M. W. Gill,  M. Head-Gordon,  J. M. Herbert,  A. I. Krylov

 Contributors to earlier versions of Q-Chem not listed above: 
 R. D. Adamson,  B. Austin,  R. Baer,  J. Baker,  G. J. O. Beran,  
 K. Brandhorst,  S. T. Brown,  E. F. C. Byrd,  Arup K. Chakraborty,  
 G. K. L. Chan,  Chun-Min Chang,  Yunqing Chen,  C.-L. Cheng,  
 Siu Hung Chien,  D. M. Chipman,  D. L. Crittenden,  H. Dachsel,  
 R. J. Doerksen,  A. D. Dutoi,  R. G. Edgar,  J. Fosso-Tande,  
 L. Fusti-Molnar,  D. Ghosh,  A. Ghysels,  A. Golubeva-Zadorozhnaya,  
 J. Gonthier,  M. S. Gordon,  S. R. Gwaltney,  G. Hawkins,  J. E. Herr,  
 A. Heyden,  S. Hirata,  E. G. Hohenstein,  G. Kedziora,  F. J. Keil,  
 C. Kelley,  Jihan Kim,  R. A. King,  R. Z. Khaliullin,  P. P. Korambath,  
 W. Kurlancheek,  A. Laurent,  A. M. Lee,  M. S. Lee,  S. V. Levchenko,  
 Ching Yeh Lin,  D. Liotard,  E. Livshits,  R. C. Lochan,  I. Lotan,  
 L. A. Martinez-Martinez,  P. E. Maslen,  N. Nair,  D. P. O'Neill,  
 D. Neuhauser,  E. Neuscamman,  C. M. Oana,  R. Olivares-Amaya,  R. Olson,  
 T. M. Perrine,  B. Peters,  P. A. Pieniazek,  A. Prociuk,  Y. M. Rhee,  
 J. Ritchie,  M. A. Rohrdanz,  E. Rosta,  N. J. Russ,  H. F. Schaefer III,  
 M. W. Schmidt,  N. E. Schultz,  S. Sharma,  N. Shenvi,  C. D. Sherrill,  
 A. C. Simmonett,  A. Sodt,  T. Stein,  D. Stuck,  K. S. Thanthiriwatte,  
 V. Vanovschi,  L. Vogt,  Tao Wang,  A. Warshel,  M. A. Watson,  
 C. F. Williams,  Q. Wu,  X. Xu,  Jun Yang,  W. Zhang,  Yan Zhao

   Please cite Q-Chem as follows:
  "Software for the frontiers of quantum chemistry:
   An overview of developments in the Q-Chem 5 package"
   J. Chem. Phys. 155, 084801 (2021)
   https://doi.org/10.1063/5.0055522 (open access)

 Q-Chem 6.1.1 for Intel X86 EM64T Linux

 Parts of Q-Chem use Armadillo 9.900.5 (Nocturnal Misbehaviour).
 http://arma.sourceforge.net/

 Q-Chem begins on Tue Mar  5 13:58:00 2024  

 Host: 
0

     Scratch files written to /scratch/qchemscratch/qchem2865159//
 Jan1824 |scratch|qcdevops|jenkins|workspace|build_RNUM UKVU   
 Processing $rem in /opt/qchem/6.1/config/preferences:
 Processing $rem in /home/mm227274/.qchemrc:

 Q-Chem warning in module libgen/rem_setup.C, line 3361:

 Neither GIA nor STOLL is specified by user. Use STOLL as the default


 Checking the input file for inconsistencies... 	...done.

--------------------------------------------------------------
User input:
--------------------------------------------------------------
$molecule
0 1
--
0 1
O 0.73165 2.13258 0.87445
H 1.60674 1.94605 0.48732
C -0.18739 1.79344 -0.16176
C 0.01122 0.35012 -0.576
O 1.37539 0.2327 -1.03419
C 1.8832 -1.01686 -0.54923
H 2.97396 -0.95925 -0.57298
H 1.54919 -1.84397 -1.19005
C -0.14476 -0.64406 0.58614
C 1.27899 -1.12532 0.8435
H 1.31531 -2.13181 1.27338
O -0.97897 -1.71725 0.09376
H -0.0569 2.44601 -1.03655
H -1.19664 1.92841 0.23142
H -0.68007 0.07199 -1.38199
H -0.60835 -0.17547 1.46099
H 1.77905 -0.4288 1.52282
H -1.09789 -2.34851 0.82663
--
0 1
O -2.8164327222222223 0.1034778888888889 -0.05719622222222222
H -2.2222827222222223 -0.6719521111111111 -0.07040622222222222
H -3.2449827222222223 0.0947478888888889 -0.9260562222222222
$end

$rem
JOBTYPE          eda
EDA2             2
METHOD           b97m-v
BASIS            aug-cc-pvtz
SCF_CONVERGENCE  8
THRESH           14
SYMMETRY         false
DISP_FREE_X      revPBE
DISP_FREE_C      PBE
EDA_BSSE         true
$end
--------------------------------------------------------------
 ----------------------------------------------------------------
             Standard Nuclear Orientation (Angstroms)
    I     Atom           X                Y                Z
 ----------------------------------------------------------------
    1      O      -0.6559466873    -2.1348007247     0.8797061778
    2      H      -1.5386058724    -1.9528701313     0.5078734088
    3      C       0.2431230771    -1.7910928920    -0.1723965309
    4      C       0.0298530076    -0.3488933259    -0.5832366715
    5      O      -1.3426861978    -0.2386152545    -1.0175869886
    6      C      -1.8484277719     1.0083860497    -0.5239569665
    7      H      -2.9391231694     0.9451282013    -0.5286841987
    8      H      -1.5299253462     1.8370999454    -1.1705738457
    9      C       0.2009179570     0.6462862263     0.5759214085
   10      C      -1.2206020180     1.1202177743     0.8580193852
   11      H      -1.2546332802     2.1265824322     1.2883798450
   12      O       1.0208512185     1.7236915129     0.0689811164
   13      H       0.1007842766    -2.4444842525    -1.0447222641
   14      H       1.2597586108    -1.9207688603     0.2031421633
   15      H       0.7055393249    -0.0673324727    -1.4011789235
   16      H       0.6821070356     0.1802563376     1.4425978257
   17      H      -1.7051319537     0.4212396751     1.5460136690
   18      H       1.1492583986     2.3556881646     0.7996119528
   19      O       2.8648047723    -0.0875302710    -0.1138248549
   20      H       2.2665082975     0.6848124150    -0.1167429049
   21      H       3.2780933211    -0.0767365510    -0.9900240823
 ----------------------------------------------------------------
 Molecular Point Group                 C1    NOp =  1
 Largest Abelian Subgroup              C1    NOp =  1
 Nuclear Repulsion Energy =         530.98956104 hartrees
 There are       37 alpha and       37 beta electrons
 Requested basis set is aug-cc-pVTZ
 There are 234 shells and 690 basis functions

 Total QAlloc Memory Limit  16000 MB
 Mega-Array Size       188 MB
 MEM_STATIC part       192 MB

 A cutoff of  1.0D-14 yielded  26612 shell pairs
 There are    231002 function pairs (    307011 Cartesian)
 Smallest overlap matrix eigenvalue = 1.79E-06

 Scale SEOQF with 1.000000e-01/1.000000e-01/1.000000e-01

 Standard Electronic Orientation quadrupole field applied
 Nucleus-field energy     =     0.0000000106 hartrees

 -----------------------------------------------------------------------
  General SCF calculation program by
  Eric Jon Sundstrom, Paul Horn, Yuezhi Mao, Dmitri Zuev, Alec White,
  David Stuck, Shaama M.S., Shane Yost, Joonho Lee, David Small,
  Daniel Levine, Susi Lehtola, Hugh Burton, Evgeny Epifanovsky,
  Bang C. Huynh
 -----------------------------------------------------------------------
================================================================
                 ALMO-EDA with the EDA2 driver                  
================================================================
 The second-generation ALMO-EDA (for DFT):                      
 P. R. Horn, Y. Mao and M. Head-Gordon, PCCP, 18, 23067 (2016)  
 Y. Mao et al. Annu. Rev. Phys. Chem. 72, 641 (2021)            
 Decomposition of the frozen energy:                            
 P. R. Horn, Y. Mao and M. Head-Gordon, JCP, 144, 114107 (2016) 
================================================================
 Using eda2 option set 2
 Option set summary: Frozen orbital wavefunction, initial wavefunction decomposition, and traditional AO-based POL.
--------------------------------
Printing EDA Options
--------------------------------
eda_child_super_basis      0
fragmo_guess_mode          0
child_mp                   0
child_mp_orders            0
cls_elec                   1
cls_disp                   0
scfmi_mode                 1
scfmi_occs                 0
scfmi_virts                0
frz_relax                  0
frz_relax_method           0
dc_pen_start               0
dc_pen_conv                0
dc_pen_increment           0
dc_pen_steps               0
dc_pen_thresh_factor       0
dc_pen_pre_newton_thresh   0
frz_ortho_decomp           1
frz_ortho_decomp_conv      6
plot_mo_ortho_frz          0
frgm_method                2
scfmi_freeze_ss            0
separate_rehyb             0
plot_diff_den              0
eda_nocv                   0
eda_vct_relax              1
disp_free_x                33
disp_free_c                25
eda_bsse                   1
eda_pct_a                  0
eda_covp                   0
eda_vct_a                  0
--------------------------------
 Attempting to make child job directory: /scratch/qchemscratch/qchem2865159//Frg1/
 Attempting to make child job directory: /scratch/qchemscratch/qchem2865159//Frg2/
 Creating input file /scratch/qchemscratch/qchem2865159/Frg1.input
 using default PutDataFrgm: nothing
 calling putenv with: QCSCRATCH=/scratch/qchemscratch/qchem2865159/ 
 Spawning Job For Fragment 0
 Done Job For Fragment 0
 calling putenv with: QCSCRATCH=/scratch/qchemscratch 
 calling putenv with: QCTHREADS=1 
 Creating input file /scratch/qchemscratch/qchem2865159/Frg2.input
 using default PutDataFrgm: nothing
 calling putenv with: QCSCRATCH=/scratch/qchemscratch/qchem2865159/ 
 Spawning Job For Fragment 1
 Done Job For Fragment 1
 calling putenv with: QCSCRATCH=/scratch/qchemscratch 
 calling putenv with: QCTHREADS=1 
Doing General SCFMI
 Exchange:  B97M-V      Correlation:  B97M-V
 Using SG-2 standard quadrature grid
 Nonlocal Correlation:  VV10 with C = 0.0100 and b = 6.00 and scale = 1.00000
 Grid used for NLC:  SG-1 standard quadrature
performing fock build before subrot guess so that all methods have access
Printing subrot_rss_gen Method Specification:
Occupied Subspace Method is 0
Virtual Subspace Method is 0
Energy of the unrelaxed supersystem initial determinant -498.710425869330
write pseudocanon occs and virts to disk
write pseudocanon orbital energies to disk
Tolerance of ortho_decomp_scf: 1.00e-06
GDM subspace size: 20
Beginning the Orthogonal Decomposition of the Initial Supersystem Wavefunction
    1    -498.6048859820      1.51e-01     ortho_decomp Preconditoned Steepest Descent
    2    -498.6233048852      4.77e-04     ortho_decomp BFGS Step
    3    -498.6233059100      6.48e-06     ortho_decomp BFGS Step
    4    -498.6233059101      3.86e-08     ortho_decomp 00000 Convergence criterion met
 Exchange:  revPBE      Correlation:  PBE
 Using SG-2 standard quadrature grid
 Exchange:  revPBE      Correlation:  PBE
 Using SG-2 standard quadrature grid
 Exchange:  revPBE      Correlation:  PBE
 Using SG-2 standard quadrature grid
Doing General SCFMI
 Exchange:  B97M-V      Correlation:  B97M-V
 Using SG-2 standard quadrature grid
 Nonlocal Correlation:  VV10 with C = 0.0100 and b = 6.00 and scale = 1.00000
 Grid used for NLC:  SG-1 standard quadrature
performing fock build at end of subrot_r(subrot) constructor so that all methods have access
<S^2> of initial wavefunction before polarization iterations 0.0000000000
Beginning iterations for the determination of the polarized wavefunction
Energy prior to optimization (guess energy) = -498.710425869330
Begin Timing: Total SCF Calculation
begin iterations for algorithm: DIIS         
the SCF tolerance is set to 1.00e-08
    1    -498.7104258693      1.61e-04     00000 
    2    -498.7180904106      7.98e-05     00000 
    3    -498.7184883328      6.76e-05     00000 
    4    -498.7190840438      1.50e-05     00000 
    5    -498.7191268852      6.68e-06     00000 
    6    -498.7191387416      4.00e-06     00000 
    7    -498.7191445525      1.71e-06     00000 
    8    -498.7191464049      1.05e-06     00000 
    9    -498.7191468499      4.43e-07     00000 
   10    -498.7191469212      1.98e-07     00000 
   11    -498.7191469340      1.66e-07     00000 
   12    -498.7191469381      8.26e-08     00000 
   13    -498.7191469392      5.30e-08     00000 
   14    -498.7191469395      3.66e-08     00000 
   15    -498.7191469397      2.15e-08     00000 
   16    -498.7191469398      1.19e-08     00000 
   17    -498.7191469398      8.06e-09     00000 Convergence criterion met
write pseudocanon occs and virts to disk
write pseudocanon orbital energies to disk
Timing for Total SCF: 6262.00s (wall), 6186.41s (cpu)
<S^2> of polarized wavefunction after polarization iterations 0.0000000000
relaxing scfmi constraint to allow all rotations in the entire AO span
Doing General SCFMI
 Exchange:  B97M-V      Correlation:  B97M-V
 Using SG-2 standard quadrature grid
 Nonlocal Correlation:  VV10 with C = 0.0100 and b = 6.00 and scale = 1.00000
 Grid used for NLC:  SG-1 standard quadrature
performing fock build at end of subrot_r(subrot) constructor so that all methods have access
<S^2> of polarized wavefunction before ct-allowed iterations 0.0000000000
Beginning iterations for the determination of the CT-Allowed wavefunction
Energy prior to optimization (guess energy) = -498.719146939794
Begin Timing: Total SCF Calculation
begin iterations for algorithm: DIIS         
the SCF tolerance is set to 1.00e-08
    1    -498.7191469398      2.01e-04     00000 
    2    -498.7280456973      2.33e-05     00000 
    3    -498.7279422195      3.42e-05     00000 
    4    -498.7281379958      4.73e-06     00000 
    5    -498.7281414552      1.95e-06     00000 
    6    -498.7281420890      7.80e-07     00000 
    7    -498.7281421997      1.25e-07     00000 
    8    -498.7281422017      5.80e-08     00000 
    9    -498.7281422024      1.06e-08     00000 
   10    -498.7281422024      4.05e-09     00000 Convergence criterion met
write pseudocanon occs and virts to disk
write pseudocanon orbital energies to disk
Timing for Total SCF: 3306.00s (wall), 3276.37s (cpu)
<S^2> of ct_allowed wavefunction after ct-allowed iterations 0.0000000000
 Attempting to make child job directory: /scratch/qchemscratch/qchem2865159//FrgBSSE1/
 Attempting to make child job directory: /scratch/qchemscratch/qchem2865159//FrgBSSE2/
 Creating input file /scratch/qchemscratch/qchem2865159/FrgBSSE1.input
 calling putenv with: QCSCRATCH=/scratch/qchemscratch/qchem2865159/ 
 Spawning Job For Fragment 0
 Done Job For Fragment 0
 calling putenv with: QCSCRATCH=/scratch/qchemscratch 
 calling putenv with: QCTHREADS=1 
 Creating input file /scratch/qchemscratch/qchem2865159/FrgBSSE2.input
 calling putenv with: QCSCRATCH=/scratch/qchemscratch/qchem2865159/ 
 Spawning Job For Fragment 1
 Done Job For Fragment 1
 calling putenv with: QCSCRATCH=/scratch/qchemscratch 
 calling putenv with: QCTHREADS=1 
====================================================================
   Evaluating the BSSE with fragment SCF in the supersystem basis
   Fragment contributions (kJ/mol) 
   Frgm 1: 0.4156
   Frgm 2: 0.2775
   BSSE (kJ/mol) = 0.6931
====================================================================

================================
        Results of EDA2         
================================
Basic EDA Quantities
--------------------
Fragment Energies (Ha):
1 -422.2913921758
2  -76.4328187570
--------------------
  E_prp (kJ/mol) = -0.0000
  E_frz (kJ/mol) = 36.1931
  E_pol (kJ/mol) = -22.8974
  E_vct (kJ/mol) = -22.9243 (CP-corrected)
  E_int (kJ/mol) = -9.6286 (CP-corrected)
--------------------


Decomposition of frozen interaction energy
--------------------
  --------------------
  Orthogonal Frozen Decomposition:
  --------------------
     E_elec   (ELEC)   (kJ/mol) = -156.7812
     E_pauli  (PAULI)  (kJ/mol) = 219.7250
     E_disp   (DISP)   (kJ/mol) = -26.7507
  --------------------
  Classical Frozen Decomposition:
  --------------------
     E_cls_elec  (CLS ELEC)  (kJ/mol) = -83.1458
     E_mod_pauli (MOD PAULI) (kJ/mol) = 146.0896 (FRZ - CLS ELEC - DISP)
     E_disp      (DISP)      (kJ/mol) = -26.7507
  --------------------
--------------------

Simplified EDA Summary (kJ/mol)
--------------------
 PREPARATION      -0.0000
 FROZEN           36.1931 (ELEC + PAULI + DISP)
[ELEC + PAULI = 62.9438, DISP = -26.7507]
 POLARIZATION    -22.8974
 CHARGE TRANSFER -22.9243     (counterpoise-corrected)
 TOTAL           -9.6286     (PRP + FRZ + POL + CT)
--------------------
 
 --------------------------------------------------------------
 
                    Orbital Energies (a.u.)
 --------------------------------------------------------------
 
 Alpha MOs
 -- Occupied --
-19.1911 -19.1660 -19.1515 -19.1304 -10.2502 -10.2339 -10.2337 -10.2170
-10.1935  -1.0545  -1.0345  -1.0048  -0.9801  -0.7724  -0.7464  -0.6463
 -0.5993  -0.5615  -0.5079  -0.5004  -0.4842  -0.4637  -0.4536  -0.4411
 -0.4017  -0.3917  -0.3807  -0.3702  -0.3536  -0.3457  -0.3267  -0.3128
 -0.3021  -0.2799  -0.2648  -0.2504  -0.2399
 -- Virtual --
 -0.0307  -0.0107  -0.0096  -0.0010   0.0137   0.0162   0.0278   0.0286
  0.0325   0.0442   0.0504   0.0540   0.0588   0.0610   0.0675   0.0695
  0.0727   0.0793   0.0827   0.0838   0.0847   0.0889   0.0905   0.0965
  0.0989   0.1058   0.1100   0.1125   0.1151   0.1231   0.1264   0.1290
  0.1394   0.1409   0.1454   0.1519   0.1527   0.1578   0.1595   0.1680
  0.1705   0.1776   0.1813   0.1853   0.1927   0.1956   0.1962   0.2002
  0.2056   0.2142   0.2172   0.2190   0.2251   0.2307   0.2353   0.2420
  0.2446   0.2456   0.2538   0.2585   0.2617   0.2666   0.2704   0.2781
  0.2844   0.2896   0.2973   0.3034   0.3048   0.3071   0.3151   0.3168
  0.3220   0.3252   0.3322   0.3341   0.3404   0.3442   0.3462   0.3547
  0.3592   0.3621   0.3686   0.3732   0.3796   0.3830   0.3852   0.3928
  0.3986   0.4026   0.4050   0.4137   0.4161   0.4241   0.4295   0.4326
  0.4400   0.4442   0.4456   0.4483   0.4549   0.4560   0.4596   0.4659
  0.4693   0.4736   0.4813   0.4863   0.4874   0.4960   0.4996   0.5066
  0.5164   0.5168   0.5199   0.5246   0.5318   0.5382   0.5463   0.5503
  0.5529   0.5623   0.5661   0.5677   0.5774   0.5819   0.5870   0.5905
  0.6021   0.6258   0.6285   0.6436   0.6451   0.6588   0.6632   0.6751
  0.6836   0.6921   0.6970   0.7023   0.7122   0.7171   0.7205   0.7267
  0.7385   0.7442   0.7467   0.7501   0.7569   0.7638   0.7754   0.7796
  0.7904   0.7943   0.8016   0.8039   0.8104   0.8199   0.8308   0.8341
  0.8384   0.8444   0.8490   0.8605   0.8637   0.8681   0.8717   0.8795
  0.8865   0.8983   0.9022   0.9081   0.9131   0.9239   0.9251   0.9266
  0.9372   0.9412   0.9468   0.9567   0.9671   0.9679   0.9734   0.9767
  0.9927   0.9954   1.0001   1.0003   1.0058   1.0081   1.0208   1.0330
  1.0385   1.0413   1.0472   1.0552   1.0678   1.0728   1.0824   1.0885
  1.0942   1.1055   1.1074   1.1129   1.1290   1.1323   1.1349   1.1490
  1.1561   1.1693   1.1757   1.1784   1.1827   1.1848   1.1944   1.1963
  1.1987   1.2073   1.2235   1.2397   1.2479   1.2532   1.2592   1.2639
  1.2837   1.2900   1.2952   1.3018   1.3093   1.3153   1.3266   1.3316
  1.3388   1.3494   1.3572   1.3623   1.3723   1.3770   1.3937   1.3955
  1.4054   1.4083   1.4126   1.4270   1.4339   1.4377   1.4424   1.4530
  1.4601   1.4633   1.4674   1.4718   1.4790   1.4821   1.4927   1.5104
  1.5230   1.5377   1.5389   1.5461   1.5470   1.5571   1.5632   1.5713
  1.5792   1.5800   1.5955   1.5985   1.6169   1.6236   1.6275   1.6365
  1.6375   1.6513   1.6543   1.6586   1.6730   1.6785   1.6840   1.6979
  1.7003   1.7080   1.7182   1.7280   1.7344   1.7468   1.7526   1.7561
  1.7745   1.7759   1.7821   1.7979   1.8060   1.8171   1.8215   1.8353
  1.8426   1.8473   1.8604   1.8624   1.8790   1.8842   1.8942   1.9025
  1.9113   1.9245   1.9380   1.9461   1.9520   1.9642   1.9764   1.9836
  1.9966   2.0082   2.0206   2.0348   2.0411   2.0516   2.0552   2.0703
  2.0950   2.1084   2.1125   2.1246   2.1355   2.1599   2.1630   2.1755
  2.1875   2.2048   2.2118   2.2240   2.2445   2.2633   2.2653   2.2914
  2.2998   2.3319   2.3374   2.3403   2.3461   2.3753   2.3811   2.4053
  2.4170   2.4232   2.4505   2.4574   2.4638   2.4832   2.4990   2.5134
  2.5234   2.5327   2.5437   2.5564   2.5740   2.5885   2.5969   2.6199
  2.6276   2.6390   2.6517   2.6735   2.6744   2.6806   2.6945   2.7218
  2.7439   2.7556   2.7600   2.7762   2.7838   2.7996   2.8032   2.8203
  2.8441   2.8573   2.8652   2.8740   2.8865   2.8897   2.9129   2.9224
  2.9285   2.9566   2.9736   2.9820   2.9944   3.0106   3.0245   3.0388
  3.0648   3.0823   3.1051   3.1139   3.1355   3.1463   3.1670   3.1762
  3.2370   3.2461   3.2763   3.2969   3.3106   3.3281   3.3383   3.3619
  3.3926   3.4160   3.4378   3.4489   3.4584   3.4770   3.4834   3.5189
  3.5239   3.5420   3.5552   3.5633   3.5848   3.5951   3.6164   3.6178
  3.6400   3.6493   3.6652   3.6830   3.6914   3.7088   3.7139   3.7329
  3.7492   3.7633   3.7658   3.7769   3.7964   3.8263   3.8296   3.8386
  3.8515   3.8629   3.8860   3.8920   3.9053   3.9343   3.9502   3.9647
  3.9677   3.9856   3.9941   4.0057   4.0263   4.0334   4.0481   4.0558
  4.0722   4.0934   4.1034   4.1170   4.1218   4.1387   4.1460   4.1586
  4.1772   4.1928   4.2025   4.2155   4.2351   4.2443   4.2598   4.2626
  4.2837   4.3004   4.3114   4.3307   4.3479   4.3608   4.3667   4.3749
  4.3945   4.4018   4.4194   4.4409   4.4512   4.4691   4.4829   4.4952
  4.5087   4.5196   4.5449   4.5533   4.5664   4.5799   4.5851   4.5934
  4.6107   4.6248   4.6529   4.6629   4.6743   4.6931   4.7022   4.7196
  4.7430   4.7519   4.7781   4.7949   4.7982   4.8004   4.8255   4.8383
  4.8488   4.8752   4.8872   4.8963   4.9111   4.9238   4.9333   4.9447
  4.9612   4.9791   4.9969   5.0106   5.0215   5.0437   5.0567   5.0798
  5.0918   5.1113   5.1484   5.1494   5.1601   5.1809   5.1933   5.2132
  5.2388   5.2428   5.2506   5.2673   5.2803   5.2969   5.3120   5.3316
  5.3388   5.3450   5.3723   5.4006   5.4132   5.4208   5.4247   5.4395
  5.4587   5.4763   5.4966   5.5125   5.5443   5.5615   5.5755   5.5811
  5.5985   5.6178   5.6424   5.6563   5.6821   5.7045   5.7132   5.7390
  5.7783   5.7882   5.8261   5.8460   5.8749   5.8909   5.9134   5.9378
  5.9685   6.0032   6.0181   6.0502   6.1112   6.1463   6.1893   6.2811
  6.3264   6.3334   6.4497   6.4811   6.4954   6.5198   6.5660   6.6167
  6.6330   6.6678   6.7030   6.7475   6.7818   6.8501   6.8601   6.8920
  6.9142   6.9526   6.9698   7.0274   7.0411   7.0712   7.1108   7.1366
  7.1472   7.1793   7.1834   7.2024   7.2098   7.2211   7.2430   7.2689
  7.2869   7.3232   7.3409   7.3509   7.3701   7.4016   7.4041   7.4304
  7.4857   7.5091   7.5513   7.6370   7.6552   7.6938   7.7457   7.7721
  7.7847   7.8488   7.9764   7.9893   8.0487   8.1119   8.1682   8.2128
  8.2505   8.4197   8.5885   8.9268  15.8854  16.2661  16.7067  17.3140
 17.8333  18.1139  18.6026  19.3217  20.1145
 --------------------------------------------------------------
 
          Ground-State Mulliken Net Atomic Charges

     Atom                 Charge (a.u.)
  ----------------------------------------
      1 O                    -0.666958
      2 H                     0.210869
      3 C                    -0.640323
      4 C                     0.343974
      5 O                    -0.720653
      6 C                    -0.757625
      7 H                     0.460044
      8 H                     0.308448
      9 C                     0.437792
     10 C                    -0.775326
     11 H                     0.534464
     12 O                    -0.570519
     13 H                     0.348607
     14 H                     0.449082
     15 H                     0.461207
     16 H                     0.411046
     17 H                     0.190650
     18 H                     0.104860
     19 O                    -0.586149
     20 H                     0.280361
     21 H                     0.176149
  ----------------------------------------
  Sum of atomic charges =     0.000000

 -----------------------------------------------------------------
                    Cartesian Multipole Moments
 -----------------------------------------------------------------
    Charge (ESU x 10^10)
                 0.0000
    Dipole Moment (Debye)
         X      -1.0679      Y       2.9969      Z      -0.1375
       Tot       3.1845
    Quadrupole Moments (Debye-Ang)
        XX     -56.4069     XY       0.1835     YY     -55.0776
        XZ      -4.5340     YZ       6.0925     ZZ     -55.9292
    Octopole Moments (Debye-Ang^2)
       XXX     -13.6340    XXY       2.3610    XYY       6.1545
       YYY      18.7241    XXZ     -11.4735    XYZ       4.3769
       YYZ      -0.5252    XZZ      12.9590    YZZ       7.4345
       ZZZ      -1.0099
    Hexadecapole Moments (Debye-Ang^3)
      XXXX    -753.4433   XXXY      20.7136   XXYY    -210.0653
      XYYY      22.5059   YYYY    -610.0595   XXXZ     -59.5679
      XXYZ      -1.8123   XYYZ      13.4229   YYYZ      40.1323
      XXZZ    -146.8635   XYZZ       3.0589   YYZZ    -140.9145
      XZZZ      -8.1540   YZZZ       2.9066   ZZZZ    -228.3421
 -----------------------------------------------------------------
 Total job time:  26132.45s(wall), 17443.30s(cpu) 
 Tue Mar  5 21:13:33 2024

        *************************************************************
        *                                                           *
        *  Thank you very much for using Q-Chem.  Have a nice day.  *
        *                                                           *
        *************************************************************


