
Running Job 1 of 1 deoxy_1_0.95.inp
qchem deoxy_1_0.95.inp_2864843.0 /scratch/qchemscratch/qchem2864843/ 1
/opt/qchem/6.1/exe/qcprog.exe_s deoxy_1_0.95.inp_2864843.0 /scratch/qchemscratch/qchem2864843/
                  Welcome to Q-Chem
     A Quantum Leap Into The Future Of Chemistry


 Q-Chem 6.1, Q-Chem, Inc., Pleasanton, CA (2023)

 License issued to: SRG Pengyu Ren, University of Texas at Austin

 E. Epifanovsky,  A. T. B. Gilbert,  Xintian Feng,  Joonho Lee,  Yuezhi Mao,  
 N. Mardirossian,  P. Pokhilko,  A. White,  M. Wormit,  M. P. Coons,  
 A. L. Dempwolff,  Zhengting Gan,  D. Hait,  P. R. Horn,  L. D. Jacobson,  
 I. Kaliman,  J. Kussmann,  A. W. Lange,  Ka Un Lao,  D. S. Levine,  Jie Liu,  
 S. C. McKenzie,  A. F. Morrison,  K. D. Nanda,  F. Plasser,  D. R. Rehn,  
 M. L. Vidal,  Zhi-Qiang You,  Ying Zhu,  B. Alam,  B. Albrecht,  
 A. Aldossary,  E. Alguire,  J. H. Andersen,  V. Athavale,  D. Barton,  
 K. Begam,  A. Behn,  N. Bellonzi,  Y. A. Bernard,  E. J. Berquist,  
 H. Burton,  A. Carreras,  K. Carter-Fenk,  Mathew Chow,  Romit Chakraborty,  
 Chandrima Chakravarty,  Junhan Chen,  A. D. Chien,  K. D. Closser,  
 V. Cofer-Shabica,  L. Cunha,  S. Dasgupta,  Jia Deng,  M. de Wergifosse,  
 M. Diedenhofen,  Hainam Do,  S. Ehlert,  Po-Tung Fang,  S. Fatehi,  
 Qingguo Feng,  T. Friedhoff,  Thomas Froitzheim,  B. Ganoe,  J. Gayvert,  
 Qinghui Ge,  G. Gidofalvi,  M. Gimferrer,  M. Goldey,  Montgomery Gray,  
 J. Gomes,  C. Gonzalez-Espinoza,  S. Gulania,  A. Gunina,  J. A. Gyamfi,  
 M. W. D. Hanson-Heine,  P. H. P. Harbach,  A. W. Hauser,  M. F. Herbst,  
 M. Hernandez Vera,  M. Hodecker,  Z. C. Holden,  S. Houck,  Xunkun Huang,  
 Kerwin Hui,  B. C. Huynh,  K. Ikeda,  M. Ivanov,  Hyunjun Ji,  Zuxin Jin,  
 Hanjie Jiang,  Subrata Jana,  B. Kaduk,  S. Kaehler,  R. Kang,  
 K. Khistyaev,  Jaehoon Kim,  Yongbin Kim,  P. Klunzinger,  Z. Koczor-Benda,  
 Joong Hoon Koh,  D. Kosenkov,  Saikiran Kotaru,  L. Koulias,  T. Kowalczyk,  
 C. M. Krauter,  K. Kue,  A. Kunitsa,  T. Kus,  A. Landau,  K. V. Lawler,  
 D. Lefrancois,  S. Lehtola,  Rain Li,  Shaozhi Li,  Yi-Pei Li,  
 Jiashu Liang,  M. Liebenthal,  Hung-Hsuan Lin,  You-Sheng Lin,  Fenglai Liu,  
 Kuan-Yu Liu,  Xiao Liu,  M. Loipersberger,  A. Luenser,  C. Malbon,  
 A. Manjanath,  P. Manohar,  E. Mansoor,  S. F. Manzer,  Shan-Ping Mao,  
 A. V. Marenich,  T. Markovich,  S. Mason,  F. Matz,  S. A. Maurer,  
 P. F. McLaughlin,  M. F. S. J. Menger,  J.-M. Mewes,  S. A. Mewes,  
 P. Morgante,  Mohammad Mostafanejad,  J. W. Mullinax,  K. J. Oosterbaan,  
 G. Paran,  V. Parravicini,  Alexander C. Paul,  Suranjan K. Paul,  
 F. Pavosevic,  Zheng Pei,  S. Prager,  E. I. Proynov,  E. Ramos,  B. Rana,  
 A. E. Rask,  A. Rettig,  R. M. Richard,  F. Rob,  E. Rossomme,  T. Scheele,  
 M. Scheurer,  M. Schneider,  P. E. Schneider,  Tim K. Schramm,  N. Sergueev,  
 S. M. Sharada,  M. Sharma,  Hengyuan Shen,  W. Skomorowski,  D. W. Small,  
 C. J. Stein,  Alistair J. Sterling,  Yingli Su,  Yu-Chuan Su,  
 E. J. Sundstrom,  J. Talbot,  Zhen Tao,  J. Thirman,  Hung-Yi Tsai,  
 T. Tsuchimochi,  N. M. Tubman,  C. Utku,  S. P. Veccham,  O. Vydrov,  
 J. Wenzel,  Jonathan Wong,  J. Witte,  A. Yamada,  Chou-Hsun Yang,  Kun Yao,  
 S. Yeganeh,  S. R. Yost,  A. Zech,  F. Zeller,  Igor Ying Zhang,  
 Xing Zhang,  Yu Zhang,  D. Zuev,  A. Aspuru-Guzik,  A. T. Bell,  
 N. A. Besley,  K. B. Bravaya,  B. R. Brooks,  D. Casanova,  Jeng-Da Chai,  
 Hsing-Ta Chen,  S. Coriani,  C. J. Cramer,  A. E. DePrince, III,  
 R. A. DiStasio Jr.,  A. Dreuw,  B. D. Dunietz,  T. R. Furlani,  
 W. A. Goddard III,  S. Grimme,  S. Hammes-Schiffer,  T. Head-Gordon,  
 W. J. Hehre,  Chao-Ping Hsu,  T.-C. Jagau,  Yousung Jung,  A. Klamt,  
 Jing Kong,  D. S. Lambrecht,  Xiangyuan Li,  WanZhen Liang,  N. J. Mayhall,  
 C. W. McCurdy,  J. B. Neaton,  T. Neudecker,  C. Ochsenfeld,  
 J. A. Parkhill,  R. Peverati,  V. A. Rassolov,  Haisheng Ren,  Yihan Shao,  
 L. V. Slipchenko,  R. P. Steele,  J. E. Subotnik,  A. J. W. Thom,  
 A. Tkatchenko,  D. G. Truhlar,  T. Van Voorhis,  Fan Wang,  
 T. A. Wesolowski,  K. B. Whaley,  H. L. Woodcock III,  P. M. Zimmerman,  
 S. Faraji,  P. M. W. Gill,  M. Head-Gordon,  J. M. Herbert,  A. I. Krylov

 Contributors to earlier versions of Q-Chem not listed above: 
 R. D. Adamson,  B. Austin,  R. Baer,  J. Baker,  G. J. O. Beran,  
 K. Brandhorst,  S. T. Brown,  E. F. C. Byrd,  Arup K. Chakraborty,  
 G. K. L. Chan,  Chun-Min Chang,  Yunqing Chen,  C.-L. Cheng,  
 Siu Hung Chien,  D. M. Chipman,  D. L. Crittenden,  H. Dachsel,  
 R. J. Doerksen,  A. D. Dutoi,  R. G. Edgar,  J. Fosso-Tande,  
 L. Fusti-Molnar,  D. Ghosh,  A. Ghysels,  A. Golubeva-Zadorozhnaya,  
 J. Gonthier,  M. S. Gordon,  S. R. Gwaltney,  G. Hawkins,  J. E. Herr,  
 A. Heyden,  S. Hirata,  E. G. Hohenstein,  G. Kedziora,  F. J. Keil,  
 C. Kelley,  Jihan Kim,  R. A. King,  R. Z. Khaliullin,  P. P. Korambath,  
 W. Kurlancheek,  A. Laurent,  A. M. Lee,  M. S. Lee,  S. V. Levchenko,  
 Ching Yeh Lin,  D. Liotard,  E. Livshits,  R. C. Lochan,  I. Lotan,  
 L. A. Martinez-Martinez,  P. E. Maslen,  N. Nair,  D. P. O'Neill,  
 D. Neuhauser,  E. Neuscamman,  C. M. Oana,  R. Olivares-Amaya,  R. Olson,  
 T. M. Perrine,  B. Peters,  P. A. Pieniazek,  A. Prociuk,  Y. M. Rhee,  
 J. Ritchie,  M. A. Rohrdanz,  E. Rosta,  N. J. Russ,  H. F. Schaefer III,  
 M. W. Schmidt,  N. E. Schultz,  S. Sharma,  N. Shenvi,  C. D. Sherrill,  
 A. C. Simmonett,  A. Sodt,  T. Stein,  D. Stuck,  K. S. Thanthiriwatte,  
 V. Vanovschi,  L. Vogt,  Tao Wang,  A. Warshel,  M. A. Watson,  
 C. F. Williams,  Q. Wu,  X. Xu,  Jun Yang,  W. Zhang,  Yan Zhao

   Please cite Q-Chem as follows:
  "Software for the frontiers of quantum chemistry:
   An overview of developments in the Q-Chem 5 package"
   J. Chem. Phys. 155, 084801 (2021)
   https://doi.org/10.1063/5.0055522 (open access)

 Q-Chem 6.1.1 for Intel X86 EM64T Linux

 Parts of Q-Chem use Armadillo 9.900.5 (Nocturnal Misbehaviour).
 http://arma.sourceforge.net/

 Q-Chem begins on Tue Mar  5 13:55:27 2024  

 Host: 
0

     Scratch files written to /scratch/qchemscratch/qchem2864843//
 Jan1824 |scratch|qcdevops|jenkins|workspace|build_RNUM UKVU   
 Processing $rem in /opt/qchem/6.1/config/preferences:
 Processing $rem in /home/mm227274/.qchemrc:

 Q-Chem warning in module libgen/rem_setup.C, line 3361:

 Neither GIA nor STOLL is specified by user. Use STOLL as the default


 Checking the input file for inconsistencies... 	...done.

--------------------------------------------------------------
User input:
--------------------------------------------------------------
$molecule
0 1
--

0 1
O 1.3213 -1.39006 -0.86453
H 1.97508 -0.65871 -0.80693
C 0.78631 -1.56141 0.43741
C -0.32765 -0.57601 0.74936
O 0.2397 0.75072 0.93041
C -0.52877 1.68398 0.14079
H 0.12886 2.52252 -0.10067
H -1.38601 2.04175 0.72222
C -1.35482 -0.45245 -0.37908
C -0.97227 0.86036 -1.05543
H -1.80403 1.30463 -1.61216
O -2.63736 -0.36434 0.25545
H 1.56344 -1.48247 1.21167
H 0.37298 -2.57498 0.48698
H -0.84385 -0.86207 1.67543
H -1.30815 -1.30993 -1.06117
H -0.12996 0.69197 -1.73154
H -3.30319 -0.29358 -0.45095
--
0 1
O 2.62042175 0.8455840555555556 -0.16079505555555557
H 1.81005175 0.9274840555555556 0.3906549444444445
H 3.3504317500000003 0.7413540555555556 0.4688049444444445
$end

$rem
JOBTYPE          eda
EDA2             2
METHOD           b97m-v
BASIS            aug-cc-pvtz
SCF_CONVERGENCE  8
THRESH           14
SYMMETRY         false
DISP_FREE_X      revPBE
DISP_FREE_C      PBE
EDA_BSSE         true
$end
--------------------------------------------------------------
 ----------------------------------------------------------------
             Standard Nuclear Orientation (Angstroms)
    I     Atom           X                Y                Z
 ----------------------------------------------------------------
    1      O       1.3841972094    -1.3422816594    -0.8621846056
    2      H       2.0166753380    -0.5927196738    -0.8009709021
    3      C       0.8509102280    -1.5322322686     0.4378717961
    4      C      -0.2915448109    -0.5798509187     0.7493185697
    5      O       0.2372156867     0.7620568566     0.9352580133
    6      C      -0.5555178758     1.6750580314     0.1459402910
    7      H       0.0785312480     2.5326566600    -0.0916218712
    8      H      -1.4241434625     2.0066921040     0.7259653486
    9      C      -1.3188653586    -0.4827173067    -0.3815658938
   10      C      -0.9721860791     0.8422393664    -1.0535534031
   11      H      -1.8148313824     1.2640367666    -1.6113926895
   12      O      -2.6050555417    -0.4329117350     0.2497302034
   13      H       1.6234391198    -1.4331620791     1.2144188436
   14      H       0.4665608078    -2.5573141579     0.4837592903
   15      H      -0.8017898830    -0.8829466829     1.6732673414
   16      H      -1.2459446856    -1.3367318838    -1.0656992762
   17      H      -0.1236437725     0.6997284684    -1.7278179344
   18      H      -3.2707822874    -0.3793434238    -0.4582781741
   19      O       2.6171075787     0.9276913069    -0.1492895994
   20      H       1.8032881453     0.9849849742     0.4001825244
   21      H       3.3481447278     0.8426993519     0.4820072462
 ----------------------------------------------------------------
 Molecular Point Group                 C1    NOp =  1
 Largest Abelian Subgroup              C1    NOp =  1
 Nuclear Repulsion Energy =         533.36478674 hartrees
 There are       37 alpha and       37 beta electrons
 Requested basis set is aug-cc-pVTZ
 There are 234 shells and 690 basis functions

 Total QAlloc Memory Limit  16000 MB
 Mega-Array Size       188 MB
 MEM_STATIC part       192 MB

 A cutoff of  1.0D-14 yielded  26658 shell pairs
 There are    231284 function pairs (    307383 Cartesian)
 Smallest overlap matrix eigenvalue = 1.81E-06

 Scale SEOQF with 1.000000e-01/1.000000e-01/1.000000e-01

 Standard Electronic Orientation quadrupole field applied
 Nucleus-field energy     =     0.0000000091 hartrees

 -----------------------------------------------------------------------
  General SCF calculation program by
  Eric Jon Sundstrom, Paul Horn, Yuezhi Mao, Dmitri Zuev, Alec White,
  David Stuck, Shaama M.S., Shane Yost, Joonho Lee, David Small,
  Daniel Levine, Susi Lehtola, Hugh Burton, Evgeny Epifanovsky,
  Bang C. Huynh
 -----------------------------------------------------------------------
================================================================
                 ALMO-EDA with the EDA2 driver                  
================================================================
 The second-generation ALMO-EDA (for DFT):                      
 P. R. Horn, Y. Mao and M. Head-Gordon, PCCP, 18, 23067 (2016)  
 Y. Mao et al. Annu. Rev. Phys. Chem. 72, 641 (2021)            
 Decomposition of the frozen energy:                            
 P. R. Horn, Y. Mao and M. Head-Gordon, JCP, 144, 114107 (2016) 
================================================================
 Using eda2 option set 2
 Option set summary: Frozen orbital wavefunction, initial wavefunction decomposition, and traditional AO-based POL.
--------------------------------
Printing EDA Options
--------------------------------
eda_child_super_basis      0
fragmo_guess_mode          0
child_mp                   0
child_mp_orders            0
cls_elec                   1
cls_disp                   0
scfmi_mode                 1
scfmi_occs                 0
scfmi_virts                0
frz_relax                  0
frz_relax_method           0
dc_pen_start               0
dc_pen_conv                0
dc_pen_increment           0
dc_pen_steps               0
dc_pen_thresh_factor       0
dc_pen_pre_newton_thresh   0
frz_ortho_decomp           1
frz_ortho_decomp_conv      6
plot_mo_ortho_frz          0
frgm_method                2
scfmi_freeze_ss            0
separate_rehyb             0
plot_diff_den              0
eda_nocv                   0
eda_vct_relax              1
disp_free_x                33
disp_free_c                25
eda_bsse                   1
eda_pct_a                  0
eda_covp                   0
eda_vct_a                  0
--------------------------------
 Attempting to make child job directory: /scratch/qchemscratch/qchem2864843//Frg1/
 Attempting to make child job directory: /scratch/qchemscratch/qchem2864843//Frg2/
 Creating input file /scratch/qchemscratch/qchem2864843/Frg1.input
 using default PutDataFrgm: nothing
 calling putenv with: QCSCRATCH=/scratch/qchemscratch/qchem2864843/ 
 Spawning Job For Fragment 0
 Done Job For Fragment 0
 calling putenv with: QCSCRATCH=/scratch/qchemscratch 
 calling putenv with: QCTHREADS=1 
 Creating input file /scratch/qchemscratch/qchem2864843/Frg2.input
 using default PutDataFrgm: nothing
 calling putenv with: QCSCRATCH=/scratch/qchemscratch/qchem2864843/ 
 Spawning Job For Fragment 1
 Done Job For Fragment 1
 calling putenv with: QCSCRATCH=/scratch/qchemscratch 
 calling putenv with: QCTHREADS=1 
Doing General SCFMI
 Exchange:  B97M-V      Correlation:  B97M-V
 Using SG-2 standard quadrature grid
 Nonlocal Correlation:  VV10 with C = 0.0100 and b = 6.00 and scale = 1.00000
 Grid used for NLC:  SG-1 standard quadrature
performing fock build before subrot guess so that all methods have access
Printing subrot_rss_gen Method Specification:
Occupied Subspace Method is 0
Virtual Subspace Method is 0
Energy of the unrelaxed supersystem initial determinant -498.711139832014
write pseudocanon occs and virts to disk
write pseudocanon orbital energies to disk
Tolerance of ortho_decomp_scf: 1.00e-06
GDM subspace size: 20
Beginning the Orthogonal Decomposition of the Initial Supersystem Wavefunction
    1    -498.5747366075      1.72e-01     ortho_decomp Preconditoned Steepest Descent
    2    -498.5942195173      4.32e-04     ortho_decomp BFGS Step
    3    -498.5942202261      7.61e-06     ortho_decomp BFGS Step
    4    -498.5942202263      6.61e-08     ortho_decomp 00000 Convergence criterion met
 Exchange:  revPBE      Correlation:  PBE
 Using SG-2 standard quadrature grid
 Exchange:  revPBE      Correlation:  PBE
 Using SG-2 standard quadrature grid
 Exchange:  revPBE      Correlation:  PBE
 Using SG-2 standard quadrature grid
Doing General SCFMI
 Exchange:  B97M-V      Correlation:  B97M-V
 Using SG-2 standard quadrature grid
 Nonlocal Correlation:  VV10 with C = 0.0100 and b = 6.00 and scale = 1.00000
 Grid used for NLC:  SG-1 standard quadrature
performing fock build at end of subrot_r(subrot) constructor so that all methods have access
<S^2> of initial wavefunction before polarization iterations 0.0000000000
Beginning iterations for the determination of the polarized wavefunction
Energy prior to optimization (guess energy) = -498.711139832013
Begin Timing: Total SCF Calculation
begin iterations for algorithm: DIIS         
the SCF tolerance is set to 1.00e-08
    1    -498.7111398320      1.88e-04     00000 
    2    -498.7228426964      7.45e-05     00000 
    3    -498.7231721947      6.99e-05     00000 
    4    -498.7238029389      1.92e-05     00000 
    5    -498.7238680862      8.01e-06     00000 
    6    -498.7238831521      4.98e-06     00000 
    7    -498.7238902301      1.93e-06     00000 
    8    -498.7238921245      1.05e-06     00000 
    9    -498.7238926028      5.23e-07     00000 
   10    -498.7238926745      2.37e-07     00000 
   11    -498.7238926976      1.55e-07     00000 
   12    -498.7238927019      7.64e-08     00000 
   13    -498.7238927029      4.83e-08     00000 
   14    -498.7238927031      3.18e-08     00000 
   15    -498.7238927032      2.33e-08     00000 
   16    -498.7238927033      1.12e-08     00000 
   17    -498.7238927033      6.72e-09     00000 Convergence criterion met
write pseudocanon occs and virts to disk
write pseudocanon orbital energies to disk
Timing for Total SCF: 6726.00s (wall), 6642.15s (cpu)
<S^2> of polarized wavefunction after polarization iterations 0.0000000000
relaxing scfmi constraint to allow all rotations in the entire AO span
Doing General SCFMI
 Exchange:  B97M-V      Correlation:  B97M-V
 Using SG-2 standard quadrature grid
 Nonlocal Correlation:  VV10 with C = 0.0100 and b = 6.00 and scale = 1.00000
 Grid used for NLC:  SG-1 standard quadrature
performing fock build at end of subrot_r(subrot) constructor so that all methods have access
<S^2> of polarized wavefunction before ct-allowed iterations 0.0000000000
Beginning iterations for the determination of the CT-Allowed wavefunction
Energy prior to optimization (guess energy) = -498.723892703312
Begin Timing: Total SCF Calculation
begin iterations for algorithm: DIIS         
the SCF tolerance is set to 1.00e-08
    1    -498.7238927033      2.34e-04     00000 
    2    -498.7368833884      3.03e-05     00000 
    3    -498.7366941599      4.52e-05     00000 
    4    -498.7370425454      6.46e-06     00000 
    5    -498.7370489936      2.81e-06     00000 
    6    -498.7370502129      1.15e-06     00000 
    7    -498.7370504424      2.06e-07     00000 
    8    -498.7370504491      8.09e-08     00000 
    9    -498.7370504503      2.20e-08     00000 
   10    -498.7370504504      4.70e-09     00000 Convergence criterion met
write pseudocanon occs and virts to disk
write pseudocanon orbital energies to disk
Timing for Total SCF: 3092.00s (wall), 3073.34s (cpu)
<S^2> of ct_allowed wavefunction after ct-allowed iterations 0.0000000000
 Attempting to make child job directory: /scratch/qchemscratch/qchem2864843//FrgBSSE1/
 Attempting to make child job directory: /scratch/qchemscratch/qchem2864843//FrgBSSE2/
 Creating input file /scratch/qchemscratch/qchem2864843/FrgBSSE1.input
 calling putenv with: QCSCRATCH=/scratch/qchemscratch/qchem2864843/ 
 Spawning Job For Fragment 0
 Done Job For Fragment 0
 calling putenv with: QCSCRATCH=/scratch/qchemscratch 
 calling putenv with: QCTHREADS=1 
 Creating input file /scratch/qchemscratch/qchem2864843/FrgBSSE2.input
 calling putenv with: QCSCRATCH=/scratch/qchemscratch/qchem2864843/ 
 Spawning Job For Fragment 1
 Done Job For Fragment 1
 calling putenv with: QCSCRATCH=/scratch/qchemscratch 
 calling putenv with: QCTHREADS=1 
====================================================================
   Evaluating the BSSE with fragment SCF in the supersystem basis
   Fragment contributions (kJ/mol) 
   Frgm 1: 0.3960
   Frgm 2: 0.3058
   BSSE (kJ/mol) = 0.7018
====================================================================

================================
        Results of EDA2         
================================
Basic EDA Quantities
--------------------
Fragment Energies (Ha):
1 -422.2886941373
2  -76.4323259391
--------------------
  E_prp (kJ/mol) = 0.0000
  E_frz (kJ/mol) = 25.9409
  E_pol (kJ/mol) = -33.4831
  E_vct (kJ/mol) = -33.8443 (CP-corrected)
  E_int (kJ/mol) = -41.3864 (CP-corrected)
--------------------


Decomposition of frozen interaction energy
--------------------
  --------------------
  Orthogonal Frozen Decomposition:
  --------------------
     E_elec   (ELEC)   (kJ/mol) = -223.1946
     E_pauli  (PAULI)  (kJ/mol) = 276.6956
     E_disp   (DISP)   (kJ/mol) = -27.5601
  --------------------
  Classical Frozen Decomposition:
  --------------------
     E_cls_elec  (CLS ELEC)  (kJ/mol) = -121.1408
     E_mod_pauli (MOD PAULI) (kJ/mol) = 174.6417 (FRZ - CLS ELEC - DISP)
     E_disp      (DISP)      (kJ/mol) = -27.5601
  --------------------
--------------------

Simplified EDA Summary (kJ/mol)
--------------------
 PREPARATION      0.0000
 FROZEN           25.9409 (ELEC + PAULI + DISP)
[ELEC + PAULI = 53.5010, DISP = -27.5601]
 POLARIZATION    -33.4831
 CHARGE TRANSFER -33.8443     (counterpoise-corrected)
 TOTAL           -41.3864     (PRP + FRZ + POL + CT)
--------------------
 
 --------------------------------------------------------------
 
                    Orbital Energies (a.u.)
 --------------------------------------------------------------
 
 Alpha MOs
 -- Occupied --
-19.1764 -19.1662 -19.1532 -19.1354 -10.2414 -10.2359 -10.2343 -10.2249
-10.1865  -1.0487  -1.0199  -1.0047  -0.9922  -0.7680  -0.7477  -0.6470
 -0.5928  -0.5594  -0.5137  -0.4962  -0.4789  -0.4633  -0.4555  -0.4403
 -0.3957  -0.3853  -0.3798  -0.3697  -0.3621  -0.3470  -0.3259  -0.3175
 -0.2978  -0.2774  -0.2604  -0.2587  -0.2347
 -- Virtual --
 -0.0249  -0.0178   0.0001   0.0027   0.0129   0.0181   0.0289   0.0316
  0.0329   0.0435   0.0487   0.0571   0.0594   0.0616   0.0704   0.0719
  0.0738   0.0791   0.0806   0.0846   0.0868   0.0888   0.0940   0.0954
  0.0979   0.1021   0.1096   0.1116   0.1161   0.1196   0.1286   0.1302
  0.1326   0.1386   0.1475   0.1523   0.1566   0.1592   0.1634   0.1686
  0.1719   0.1749   0.1844   0.1871   0.1910   0.1952   0.2014   0.2028
  0.2095   0.2124   0.2196   0.2238   0.2295   0.2337   0.2368   0.2406
  0.2502   0.2525   0.2569   0.2599   0.2619   0.2675   0.2733   0.2773
  0.2803   0.2852   0.2913   0.2989   0.3027   0.3074   0.3143   0.3197
  0.3201   0.3231   0.3304   0.3362   0.3384   0.3482   0.3488   0.3537
  0.3566   0.3639   0.3694   0.3722   0.3754   0.3853   0.3911   0.3959
  0.4003   0.4023   0.4097   0.4122   0.4192   0.4203   0.4252   0.4288
  0.4357   0.4367   0.4459   0.4483   0.4537   0.4589   0.4625   0.4668
  0.4688   0.4812   0.4815   0.4855   0.4899   0.4984   0.5015   0.5079
  0.5127   0.5175   0.5201   0.5276   0.5328   0.5419   0.5441   0.5484
  0.5528   0.5544   0.5629   0.5687   0.5715   0.5853   0.5941   0.5959
  0.6085   0.6202   0.6266   0.6368   0.6487   0.6610   0.6694   0.6741
  0.6867   0.6892   0.6939   0.7054   0.7201   0.7209   0.7283   0.7387
  0.7441   0.7505   0.7549   0.7591   0.7635   0.7779   0.7801   0.7842
  0.7937   0.8000   0.8075   0.8154   0.8172   0.8263   0.8299   0.8404
  0.8445   0.8456   0.8462   0.8621   0.8686   0.8741   0.8790   0.8875
  0.8934   0.8991   0.9061   0.9106   0.9164   0.9174   0.9254   0.9286
  0.9379   0.9472   0.9513   0.9585   0.9655   0.9687   0.9758   0.9791
  0.9825   0.9955   1.0006   1.0080   1.0126   1.0157   1.0218   1.0315
  1.0394   1.0414   1.0529   1.0570   1.0710   1.0792   1.0859   1.0880
  1.0965   1.1033   1.1038   1.1135   1.1153   1.1247   1.1356   1.1431
  1.1534   1.1582   1.1620   1.1706   1.1777   1.1897   1.1973   1.2018
  1.2137   1.2155   1.2277   1.2362   1.2479   1.2517   1.2588   1.2668
  1.2723   1.2854   1.2959   1.2987   1.3066   1.3165   1.3178   1.3316
  1.3391   1.3430   1.3527   1.3696   1.3718   1.3810   1.3908   1.3977
  1.4048   1.4100   1.4200   1.4293   1.4344   1.4439   1.4477   1.4529
  1.4573   1.4699   1.4769   1.4882   1.4998   1.5052   1.5075   1.5234
  1.5314   1.5352   1.5393   1.5448   1.5545   1.5639   1.5659   1.5665
  1.5749   1.5791   1.5914   1.6064   1.6158   1.6224   1.6282   1.6357
  1.6561   1.6581   1.6610   1.6696   1.6748   1.6830   1.6905   1.6971
  1.7074   1.7131   1.7268   1.7356   1.7417   1.7498   1.7576   1.7641
  1.7729   1.7743   1.7854   1.8013   1.8050   1.8104   1.8126   1.8282
  1.8364   1.8411   1.8536   1.8625   1.8666   1.8826   1.8920   1.9000
  1.9130   1.9222   1.9460   1.9555   1.9654   1.9688   1.9819   1.9989
  2.0011   2.0098   2.0177   2.0342   2.0491   2.0709   2.0802   2.0842
  2.0911   2.1016   2.1229   2.1364   2.1480   2.1568   2.1656   2.1722
  2.1852   2.1893   2.2151   2.2175   2.2416   2.2586   2.2840   2.3046
  2.3081   2.3237   2.3273   2.3562   2.3602   2.3742   2.3796   2.3949
  2.4008   2.4199   2.4263   2.4294   2.4587   2.4621   2.4955   2.5018
  2.5126   2.5350   2.5590   2.5635   2.5782   2.5844   2.6026   2.6082
  2.6285   2.6507   2.6554   2.6664   2.6740   2.6886   2.7123   2.7245
  2.7307   2.7431   2.7747   2.7773   2.8084   2.8107   2.8296   2.8393
  2.8507   2.8675   2.8752   2.8832   2.8915   2.9097   2.9461   2.9546
  2.9627   2.9729   2.9865   3.0017   3.0184   3.0224   3.0440   3.0575
  3.0799   3.0934   3.1060   3.1120   3.1307   3.1393   3.1545   3.1689
  3.2144   3.2345   3.2665   3.2965   3.3024   3.3338   3.3388   3.3923
  3.3968   3.4130   3.4308   3.4508   3.4609   3.4792   3.4956   3.5170
  3.5284   3.5450   3.5679   3.5696   3.5802   3.6119   3.6252   3.6451
  3.6526   3.6614   3.6714   3.7026   3.7059   3.7135   3.7272   3.7405
  3.7555   3.7692   3.7729   3.7880   3.7907   3.8176   3.8291   3.8358
  3.8717   3.8764   3.8951   3.9064   3.9207   3.9303   3.9439   3.9482
  3.9732   3.9832   4.0003   4.0153   4.0214   4.0382   4.0523   4.0594
  4.0675   4.0794   4.0903   4.1133   4.1261   4.1358   4.1513   4.1756
  4.1848   4.1906   4.1969   4.2157   4.2349   4.2403   4.2514   4.2681
  4.2829   4.2983   4.3120   4.3197   4.3331   4.3638   4.3675   4.3709
  4.3850   4.4017   4.4174   4.4295   4.4549   4.4713   4.4781   4.4998
  4.5045   4.5158   4.5353   4.5407   4.5574   4.5918   4.6024   4.6069
  4.6292   4.6346   4.6454   4.6659   4.6913   4.7096   4.7186   4.7216
  4.7393   4.7469   4.7653   4.7757   4.7832   4.8100   4.8189   4.8434
  4.8547   4.8666   4.8810   4.8952   4.9144   4.9261   4.9425   4.9511
  4.9548   4.9679   4.9900   5.0101   5.0152   5.0417   5.0487   5.0624
  5.0886   5.1230   5.1281   5.1396   5.1525   5.1805   5.1905   5.1965
  5.2250   5.2391   5.2541   5.2642   5.2767   5.2902   5.3004   5.3132
  5.3363   5.3525   5.3634   5.3685   5.3874   5.4153   5.4254   5.4445
  5.4525   5.4646   5.4917   5.5089   5.5285   5.5494   5.5760   5.5887
  5.6127   5.6251   5.6376   5.6634   5.7057   5.7111   5.7253   5.7289
  5.7582   5.7776   5.8215   5.8383   5.8540   5.8861   5.9160   5.9289
  5.9685   5.9996   6.0260   6.0597   6.0932   6.1112   6.1598   6.2359
  6.2921   6.3299   6.4429   6.4686   6.5034   6.5429   6.5691   6.6110
  6.6597   6.6838   6.6975   6.7823   6.8104   6.8335   6.8458   6.8987
  6.9461   6.9522   6.9752   7.0408   7.0662   7.0851   7.1138   7.1304
  7.1678   7.1919   7.1999   7.2075   7.2095   7.2490   7.2622   7.2742
  7.3204   7.3390   7.3554   7.3820   7.4006   7.4087   7.4358   7.4613
  7.4985   7.5345   7.5745   7.6331   7.6596   7.6902   7.7661   7.8034
  7.8431   7.9147   7.9497   8.0131   8.0414   8.0992   8.1453   8.1857
  8.2272   8.4766   8.5893   8.8987  16.2890  16.4669  16.5210  17.4150
 17.9173  18.1414  18.6781  19.0944  19.9033
 --------------------------------------------------------------
 
          Ground-State Mulliken Net Atomic Charges

     Atom                 Charge (a.u.)
  ----------------------------------------
      1 O                    -0.693868
      2 H                     0.299098
      3 C                    -0.471210
      4 C                     0.082469
      5 O                    -0.556213
      6 C                    -0.754791
      7 H                     0.506033
      8 H                     0.318196
      9 C                     0.277967
     10 C                    -0.797172
     11 H                     0.573382
     12 O                    -0.646317
     13 H                     0.429243
     14 H                     0.330031
     15 H                     0.431171
     16 H                     0.383523
     17 H                     0.224392
     18 H                     0.163041
     19 O                    -0.576297
     20 H                     0.306647
     21 H                     0.170673
  ----------------------------------------
  Sum of atomic charges =     0.000000

 -----------------------------------------------------------------
                    Cartesian Multipole Moments
 -----------------------------------------------------------------
    Charge (ESU x 10^10)
                 0.0000
    Dipole Moment (Debye)
         X      -1.0450      Y       0.7840      Z       0.3881
       Tot       1.3628
    Quadrupole Moments (Debye-Ang)
        XX     -51.1646     XY      -0.0170     YY     -56.4001
        XZ       9.9144     YZ      -2.1710     ZZ     -57.1602
    Octopole Moments (Debye-Ang^2)
       XXX      13.5586    XXY       3.5967    XYY      -5.6984
       YYY       4.4071    XXZ      -0.3204    XYZ      -2.0371
       YYZ       5.3887    XZZ      -0.1550    YZZ       1.0482
       ZZZ       0.7020
    Hexadecapole Moments (Debye-Ang^3)
      XXXX    -681.9658   XXXY      16.6658   XXYY    -240.8203
      XYYY       8.8632   YYYY    -473.9671   XXXZ      84.8026
      XXYZ      15.9456   XYYZ      11.3695   YYYZ       1.0075
      XXZZ    -172.0187   XYZZ       6.3934   YYZZ    -125.2701
      XZZZ      -2.2145   YZZZ      -0.1739   ZZZZ    -235.6387
 -----------------------------------------------------------------
 Total job time:  28895.86s(wall), 19445.44s(cpu) 
 Tue Mar  5 21:57:03 2024

        *************************************************************
        *                                                           *
        *  Thank you very much for using Q-Chem.  Have a nice day.  *
        *                                                           *
        *************************************************************


