
Running Job 1 of 1 ribose_5_0.9.inp
qchem ribose_5_0.9.inp_2848927.0 /scratch/qchemscratch/qchem2848927/ 1
/opt/qchem/6.1/exe/qcprog.exe_s ribose_5_0.9.inp_2848927.0 /scratch/qchemscratch/qchem2848927/
                  Welcome to Q-Chem
     A Quantum Leap Into The Future Of Chemistry


 Q-Chem 6.1, Q-Chem, Inc., Pleasanton, CA (2023)

 License issued to: SRG Pengyu Ren, University of Texas at Austin

 E. Epifanovsky,  A. T. B. Gilbert,  Xintian Feng,  Joonho Lee,  Yuezhi Mao,  
 N. Mardirossian,  P. Pokhilko,  A. White,  M. Wormit,  M. P. Coons,  
 A. L. Dempwolff,  Zhengting Gan,  D. Hait,  P. R. Horn,  L. D. Jacobson,  
 I. Kaliman,  J. Kussmann,  A. W. Lange,  Ka Un Lao,  D. S. Levine,  Jie Liu,  
 S. C. McKenzie,  A. F. Morrison,  K. D. Nanda,  F. Plasser,  D. R. Rehn,  
 M. L. Vidal,  Zhi-Qiang You,  Ying Zhu,  B. Alam,  B. Albrecht,  
 A. Aldossary,  E. Alguire,  J. H. Andersen,  V. Athavale,  D. Barton,  
 K. Begam,  A. Behn,  N. Bellonzi,  Y. A. Bernard,  E. J. Berquist,  
 H. Burton,  A. Carreras,  K. Carter-Fenk,  Mathew Chow,  Romit Chakraborty,  
 Chandrima Chakravarty,  Junhan Chen,  A. D. Chien,  K. D. Closser,  
 V. Cofer-Shabica,  L. Cunha,  S. Dasgupta,  Jia Deng,  M. de Wergifosse,  
 M. Diedenhofen,  Hainam Do,  S. Ehlert,  Po-Tung Fang,  S. Fatehi,  
 Qingguo Feng,  T. Friedhoff,  Thomas Froitzheim,  B. Ganoe,  J. Gayvert,  
 Qinghui Ge,  G. Gidofalvi,  M. Gimferrer,  M. Goldey,  Montgomery Gray,  
 J. Gomes,  C. Gonzalez-Espinoza,  S. Gulania,  A. Gunina,  J. A. Gyamfi,  
 M. W. D. Hanson-Heine,  P. H. P. Harbach,  A. W. Hauser,  M. F. Herbst,  
 M. Hernandez Vera,  M. Hodecker,  Z. C. Holden,  S. Houck,  Xunkun Huang,  
 Kerwin Hui,  B. C. Huynh,  K. Ikeda,  M. Ivanov,  Hyunjun Ji,  Zuxin Jin,  
 Hanjie Jiang,  Subrata Jana,  B. Kaduk,  S. Kaehler,  R. Kang,  
 K. Khistyaev,  Jaehoon Kim,  Yongbin Kim,  P. Klunzinger,  Z. Koczor-Benda,  
 Joong Hoon Koh,  D. Kosenkov,  Saikiran Kotaru,  L. Koulias,  T. Kowalczyk,  
 C. M. Krauter,  K. Kue,  A. Kunitsa,  T. Kus,  A. Landau,  K. V. Lawler,  
 D. Lefrancois,  S. Lehtola,  Rain Li,  Shaozhi Li,  Yi-Pei Li,  
 Jiashu Liang,  M. Liebenthal,  Hung-Hsuan Lin,  You-Sheng Lin,  Fenglai Liu,  
 Kuan-Yu Liu,  Xiao Liu,  M. Loipersberger,  A. Luenser,  C. Malbon,  
 A. Manjanath,  P. Manohar,  E. Mansoor,  S. F. Manzer,  Shan-Ping Mao,  
 A. V. Marenich,  T. Markovich,  S. Mason,  F. Matz,  S. A. Maurer,  
 P. F. McLaughlin,  M. F. S. J. Menger,  J.-M. Mewes,  S. A. Mewes,  
 P. Morgante,  Mohammad Mostafanejad,  J. W. Mullinax,  K. J. Oosterbaan,  
 G. Paran,  V. Parravicini,  Alexander C. Paul,  Suranjan K. Paul,  
 F. Pavosevic,  Zheng Pei,  S. Prager,  E. I. Proynov,  E. Ramos,  B. Rana,  
 A. E. Rask,  A. Rettig,  R. M. Richard,  F. Rob,  E. Rossomme,  T. Scheele,  
 M. Scheurer,  M. Schneider,  P. E. Schneider,  Tim K. Schramm,  N. Sergueev,  
 S. M. Sharada,  M. Sharma,  Hengyuan Shen,  W. Skomorowski,  D. W. Small,  
 C. J. Stein,  Alistair J. Sterling,  Yingli Su,  Yu-Chuan Su,  
 E. J. Sundstrom,  J. Talbot,  Zhen Tao,  J. Thirman,  Hung-Yi Tsai,  
 T. Tsuchimochi,  N. M. Tubman,  C. Utku,  S. P. Veccham,  O. Vydrov,  
 J. Wenzel,  Jonathan Wong,  J. Witte,  A. Yamada,  Chou-Hsun Yang,  Kun Yao,  
 S. Yeganeh,  S. R. Yost,  A. Zech,  F. Zeller,  Igor Ying Zhang,  
 Xing Zhang,  Yu Zhang,  D. Zuev,  A. Aspuru-Guzik,  A. T. Bell,  
 N. A. Besley,  K. B. Bravaya,  B. R. Brooks,  D. Casanova,  Jeng-Da Chai,  
 Hsing-Ta Chen,  S. Coriani,  C. J. Cramer,  A. E. DePrince, III,  
 R. A. DiStasio Jr.,  A. Dreuw,  B. D. Dunietz,  T. R. Furlani,  
 W. A. Goddard III,  S. Grimme,  S. Hammes-Schiffer,  T. Head-Gordon,  
 W. J. Hehre,  Chao-Ping Hsu,  T.-C. Jagau,  Yousung Jung,  A. Klamt,  
 Jing Kong,  D. S. Lambrecht,  Xiangyuan Li,  WanZhen Liang,  N. J. Mayhall,  
 C. W. McCurdy,  J. B. Neaton,  T. Neudecker,  C. Ochsenfeld,  
 J. A. Parkhill,  R. Peverati,  V. A. Rassolov,  Haisheng Ren,  Yihan Shao,  
 L. V. Slipchenko,  R. P. Steele,  J. E. Subotnik,  A. J. W. Thom,  
 A. Tkatchenko,  D. G. Truhlar,  T. Van Voorhis,  Fan Wang,  
 T. A. Wesolowski,  K. B. Whaley,  H. L. Woodcock III,  P. M. Zimmerman,  
 S. Faraji,  P. M. W. Gill,  M. Head-Gordon,  J. M. Herbert,  A. I. Krylov

 Contributors to earlier versions of Q-Chem not listed above: 
 R. D. Adamson,  B. Austin,  R. Baer,  J. Baker,  G. J. O. Beran,  
 K. Brandhorst,  S. T. Brown,  E. F. C. Byrd,  Arup K. Chakraborty,  
 G. K. L. Chan,  Chun-Min Chang,  Yunqing Chen,  C.-L. Cheng,  
 Siu Hung Chien,  D. M. Chipman,  D. L. Crittenden,  H. Dachsel,  
 R. J. Doerksen,  A. D. Dutoi,  R. G. Edgar,  J. Fosso-Tande,  
 L. Fusti-Molnar,  D. Ghosh,  A. Ghysels,  A. Golubeva-Zadorozhnaya,  
 J. Gonthier,  M. S. Gordon,  S. R. Gwaltney,  G. Hawkins,  J. E. Herr,  
 A. Heyden,  S. Hirata,  E. G. Hohenstein,  G. Kedziora,  F. J. Keil,  
 C. Kelley,  Jihan Kim,  R. A. King,  R. Z. Khaliullin,  P. P. Korambath,  
 W. Kurlancheek,  A. Laurent,  A. M. Lee,  M. S. Lee,  S. V. Levchenko,  
 Ching Yeh Lin,  D. Liotard,  E. Livshits,  R. C. Lochan,  I. Lotan,  
 L. A. Martinez-Martinez,  P. E. Maslen,  N. Nair,  D. P. O'Neill,  
 D. Neuhauser,  E. Neuscamman,  C. M. Oana,  R. Olivares-Amaya,  R. Olson,  
 T. M. Perrine,  B. Peters,  P. A. Pieniazek,  A. Prociuk,  Y. M. Rhee,  
 J. Ritchie,  M. A. Rohrdanz,  E. Rosta,  N. J. Russ,  H. F. Schaefer III,  
 M. W. Schmidt,  N. E. Schultz,  S. Sharma,  N. Shenvi,  C. D. Sherrill,  
 A. C. Simmonett,  A. Sodt,  T. Stein,  D. Stuck,  K. S. Thanthiriwatte,  
 V. Vanovschi,  L. Vogt,  Tao Wang,  A. Warshel,  M. A. Watson,  
 C. F. Williams,  Q. Wu,  X. Xu,  Jun Yang,  W. Zhang,  Yan Zhao

   Please cite Q-Chem as follows:
  "Software for the frontiers of quantum chemistry:
   An overview of developments in the Q-Chem 5 package"
   J. Chem. Phys. 155, 084801 (2021)
   https://doi.org/10.1063/5.0055522 (open access)

 Q-Chem 6.1.1 for Intel X86 EM64T Linux

 Parts of Q-Chem use Armadillo 9.900.5 (Nocturnal Misbehaviour).
 http://arma.sourceforge.net/

 Q-Chem begins on Tue Mar  5 12:25:51 2024  

 Host: 
0

     Scratch files written to /scratch/qchemscratch/qchem2848927//
 Jan1824 |scratch|qcdevops|jenkins|workspace|build_RNUM UKVU   
 Processing $rem in /opt/qchem/6.1/config/preferences:
 Processing $rem in /home/mm227274/.qchemrc:

 Q-Chem warning in module libgen/rem_setup.C, line 3361:

 Neither GIA nor STOLL is specified by user. Use STOLL as the default


 Checking the input file for inconsistencies... 	...done.

--------------------------------------------------------------
User input:
--------------------------------------------------------------
$molecule
0 1
--
0 1
O 1.63175 -0.8606 -1.28874
H 2.15107 -0.05495 -1.07312
C 1.38882 -1.52902 -0.06078
C 0.18318 -0.97159 0.67516
O 0.50988 0.36233 1.1772
C -0.527 1.27268 0.7714
H -0.07994 2.26758 0.69142
H -1.34628 1.28563 1.49874
C -1.0417 -0.79824 -0.21601
C -1.02349 0.69069 -0.54646
O -2.19402 -1.10133 0.56528
O -2.34572 1.09162 -0.9009
H 2.26475 -1.49135 0.60302
H 1.19596 -2.5819 -0.29458
H -0.07483 -1.60799 1.53141
H -0.99247 -1.42151 -1.11802
H -0.30425 0.87681 -1.35117
H -2.29222 1.93586 -1.37764
H -2.94334 -0.67487 0.10667
--
0 1
O 2.4448682807017543 1.2457478245614035 -0.0847730350877193
H 1.7596182807017544 0.9688278245614035 0.5636469649122807
H 3.2912682807017544 1.1637878245614035 0.3811469649122807
$end

$rem
JOBTYPE          eda
EDA2             2
METHOD           b97m-v
BASIS            aug-cc-pvtz
SCF_CONVERGENCE  8
THRESH           14
SYMMETRY         false
DISP_FREE_X      revPBE
DISP_FREE_C      PBE
EDA_BSSE         true
$end
--------------------------------------------------------------
 ----------------------------------------------------------------
             Standard Nuclear Orientation (Angstroms)
    I     Atom           X                Y                Z
 ----------------------------------------------------------------
    1      O       1.7290135540    -0.7166375397    -1.2827447825
    2      H       2.1934527886     0.1183258673    -1.0538573088
    3      C       1.5225064117    -1.4146355777    -0.0646152401
    4      C       0.2786107468    -0.9459396064     0.6695178265
    5      O       0.5146872109     0.4000571394     1.1897872581
    6      C      -0.5767122080     1.2460505780     0.7877010642
    7      H      -0.1948659501     2.2688234616     0.7227817462
    8      H      -1.3995841533     1.1966818778     1.5094041815
    9      C      -0.9494151498    -0.8415225610    -0.2280425803
   10      C      -1.0261046854     0.6494313979    -0.5404787486
   11      O      -2.0843792770    -1.2285573600     0.5414894131
   12      O      -2.3694062903     0.9679348807    -0.8993116916
   13      H       2.3900020930    -1.3283542251     0.6056903655
   14      H       1.4000320478    -2.4748400488    -0.3123655652
   15      H       0.0572725787    -1.6083512251     1.5162518138
   16      H      -0.8541423909    -1.4490225065    -1.1370959579
   17      H      -0.3155361518     0.8918916873    -1.3378559386
   18      H      -2.3680166889     1.8197231804    -1.3655082346
   19      H      -2.8570134174    -0.8460446797     0.0828040519
   20      O       2.3958501540     1.4229942946    -0.0479559295
   21      H       1.7260759136     1.0940837632     0.5922948607
   22      H       3.2428898263     1.3904461435     0.4228479144
 ----------------------------------------------------------------
 Molecular Point Group                 C1    NOp =  1
 Largest Abelian Subgroup              C1    NOp =  1
 Nuclear Repulsion Energy =         641.45004252 hartrees
 There are       41 alpha and       41 beta electrons
 Requested basis set is aug-cc-pVTZ
 There are 248 shells and 736 basis functions

 Total QAlloc Memory Limit  16000 MB
 Mega-Array Size       188 MB
 MEM_STATIC part       192 MB

 A cutoff of  1.0D-14 yielded  29712 shell pairs
 There are    260602 function pairs (    347784 Cartesian)
 Smallest overlap matrix eigenvalue = 1.63E-06

 Scale SEOQF with 1.000000e-01/1.000000e-01/1.000000e-01

 Standard Electronic Orientation quadrupole field applied
 Nucleus-field energy     =     0.0000000094 hartrees

 -----------------------------------------------------------------------
  General SCF calculation program by
  Eric Jon Sundstrom, Paul Horn, Yuezhi Mao, Dmitri Zuev, Alec White,
  David Stuck, Shaama M.S., Shane Yost, Joonho Lee, David Small,
  Daniel Levine, Susi Lehtola, Hugh Burton, Evgeny Epifanovsky,
  Bang C. Huynh
 -----------------------------------------------------------------------
================================================================
                 ALMO-EDA with the EDA2 driver                  
================================================================
 The second-generation ALMO-EDA (for DFT):                      
 P. R. Horn, Y. Mao and M. Head-Gordon, PCCP, 18, 23067 (2016)  
 Y. Mao et al. Annu. Rev. Phys. Chem. 72, 641 (2021)            
 Decomposition of the frozen energy:                            
 P. R. Horn, Y. Mao and M. Head-Gordon, JCP, 144, 114107 (2016) 
================================================================
 Using eda2 option set 2
 Option set summary: Frozen orbital wavefunction, initial wavefunction decomposition, and traditional AO-based POL.
--------------------------------
Printing EDA Options
--------------------------------
eda_child_super_basis      0
fragmo_guess_mode          0
child_mp                   0
child_mp_orders            0
cls_elec                   1
cls_disp                   0
scfmi_mode                 1
scfmi_occs                 0
scfmi_virts                0
frz_relax                  0
frz_relax_method           0
dc_pen_start               0
dc_pen_conv                0
dc_pen_increment           0
dc_pen_steps               0
dc_pen_thresh_factor       0
dc_pen_pre_newton_thresh   0
frz_ortho_decomp           1
frz_ortho_decomp_conv      6
plot_mo_ortho_frz          0
frgm_method                2
scfmi_freeze_ss            0
separate_rehyb             0
plot_diff_den              0
eda_nocv                   0
eda_vct_relax              1
disp_free_x                33
disp_free_c                25
eda_bsse                   1
eda_pct_a                  0
eda_covp                   0
eda_vct_a                  0
--------------------------------
 Attempting to make child job directory: /scratch/qchemscratch/qchem2848927//Frg1/
 Attempting to make child job directory: /scratch/qchemscratch/qchem2848927//Frg2/
 Creating input file /scratch/qchemscratch/qchem2848927/Frg1.input
 using default PutDataFrgm: nothing
 calling putenv with: QCSCRATCH=/scratch/qchemscratch/qchem2848927/ 
 Spawning Job For Fragment 0
 Done Job For Fragment 0
 calling putenv with: QCSCRATCH=/scratch/qchemscratch 
 calling putenv with: QCTHREADS=1 
 Creating input file /scratch/qchemscratch/qchem2848927/Frg2.input
 using default PutDataFrgm: nothing
 calling putenv with: QCSCRATCH=/scratch/qchemscratch/qchem2848927/ 
 Spawning Job For Fragment 1
 Done Job For Fragment 1
 calling putenv with: QCSCRATCH=/scratch/qchemscratch 
 calling putenv with: QCTHREADS=1 
Doing General SCFMI
 Exchange:  B97M-V      Correlation:  B97M-V
 Using SG-2 standard quadrature grid
 Nonlocal Correlation:  VV10 with C = 0.0100 and b = 6.00 and scale = 1.00000
 Grid used for NLC:  SG-1 standard quadrature
performing fock build before subrot guess so that all methods have access
Printing subrot_rss_gen Method Specification:
Occupied Subspace Method is 0
Virtual Subspace Method is 0
Energy of the unrelaxed supersystem initial determinant -573.915984906597
write pseudocanon occs and virts to disk
write pseudocanon orbital energies to disk
Tolerance of ortho_decomp_scf: 1.00e-06
GDM subspace size: 20
Beginning the Orthogonal Decomposition of the Initial Supersystem Wavefunction
    1    -573.7324111174      2.04e-01     ortho_decomp Preconditoned Steepest Descent
    2    -573.7624594862      4.99e-04     ortho_decomp BFGS Step
    3    -573.7624605461      8.93e-06     ortho_decomp BFGS Step
    4    -573.7624605464      7.00e-08     ortho_decomp 00000 Convergence criterion met
 Exchange:  revPBE      Correlation:  PBE
 Using SG-2 standard quadrature grid
 Exchange:  revPBE      Correlation:  PBE
 Using SG-2 standard quadrature grid
 Exchange:  revPBE      Correlation:  PBE
 Using SG-2 standard quadrature grid
Doing General SCFMI
 Exchange:  B97M-V      Correlation:  B97M-V
 Using SG-2 standard quadrature grid
 Nonlocal Correlation:  VV10 with C = 0.0100 and b = 6.00 and scale = 1.00000
 Grid used for NLC:  SG-1 standard quadrature
performing fock build at end of subrot_r(subrot) constructor so that all methods have access
<S^2> of initial wavefunction before polarization iterations 0.0000000000
Beginning iterations for the determination of the polarized wavefunction
Energy prior to optimization (guess energy) = -573.915984906596
Begin Timing: Total SCF Calculation
begin iterations for algorithm: DIIS         
the SCF tolerance is set to 1.00e-08
    1    -573.9159849066      2.27e-04     00000 
    2    -573.9342591842      9.37e-05     00000 
    3    -573.9349257051      8.40e-05     00000 
    4    -573.9359721148      2.36e-05     00000 
    5    -573.9361010773      1.08e-05     00000 
    6    -573.9361389976      6.89e-06     00000 
    7    -573.9361587031      3.04e-06     00000 
    8    -573.9361652915      1.58e-06     00000 
    9    -573.9361667570      8.53e-07     00000 
   10    -573.9361670216      4.24e-07     00000 
   11    -573.9361671332      2.44e-07     00000 
   12    -573.9361671523      1.34e-07     00000 
   13    -573.9361671586      8.20e-08     00000 
   14    -573.9361671603      5.84e-08     00000 
   15    -573.9361671608      4.47e-08     00000 
   16    -573.9361671611      2.68e-08     00000 
   17    -573.9361671612      1.91e-08     00000 
   18    -573.9361671613      1.07e-08     00000 
   19    -573.9361671613      6.47e-09     00000 Convergence criterion met
write pseudocanon occs and virts to disk
write pseudocanon orbital energies to disk
Timing for Total SCF: 8442.00s (wall), 8350.98s (cpu)
<S^2> of polarized wavefunction after polarization iterations 0.0000000000
relaxing scfmi constraint to allow all rotations in the entire AO span
Doing General SCFMI
 Exchange:  B97M-V      Correlation:  B97M-V
 Using SG-2 standard quadrature grid
 Nonlocal Correlation:  VV10 with C = 0.0100 and b = 6.00 and scale = 1.00000
 Grid used for NLC:  SG-1 standard quadrature
performing fock build at end of subrot_r(subrot) constructor so that all methods have access
<S^2> of polarized wavefunction before ct-allowed iterations 0.0000000000
Beginning iterations for the determination of the CT-Allowed wavefunction
Energy prior to optimization (guess energy) = -573.936167161295
Begin Timing: Total SCF Calculation
begin iterations for algorithm: DIIS         
the SCF tolerance is set to 1.00e-08
    1    -573.9361671613      2.82e-04     00000 
    2    -573.9550671819      3.60e-05     00000 
    3    -573.9548141785      5.07e-05     00000 
    4    -573.9553068314      8.80e-06     00000 
    5    -573.9553200017      3.71e-06     00000 
    6    -573.9553224638      1.43e-06     00000 
    7    -573.9553228621      2.61e-07     00000 
    8    -573.9553228739      1.08e-07     00000 
    9    -573.9553228763      2.58e-08     00000 
   10    -573.9553228765      6.73e-09     00000 Convergence criterion met
write pseudocanon occs and virts to disk
write pseudocanon orbital energies to disk
Timing for Total SCF: 4240.00s (wall), 4189.26s (cpu)
<S^2> of ct_allowed wavefunction after ct-allowed iterations 0.0000000000
 Attempting to make child job directory: /scratch/qchemscratch/qchem2848927//FrgBSSE1/
 Attempting to make child job directory: /scratch/qchemscratch/qchem2848927//FrgBSSE2/
 Creating input file /scratch/qchemscratch/qchem2848927/FrgBSSE1.input
 calling putenv with: QCSCRATCH=/scratch/qchemscratch/qchem2848927/ 
 Spawning Job For Fragment 0
 Done Job For Fragment 0
 calling putenv with: QCSCRATCH=/scratch/qchemscratch 
 calling putenv with: QCTHREADS=1 
 Creating input file /scratch/qchemscratch/qchem2848927/FrgBSSE2.input
 calling putenv with: QCSCRATCH=/scratch/qchemscratch/qchem2848927/ 
 Spawning Job For Fragment 1
 Done Job For Fragment 1
 calling putenv with: QCSCRATCH=/scratch/qchemscratch 
 calling putenv with: QCTHREADS=1 
====================================================================
   Evaluating the BSSE with fragment SCF in the supersystem basis
   Fragment contributions (kJ/mol) 
   Frgm 1: 0.6816
   Frgm 2: 0.3742
   BSSE (kJ/mol) = 1.0558
====================================================================

================================
        Results of EDA2         
================================
Basic EDA Quantities
--------------------
Fragment Energies (Ha):
1 -497.5127697780
2  -76.4323679628
--------------------
  E_prp (kJ/mol) = 0.0000
  E_frz (kJ/mol) = 76.5417
  E_pol (kJ/mol) = -52.9891
  E_vct (kJ/mol) = -49.2381 (CP-corrected)
  E_int (kJ/mol) = -25.6856 (CP-corrected)
--------------------


Decomposition of frozen interaction energy
--------------------
  --------------------
  Orthogonal Frozen Decomposition:
  --------------------
     E_elec   (ELEC)   (kJ/mol) = -295.1539
     E_pauli  (PAULI)  (kJ/mol) = 402.9696
     E_disp   (DISP)   (kJ/mol) = -31.2741
  --------------------
  Classical Frozen Decomposition:
  --------------------
     E_cls_elec  (CLS ELEC)  (kJ/mol) = -166.5197
     E_mod_pauli (MOD PAULI) (kJ/mol) = 274.3354 (FRZ - CLS ELEC - DISP)
     E_disp      (DISP)      (kJ/mol) = -31.2741
  --------------------
--------------------

Simplified EDA Summary (kJ/mol)
--------------------
 PREPARATION      0.0000
 FROZEN           76.5417 (ELEC + PAULI + DISP)
[ELEC + PAULI = 107.8158, DISP = -31.2741]
 POLARIZATION    -52.9891
 CHARGE TRANSFER -49.2381     (counterpoise-corrected)
 TOTAL           -25.6856     (PRP + FRZ + POL + CT)
--------------------
 
 --------------------------------------------------------------
 
                    Orbital Energies (a.u.)
 --------------------------------------------------------------
 
 Alpha MOs
 -- Occupied --
-19.1864 -19.1833 -19.1594 -19.1487 -19.1320 -10.2457 -10.2417 -10.2394
-10.2378 -10.2267  -1.0635  -1.0408  -1.0135  -1.0061  -0.9894  -0.7651
 -0.7487  -0.6512  -0.5978  -0.5669  -0.5290  -0.5139  -0.4851  -0.4833
 -0.4694  -0.4507  -0.4296  -0.4008  -0.3948  -0.3837  -0.3744  -0.3643
 -0.3509  -0.3444  -0.3194  -0.3022  -0.2815  -0.2745  -0.2605  -0.2519
 -0.2353
 -- Virtual --
 -0.0315  -0.0222  -0.0002   0.0044   0.0099   0.0156   0.0272   0.0309
  0.0325   0.0429   0.0476   0.0513   0.0587   0.0613   0.0667   0.0717
  0.0729   0.0767   0.0779   0.0810   0.0844   0.0883   0.0926   0.0972
  0.0977   0.1056   0.1074   0.1128   0.1149   0.1201   0.1215   0.1260
  0.1281   0.1361   0.1383   0.1454   0.1497   0.1531   0.1590   0.1666
  0.1725   0.1756   0.1768   0.1842   0.1851   0.1915   0.1932   0.1988
  0.2017   0.2056   0.2105   0.2113   0.2169   0.2265   0.2281   0.2346
  0.2376   0.2382   0.2405   0.2445   0.2522   0.2626   0.2650   0.2679
  0.2720   0.2732   0.2825   0.2844   0.2944   0.2981   0.3020   0.3038
  0.3093   0.3128   0.3175   0.3251   0.3286   0.3318   0.3388   0.3411
  0.3428   0.3522   0.3555   0.3566   0.3658   0.3708   0.3736   0.3773
  0.3810   0.3859   0.3935   0.3954   0.3978   0.3985   0.4017   0.4077
  0.4161   0.4224   0.4289   0.4299   0.4383   0.4435   0.4527   0.4558
  0.4588   0.4590   0.4635   0.4700   0.4755   0.4796   0.4830   0.4873
  0.4934   0.4976   0.5031   0.5104   0.5124   0.5186   0.5236   0.5281
  0.5345   0.5383   0.5429   0.5523   0.5541   0.5560   0.5644   0.5665
  0.5728   0.5794   0.5868   0.5902   0.5990   0.6060   0.6120   0.6214
  0.6361   0.6432   0.6514   0.6608   0.6775   0.6900   0.6955   0.6965
  0.7059   0.7121   0.7157   0.7225   0.7287   0.7321   0.7459   0.7531
  0.7551   0.7663   0.7696   0.7738   0.7783   0.7924   0.8003   0.8029
  0.8098   0.8134   0.8168   0.8267   0.8350   0.8380   0.8394   0.8482
  0.8516   0.8603   0.8675   0.8705   0.8797   0.8843   0.8893   0.8963
  0.9046   0.9053   0.9193   0.9224   0.9268   0.9356   0.9372   0.9424
  0.9490   0.9493   0.9559   0.9646   0.9715   0.9800   0.9837   0.9915
  0.9933   0.9992   1.0048   1.0115   1.0167   1.0220   1.0280   1.0335
  1.0376   1.0498   1.0580   1.0658   1.0684   1.0776   1.0801   1.0873
  1.0943   1.1001   1.1092   1.1176   1.1268   1.1311   1.1357   1.1393
  1.1488   1.1505   1.1688   1.1696   1.1763   1.1823   1.1985   1.2037
  1.2153   1.2194   1.2266   1.2314   1.2389   1.2493   1.2554   1.2708
  1.2728   1.2809   1.2873   1.2931   1.3004   1.3024   1.3140   1.3234
  1.3288   1.3316   1.3485   1.3507   1.3639   1.3720   1.3770   1.3802
  1.3953   1.3982   1.4061   1.4099   1.4218   1.4256   1.4297   1.4409
  1.4504   1.4548   1.4671   1.4723   1.4793   1.4924   1.5004   1.5016
  1.5083   1.5174   1.5226   1.5357   1.5418   1.5479   1.5514   1.5643
  1.5719   1.5789   1.5861   1.5949   1.5987   1.6072   1.6110   1.6237
  1.6254   1.6393   1.6422   1.6438   1.6596   1.6668   1.6706   1.6745
  1.6823   1.6917   1.6947   1.7032   1.7141   1.7170   1.7204   1.7326
  1.7394   1.7422   1.7564   1.7687   1.7744   1.7806   1.7873   1.7934
  1.7990   1.8079   1.8198   1.8244   1.8325   1.8450   1.8508   1.8563
  1.8612   1.8728   1.8832   1.8958   1.9138   1.9223   1.9269   1.9313
  1.9417   1.9474   1.9685   1.9713   1.9831   2.0031   2.0139   2.0188
  2.0248   2.0345   2.0394   2.0565   2.0705   2.0898   2.1022   2.1157
  2.1187   2.1263   2.1351   2.1531   2.1692   2.1711   2.1848   2.1994
  2.2223   2.2353   2.2520   2.2616   2.2636   2.2827   2.2992   2.3173
  2.3221   2.3432   2.3569   2.3678   2.3837   2.3925   2.4008   2.4069
  2.4317   2.4398   2.4426   2.4613   2.4666   2.4840   2.5013   2.5039
  2.5156   2.5278   2.5532   2.5670   2.5784   2.5893   2.5953   2.6060
  2.6126   2.6320   2.6418   2.6637   2.6711   2.6816   2.6873   2.7034
  2.7105   2.7172   2.7365   2.7434   2.7620   2.7676   2.7868   2.8078
  2.8121   2.8247   2.8312   2.8477   2.8517   2.8777   2.8895   2.9071
  2.9122   2.9150   2.9253   2.9434   2.9663   2.9676   2.9878   2.9921
  3.0005   3.0183   3.0319   3.0412   3.0555   3.0630   3.0708   3.0818
  3.1026   3.1071   3.1299   3.1448   3.1606   3.1830   3.1918   3.2040
  3.2422   3.2506   3.2780   3.2978   3.3421   3.3564   3.3691   3.3910
  3.4273   3.4350   3.4474   3.4627   3.4760   3.4915   3.5134   3.5258
  3.5453   3.5543   3.5678   3.5786   3.5922   3.6138   3.6363   3.6469
  3.6671   3.6767   3.6968   3.7152   3.7212   3.7326   3.7399   3.7450
  3.7682   3.7982   3.8126   3.8217   3.8280   3.8331   3.8539   3.8819
  3.8873   3.8955   3.9189   3.9258   3.9381   3.9534   3.9628   3.9852
  3.9876   4.0061   4.0110   4.0221   4.0542   4.0554   4.0672   4.0871
  4.0917   4.0994   4.1157   4.1232   4.1342   4.1444   4.1651   4.1706
  4.1829   4.1882   4.1934   4.2148   4.2276   4.2351   4.2484   4.2650
  4.2787   4.2948   4.3082   4.3357   4.3361   4.3445   4.3595   4.3763
  4.3887   4.3946   4.4107   4.4224   4.4390   4.4523   4.4635   4.4794
  4.4917   4.4997   4.5052   4.5471   4.5532   4.5706   4.5749   4.5831
  4.6122   4.6223   4.6324   4.6420   4.6659   4.6716   4.6896   4.7020
  4.7242   4.7326   4.7501   4.7684   4.7720   4.7872   4.7906   4.8113
  4.8145   4.8515   4.8621   4.8778   4.8967   4.9043   4.9157   4.9204
  4.9260   4.9400   4.9492   4.9711   4.9904   5.0173   5.0240   5.0441
  5.0635   5.0774   5.0828   5.1058   5.1161   5.1218   5.1504   5.1646
  5.1700   5.1887   5.2155   5.2227   5.2337   5.2594   5.2757   5.2863
  5.2929   5.3159   5.3248   5.3371   5.3539   5.3753   5.3841   5.3972
  5.4025   5.4184   5.4216   5.4566   5.4660   5.4757   5.5168   5.5234
  5.5454   5.5565   5.5833   5.6048   5.6259   5.6378   5.6577   5.6772
  5.6912   5.7152   5.7298   5.7508   5.7551   5.7688   5.7888   5.8443
  5.8654   5.8679   5.8887   5.9276   5.9539   5.9796   5.9920   6.0280
  6.0524   6.0928   6.1062   6.1788   6.2461   6.3402   6.3583   6.4637
  6.4896   6.5356   6.5948   6.6094   6.6228   6.6506   6.6699   6.6962
  6.7248   6.7502   6.8110   6.8199   6.8564   6.8940   6.9210   6.9325
  6.9577   6.9998   7.0125   7.0510   7.0777   7.1143   7.1242   7.1371
  7.1554   7.1600   7.1880   7.2070   7.2108   7.2304   7.2467   7.2623
  7.2791   7.3036   7.3099   7.3361   7.3568   7.3722   7.3941   7.4195
  7.4293   7.4396   7.4703   7.4982   7.5290   7.5603   7.5789   7.6126
  7.6301   7.6612   7.6799   7.7102   7.7816   7.7874   7.8922   7.9402
  7.9687   8.0219   8.0467   8.0674   8.1312   8.1406   8.2056   8.2303
  8.3456   8.4651   8.5633   8.6826   9.0582  16.3104  16.5553  16.5926
 17.1453  17.8517  18.1654  18.4293  18.7451  19.3105  19.9469
 --------------------------------------------------------------
 
          Ground-State Mulliken Net Atomic Charges

     Atom                 Charge (a.u.)
  ----------------------------------------
      1 O                    -0.697485
      2 H                     0.288361
      3 C                    -0.428774
      4 C                    -0.021776
      5 O                    -0.538720
      6 C                    -0.948322
      7 H                     0.409963
      8 H                     0.403220
      9 C                     0.256392
     10 C                     0.370019
     11 O                    -0.728663
     12 O                    -0.592512
     13 H                     0.423574
     14 H                     0.309841
     15 H                     0.458861
     16 H                     0.366470
     17 H                     0.379610
     18 H                     0.172935
     19 H                     0.210673
     20 O                    -0.571452
     21 H                     0.331390
     22 H                     0.146395
  ----------------------------------------
  Sum of atomic charges =     0.000000

 -----------------------------------------------------------------
                    Cartesian Multipole Moments
 -----------------------------------------------------------------
    Charge (ESU x 10^10)
                -0.0000
    Dipole Moment (Debye)
         X      -0.0225      Y       1.6125      Z       0.6168
       Tot       1.7266
    Quadrupole Moments (Debye-Ang)
        XX     -58.1820     XY      -4.2540     YY     -58.4351
        XZ       7.9949     YZ      -1.7769     ZZ     -64.2077
    Octopole Moments (Debye-Ang^2)
       XXX      21.9756    XXY      13.9647    XYY      -6.9193
       YYY      10.3851    XXZ       7.0295    XYZ       0.9095
       YYZ      -4.7496    XZZ      -6.2147    YZZ      10.1533
       ZZZ      -1.5479
    Hexadecapole Moments (Debye-Ang^3)
      XXXX    -861.0907   XXXY      40.4588   XXYY    -248.7832
      XYYY     -37.4205   YYYY    -504.1882   XXXZ      46.1479
      XXYZ      -2.3384   XYYZ      29.5446   YYYZ      -6.1227
      XXZZ    -219.9706   XYZZ      -1.5160   YYZZ    -124.5487
      XZZZ      13.1888   YZZZ     -17.2006   ZZZZ    -302.9328
 -----------------------------------------------------------------
 Total job time:  31813.67s(wall), 20990.63s(cpu) 
 Tue Mar  5 21:16:05 2024

        *************************************************************
        *                                                           *
        *  Thank you very much for using Q-Chem.  Have a nice day.  *
        *                                                           *
        *************************************************************


