
Running Job 1 of 1 ribose_5_1.0.inp
qchem ribose_5_1.0.inp_2848888.0 /scratch/qchemscratch/qchem2848888/ 1
/opt/qchem/6.1/exe/qcprog.exe_s ribose_5_1.0.inp_2848888.0 /scratch/qchemscratch/qchem2848888/
                  Welcome to Q-Chem
     A Quantum Leap Into The Future Of Chemistry


 Q-Chem 6.1, Q-Chem, Inc., Pleasanton, CA (2023)

 License issued to: SRG Pengyu Ren, University of Texas at Austin

 E. Epifanovsky,  A. T. B. Gilbert,  Xintian Feng,  Joonho Lee,  Yuezhi Mao,  
 N. Mardirossian,  P. Pokhilko,  A. White,  M. Wormit,  M. P. Coons,  
 A. L. Dempwolff,  Zhengting Gan,  D. Hait,  P. R. Horn,  L. D. Jacobson,  
 I. Kaliman,  J. Kussmann,  A. W. Lange,  Ka Un Lao,  D. S. Levine,  Jie Liu,  
 S. C. McKenzie,  A. F. Morrison,  K. D. Nanda,  F. Plasser,  D. R. Rehn,  
 M. L. Vidal,  Zhi-Qiang You,  Ying Zhu,  B. Alam,  B. Albrecht,  
 A. Aldossary,  E. Alguire,  J. H. Andersen,  V. Athavale,  D. Barton,  
 K. Begam,  A. Behn,  N. Bellonzi,  Y. A. Bernard,  E. J. Berquist,  
 H. Burton,  A. Carreras,  K. Carter-Fenk,  Mathew Chow,  Romit Chakraborty,  
 Chandrima Chakravarty,  Junhan Chen,  A. D. Chien,  K. D. Closser,  
 V. Cofer-Shabica,  L. Cunha,  S. Dasgupta,  Jia Deng,  M. de Wergifosse,  
 M. Diedenhofen,  Hainam Do,  S. Ehlert,  Po-Tung Fang,  S. Fatehi,  
 Qingguo Feng,  T. Friedhoff,  Thomas Froitzheim,  B. Ganoe,  J. Gayvert,  
 Qinghui Ge,  G. Gidofalvi,  M. Gimferrer,  M. Goldey,  Montgomery Gray,  
 J. Gomes,  C. Gonzalez-Espinoza,  S. Gulania,  A. Gunina,  J. A. Gyamfi,  
 M. W. D. Hanson-Heine,  P. H. P. Harbach,  A. W. Hauser,  M. F. Herbst,  
 M. Hernandez Vera,  M. Hodecker,  Z. C. Holden,  S. Houck,  Xunkun Huang,  
 Kerwin Hui,  B. C. Huynh,  K. Ikeda,  M. Ivanov,  Hyunjun Ji,  Zuxin Jin,  
 Hanjie Jiang,  Subrata Jana,  B. Kaduk,  S. Kaehler,  R. Kang,  
 K. Khistyaev,  Jaehoon Kim,  Yongbin Kim,  P. Klunzinger,  Z. Koczor-Benda,  
 Joong Hoon Koh,  D. Kosenkov,  Saikiran Kotaru,  L. Koulias,  T. Kowalczyk,  
 C. M. Krauter,  K. Kue,  A. Kunitsa,  T. Kus,  A. Landau,  K. V. Lawler,  
 D. Lefrancois,  S. Lehtola,  Rain Li,  Shaozhi Li,  Yi-Pei Li,  
 Jiashu Liang,  M. Liebenthal,  Hung-Hsuan Lin,  You-Sheng Lin,  Fenglai Liu,  
 Kuan-Yu Liu,  Xiao Liu,  M. Loipersberger,  A. Luenser,  C. Malbon,  
 A. Manjanath,  P. Manohar,  E. Mansoor,  S. F. Manzer,  Shan-Ping Mao,  
 A. V. Marenich,  T. Markovich,  S. Mason,  F. Matz,  S. A. Maurer,  
 P. F. McLaughlin,  M. F. S. J. Menger,  J.-M. Mewes,  S. A. Mewes,  
 P. Morgante,  Mohammad Mostafanejad,  J. W. Mullinax,  K. J. Oosterbaan,  
 G. Paran,  V. Parravicini,  Alexander C. Paul,  Suranjan K. Paul,  
 F. Pavosevic,  Zheng Pei,  S. Prager,  E. I. Proynov,  E. Ramos,  B. Rana,  
 A. E. Rask,  A. Rettig,  R. M. Richard,  F. Rob,  E. Rossomme,  T. Scheele,  
 M. Scheurer,  M. Schneider,  P. E. Schneider,  Tim K. Schramm,  N. Sergueev,  
 S. M. Sharada,  M. Sharma,  Hengyuan Shen,  W. Skomorowski,  D. W. Small,  
 C. J. Stein,  Alistair J. Sterling,  Yingli Su,  Yu-Chuan Su,  
 E. J. Sundstrom,  J. Talbot,  Zhen Tao,  J. Thirman,  Hung-Yi Tsai,  
 T. Tsuchimochi,  N. M. Tubman,  C. Utku,  S. P. Veccham,  O. Vydrov,  
 J. Wenzel,  Jonathan Wong,  J. Witte,  A. Yamada,  Chou-Hsun Yang,  Kun Yao,  
 S. Yeganeh,  S. R. Yost,  A. Zech,  F. Zeller,  Igor Ying Zhang,  
 Xing Zhang,  Yu Zhang,  D. Zuev,  A. Aspuru-Guzik,  A. T. Bell,  
 N. A. Besley,  K. B. Bravaya,  B. R. Brooks,  D. Casanova,  Jeng-Da Chai,  
 Hsing-Ta Chen,  S. Coriani,  C. J. Cramer,  A. E. DePrince, III,  
 R. A. DiStasio Jr.,  A. Dreuw,  B. D. Dunietz,  T. R. Furlani,  
 W. A. Goddard III,  S. Grimme,  S. Hammes-Schiffer,  T. Head-Gordon,  
 W. J. Hehre,  Chao-Ping Hsu,  T.-C. Jagau,  Yousung Jung,  A. Klamt,  
 Jing Kong,  D. S. Lambrecht,  Xiangyuan Li,  WanZhen Liang,  N. J. Mayhall,  
 C. W. McCurdy,  J. B. Neaton,  T. Neudecker,  C. Ochsenfeld,  
 J. A. Parkhill,  R. Peverati,  V. A. Rassolov,  Haisheng Ren,  Yihan Shao,  
 L. V. Slipchenko,  R. P. Steele,  J. E. Subotnik,  A. J. W. Thom,  
 A. Tkatchenko,  D. G. Truhlar,  T. Van Voorhis,  Fan Wang,  
 T. A. Wesolowski,  K. B. Whaley,  H. L. Woodcock III,  P. M. Zimmerman,  
 S. Faraji,  P. M. W. Gill,  M. Head-Gordon,  J. M. Herbert,  A. I. Krylov

 Contributors to earlier versions of Q-Chem not listed above: 
 R. D. Adamson,  B. Austin,  R. Baer,  J. Baker,  G. J. O. Beran,  
 K. Brandhorst,  S. T. Brown,  E. F. C. Byrd,  Arup K. Chakraborty,  
 G. K. L. Chan,  Chun-Min Chang,  Yunqing Chen,  C.-L. Cheng,  
 Siu Hung Chien,  D. M. Chipman,  D. L. Crittenden,  H. Dachsel,  
 R. J. Doerksen,  A. D. Dutoi,  R. G. Edgar,  J. Fosso-Tande,  
 L. Fusti-Molnar,  D. Ghosh,  A. Ghysels,  A. Golubeva-Zadorozhnaya,  
 J. Gonthier,  M. S. Gordon,  S. R. Gwaltney,  G. Hawkins,  J. E. Herr,  
 A. Heyden,  S. Hirata,  E. G. Hohenstein,  G. Kedziora,  F. J. Keil,  
 C. Kelley,  Jihan Kim,  R. A. King,  R. Z. Khaliullin,  P. P. Korambath,  
 W. Kurlancheek,  A. Laurent,  A. M. Lee,  M. S. Lee,  S. V. Levchenko,  
 Ching Yeh Lin,  D. Liotard,  E. Livshits,  R. C. Lochan,  I. Lotan,  
 L. A. Martinez-Martinez,  P. E. Maslen,  N. Nair,  D. P. O'Neill,  
 D. Neuhauser,  E. Neuscamman,  C. M. Oana,  R. Olivares-Amaya,  R. Olson,  
 T. M. Perrine,  B. Peters,  P. A. Pieniazek,  A. Prociuk,  Y. M. Rhee,  
 J. Ritchie,  M. A. Rohrdanz,  E. Rosta,  N. J. Russ,  H. F. Schaefer III,  
 M. W. Schmidt,  N. E. Schultz,  S. Sharma,  N. Shenvi,  C. D. Sherrill,  
 A. C. Simmonett,  A. Sodt,  T. Stein,  D. Stuck,  K. S. Thanthiriwatte,  
 V. Vanovschi,  L. Vogt,  Tao Wang,  A. Warshel,  M. A. Watson,  
 C. F. Williams,  Q. Wu,  X. Xu,  Jun Yang,  W. Zhang,  Yan Zhao

   Please cite Q-Chem as follows:
  "Software for the frontiers of quantum chemistry:
   An overview of developments in the Q-Chem 5 package"
   J. Chem. Phys. 155, 084801 (2021)
   https://doi.org/10.1063/5.0055522 (open access)

 Q-Chem 6.1.1 for Intel X86 EM64T Linux

 Parts of Q-Chem use Armadillo 9.900.5 (Nocturnal Misbehaviour).
 http://arma.sourceforge.net/

 Q-Chem begins on Tue Mar  5 12:25:17 2024  

 Host: 
0

     Scratch files written to /scratch/qchemscratch/qchem2848888//
 Jan1824 |scratch|qcdevops|jenkins|workspace|build_RNUM UKVU   
 Processing $rem in /opt/qchem/6.1/config/preferences:
 Processing $rem in /home/mm227274/.qchemrc:

 Q-Chem warning in module libgen/rem_setup.C, line 3361:

 Neither GIA nor STOLL is specified by user. Use STOLL as the default


 Checking the input file for inconsistencies... 	...done.

--------------------------------------------------------------
User input:
--------------------------------------------------------------
$molecule
0 1
--

0 1
O 1.63175 -0.8606 -1.28874
H 2.15107 -0.05495 -1.07312
C 1.38882 -1.52902 -0.06078
C 0.18318 -0.97159 0.67516
O 0.50988 0.36233 1.1772
C -0.527 1.27268 0.7714
H -0.07994 2.26758 0.69142
H -1.34628 1.28563 1.49874
C -1.0417 -0.79824 -0.21601
C -1.02349 0.69069 -0.54646
O -2.19402 -1.10133 0.56528
O -2.34572 1.09162 -0.9009
H 2.26475 -1.49135 0.60302
H 1.19596 -2.5819 -0.29458
H -0.07483 -1.60799 1.53141
H -0.99247 -1.42151 -1.11802
H -0.30425 0.87681 -1.35117
H -2.29222 1.93586 -1.37764
H -2.94334 -0.67487 0.10667
--
0 1
O 2.75664 1.39023 -0.04937
H 2.07139 1.11331 0.59905
H 3.60304 1.30827 0.41655
$end

$rem
JOBTYPE          eda
EDA2             2
METHOD           b97m-v
BASIS            aug-cc-pvtz
SCF_CONVERGENCE  8
THRESH           14
SYMMETRY         false
DISP_FREE_X      revPBE
DISP_FREE_C      PBE
EDA_BSSE         true
$end
--------------------------------------------------------------
 ----------------------------------------------------------------
             Standard Nuclear Orientation (Angstroms)
    I     Atom           X                Y                Z
 ----------------------------------------------------------------
    1      O       1.6317487711    -0.8606023478    -1.2887397687
    2      H       2.1510696771    -0.0549527653    -1.0731203910
    3      C       1.3888186905    -1.5290215348    -0.0607793421
    4      C       0.1831795974    -0.9715899907     0.6751609740
    5      O       0.5098811668     0.3623299169     1.1772001981
    6      C      -0.5269981193     1.2726807620     0.7714002696
    7      H      -0.0799371655     2.2675802791     0.6914195938
    8      H      -1.3462777593     1.2856319169     1.4987406545
    9      C      -1.0417006550    -0.7982391838    -0.2160085222
   10      C      -1.0234893282     0.6906906444    -0.5464592230
   11      O      -2.1940205844    -1.1013276718     0.5652821685
   12      O      -2.3457190976     1.0916217979    -0.9008987785
   13      H       2.2647490448    -1.4913520995     0.6030202225
   14      H       1.1959575293    -2.5819014512    -0.2945787607
   15      H      -0.0748306286    -1.6079893355     1.5314113929
   16      H      -0.9924717067    -1.4215096522    -1.1180182560
   17      H      -0.3042495266     0.8768095533    -1.3511696527
   18      H      -2.2922184834     1.9358615229    -1.3776391965
   19      H      -2.9433403780    -0.6748671380     0.1066723277
   20      O       2.7566416063     1.3902271069    -0.0493713517
   21      H       2.0713916396     1.1133080914     0.5990491040
   22      H       3.6030417469     1.3082664796     0.4165482826
 ----------------------------------------------------------------
 Molecular Point Group                 C1    NOp =  1
 Largest Abelian Subgroup              C1    NOp =  1
 Nuclear Repulsion Energy =         631.81914619 hartrees
 There are       41 alpha and       41 beta electrons
 Requested basis set is aug-cc-pVTZ
 There are 248 shells and 736 basis functions

 Total QAlloc Memory Limit  16000 MB
 Mega-Array Size       188 MB
 MEM_STATIC part       192 MB

 A cutoff of  1.0D-14 yielded  29590 shell pairs
 There are    259314 function pairs (    345987 Cartesian)
 Smallest overlap matrix eigenvalue = 1.68E-06

 Scale SEOQF with 1.000000e-01/1.000000e-01/1.000000e-01

 Standard Electronic Orientation quadrupole field applied
 Nucleus-field energy     =     0.0000000103 hartrees

 -----------------------------------------------------------------------
  General SCF calculation program by
  Eric Jon Sundstrom, Paul Horn, Yuezhi Mao, Dmitri Zuev, Alec White,
  David Stuck, Shaama M.S., Shane Yost, Joonho Lee, David Small,
  Daniel Levine, Susi Lehtola, Hugh Burton, Evgeny Epifanovsky,
  Bang C. Huynh
 -----------------------------------------------------------------------
================================================================
                 ALMO-EDA with the EDA2 driver                  
================================================================
 The second-generation ALMO-EDA (for DFT):                      
 P. R. Horn, Y. Mao and M. Head-Gordon, PCCP, 18, 23067 (2016)  
 Y. Mao et al. Annu. Rev. Phys. Chem. 72, 641 (2021)            
 Decomposition of the frozen energy:                            
 P. R. Horn, Y. Mao and M. Head-Gordon, JCP, 144, 114107 (2016) 
================================================================
 Using eda2 option set 2
 Option set summary: Frozen orbital wavefunction, initial wavefunction decomposition, and traditional AO-based POL.
--------------------------------
Printing EDA Options
--------------------------------
eda_child_super_basis      0
fragmo_guess_mode          0
child_mp                   0
child_mp_orders            0
cls_elec                   1
cls_disp                   0
scfmi_mode                 1
scfmi_occs                 0
scfmi_virts                0
frz_relax                  0
frz_relax_method           0
dc_pen_start               0
dc_pen_conv                0
dc_pen_increment           0
dc_pen_steps               0
dc_pen_thresh_factor       0
dc_pen_pre_newton_thresh   0
frz_ortho_decomp           1
frz_ortho_decomp_conv      6
plot_mo_ortho_frz          0
frgm_method                2
scfmi_freeze_ss            0
separate_rehyb             0
plot_diff_den              0
eda_nocv                   0
eda_vct_relax              1
disp_free_x                33
disp_free_c                25
eda_bsse                   1
eda_pct_a                  0
eda_covp                   0
eda_vct_a                  0
--------------------------------
 Attempting to make child job directory: /scratch/qchemscratch/qchem2848888//Frg1/
 Attempting to make child job directory: /scratch/qchemscratch/qchem2848888//Frg2/
 Creating input file /scratch/qchemscratch/qchem2848888/Frg1.input
 using default PutDataFrgm: nothing
 calling putenv with: QCSCRATCH=/scratch/qchemscratch/qchem2848888/ 
 Spawning Job For Fragment 0
 Done Job For Fragment 0
 calling putenv with: QCSCRATCH=/scratch/qchemscratch 
 calling putenv with: QCTHREADS=1 
 Creating input file /scratch/qchemscratch/qchem2848888/Frg2.input
 using default PutDataFrgm: nothing
 calling putenv with: QCSCRATCH=/scratch/qchemscratch/qchem2848888/ 
 Spawning Job For Fragment 1
 Done Job For Fragment 1
 calling putenv with: QCSCRATCH=/scratch/qchemscratch 
 calling putenv with: QCTHREADS=1 
Doing General SCFMI
 Exchange:  B97M-V      Correlation:  B97M-V
 Using SG-2 standard quadrature grid
 Nonlocal Correlation:  VV10 with C = 0.0100 and b = 6.00 and scale = 1.00000
 Grid used for NLC:  SG-1 standard quadrature
performing fock build before subrot guess so that all methods have access
Printing subrot_rss_gen Method Specification:
Occupied Subspace Method is 0
Virtual Subspace Method is 0
Energy of the unrelaxed supersystem initial determinant -573.946145803898
write pseudocanon occs and virts to disk
write pseudocanon orbital energies to disk
Tolerance of ortho_decomp_scf: 1.00e-06
GDM subspace size: 20
Beginning the Orthogonal Decomposition of the Initial Supersystem Wavefunction
    1    -573.8469335212      1.29e-01     ortho_decomp Preconditoned Steepest Descent
    2    -573.8592437876      3.14e-04     ortho_decomp BFGS Step
    3    -573.8592442190      4.78e-06     ortho_decomp BFGS Step
    4    -573.8592442191      3.54e-08     ortho_decomp 00000 Convergence criterion met
 Exchange:  revPBE      Correlation:  PBE
 Using SG-2 standard quadrature grid
 Exchange:  revPBE      Correlation:  PBE
 Using SG-2 standard quadrature grid
 Exchange:  revPBE      Correlation:  PBE
 Using SG-2 standard quadrature grid
Doing General SCFMI
 Exchange:  B97M-V      Correlation:  B97M-V
 Using SG-2 standard quadrature grid
 Nonlocal Correlation:  VV10 with C = 0.0100 and b = 6.00 and scale = 1.00000
 Grid used for NLC:  SG-1 standard quadrature
performing fock build at end of subrot_r(subrot) constructor so that all methods have access
<S^2> of initial wavefunction before polarization iterations 0.0000000000
Beginning iterations for the determination of the polarized wavefunction
Energy prior to optimization (guess energy) = -573.946145803897
Begin Timing: Total SCF Calculation
begin iterations for algorithm: DIIS         
the SCF tolerance is set to 1.00e-08
    1    -573.9461458039      1.35e-04     00000 
    2    -573.9535707440      5.11e-05     00000 
    3    -573.9537179273      5.09e-05     00000 
    4    -573.9541086979      1.39e-05     00000 
    5    -573.9541444089      5.08e-06     00000 
    6    -573.9541504698      3.28e-06     00000 
    7    -573.9541533475      1.09e-06     00000 
    8    -573.9541539277      6.28e-07     00000 
    9    -573.9541540913      3.07e-07     00000 
   10    -573.9541541150      1.18e-07     00000 
   11    -573.9541541196      8.36e-08     00000 
   12    -573.9541541208      3.69e-08     00000 
   13    -573.9541541210      2.27e-08     00000 
   14    -573.9541541210      1.51e-08     00000 
   15    -573.9541541211      8.47e-09     00000 Convergence criterion met
write pseudocanon occs and virts to disk
write pseudocanon orbital energies to disk
Timing for Total SCF: 6493.00s (wall), 6428.05s (cpu)
<S^2> of polarized wavefunction after polarization iterations 0.0000000000
relaxing scfmi constraint to allow all rotations in the entire AO span
Doing General SCFMI
 Exchange:  B97M-V      Correlation:  B97M-V
 Using SG-2 standard quadrature grid
 Nonlocal Correlation:  VV10 with C = 0.0100 and b = 6.00 and scale = 1.00000
 Grid used for NLC:  SG-1 standard quadrature
performing fock build at end of subrot_r(subrot) constructor so that all methods have access
<S^2> of polarized wavefunction before ct-allowed iterations 0.0000000000
Beginning iterations for the determination of the CT-Allowed wavefunction
Energy prior to optimization (guess energy) = -573.954154121059
Begin Timing: Total SCF Calculation
begin iterations for algorithm: DIIS         
the SCF tolerance is set to 1.00e-08
    1    -573.9541541211      1.70e-04     00000 
    2    -573.9628476938      2.17e-05     00000 
    3    -573.9627252796      3.36e-05     00000 
    4    -573.9629454735      4.20e-06     00000 
    5    -573.9629486285      1.99e-06     00000 
    6    -573.9629493240      8.02e-07     00000 
    7    -573.9629494503      1.46e-07     00000 
    8    -573.9629494540      6.30e-08     00000 
    9    -573.9629494548      1.38e-08     00000 
   10    -573.9629494549      3.87e-09     00000 Convergence criterion met
write pseudocanon occs and virts to disk
write pseudocanon orbital energies to disk
Timing for Total SCF: 4123.00s (wall), 4082.78s (cpu)
<S^2> of ct_allowed wavefunction after ct-allowed iterations 0.0000000000
 Attempting to make child job directory: /scratch/qchemscratch/qchem2848888//FrgBSSE1/
 Attempting to make child job directory: /scratch/qchemscratch/qchem2848888//FrgBSSE2/
 Creating input file /scratch/qchemscratch/qchem2848888/FrgBSSE1.input
 calling putenv with: QCSCRATCH=/scratch/qchemscratch/qchem2848888/ 
 Spawning Job For Fragment 0
 Done Job For Fragment 0
 calling putenv with: QCSCRATCH=/scratch/qchemscratch 
 calling putenv with: QCTHREADS=1 
 Creating input file /scratch/qchemscratch/qchem2848888/FrgBSSE2.input
 calling putenv with: QCSCRATCH=/scratch/qchemscratch/qchem2848888/ 
 Spawning Job For Fragment 1
 Done Job For Fragment 1
 calling putenv with: QCSCRATCH=/scratch/qchemscratch 
 calling putenv with: QCTHREADS=1 
====================================================================
   Evaluating the BSSE with fragment SCF in the supersystem basis
   Fragment contributions (kJ/mol) 
   Frgm 1: 0.4414
   Frgm 2: 0.2823
   BSSE (kJ/mol) = 0.7238
====================================================================

================================
        Results of EDA2         
================================
Basic EDA Quantities
--------------------
Fragment Energies (Ha):
1 -497.5125759394
2  -76.4323840102
--------------------
  E_prp (kJ/mol) = 0.0000
  E_frz (kJ/mol) = -3.1135
  E_pol (kJ/mol) = -21.0261
  E_vct (kJ/mol) = -22.3686 (CP-corrected)
  E_int (kJ/mol) = -46.5082 (CP-corrected)
--------------------


Decomposition of frozen interaction energy
--------------------
  --------------------
  Orthogonal Frozen Decomposition:
  --------------------
     E_elec   (ELEC)   (kJ/mol) = -164.5379
     E_pauli  (PAULI)  (kJ/mol) = 185.2970
     E_disp   (DISP)   (kJ/mol) = -23.8726
  --------------------
  Classical Frozen Decomposition:
  --------------------
     E_cls_elec  (CLS ELEC)  (kJ/mol) = -87.6392
     E_mod_pauli (MOD PAULI) (kJ/mol) = 108.3983 (FRZ - CLS ELEC - DISP)
     E_disp      (DISP)      (kJ/mol) = -23.8726
  --------------------
--------------------

Simplified EDA Summary (kJ/mol)
--------------------
 PREPARATION      0.0000
 FROZEN           -3.1135 (ELEC + PAULI + DISP)
[ELEC + PAULI = 20.7591, DISP = -23.8726]
 POLARIZATION    -21.0261
 CHARGE TRANSFER -22.3686     (counterpoise-corrected)
 TOTAL           -46.5082     (PRP + FRZ + POL + CT)
--------------------
 
 --------------------------------------------------------------
 
                    Orbital Energies (a.u.)
 --------------------------------------------------------------
 
 Alpha MOs
 -- Occupied --
-19.1814 -19.1775 -19.1633 -19.1577 -19.1445 -10.2435 -10.2380 -10.2374
-10.2333 -10.2281  -1.0539  -1.0346  -1.0120  -1.0088  -1.0006  -0.7618
 -0.7452  -0.6504  -0.5939  -0.5618  -0.5227  -0.5134  -0.4851  -0.4834
 -0.4698  -0.4462  -0.4300  -0.3969  -0.3939  -0.3789  -0.3745  -0.3628
 -0.3496  -0.3439  -0.3199  -0.3005  -0.2871  -0.2795  -0.2570  -0.2508
 -0.2386
 -- Virtual --
 -0.0310  -0.0255  -0.0005   0.0047   0.0098   0.0145   0.0273   0.0303
  0.0323   0.0419   0.0468   0.0511   0.0571   0.0619   0.0661   0.0721
  0.0731   0.0763   0.0785   0.0797   0.0841   0.0877   0.0930   0.0965
  0.0973   0.1044   0.1074   0.1117   0.1139   0.1198   0.1205   0.1255
  0.1269   0.1344   0.1391   0.1439   0.1489   0.1515   0.1560   0.1647
  0.1710   0.1749   0.1778   0.1823   0.1848   0.1883   0.1919   0.1982
  0.1999   0.2038   0.2097   0.2108   0.2147   0.2225   0.2266   0.2301
  0.2336   0.2374   0.2394   0.2437   0.2485   0.2563   0.2608   0.2638
  0.2689   0.2700   0.2729   0.2770   0.2879   0.2929   0.2976   0.3031
  0.3077   0.3113   0.3161   0.3184   0.3236   0.3307   0.3334   0.3386
  0.3433   0.3490   0.3521   0.3561   0.3567   0.3657   0.3680   0.3726
  0.3777   0.3841   0.3910   0.3923   0.3945   0.3985   0.4016   0.4082
  0.4148   0.4183   0.4270   0.4284   0.4356   0.4420   0.4479   0.4561
  0.4580   0.4603   0.4638   0.4707   0.4763   0.4782   0.4813   0.4849
  0.4922   0.4970   0.5008   0.5033   0.5133   0.5177   0.5228   0.5283
  0.5309   0.5385   0.5422   0.5518   0.5526   0.5545   0.5601   0.5683
  0.5686   0.5748   0.5838   0.5856   0.5941   0.6049   0.6090   0.6179
  0.6285   0.6435   0.6486   0.6575   0.6726   0.6795   0.6860   0.6947
  0.7068   0.7083   0.7126   0.7190   0.7241   0.7315   0.7414   0.7433
  0.7524   0.7610   0.7654   0.7677   0.7724   0.7870   0.7915   0.7981
  0.8009   0.8053   0.8149   0.8218   0.8226   0.8288   0.8333   0.8360
  0.8438   0.8528   0.8649   0.8685   0.8724   0.8796   0.8858   0.8932
  0.9026   0.9083   0.9125   0.9170   0.9196   0.9226   0.9330   0.9392
  0.9431   0.9476   0.9531   0.9544   0.9633   0.9682   0.9741   0.9792
  0.9840   0.9947   1.0006   1.0050   1.0111   1.0156   1.0215   1.0263
  1.0281   1.0391   1.0511   1.0539   1.0628   1.0669   1.0757   1.0802
  1.0870   1.0931   1.0960   1.1104   1.1166   1.1178   1.1312   1.1332
  1.1378   1.1451   1.1482   1.1593   1.1663   1.1768   1.1828   1.1924
  1.1981   1.2044   1.2138   1.2216   1.2274   1.2322   1.2391   1.2430
  1.2559   1.2649   1.2704   1.2845   1.2861   1.2972   1.2995   1.3056
  1.3152   1.3167   1.3188   1.3345   1.3518   1.3584   1.3621   1.3704
  1.3779   1.3813   1.3944   1.3992   1.4085   1.4112   1.4186   1.4252
  1.4344   1.4374   1.4540   1.4598   1.4781   1.4811   1.4878   1.4977
  1.4997   1.5068   1.5093   1.5165   1.5252   1.5327   1.5406   1.5538
  1.5619   1.5642   1.5678   1.5800   1.5820   1.5919   1.5990   1.6088
  1.6114   1.6209   1.6322   1.6387   1.6441   1.6473   1.6567   1.6647
  1.6702   1.6792   1.6849   1.6896   1.7079   1.7101   1.7128   1.7329
  1.7349   1.7373   1.7444   1.7525   1.7571   1.7734   1.7748   1.7828
  1.7879   1.7942   1.8104   1.8206   1.8260   1.8275   1.8407   1.8474
  1.8521   1.8613   1.8643   1.8774   1.8945   1.9056   1.9206   1.9274
  1.9332   1.9527   1.9608   1.9642   1.9786   1.9968   2.0041   2.0106
  2.0180   2.0240   2.0278   2.0448   2.0522   2.0631   2.0844   2.1098
  2.1176   2.1253   2.1309   2.1342   2.1542   2.1650   2.1761   2.1851
  2.2147   2.2208   2.2464   2.2519   2.2608   2.2658   2.2885   2.3012
  2.3052   2.3151   2.3393   2.3511   2.3562   2.3721   2.3896   2.4051
  2.4071   2.4085   2.4322   2.4363   2.4454   2.4628   2.4851   2.4874
  2.4971   2.5043   2.5180   2.5225   2.5349   2.5663   2.5777   2.5887
  2.6000   2.6077   2.6264   2.6376   2.6432   2.6583   2.6677   2.6818
  2.6947   2.7049   2.7057   2.7138   2.7438   2.7604   2.7723   2.7821
  2.7871   2.7987   2.8172   2.8177   2.8388   2.8650   2.8796   2.8893
  2.8948   2.8964   2.9164   2.9227   2.9319   2.9519   2.9521   2.9633
  2.9742   2.9955   3.0092   3.0149   3.0331   3.0368   3.0506   3.0614
  3.0659   3.0805   3.1063   3.1182   3.1279   3.1478   3.1705   3.1920
  3.2063   3.2321   3.2425   3.2616   3.2776   3.3246   3.3284   3.3687
  3.3730   3.4043   3.4286   3.4526   3.4556   3.4701   3.4964   3.5211
  3.5425   3.5515   3.5590   3.5692   3.5765   3.5928   3.6154   3.6486
  3.6539   3.6634   3.6825   3.7115   3.7144   3.7207   3.7318   3.7493
  3.7644   3.7884   3.7926   3.8116   3.8230   3.8269   3.8403   3.8515
  3.8712   3.8751   3.8970   3.9249   3.9303   3.9355   3.9481   3.9703
  3.9780   3.9910   3.9998   4.0143   4.0320   4.0476   4.0508   4.0602
  4.0737   4.0986   4.1020   4.1122   4.1211   4.1270   4.1558   4.1645
  4.1749   4.1810   4.1926   4.1954   4.2130   4.2285   4.2390   4.2440
  4.2523   4.2709   4.2782   4.3020   4.3191   4.3316   4.3344   4.3451
  4.3613   4.3801   4.3960   4.4025   4.4159   4.4299   4.4380   4.4479
  4.4731   4.4849   4.4990   4.5130   4.5284   4.5503   4.5594   4.5818
  4.5866   4.6002   4.6054   4.6136   4.6339   4.6396   4.6581   4.6846
  4.7002   4.7053   4.7218   4.7301   4.7588   4.7653   4.7716   4.7872
  4.7950   4.8048   4.8239   4.8450   4.8484   4.8788   4.8840   4.8995
  4.9254   4.9295   4.9363   4.9463   4.9766   4.9896   4.9978   5.0056
  5.0211   5.0458   5.0615   5.0651   5.1023   5.1139   5.1219   5.1435
  5.1520   5.1625   5.1777   5.1910   5.2145   5.2232   5.2400   5.2411
  5.2595   5.2788   5.2952   5.2994   5.3230   5.3319   5.3424   5.3569
  5.3722   5.3949   5.4079   5.4136   5.4254   5.4420   5.4687   5.4860
  5.5175   5.5236   5.5424   5.5894   5.5939   5.6055   5.6185   5.6407
  5.6668   5.6878   5.7056   5.7316   5.7353   5.7488   5.7664   5.7961
  5.8388   5.8632   5.8801   5.9124   5.9375   5.9683   5.9778   6.0257
  6.0480   6.0799   6.1001   6.1506   6.2297   6.2491   6.3237   6.4598
  6.4955   6.5193   6.5666   6.5787   6.6052   6.6451   6.6628   6.6814
  6.7157   6.7446   6.7520   6.8107   6.8530   6.8689   6.8985   6.9131
  6.9318   6.9376   7.0071   7.0376   7.0422   7.0515   7.0913   7.1112
  7.1391   7.1521   7.1585   7.1777   7.2007   7.2072   7.2161   7.2255
  7.2537   7.2803   7.2805   7.3029   7.3071   7.3263   7.3469   7.3654
  7.3797   7.4013   7.4203   7.4606   7.4792   7.4969   7.5194   7.5692
  7.6151   7.6391   7.6528   7.6722   7.7187   7.7600   7.7757   7.8140
  7.8831   7.9076   7.9582   7.9752   8.0580   8.0856   8.1310   8.1896
  8.2166   8.4576   8.5066   8.5642   8.7937  16.1683  16.2997  16.4112
 16.5244  16.8991  18.1227  18.2982  18.6938  19.2713  19.8862
 --------------------------------------------------------------
 
          Ground-State Mulliken Net Atomic Charges

     Atom                 Charge (a.u.)
  ----------------------------------------
      1 O                    -0.667778
      2 H                     0.297975
      3 C                    -0.454125
      4 C                     0.009005
      5 O                    -0.632749
      6 C                    -0.931914
      7 H                     0.438827
      8 H                     0.392798
      9 C                     0.260108
     10 C                     0.373953
     11 O                    -0.727209
     12 O                    -0.587453
     13 H                     0.437552
     14 H                     0.301607
     15 H                     0.457607
     16 H                     0.369220
     17 H                     0.357686
     18 H                     0.174960
     19 H                     0.211877
     20 O                    -0.567808
     21 H                     0.304928
     22 H                     0.180932
  ----------------------------------------
  Sum of atomic charges =     0.000000

 -----------------------------------------------------------------
                    Cartesian Multipole Moments
 -----------------------------------------------------------------
    Charge (ESU x 10^10)
                 0.0000
    Dipole Moment (Debye)
         X       0.4282      Y       1.5734      Z       0.4326
       Tot       1.6870
    Quadrupole Moments (Debye-Ang)
        XX     -57.6875     XY      -4.0345     YY     -58.0550
        XZ       8.1330     YZ      -2.1070     ZZ     -64.2478
    Octopole Moments (Debye-Ang^2)
       XXX      31.9355    XXY      13.1159    XYY      -7.2200
       YYY      10.5836    XXZ       8.6321    XYZ       1.3493
       YYZ      -4.5235    XZZ      -4.5835    YZZ      10.5462
       ZZZ      -2.3147
    Hexadecapole Moments (Debye-Ang^3)
      XXXX    -879.3741   XXXY      39.7161   XXYY    -270.6673
      XYYY     -37.9237   YYYY    -516.7169   XXXZ      55.1113
      XXYZ       2.9836   XYYZ      31.2736   YYYZ     -10.6513
      XXZZ    -229.3422   XYZZ      -1.3463   YYZZ    -127.9208
      XZZZ      11.7468   YZZZ     -17.8919   ZZZZ    -302.8782
 -----------------------------------------------------------------
 Total job time:  28774.59s(wall), 18366.49s(cpu) 
 Tue Mar  5 20:24:52 2024

        *************************************************************
        *                                                           *
        *  Thank you very much for using Q-Chem.  Have a nice day.  *
        *                                                           *
        *************************************************************


