
Running Job 1 of 1 ribose_5_1.1.inp
qchem ribose_5_1.1.inp_2848692.0 /scratch/qchemscratch/qchem2848692/ 1
/opt/qchem/6.1/exe/qcprog.exe_s ribose_5_1.1.inp_2848692.0 /scratch/qchemscratch/qchem2848692/
                  Welcome to Q-Chem
     A Quantum Leap Into The Future Of Chemistry


 Q-Chem 6.1, Q-Chem, Inc., Pleasanton, CA (2023)

 License issued to: SRG Pengyu Ren, University of Texas at Austin

 E. Epifanovsky,  A. T. B. Gilbert,  Xintian Feng,  Joonho Lee,  Yuezhi Mao,  
 N. Mardirossian,  P. Pokhilko,  A. White,  M. Wormit,  M. P. Coons,  
 A. L. Dempwolff,  Zhengting Gan,  D. Hait,  P. R. Horn,  L. D. Jacobson,  
 I. Kaliman,  J. Kussmann,  A. W. Lange,  Ka Un Lao,  D. S. Levine,  Jie Liu,  
 S. C. McKenzie,  A. F. Morrison,  K. D. Nanda,  F. Plasser,  D. R. Rehn,  
 M. L. Vidal,  Zhi-Qiang You,  Ying Zhu,  B. Alam,  B. Albrecht,  
 A. Aldossary,  E. Alguire,  J. H. Andersen,  V. Athavale,  D. Barton,  
 K. Begam,  A. Behn,  N. Bellonzi,  Y. A. Bernard,  E. J. Berquist,  
 H. Burton,  A. Carreras,  K. Carter-Fenk,  Mathew Chow,  Romit Chakraborty,  
 Chandrima Chakravarty,  Junhan Chen,  A. D. Chien,  K. D. Closser,  
 V. Cofer-Shabica,  L. Cunha,  S. Dasgupta,  Jia Deng,  M. de Wergifosse,  
 M. Diedenhofen,  Hainam Do,  S. Ehlert,  Po-Tung Fang,  S. Fatehi,  
 Qingguo Feng,  T. Friedhoff,  Thomas Froitzheim,  B. Ganoe,  J. Gayvert,  
 Qinghui Ge,  G. Gidofalvi,  M. Gimferrer,  M. Goldey,  Montgomery Gray,  
 J. Gomes,  C. Gonzalez-Espinoza,  S. Gulania,  A. Gunina,  J. A. Gyamfi,  
 M. W. D. Hanson-Heine,  P. H. P. Harbach,  A. W. Hauser,  M. F. Herbst,  
 M. Hernandez Vera,  M. Hodecker,  Z. C. Holden,  S. Houck,  Xunkun Huang,  
 Kerwin Hui,  B. C. Huynh,  K. Ikeda,  M. Ivanov,  Hyunjun Ji,  Zuxin Jin,  
 Hanjie Jiang,  Subrata Jana,  B. Kaduk,  S. Kaehler,  R. Kang,  
 K. Khistyaev,  Jaehoon Kim,  Yongbin Kim,  P. Klunzinger,  Z. Koczor-Benda,  
 Joong Hoon Koh,  D. Kosenkov,  Saikiran Kotaru,  L. Koulias,  T. Kowalczyk,  
 C. M. Krauter,  K. Kue,  A. Kunitsa,  T. Kus,  A. Landau,  K. V. Lawler,  
 D. Lefrancois,  S. Lehtola,  Rain Li,  Shaozhi Li,  Yi-Pei Li,  
 Jiashu Liang,  M. Liebenthal,  Hung-Hsuan Lin,  You-Sheng Lin,  Fenglai Liu,  
 Kuan-Yu Liu,  Xiao Liu,  M. Loipersberger,  A. Luenser,  C. Malbon,  
 A. Manjanath,  P. Manohar,  E. Mansoor,  S. F. Manzer,  Shan-Ping Mao,  
 A. V. Marenich,  T. Markovich,  S. Mason,  F. Matz,  S. A. Maurer,  
 P. F. McLaughlin,  M. F. S. J. Menger,  J.-M. Mewes,  S. A. Mewes,  
 P. Morgante,  Mohammad Mostafanejad,  J. W. Mullinax,  K. J. Oosterbaan,  
 G. Paran,  V. Parravicini,  Alexander C. Paul,  Suranjan K. Paul,  
 F. Pavosevic,  Zheng Pei,  S. Prager,  E. I. Proynov,  E. Ramos,  B. Rana,  
 A. E. Rask,  A. Rettig,  R. M. Richard,  F. Rob,  E. Rossomme,  T. Scheele,  
 M. Scheurer,  M. Schneider,  P. E. Schneider,  Tim K. Schramm,  N. Sergueev,  
 S. M. Sharada,  M. Sharma,  Hengyuan Shen,  W. Skomorowski,  D. W. Small,  
 C. J. Stein,  Alistair J. Sterling,  Yingli Su,  Yu-Chuan Su,  
 E. J. Sundstrom,  J. Talbot,  Zhen Tao,  J. Thirman,  Hung-Yi Tsai,  
 T. Tsuchimochi,  N. M. Tubman,  C. Utku,  S. P. Veccham,  O. Vydrov,  
 J. Wenzel,  Jonathan Wong,  J. Witte,  A. Yamada,  Chou-Hsun Yang,  Kun Yao,  
 S. Yeganeh,  S. R. Yost,  A. Zech,  F. Zeller,  Igor Ying Zhang,  
 Xing Zhang,  Yu Zhang,  D. Zuev,  A. Aspuru-Guzik,  A. T. Bell,  
 N. A. Besley,  K. B. Bravaya,  B. R. Brooks,  D. Casanova,  Jeng-Da Chai,  
 Hsing-Ta Chen,  S. Coriani,  C. J. Cramer,  A. E. DePrince, III,  
 R. A. DiStasio Jr.,  A. Dreuw,  B. D. Dunietz,  T. R. Furlani,  
 W. A. Goddard III,  S. Grimme,  S. Hammes-Schiffer,  T. Head-Gordon,  
 W. J. Hehre,  Chao-Ping Hsu,  T.-C. Jagau,  Yousung Jung,  A. Klamt,  
 Jing Kong,  D. S. Lambrecht,  Xiangyuan Li,  WanZhen Liang,  N. J. Mayhall,  
 C. W. McCurdy,  J. B. Neaton,  T. Neudecker,  C. Ochsenfeld,  
 J. A. Parkhill,  R. Peverati,  V. A. Rassolov,  Haisheng Ren,  Yihan Shao,  
 L. V. Slipchenko,  R. P. Steele,  J. E. Subotnik,  A. J. W. Thom,  
 A. Tkatchenko,  D. G. Truhlar,  T. Van Voorhis,  Fan Wang,  
 T. A. Wesolowski,  K. B. Whaley,  H. L. Woodcock III,  P. M. Zimmerman,  
 S. Faraji,  P. M. W. Gill,  M. Head-Gordon,  J. M. Herbert,  A. I. Krylov

 Contributors to earlier versions of Q-Chem not listed above: 
 R. D. Adamson,  B. Austin,  R. Baer,  J. Baker,  G. J. O. Beran,  
 K. Brandhorst,  S. T. Brown,  E. F. C. Byrd,  Arup K. Chakraborty,  
 G. K. L. Chan,  Chun-Min Chang,  Yunqing Chen,  C.-L. Cheng,  
 Siu Hung Chien,  D. M. Chipman,  D. L. Crittenden,  H. Dachsel,  
 R. J. Doerksen,  A. D. Dutoi,  R. G. Edgar,  J. Fosso-Tande,  
 L. Fusti-Molnar,  D. Ghosh,  A. Ghysels,  A. Golubeva-Zadorozhnaya,  
 J. Gonthier,  M. S. Gordon,  S. R. Gwaltney,  G. Hawkins,  J. E. Herr,  
 A. Heyden,  S. Hirata,  E. G. Hohenstein,  G. Kedziora,  F. J. Keil,  
 C. Kelley,  Jihan Kim,  R. A. King,  R. Z. Khaliullin,  P. P. Korambath,  
 W. Kurlancheek,  A. Laurent,  A. M. Lee,  M. S. Lee,  S. V. Levchenko,  
 Ching Yeh Lin,  D. Liotard,  E. Livshits,  R. C. Lochan,  I. Lotan,  
 L. A. Martinez-Martinez,  P. E. Maslen,  N. Nair,  D. P. O'Neill,  
 D. Neuhauser,  E. Neuscamman,  C. M. Oana,  R. Olivares-Amaya,  R. Olson,  
 T. M. Perrine,  B. Peters,  P. A. Pieniazek,  A. Prociuk,  Y. M. Rhee,  
 J. Ritchie,  M. A. Rohrdanz,  E. Rosta,  N. J. Russ,  H. F. Schaefer III,  
 M. W. Schmidt,  N. E. Schultz,  S. Sharma,  N. Shenvi,  C. D. Sherrill,  
 A. C. Simmonett,  A. Sodt,  T. Stein,  D. Stuck,  K. S. Thanthiriwatte,  
 V. Vanovschi,  L. Vogt,  Tao Wang,  A. Warshel,  M. A. Watson,  
 C. F. Williams,  Q. Wu,  X. Xu,  Jun Yang,  W. Zhang,  Yan Zhao

   Please cite Q-Chem as follows:
  "Software for the frontiers of quantum chemistry:
   An overview of developments in the Q-Chem 5 package"
   J. Chem. Phys. 155, 084801 (2021)
   https://doi.org/10.1063/5.0055522 (open access)

 Q-Chem 6.1.1 for Intel X86 EM64T Linux

 Parts of Q-Chem use Armadillo 9.900.5 (Nocturnal Misbehaviour).
 http://arma.sourceforge.net/

 Q-Chem begins on Tue Mar  5 12:25:38 2024  

 Host: 
0

     Scratch files written to /scratch/qchemscratch/qchem2848692//
 Jan1824 |scratch|qcdevops|jenkins|workspace|build_RNUM UKVU   
 Processing $rem in /opt/qchem/6.1/config/preferences:
 Processing $rem in /home/mm227274/.qchemrc:

 Q-Chem warning in module libgen/rem_setup.C, line 3361:

 Neither GIA nor STOLL is specified by user. Use STOLL as the default


 Checking the input file for inconsistencies... 	...done.

--------------------------------------------------------------
User input:
--------------------------------------------------------------
$molecule
0 1
--
0 1
O 1.63175 -0.8606 -1.28874
H 2.15107 -0.05495 -1.07312
C 1.38882 -1.52902 -0.06078
C 0.18318 -0.97159 0.67516
O 0.50988 0.36233 1.1772
C -0.527 1.27268 0.7714
H -0.07994 2.26758 0.69142
H -1.34628 1.28563 1.49874
C -1.0417 -0.79824 -0.21601
C -1.02349 0.69069 -0.54646
O -2.19402 -1.10133 0.56528
O -2.34572 1.09162 -0.9009
H 2.26475 -1.49135 0.60302
H 1.19596 -2.5819 -0.29458
H -0.07483 -1.60799 1.53141
H -0.99247 -1.42151 -1.11802
H -0.30425 0.87681 -1.35117
H -2.29222 1.93586 -1.37764
H -2.94334 -0.67487 0.10667
--
0 1
O 3.0684117192982456 1.5347121754385966 -0.0139669649122807
H 2.3831617192982457 1.2577921754385966 0.6344530350877192
H 3.9148117192982457 1.4527521754385966 0.4519530350877193
$end

$rem
JOBTYPE          eda
EDA2             2
METHOD           b97m-v
BASIS            aug-cc-pvtz
SCF_CONVERGENCE  8
THRESH           14
SYMMETRY         false
DISP_FREE_X      revPBE
DISP_FREE_C      PBE
EDA_BSSE         true
$end
--------------------------------------------------------------
 ----------------------------------------------------------------
             Standard Nuclear Orientation (Angstroms)
    I     Atom           X                Y                Z
 ----------------------------------------------------------------
    1      O       1.5310929241    -0.9828142437    -1.2934720238
    2      H       2.0981681053    -0.2070048633    -1.0890149052
    3      C       1.2572744431    -1.6238694957    -0.0574470862
    4      C       0.0911837296    -0.9894748810     0.6798992496
    5      O       0.4988159507     0.3277594724     1.1665708519
    6      C      -0.4854539058     1.2934616771     0.7577151338
    7      H       0.0186880177     2.2595625936     0.6651117089
    8      H      -1.2978614712     1.3615651053     1.4896760394
    9      C      -1.1271281050    -0.7531308053    -0.2057773039
   10      C      -1.0237138269     0.7288836942    -0.5512912139
   11      O      -2.2901914097    -0.9804219398     0.5852609277
   12      O      -2.3223959777     1.2033280471    -0.9019933361
   13      H       2.1381622466    -1.6312770394     0.6007965159
   14      H       1.0014665329    -2.6658218647    -0.2795085367
   15      H      -0.1982034467    -1.6012865049     1.5440055981
   16      H      -1.1203636756    -1.3869358432    -1.1017441238
   17      H      -0.2999894970     0.8646227667    -1.3620334754
   18      H      -2.2225230110     2.0383042461    -1.3875081072
   19      H      -3.0161353875    -0.5151540166     0.1267821094
   20      O       3.1140057952     1.3362294161    -0.0513017655
   21      H       2.4178779409     1.1063390261     0.6038754352
   22      H       3.9571213736     1.2092192413     0.4104518322
 ----------------------------------------------------------------
 Molecular Point Group                 C1    NOp =  1
 Largest Abelian Subgroup              C1    NOp =  1
 Nuclear Repulsion Energy =         623.44398705 hartrees
 There are       41 alpha and       41 beta electrons
 Requested basis set is aug-cc-pVTZ
 There are 248 shells and 736 basis functions

 Total QAlloc Memory Limit  16000 MB
 Mega-Array Size       188 MB
 MEM_STATIC part       192 MB

 A cutoff of  1.0D-14 yielded  29417 shell pairs
 There are    257493 function pairs (    343558 Cartesian)
 Smallest overlap matrix eigenvalue = 1.73E-06

 Scale SEOQF with 1.000000e-01/1.000000e-01/1.000000e-01

 Standard Electronic Orientation quadrupole field applied
 Nucleus-field energy     =     0.0000000112 hartrees

 -----------------------------------------------------------------------
  General SCF calculation program by
  Eric Jon Sundstrom, Paul Horn, Yuezhi Mao, Dmitri Zuev, Alec White,
  David Stuck, Shaama M.S., Shane Yost, Joonho Lee, David Small,
  Daniel Levine, Susi Lehtola, Hugh Burton, Evgeny Epifanovsky,
  Bang C. Huynh
 -----------------------------------------------------------------------
================================================================
                 ALMO-EDA with the EDA2 driver                  
================================================================
 The second-generation ALMO-EDA (for DFT):                      
 P. R. Horn, Y. Mao and M. Head-Gordon, PCCP, 18, 23067 (2016)  
 Y. Mao et al. Annu. Rev. Phys. Chem. 72, 641 (2021)            
 Decomposition of the frozen energy:                            
 P. R. Horn, Y. Mao and M. Head-Gordon, JCP, 144, 114107 (2016) 
================================================================
 Using eda2 option set 2
 Option set summary: Frozen orbital wavefunction, initial wavefunction decomposition, and traditional AO-based POL.
--------------------------------
Printing EDA Options
--------------------------------
eda_child_super_basis      0
fragmo_guess_mode          0
child_mp                   0
child_mp_orders            0
cls_elec                   1
cls_disp                   0
scfmi_mode                 1
scfmi_occs                 0
scfmi_virts                0
frz_relax                  0
frz_relax_method           0
dc_pen_start               0
dc_pen_conv                0
dc_pen_increment           0
dc_pen_steps               0
dc_pen_thresh_factor       0
dc_pen_pre_newton_thresh   0
frz_ortho_decomp           1
frz_ortho_decomp_conv      6
plot_mo_ortho_frz          0
frgm_method                2
scfmi_freeze_ss            0
separate_rehyb             0
plot_diff_den              0
eda_nocv                   0
eda_vct_relax              1
disp_free_x                33
disp_free_c                25
eda_bsse                   1
eda_pct_a                  0
eda_covp                   0
eda_vct_a                  0
--------------------------------
 Attempting to make child job directory: /scratch/qchemscratch/qchem2848692//Frg1/
 Attempting to make child job directory: /scratch/qchemscratch/qchem2848692//Frg2/
 Creating input file /scratch/qchemscratch/qchem2848692/Frg1.input
 using default PutDataFrgm: nothing
 calling putenv with: QCSCRATCH=/scratch/qchemscratch/qchem2848692/ 
 Spawning Job For Fragment 0
 Done Job For Fragment 0
 calling putenv with: QCSCRATCH=/scratch/qchemscratch 
 calling putenv with: QCTHREADS=1 
 Creating input file /scratch/qchemscratch/qchem2848692/Frg2.input
 using default PutDataFrgm: nothing
 calling putenv with: QCSCRATCH=/scratch/qchemscratch/qchem2848692/ 
 Spawning Job For Fragment 1
 Done Job For Fragment 1
 calling putenv with: QCSCRATCH=/scratch/qchemscratch 
 calling putenv with: QCTHREADS=1 
Doing General SCFMI
 Exchange:  B97M-V      Correlation:  B97M-V
 Using SG-2 standard quadrature grid
 Nonlocal Correlation:  VV10 with C = 0.0100 and b = 6.00 and scale = 1.00000
 Grid used for NLC:  SG-1 standard quadrature
performing fock build before subrot guess so that all methods have access
Printing subrot_rss_gen Method Specification:
Occupied Subspace Method is 0
Virtual Subspace Method is 0
Energy of the unrelaxed supersystem initial determinant -573.953127363352
write pseudocanon occs and virts to disk
write pseudocanon orbital energies to disk
Tolerance of ortho_decomp_scf: 1.00e-06
GDM subspace size: 20
Beginning the Orthogonal Decomposition of the Initial Supersystem Wavefunction
    1    -573.9022578984      7.92e-02     ortho_decomp Preconditoned Steepest Descent
    2    -573.9070798282      1.70e-04     ortho_decomp BFGS Step
    3    -573.9070799589      1.88e-06     ortho_decomp BFGS Step
    4    -573.9070799589      1.12e-08     ortho_decomp 00000 Convergence criterion met
 Exchange:  revPBE      Correlation:  PBE
 Using SG-2 standard quadrature grid
 Exchange:  revPBE      Correlation:  PBE
 Using SG-2 standard quadrature grid
 Exchange:  revPBE      Correlation:  PBE
 Using SG-2 standard quadrature grid
Doing General SCFMI
 Exchange:  B97M-V      Correlation:  B97M-V
 Using SG-2 standard quadrature grid
 Nonlocal Correlation:  VV10 with C = 0.0100 and b = 6.00 and scale = 1.00000
 Grid used for NLC:  SG-1 standard quadrature
performing fock build at end of subrot_r(subrot) constructor so that all methods have access
<S^2> of initial wavefunction before polarization iterations 0.0000000000
Beginning iterations for the determination of the polarized wavefunction
Energy prior to optimization (guess energy) = -573.953127363352
Begin Timing: Total SCF Calculation
begin iterations for algorithm: DIIS         
the SCF tolerance is set to 1.00e-08
    1    -573.9531273634      8.41e-05     00000 
    2    -573.9562408785      3.27e-05     00000 
    3    -573.9562802202      3.53e-05     00000 
    4    -573.9564763921      8.31e-06     00000 
    5    -573.9564881467      2.55e-06     00000 
    6    -573.9564894053      1.68e-06     00000 
    7    -573.9564900004      5.21e-07     00000 
    8    -573.9564900764      2.76e-07     00000 
    9    -573.9564901000      1.12e-07     00000 
   10    -573.9564901029      3.77e-08     00000 
   11    -573.9564901032      2.85e-08     00000 
   12    -573.9564901033      1.21e-08     00000 
   13    -573.9564901033      6.69e-09     00000 Convergence criterion met
write pseudocanon occs and virts to disk
write pseudocanon orbital energies to disk
Timing for Total SCF: 5425.00s (wall), 5370.99s (cpu)
<S^2> of polarized wavefunction after polarization iterations 0.0000000000
relaxing scfmi constraint to allow all rotations in the entire AO span
Doing General SCFMI
 Exchange:  B97M-V      Correlation:  B97M-V
 Using SG-2 standard quadrature grid
 Nonlocal Correlation:  VV10 with C = 0.0100 and b = 6.00 and scale = 1.00000
 Grid used for NLC:  SG-1 standard quadrature
performing fock build at end of subrot_r(subrot) constructor so that all methods have access
<S^2> of polarized wavefunction before ct-allowed iterations 0.0000000000
Beginning iterations for the determination of the CT-Allowed wavefunction
Energy prior to optimization (guess energy) = -573.956490103323
Begin Timing: Total SCF Calculation
begin iterations for algorithm: DIIS         
the SCF tolerance is set to 1.00e-08
    1    -573.9564901033      1.05e-04     00000 
    2    -573.9605180681      1.25e-05     00000 
    3    -573.9604724568      2.03e-05     00000 
    4    -573.9605533327      2.14e-06     00000 
    5    -573.9605542124      1.07e-06     00000 
    6    -573.9605544138      4.25e-07     00000 
    7    -573.9605544493      7.66e-08     00000 
    8    -573.9605544503      3.39e-08     00000 
    9    -573.9605544506      7.68e-09     00000 Convergence criterion met
write pseudocanon occs and virts to disk
write pseudocanon orbital energies to disk
Timing for Total SCF: 3593.00s (wall), 3557.32s (cpu)
<S^2> of ct_allowed wavefunction after ct-allowed iterations 0.0000000000
 Attempting to make child job directory: /scratch/qchemscratch/qchem2848692//FrgBSSE1/
 Attempting to make child job directory: /scratch/qchemscratch/qchem2848692//FrgBSSE2/
 Creating input file /scratch/qchemscratch/qchem2848692/FrgBSSE1.input
 calling putenv with: QCSCRATCH=/scratch/qchemscratch/qchem2848692/ 
 Spawning Job For Fragment 0
 Done Job For Fragment 0
 calling putenv with: QCSCRATCH=/scratch/qchemscratch 
 calling putenv with: QCTHREADS=1 
 Creating input file /scratch/qchemscratch/qchem2848692/FrgBSSE2.input
 calling putenv with: QCSCRATCH=/scratch/qchemscratch/qchem2848692/ 
 Spawning Job For Fragment 1
 Done Job For Fragment 1
 calling putenv with: QCSCRATCH=/scratch/qchemscratch 
 calling putenv with: QCTHREADS=1 
====================================================================
   Evaluating the BSSE with fragment SCF in the supersystem basis
   Fragment contributions (kJ/mol) 
   Frgm 1: 0.2422
   Frgm 2: 0.1831
   BSSE (kJ/mol) = 0.4254
====================================================================

================================
        Results of EDA2         
================================
Basic EDA Quantities
--------------------
Fragment Energies (Ha):
1 -497.5123952121
2  -76.4323861197
--------------------
  E_prp (kJ/mol) = 0.0000
  E_frz (kJ/mol) = -21.9128
  E_pol (kJ/mol) = -8.8290
  E_vct (kJ/mol) = -10.2457 (CP-corrected)
  E_int (kJ/mol) = -40.9874 (CP-corrected)
--------------------


Decomposition of frozen interaction energy
--------------------
  --------------------
  Orthogonal Frozen Decomposition:
  --------------------
     E_elec   (ELEC)   (kJ/mol) = -85.8912
     E_pauli  (PAULI)  (kJ/mol) = 80.3974
     E_disp   (DISP)   (kJ/mol) = -16.4190
  --------------------
  Classical Frozen Decomposition:
  --------------------
     E_cls_elec  (CLS ELEC)  (kJ/mol) = -46.7989
     E_mod_pauli (MOD PAULI) (kJ/mol) = 41.3051 (FRZ - CLS ELEC - DISP)
     E_disp      (DISP)      (kJ/mol) = -16.4190
  --------------------
--------------------

Simplified EDA Summary (kJ/mol)
--------------------
 PREPARATION      0.0000
 FROZEN           -21.9128 (ELEC + PAULI + DISP)
[ELEC + PAULI = -5.4938, DISP = -16.4190]
 POLARIZATION    -8.8290
 CHARGE TRANSFER -10.2457     (counterpoise-corrected)
 TOTAL           -40.9874     (PRP + FRZ + POL + CT)
--------------------
 
 --------------------------------------------------------------
 
                    Orbital Energies (a.u.)
 --------------------------------------------------------------
 
 Alpha MOs
 -- Occupied --
-19.1804 -19.1720 -19.1688 -19.1568 -19.1532 -10.2424 -10.2365 -10.2361
-10.2307 -10.2294  -1.0506  -1.0308  -1.0120  -1.0087  -1.0068  -0.7602
 -0.7434  -0.6504  -0.5919  -0.5600  -0.5196  -0.5122  -0.4876  -0.4828
 -0.4711  -0.4442  -0.4290  -0.3959  -0.3927  -0.3769  -0.3740  -0.3621
 -0.3486  -0.3421  -0.3200  -0.2993  -0.2930  -0.2779  -0.2554  -0.2512
 -0.2381
 -- Virtual --
 -0.0321  -0.0281  -0.0010   0.0044   0.0095   0.0131   0.0272   0.0288
  0.0318   0.0406   0.0455   0.0508   0.0551   0.0620   0.0650   0.0720
  0.0733   0.0755   0.0779   0.0792   0.0838   0.0869   0.0929   0.0947
  0.0972   0.1018   0.1070   0.1102   0.1120   0.1184   0.1205   0.1247
  0.1258   0.1328   0.1396   0.1423   0.1429   0.1501   0.1541   0.1621
  0.1680   0.1737   0.1769   0.1795   0.1834   0.1867   0.1911   0.1956
  0.1986   0.2029   0.2073   0.2089   0.2132   0.2156   0.2238   0.2285
  0.2322   0.2348   0.2386   0.2411   0.2436   0.2480   0.2575   0.2612
  0.2667   0.2685   0.2711   0.2746   0.2860   0.2880   0.2959   0.3036
  0.3057   0.3078   0.3139   0.3182   0.3223   0.3268   0.3318   0.3356
  0.3428   0.3463   0.3493   0.3537   0.3554   0.3623   0.3637   0.3699
  0.3758   0.3816   0.3884   0.3909   0.3940   0.3981   0.4004   0.4091
  0.4147   0.4160   0.4251   0.4281   0.4335   0.4413   0.4420   0.4559
  0.4572   0.4613   0.4655   0.4701   0.4725   0.4774   0.4788   0.4875
  0.4897   0.4934   0.5005   0.5048   0.5137   0.5143   0.5223   0.5240
  0.5273   0.5349   0.5403   0.5491   0.5510   0.5529   0.5560   0.5675
  0.5700   0.5733   0.5796   0.5802   0.5902   0.6018   0.6059   0.6144
  0.6245   0.6400   0.6466   0.6504   0.6639   0.6772   0.6788   0.6941
  0.6987   0.7067   0.7109   0.7186   0.7209   0.7262   0.7312   0.7345
  0.7423   0.7528   0.7574   0.7635   0.7684   0.7767   0.7806   0.7873
  0.7967   0.8006   0.8051   0.8156   0.8174   0.8247   0.8293   0.8308
  0.8356   0.8478   0.8557   0.8652   0.8706   0.8733   0.8831   0.8898
  0.8941   0.8982   0.9049   0.9104   0.9127   0.9160   0.9243   0.9298
  0.9371   0.9388   0.9469   0.9500   0.9563   0.9585   0.9650   0.9696
  0.9761   0.9844   0.9953   0.9977   1.0019   1.0074   1.0128   1.0184
  1.0200   1.0341   1.0350   1.0417   1.0468   1.0581   1.0601   1.0677
  1.0761   1.0860   1.0868   1.0910   1.1071   1.1163   1.1206   1.1283
  1.1295   1.1343   1.1408   1.1428   1.1510   1.1568   1.1707   1.1823
  1.1859   1.1948   1.2064   1.2081   1.2109   1.2138   1.2283   1.2335
  1.2401   1.2560   1.2646   1.2701   1.2743   1.2848   1.2895   1.2931
  1.3009   1.3053   1.3152   1.3287   1.3379   1.3408   1.3482   1.3572
  1.3621   1.3765   1.3815   1.3859   1.4001   1.4021   1.4129   1.4184
  1.4283   1.4426   1.4501   1.4570   1.4600   1.4724   1.4772   1.4854
  1.4890   1.4902   1.5024   1.5108   1.5189   1.5230   1.5333   1.5381
  1.5441   1.5547   1.5612   1.5670   1.5732   1.5894   1.5923   1.5995
  1.6022   1.6111   1.6264   1.6278   1.6297   1.6339   1.6504   1.6521
  1.6635   1.6675   1.6767   1.6815   1.6883   1.6986   1.7054   1.7183
  1.7244   1.7318   1.7362   1.7436   1.7480   1.7655   1.7689   1.7783
  1.7840   1.7900   1.7986   1.8026   1.8087   1.8138   1.8240   1.8400
  1.8434   1.8513   1.8576   1.8707   1.8824   1.8983   1.9150   1.9208
  1.9264   1.9372   1.9506   1.9524   1.9603   1.9625   1.9787   2.0003
  2.0035   2.0106   2.0247   2.0341   2.0416   2.0511   2.0655   2.1063
  2.1133   2.1204   2.1240   2.1367   2.1457   2.1539   2.1664   2.1818
  2.1871   2.2117   2.2196   2.2303   2.2473   2.2597   2.2682   2.2717
  2.2877   2.3051   2.3141   2.3276   2.3431   2.3550   2.3649   2.3835
  2.3864   2.4008   2.4113   2.4331   2.4370   2.4403   2.4510   2.4724
  2.4825   2.4907   2.5019   2.5046   2.5284   2.5368   2.5564   2.5689
  2.5748   2.5889   2.6144   2.6195   2.6347   2.6449   2.6483   2.6742
  2.6821   2.6879   2.6921   2.7031   2.7267   2.7326   2.7453   2.7539
  2.7704   2.7853   2.7905   2.8066   2.8229   2.8280   2.8437   2.8488
  2.8582   2.8643   2.8856   2.9109   2.9175   2.9218   2.9353   2.9455
  2.9636   2.9766   2.9861   3.0088   3.0144   3.0215   3.0378   3.0510
  3.0647   3.0820   3.0868   3.1106   3.1173   3.1224   3.1595   3.1774
  3.2011   3.2052   3.2328   3.2524   3.2706   3.2994   3.3258   3.3650
  3.3672   3.3878   3.4216   3.4424   3.4446   3.4623   3.4868   3.5063
  3.5285   3.5400   3.5523   3.5609   3.5621   3.5843   3.5988   3.6390
  3.6507   3.6597   3.6761   3.6847   3.6998   3.7103   3.7185   3.7289
  3.7522   3.7648   3.7829   3.8010   3.8120   3.8215   3.8309   3.8347
  3.8504   3.8788   3.8838   3.9093   3.9191   3.9312   3.9365   3.9637
  3.9669   3.9779   3.9933   3.9968   4.0129   4.0267   4.0368   4.0457
  4.0617   4.0836   4.0950   4.1031   4.1116   4.1200   4.1308   4.1488
  4.1552   4.1713   4.1832   4.1922   4.2014   4.2119   4.2219   4.2307
  4.2413   4.2553   4.2707   4.2820   4.2996   4.3173   4.3229   4.3335
  4.3431   4.3615   4.3750   4.3891   4.3954   4.4189   4.4294   4.4387
  4.4533   4.4657   4.4749   4.4956   4.5014   4.5225   4.5376   4.5467
  4.5703   4.5776   4.5847   4.5984   4.6086   4.6295   4.6472   4.6544
  4.6757   4.6904   4.6978   4.7157   4.7212   4.7545   4.7621   4.7746
  4.7806   4.7919   4.8084   4.8285   4.8394   4.8464   4.8688   4.8713
  4.8793   4.9185   4.9335   4.9372   4.9491   4.9568   4.9673   5.0094
  5.0136   5.0276   5.0455   5.0655   5.0862   5.1009   5.1071   5.1220
  5.1379   5.1481   5.1565   5.1754   5.2027   5.2196   5.2344   5.2404
  5.2468   5.2562   5.2834   5.2960   5.3074   5.3167   5.3315   5.3380
  5.3632   5.3848   5.3981   5.4076   5.4152   5.4256   5.4525   5.4660
  5.4798   5.5034   5.5300   5.5459   5.5674   5.5989   5.6037   5.6245
  5.6514   5.6743   5.6938   5.7054   5.7252   5.7365   5.7592   5.7663
  5.8304   5.8610   5.8725   5.8932   5.9142   5.9633   5.9762   6.0182
  6.0261   6.0724   6.0941   6.1340   6.1612   6.2224   6.2992   6.4130
  6.4708   6.5157   6.5678   6.5790   6.5944   6.6374   6.6587   6.6650
  6.6926   6.7137   6.7473   6.8099   6.8214   6.8547   6.8675   6.8786
  6.9055   6.9326   6.9932   7.0176   7.0261   7.0399   7.0791   7.0876
  7.1159   7.1366   7.1473   7.1619   7.1835   7.1888   7.1997   7.2058
  7.2173   7.2296   7.2419   7.2563   7.2832   7.2932   7.3061   7.3375
  7.3571   7.3814   7.4042   7.4173   7.4209   7.4515   7.4747   7.5081
  7.5567   7.5955   7.6140   7.6340   7.6788   7.7107   7.7695   7.7836
  7.8233   7.8586   7.8936   7.9213   8.0493   8.0572   8.1275   8.1829
  8.2076   8.4218   8.4482   8.5540   8.6784  15.8067  16.0189  16.2211
 16.3545  16.5779  18.0899  18.2715  18.6576  19.2603  19.8282
 --------------------------------------------------------------
 
          Ground-State Mulliken Net Atomic Charges

     Atom                 Charge (a.u.)
  ----------------------------------------
      1 O                    -0.650599
      2 H                     0.290973
      3 C                    -0.485003
      4 C                     0.013769
      5 O                    -0.662235
      6 C                    -0.952323
      7 H                     0.467625
      8 H                     0.379263
      9 C                     0.271248
     10 C                     0.357647
     11 O                    -0.726342
     12 O                    -0.587877
     13 H                     0.440552
     14 H                     0.302767
     15 H                     0.448759
     16 H                     0.377529
     17 H                     0.358720
     18 H                     0.173464
     19 H                     0.213521
     20 O                    -0.542860
     21 H                     0.309608
     22 H                     0.201796
  ----------------------------------------
  Sum of atomic charges =     0.000000

 -----------------------------------------------------------------
                    Cartesian Multipole Moments
 -----------------------------------------------------------------
    Charge (ESU x 10^10)
                -0.0000
    Dipole Moment (Debye)
         X       0.6882      Y       1.4794      Z       0.3292
       Tot       1.6645
    Quadrupole Moments (Debye-Ang)
        XX     -57.5342     XY      -4.0651     YY     -57.7592
        XZ       8.3783     YZ      -2.4057     ZZ     -64.2230
    Octopole Moments (Debye-Ang^2)
       XXX      40.3195    XXY      11.1052    XYY      -8.0071
       YYY      10.6777    XXZ      10.8181    XYZ       1.7494
       YYZ      -4.2776    XZZ      -3.1796    YZZ      10.8699
       ZZZ      -2.7343
    Hexadecapole Moments (Debye-Ang^3)
      XXXX    -908.1243   XXXY      32.9271   XXYY    -295.1241
      XYYY     -38.3008   YYYY    -526.9895   XXXZ      68.1568
      XXYZ       8.1096   XYYZ      32.1172   YYYZ     -15.0402
      XXZZ    -240.9121   XYZZ      -1.3629   YYZZ    -130.7097
      XZZZ      10.8077   YZZZ     -18.4176   ZZZZ    -302.5880
 -----------------------------------------------------------------
 Total job time:  26274.69s(wall), 16913.96s(cpu) 
 Tue Mar  5 19:43:33 2024

        *************************************************************
        *                                                           *
        *  Thank you very much for using Q-Chem.  Have a nice day.  *
        *                                                           *
        *************************************************************


