
Running Job 1 of 1 ribose_5_1.3.inp
qchem ribose_5_1.3.inp_2848683.0 /scratch/qchemscratch/qchem2848683/ 1
/opt/qchem/6.1/exe/qcprog.exe_s ribose_5_1.3.inp_2848683.0 /scratch/qchemscratch/qchem2848683/
                  Welcome to Q-Chem
     A Quantum Leap Into The Future Of Chemistry


 Q-Chem 6.1, Q-Chem, Inc., Pleasanton, CA (2023)

 License issued to: SRG Pengyu Ren, University of Texas at Austin

 E. Epifanovsky,  A. T. B. Gilbert,  Xintian Feng,  Joonho Lee,  Yuezhi Mao,  
 N. Mardirossian,  P. Pokhilko,  A. White,  M. Wormit,  M. P. Coons,  
 A. L. Dempwolff,  Zhengting Gan,  D. Hait,  P. R. Horn,  L. D. Jacobson,  
 I. Kaliman,  J. Kussmann,  A. W. Lange,  Ka Un Lao,  D. S. Levine,  Jie Liu,  
 S. C. McKenzie,  A. F. Morrison,  K. D. Nanda,  F. Plasser,  D. R. Rehn,  
 M. L. Vidal,  Zhi-Qiang You,  Ying Zhu,  B. Alam,  B. Albrecht,  
 A. Aldossary,  E. Alguire,  J. H. Andersen,  V. Athavale,  D. Barton,  
 K. Begam,  A. Behn,  N. Bellonzi,  Y. A. Bernard,  E. J. Berquist,  
 H. Burton,  A. Carreras,  K. Carter-Fenk,  Mathew Chow,  Romit Chakraborty,  
 Chandrima Chakravarty,  Junhan Chen,  A. D. Chien,  K. D. Closser,  
 V. Cofer-Shabica,  L. Cunha,  S. Dasgupta,  Jia Deng,  M. de Wergifosse,  
 M. Diedenhofen,  Hainam Do,  S. Ehlert,  Po-Tung Fang,  S. Fatehi,  
 Qingguo Feng,  T. Friedhoff,  Thomas Froitzheim,  B. Ganoe,  J. Gayvert,  
 Qinghui Ge,  G. Gidofalvi,  M. Gimferrer,  M. Goldey,  Montgomery Gray,  
 J. Gomes,  C. Gonzalez-Espinoza,  S. Gulania,  A. Gunina,  J. A. Gyamfi,  
 M. W. D. Hanson-Heine,  P. H. P. Harbach,  A. W. Hauser,  M. F. Herbst,  
 M. Hernandez Vera,  M. Hodecker,  Z. C. Holden,  S. Houck,  Xunkun Huang,  
 Kerwin Hui,  B. C. Huynh,  K. Ikeda,  M. Ivanov,  Hyunjun Ji,  Zuxin Jin,  
 Hanjie Jiang,  Subrata Jana,  B. Kaduk,  S. Kaehler,  R. Kang,  
 K. Khistyaev,  Jaehoon Kim,  Yongbin Kim,  P. Klunzinger,  Z. Koczor-Benda,  
 Joong Hoon Koh,  D. Kosenkov,  Saikiran Kotaru,  L. Koulias,  T. Kowalczyk,  
 C. M. Krauter,  K. Kue,  A. Kunitsa,  T. Kus,  A. Landau,  K. V. Lawler,  
 D. Lefrancois,  S. Lehtola,  Rain Li,  Shaozhi Li,  Yi-Pei Li,  
 Jiashu Liang,  M. Liebenthal,  Hung-Hsuan Lin,  You-Sheng Lin,  Fenglai Liu,  
 Kuan-Yu Liu,  Xiao Liu,  M. Loipersberger,  A. Luenser,  C. Malbon,  
 A. Manjanath,  P. Manohar,  E. Mansoor,  S. F. Manzer,  Shan-Ping Mao,  
 A. V. Marenich,  T. Markovich,  S. Mason,  F. Matz,  S. A. Maurer,  
 P. F. McLaughlin,  M. F. S. J. Menger,  J.-M. Mewes,  S. A. Mewes,  
 P. Morgante,  Mohammad Mostafanejad,  J. W. Mullinax,  K. J. Oosterbaan,  
 G. Paran,  V. Parravicini,  Alexander C. Paul,  Suranjan K. Paul,  
 F. Pavosevic,  Zheng Pei,  S. Prager,  E. I. Proynov,  E. Ramos,  B. Rana,  
 A. E. Rask,  A. Rettig,  R. M. Richard,  F. Rob,  E. Rossomme,  T. Scheele,  
 M. Scheurer,  M. Schneider,  P. E. Schneider,  Tim K. Schramm,  N. Sergueev,  
 S. M. Sharada,  M. Sharma,  Hengyuan Shen,  W. Skomorowski,  D. W. Small,  
 C. J. Stein,  Alistair J. Sterling,  Yingli Su,  Yu-Chuan Su,  
 E. J. Sundstrom,  J. Talbot,  Zhen Tao,  J. Thirman,  Hung-Yi Tsai,  
 T. Tsuchimochi,  N. M. Tubman,  C. Utku,  S. P. Veccham,  O. Vydrov,  
 J. Wenzel,  Jonathan Wong,  J. Witte,  A. Yamada,  Chou-Hsun Yang,  Kun Yao,  
 S. Yeganeh,  S. R. Yost,  A. Zech,  F. Zeller,  Igor Ying Zhang,  
 Xing Zhang,  Yu Zhang,  D. Zuev,  A. Aspuru-Guzik,  A. T. Bell,  
 N. A. Besley,  K. B. Bravaya,  B. R. Brooks,  D. Casanova,  Jeng-Da Chai,  
 Hsing-Ta Chen,  S. Coriani,  C. J. Cramer,  A. E. DePrince, III,  
 R. A. DiStasio Jr.,  A. Dreuw,  B. D. Dunietz,  T. R. Furlani,  
 W. A. Goddard III,  S. Grimme,  S. Hammes-Schiffer,  T. Head-Gordon,  
 W. J. Hehre,  Chao-Ping Hsu,  T.-C. Jagau,  Yousung Jung,  A. Klamt,  
 Jing Kong,  D. S. Lambrecht,  Xiangyuan Li,  WanZhen Liang,  N. J. Mayhall,  
 C. W. McCurdy,  J. B. Neaton,  T. Neudecker,  C. Ochsenfeld,  
 J. A. Parkhill,  R. Peverati,  V. A. Rassolov,  Haisheng Ren,  Yihan Shao,  
 L. V. Slipchenko,  R. P. Steele,  J. E. Subotnik,  A. J. W. Thom,  
 A. Tkatchenko,  D. G. Truhlar,  T. Van Voorhis,  Fan Wang,  
 T. A. Wesolowski,  K. B. Whaley,  H. L. Woodcock III,  P. M. Zimmerman,  
 S. Faraji,  P. M. W. Gill,  M. Head-Gordon,  J. M. Herbert,  A. I. Krylov

 Contributors to earlier versions of Q-Chem not listed above: 
 R. D. Adamson,  B. Austin,  R. Baer,  J. Baker,  G. J. O. Beran,  
 K. Brandhorst,  S. T. Brown,  E. F. C. Byrd,  Arup K. Chakraborty,  
 G. K. L. Chan,  Chun-Min Chang,  Yunqing Chen,  C.-L. Cheng,  
 Siu Hung Chien,  D. M. Chipman,  D. L. Crittenden,  H. Dachsel,  
 R. J. Doerksen,  A. D. Dutoi,  R. G. Edgar,  J. Fosso-Tande,  
 L. Fusti-Molnar,  D. Ghosh,  A. Ghysels,  A. Golubeva-Zadorozhnaya,  
 J. Gonthier,  M. S. Gordon,  S. R. Gwaltney,  G. Hawkins,  J. E. Herr,  
 A. Heyden,  S. Hirata,  E. G. Hohenstein,  G. Kedziora,  F. J. Keil,  
 C. Kelley,  Jihan Kim,  R. A. King,  R. Z. Khaliullin,  P. P. Korambath,  
 W. Kurlancheek,  A. Laurent,  A. M. Lee,  M. S. Lee,  S. V. Levchenko,  
 Ching Yeh Lin,  D. Liotard,  E. Livshits,  R. C. Lochan,  I. Lotan,  
 L. A. Martinez-Martinez,  P. E. Maslen,  N. Nair,  D. P. O'Neill,  
 D. Neuhauser,  E. Neuscamman,  C. M. Oana,  R. Olivares-Amaya,  R. Olson,  
 T. M. Perrine,  B. Peters,  P. A. Pieniazek,  A. Prociuk,  Y. M. Rhee,  
 J. Ritchie,  M. A. Rohrdanz,  E. Rosta,  N. J. Russ,  H. F. Schaefer III,  
 M. W. Schmidt,  N. E. Schultz,  S. Sharma,  N. Shenvi,  C. D. Sherrill,  
 A. C. Simmonett,  A. Sodt,  T. Stein,  D. Stuck,  K. S. Thanthiriwatte,  
 V. Vanovschi,  L. Vogt,  Tao Wang,  A. Warshel,  M. A. Watson,  
 C. F. Williams,  Q. Wu,  X. Xu,  Jun Yang,  W. Zhang,  Yan Zhao

   Please cite Q-Chem as follows:
  "Software for the frontiers of quantum chemistry:
   An overview of developments in the Q-Chem 5 package"
   J. Chem. Phys. 155, 084801 (2021)
   https://doi.org/10.1063/5.0055522 (open access)

 Q-Chem 6.1.1 for Intel X86 EM64T Linux

 Parts of Q-Chem use Armadillo 9.900.5 (Nocturnal Misbehaviour).
 http://arma.sourceforge.net/

 Q-Chem begins on Tue Mar  5 12:24:58 2024  

 Host: 
0

     Scratch files written to /scratch/qchemscratch/qchem2848683//
 Jan1824 |scratch|qcdevops|jenkins|workspace|build_RNUM UKVU   
 Processing $rem in /opt/qchem/6.1/config/preferences:
 Processing $rem in /home/mm227274/.qchemrc:

 Q-Chem warning in module libgen/rem_setup.C, line 3361:

 Neither GIA nor STOLL is specified by user. Use STOLL as the default


 Checking the input file for inconsistencies... 	...done.

--------------------------------------------------------------
User input:
--------------------------------------------------------------
$molecule
0 1
--

0 1
O 1.63175 -0.8606 -1.28874
H 2.15107 -0.05495 -1.07312
C 1.38882 -1.52902 -0.06078
C 0.18318 -0.97159 0.67516
O 0.50988 0.36233 1.1772
C -0.527 1.27268 0.7714
H -0.07994 2.26758 0.69142
H -1.34628 1.28563 1.49874
C -1.0417 -0.79824 -0.21601
C -1.02349 0.69069 -0.54646
O -2.19402 -1.10133 0.56528
O -2.34572 1.09162 -0.9009
H 2.26475 -1.49135 0.60302
H 1.19596 -2.5819 -0.29458
H -0.07483 -1.60799 1.53141
H -0.99247 -1.42151 -1.11802
H -0.30425 0.87681 -1.35117
H -2.29222 1.93586 -1.37764
H -2.94334 -0.67487 0.10667
--
0 1
O 3.691955157894737 1.8236765263157895 0.05683910526315787
H 3.006705157894737 1.5467565263157894 0.7052591052631578
H 4.5383551578947365 1.7417165263157894 0.5227591052631578
$end

$rem
JOBTYPE          eda
EDA2             2
METHOD           b97m-v
BASIS            aug-cc-pvtz
SCF_CONVERGENCE  8
THRESH           14
SYMMETRY         false
DISP_FREE_X      revPBE
DISP_FREE_C      PBE
EDA_BSSE         true
$end
--------------------------------------------------------------
 ----------------------------------------------------------------
             Standard Nuclear Orientation (Angstroms)
    I     Atom           X                Y                Z
 ----------------------------------------------------------------
    1      O       1.3354492749    -1.1652764733    -1.3003424888
    2      H       1.9757794541    -0.4439539341    -1.1134515440
    3      C       1.0163644876    -1.7598534804    -0.0520039434
    4      C      -0.0758315269    -1.0072740925     0.6873443027
    5      O       0.4603169281     0.2721095196     1.1497748651
    6      C      -0.4326816251     1.3209512701     0.7362347057
    7      H       0.1596132967     2.2334439816     0.6238548544
    8      H      -1.2265148755     1.4762149749     1.4752427225
    9      C      -1.2763779598    -0.6689837108    -0.1894755683
   10      C      -1.0370175840     0.7914783709    -0.5585263370
   11      O      -2.4465701354    -0.7736403112     0.6166362495
   12      O      -2.2888616627     1.3819878926    -0.9032721259
   13      H       1.9000988409    -1.8414729286     0.5973454944
   14      H       0.6604671606    -2.7758767560    -0.2555905591
   15      H      -0.4119198091    -1.5765424438     1.5635385696
   16      H      -1.3399856870    -1.3132200857    -1.0757174519
   17      H      -0.3130587534     0.8464139531    -1.3785084768
   18      H      -2.1159296990     2.1967460985    -1.4024194558
   19      H      -3.1303980693    -0.2481405424     0.1584866278
   20      O       3.8067088451     1.2020385337    -0.0557282173
   21      H       3.0995130631     1.0485599864     0.6098686628
   22      H       4.6392543273     1.0021642612     0.3993653372
 ----------------------------------------------------------------
 Molecular Point Group                 C1    NOp =  1
 Largest Abelian Subgroup              C1    NOp =  1
 Nuclear Repulsion Energy =         609.80602538 hartrees
 There are       41 alpha and       41 beta electrons
 Requested basis set is aug-cc-pVTZ
 There are 248 shells and 736 basis functions

 Total QAlloc Memory Limit  16000 MB
 Mega-Array Size       188 MB
 MEM_STATIC part       192 MB

 A cutoff of  1.0D-14 yielded  29048 shell pairs
 There are    253364 function pairs (    337730 Cartesian)
 Smallest overlap matrix eigenvalue = 1.80E-06

 Scale SEOQF with 1.000000e-01/1.000000e-01/1.000000e-01

 Standard Electronic Orientation quadrupole field applied
 Nucleus-field energy     =     0.0000000132 hartrees

 -----------------------------------------------------------------------
  General SCF calculation program by
  Eric Jon Sundstrom, Paul Horn, Yuezhi Mao, Dmitri Zuev, Alec White,
  David Stuck, Shaama M.S., Shane Yost, Joonho Lee, David Small,
  Daniel Levine, Susi Lehtola, Hugh Burton, Evgeny Epifanovsky,
  Bang C. Huynh
 -----------------------------------------------------------------------
================================================================
                 ALMO-EDA with the EDA2 driver                  
================================================================
 The second-generation ALMO-EDA (for DFT):                      
 P. R. Horn, Y. Mao and M. Head-Gordon, PCCP, 18, 23067 (2016)  
 Y. Mao et al. Annu. Rev. Phys. Chem. 72, 641 (2021)            
 Decomposition of the frozen energy:                            
 P. R. Horn, Y. Mao and M. Head-Gordon, JCP, 144, 114107 (2016) 
================================================================
 Using eda2 option set 2
 Option set summary: Frozen orbital wavefunction, initial wavefunction decomposition, and traditional AO-based POL.
--------------------------------
Printing EDA Options
--------------------------------
eda_child_super_basis      0
fragmo_guess_mode          0
child_mp                   0
child_mp_orders            0
cls_elec                   1
cls_disp                   0
scfmi_mode                 1
scfmi_occs                 0
scfmi_virts                0
frz_relax                  0
frz_relax_method           0
dc_pen_start               0
dc_pen_conv                0
dc_pen_increment           0
dc_pen_steps               0
dc_pen_thresh_factor       0
dc_pen_pre_newton_thresh   0
frz_ortho_decomp           1
frz_ortho_decomp_conv      6
plot_mo_ortho_frz          0
frgm_method                2
scfmi_freeze_ss            0
separate_rehyb             0
plot_diff_den              0
eda_nocv                   0
eda_vct_relax              1
disp_free_x                33
disp_free_c                25
eda_bsse                   1
eda_pct_a                  0
eda_covp                   0
eda_vct_a                  0
--------------------------------
 Attempting to make child job directory: /scratch/qchemscratch/qchem2848683//Frg1/
 Attempting to make child job directory: /scratch/qchemscratch/qchem2848683//Frg2/
 Creating input file /scratch/qchemscratch/qchem2848683/Frg1.input
 using default PutDataFrgm: nothing
 calling putenv with: QCSCRATCH=/scratch/qchemscratch/qchem2848683/ 
 Spawning Job For Fragment 0
 Done Job For Fragment 0
 calling putenv with: QCSCRATCH=/scratch/qchemscratch 
 calling putenv with: QCTHREADS=1 
 Creating input file /scratch/qchemscratch/qchem2848683/Frg2.input
 using default PutDataFrgm: nothing
 calling putenv with: QCSCRATCH=/scratch/qchemscratch/qchem2848683/ 
 Spawning Job For Fragment 1
 Done Job For Fragment 1
 calling putenv with: QCSCRATCH=/scratch/qchemscratch 
 calling putenv with: QCTHREADS=1 
Doing General SCFMI
 Exchange:  B97M-V      Correlation:  B97M-V
 Using SG-2 standard quadrature grid
 Nonlocal Correlation:  VV10 with C = 0.0100 and b = 6.00 and scale = 1.00000
 Grid used for NLC:  SG-1 standard quadrature
performing fock build before subrot guess so that all methods have access
Printing subrot_rss_gen Method Specification:
Occupied Subspace Method is 0
Virtual Subspace Method is 0
Energy of the unrelaxed supersystem initial determinant -573.950568140822
write pseudocanon occs and virts to disk
write pseudocanon orbital energies to disk
Tolerance of ortho_decomp_scf: 1.00e-06
GDM subspace size: 20
Beginning the Orthogonal Decomposition of the Initial Supersystem Wavefunction
    1    -573.9375191477      2.85e-02     ortho_decomp Preconditoned Steepest Descent
    2    -573.9382001355      4.40e-05     ortho_decomp BFGS Step
    3    -573.9382001446      2.69e-07     ortho_decomp 00000 Convergence criterion met
 Exchange:  revPBE      Correlation:  PBE
 Using SG-2 standard quadrature grid
 Exchange:  revPBE      Correlation:  PBE
 Using SG-2 standard quadrature grid
 Exchange:  revPBE      Correlation:  PBE
 Using SG-2 standard quadrature grid
Doing General SCFMI
 Exchange:  B97M-V      Correlation:  B97M-V
 Using SG-2 standard quadrature grid
 Nonlocal Correlation:  VV10 with C = 0.0100 and b = 6.00 and scale = 1.00000
 Grid used for NLC:  SG-1 standard quadrature
performing fock build at end of subrot_r(subrot) constructor so that all methods have access
<S^2> of initial wavefunction before polarization iterations 0.0000000000
Beginning iterations for the determination of the polarized wavefunction
Energy prior to optimization (guess energy) = -573.950568140822
Begin Timing: Total SCF Calculation
begin iterations for algorithm: DIIS         
the SCF tolerance is set to 1.00e-08
    1    -573.9505681408      3.69e-05     00000 
    2    -573.9512459262      1.90e-05     00000 
    3    -573.9512707457      1.94e-05     00000 
    4    -573.9513301875      3.52e-06     00000 
    5    -573.9513324020      1.43e-06     00000 
    6    -573.9513327302      7.66e-07     00000 
    7    -573.9513328377      2.20e-07     00000 
    8    -573.9513328470      9.85e-08     00000 
    9    -573.9513328492      3.46e-08     00000 
   10    -573.9513328495      1.19e-08     00000 
   11    -573.9513328495      6.30e-09     00000 Convergence criterion met
write pseudocanon occs and virts to disk
write pseudocanon orbital energies to disk
Timing for Total SCF: 4260.00s (wall), 4212.20s (cpu)
<S^2> of polarized wavefunction after polarization iterations 0.0000000000
relaxing scfmi constraint to allow all rotations in the entire AO span
Doing General SCFMI
 Exchange:  B97M-V      Correlation:  B97M-V
 Using SG-2 standard quadrature grid
 Nonlocal Correlation:  VV10 with C = 0.0100 and b = 6.00 and scale = 1.00000
 Grid used for NLC:  SG-1 standard quadrature
performing fock build at end of subrot_r(subrot) constructor so that all methods have access
<S^2> of polarized wavefunction before ct-allowed iterations 0.0000000000
Beginning iterations for the determination of the CT-Allowed wavefunction
Energy prior to optimization (guess energy) = -573.951332849474
Begin Timing: Total SCF Calculation
begin iterations for algorithm: DIIS         
the SCF tolerance is set to 1.00e-08
    1    -573.9513328495      4.39e-05     00000 
    2    -573.9522129636      3.37e-06     00000 
    3    -573.9522096408      5.54e-06     00000 
    4    -573.9522156592      5.37e-07     00000 
    5    -573.9522157165      2.75e-07     00000 
    6    -573.9522157299      1.15e-07     00000 
    7    -573.9522157325      1.83e-08     00000 
    8    -573.9522157325      7.95e-09     00000 Convergence criterion met
write pseudocanon occs and virts to disk
write pseudocanon orbital energies to disk
Timing for Total SCF: 2933.00s (wall), 2902.54s (cpu)
<S^2> of ct_allowed wavefunction after ct-allowed iterations 0.0000000000
 Attempting to make child job directory: /scratch/qchemscratch/qchem2848683//FrgBSSE1/
 Attempting to make child job directory: /scratch/qchemscratch/qchem2848683//FrgBSSE2/
 Creating input file /scratch/qchemscratch/qchem2848683/FrgBSSE1.input
 calling putenv with: QCSCRATCH=/scratch/qchemscratch/qchem2848683/ 
 Spawning Job For Fragment 0
 Done Job For Fragment 0
 calling putenv with: QCSCRATCH=/scratch/qchemscratch 
 calling putenv with: QCTHREADS=1 
 Creating input file /scratch/qchemscratch/qchem2848683/FrgBSSE2.input
 calling putenv with: QCSCRATCH=/scratch/qchemscratch/qchem2848683/ 
 Spawning Job For Fragment 1
 Done Job For Fragment 1
 calling putenv with: QCSCRATCH=/scratch/qchemscratch 
 calling putenv with: QCTHREADS=1 
====================================================================
   Evaluating the BSSE with fragment SCF in the supersystem basis
   Fragment contributions (kJ/mol) 
   Frgm 1: 0.1596
   Frgm 2: 0.1055
   BSSE (kJ/mol) = 0.2651
====================================================================

================================
        Results of EDA2         
================================
Basic EDA Quantities
--------------------
Fragment Energies (Ha):
1 -497.5122392579
2  -76.4323659938
--------------------
  E_prp (kJ/mol) = 0.0000
  E_frz (kJ/mol) = -15.6558
  E_pol (kJ/mol) = -2.0078
  E_vct (kJ/mol) = -2.0529 (CP-corrected)
  E_int (kJ/mol) = -19.7164 (CP-corrected)
--------------------


Decomposition of frozen interaction energy
--------------------
  --------------------
  Orthogonal Frozen Decomposition:
  --------------------
     E_elec   (ELEC)   (kJ/mol) = -23.1283
     E_pauli  (PAULI)  (kJ/mol) = 13.3073
     E_disp   (DISP)   (kJ/mol) = -5.8347
  --------------------
  Classical Frozen Decomposition:
  --------------------
     E_cls_elec  (CLS ELEC)  (kJ/mol) = -15.2289
     E_mod_pauli (MOD PAULI) (kJ/mol) = 5.4078 (FRZ - CLS ELEC - DISP)
     E_disp      (DISP)      (kJ/mol) = -5.8347
  --------------------
--------------------

Simplified EDA Summary (kJ/mol)
--------------------
 PREPARATION      0.0000
 FROZEN           -15.6558 (ELEC + PAULI + DISP)
[ELEC + PAULI = -9.8210, DISP = -5.8347]
 POLARIZATION    -2.0078
 CHARGE TRANSFER -2.0529     (counterpoise-corrected)
 TOTAL           -19.7164     (PRP + FRZ + POL + CT)
--------------------
 
 --------------------------------------------------------------
 
                    Orbital Energies (a.u.)
 --------------------------------------------------------------
 
 Alpha MOs
 -- Occupied --
-19.1797 -19.1696 -19.1661 -19.1620 -19.1561 -10.2416 -10.2357 -10.2344
-10.2311 -10.2280  -1.0484  -1.0285  -1.0138  -1.0093  -1.0072  -0.7590
 -0.7419  -0.6507  -0.5903  -0.5592  -0.5180  -0.5084  -0.4913  -0.4825
 -0.4727  -0.4429  -0.4274  -0.3961  -0.3914  -0.3764  -0.3709  -0.3615
 -0.3476  -0.3389  -0.3218  -0.2984  -0.2931  -0.2768  -0.2558  -0.2512
 -0.2356
 -- Virtual --
 -0.0378  -0.0293  -0.0018   0.0028   0.0080   0.0108   0.0245   0.0268
  0.0300   0.0370   0.0434   0.0501   0.0521   0.0616   0.0624   0.0714
  0.0733   0.0740   0.0761   0.0794   0.0833   0.0858   0.0912   0.0927
  0.0940   0.0974   0.1053   0.1085   0.1100   0.1148   0.1201   0.1233
  0.1249   0.1306   0.1325   0.1393   0.1407   0.1487   0.1499   0.1563
  0.1642   0.1702   0.1748   0.1772   0.1805   0.1851   0.1924   0.1927
  0.1966   0.1975   0.2022   0.2072   0.2098   0.2150   0.2178   0.2237
  0.2284   0.2329   0.2358   0.2396   0.2411   0.2429   0.2523   0.2583
  0.2652   0.2663   0.2706   0.2727   0.2796   0.2831   0.2900   0.2971
  0.3025   0.3059   0.3117   0.3141   0.3190   0.3244   0.3259   0.3306
  0.3366   0.3411   0.3427   0.3473   0.3513   0.3550   0.3597   0.3667
  0.3711   0.3772   0.3829   0.3885   0.3917   0.3949   0.3979   0.4069
  0.4133   0.4148   0.4223   0.4251   0.4281   0.4333   0.4381   0.4475
  0.4534   0.4578   0.4598   0.4647   0.4727   0.4742   0.4801   0.4851
  0.4853   0.4905   0.4963   0.5009   0.5039   0.5095   0.5132   0.5159
  0.5219   0.5258   0.5361   0.5388   0.5460   0.5498   0.5546   0.5610
  0.5631   0.5712   0.5734   0.5772   0.5834   0.5925   0.6060   0.6092
  0.6163   0.6272   0.6320   0.6336   0.6352   0.6518   0.6679   0.6773
  0.6858   0.6876   0.6933   0.6983   0.7115   0.7154   0.7216   0.7274
  0.7296   0.7373   0.7479   0.7554   0.7590   0.7657   0.7674   0.7804
  0.7818   0.7889   0.7925   0.8052   0.8096   0.8163   0.8227   0.8261
  0.8306   0.8331   0.8422   0.8465   0.8515   0.8597   0.8703   0.8719
  0.8782   0.8856   0.8888   0.8966   0.8968   0.9061   0.9089   0.9162
  0.9180   0.9249   0.9330   0.9388   0.9428   0.9455   0.9507   0.9553
  0.9600   0.9663   0.9729   0.9778   0.9860   0.9922   0.9991   1.0006
  1.0108   1.0127   1.0180   1.0279   1.0350   1.0400   1.0437   1.0463
  1.0563   1.0664   1.0693   1.0772   1.0854   1.0926   1.0997   1.1042
  1.1178   1.1240   1.1272   1.1321   1.1362   1.1460   1.1486   1.1528
  1.1602   1.1668   1.1846   1.1877   1.1952   1.1974   1.2055   1.2156
  1.2210   1.2328   1.2391   1.2430   1.2557   1.2603   1.2706   1.2850
  1.2891   1.2994   1.3086   1.3106   1.3125   1.3241   1.3304   1.3343
  1.3358   1.3527   1.3576   1.3701   1.3761   1.3836   1.4000   1.4024
  1.4082   1.4127   1.4152   1.4265   1.4423   1.4486   1.4573   1.4615
  1.4658   1.4712   1.4779   1.4856   1.4933   1.4981   1.5093   1.5142
  1.5183   1.5318   1.5417   1.5516   1.5549   1.5617   1.5715   1.5780
  1.5790   1.5851   1.5881   1.6010   1.6090   1.6162   1.6225   1.6302
  1.6368   1.6461   1.6502   1.6630   1.6707   1.6757   1.6825   1.6864
  1.6952   1.7111   1.7166   1.7238   1.7348   1.7453   1.7475   1.7606
  1.7625   1.7670   1.7738   1.7787   1.7943   1.8018   1.8075   1.8150
  1.8258   1.8364   1.8544   1.8589   1.8613   1.8692   1.8821   1.8988
  1.9082   1.9179   1.9192   1.9309   1.9353   1.9537   1.9599   1.9657
  1.9954   1.9981   2.0093   2.0192   2.0308   2.0358   2.0588   2.0751
  2.0831   2.0997   2.1137   2.1169   2.1266   2.1304   2.1364   2.1496
  2.1667   2.1771   2.1911   2.2006   2.2219   2.2344   2.2400   2.2602
  2.2640   2.2838   2.2947   2.3034   2.3199   2.3348   2.3363   2.3468
  2.3540   2.3721   2.3834   2.3879   2.4013   2.4241   2.4305   2.4395
  2.4448   2.4783   2.4805   2.4873   2.4917   2.5114   2.5281   2.5374
  2.5579   2.5749   2.5793   2.5892   2.5980   2.6013   2.6120   2.6466
  2.6502   2.6648   2.6711   2.6908   2.6956   2.7040   2.7127   2.7151
  2.7323   2.7434   2.7532   2.7739   2.7785   2.7929   2.8085   2.8223
  2.8274   2.8387   2.8671   2.8797   2.8853   2.9008   2.9068   2.9183
  2.9370   2.9503   2.9602   2.9890   2.9980   3.0043   3.0201   3.0232
  3.0348   3.0521   3.0671   3.0934   3.0989   3.1088   3.1383   3.1549
  3.1849   3.1988   3.2178   3.2400   3.2547   3.2750   3.3178   3.3514
  3.3635   3.3794   3.4186   3.4312   3.4386   3.4461   3.4695   3.4822
  3.5045   3.5277   3.5362   3.5428   3.5498   3.5695   3.5934   3.6238
  3.6361   3.6542   3.6607   3.6639   3.6772   3.6887   3.6998   3.7067
  3.7268   3.7341   3.7551   3.7694   3.7786   3.8077   3.8200   3.8246
  3.8337   3.8510   3.8617   3.8742   3.9001   3.9159   3.9262   3.9322
  3.9445   3.9705   3.9799   3.9844   3.9917   4.0002   4.0134   4.0424
  4.0460   4.0555   4.0634   4.0804   4.0944   4.0968   4.1083   4.1212
  4.1501   4.1532   4.1579   4.1728   4.1827   4.1872   4.1980   4.2131
  4.2233   4.2372   4.2410   4.2686   4.2707   4.2910   4.3101   4.3132
  4.3187   4.3325   4.3426   4.3507   4.3579   4.3755   4.3853   4.4033
  4.4076   4.4247   4.4498   4.4513   4.4739   4.4792   4.4862   4.5183
  4.5327   4.5486   4.5625   4.5653   4.5853   4.5956   4.5988   4.6214
  4.6313   4.6630   4.6717   4.6842   4.7125   4.7281   4.7347   4.7567
  4.7586   4.7738   4.7895   4.7990   4.8197   4.8326   4.8392   4.8519
  4.8676   4.8949   4.9259   4.9345   4.9385   4.9466   4.9660   5.0013
  5.0035   5.0159   5.0267   5.0358   5.0500   5.0707   5.0963   5.1129
  5.1258   5.1341   5.1472   5.1584   5.1610   5.1849   5.1970   5.2195
  5.2330   5.2414   5.2545   5.2791   5.2842   5.3015   5.3164   5.3242
  5.3397   5.3502   5.3851   5.3934   5.4070   5.4217   5.4379   5.4505
  5.4683   5.4810   5.5152   5.5376   5.5499   5.5815   5.5886   5.6068
  5.6164   5.6402   5.6649   5.6925   5.7133   5.7304   5.7444   5.7606
  5.8183   5.8550   5.8668   5.8777   5.8934   5.9595   5.9756   6.0107
  6.0268   6.0345   6.0611   6.0923   6.1348   6.1994   6.2888   6.3845
  6.4605   6.5056   6.5471   6.5672   6.5778   6.6081   6.6294   6.6372
  6.6560   6.7006   6.7461   6.7568   6.8042   6.8448   6.8511   6.8613
  6.8823   6.9287   6.9612   6.9826   7.0017   7.0151   7.0288   7.0684
  7.0941   7.1057   7.1229   7.1315   7.1492   7.1602   7.1679   7.1775
  7.1943   7.2068   7.2083   7.2397   7.2472   7.2714   7.2857   7.3054
  7.3432   7.3542   7.3755   7.3854   7.4079   7.4153   7.4363   7.4553
  7.4955   7.5795   7.6005   7.6184   7.6696   7.7152   7.7432   7.7467
  7.7703   7.7757   7.8345   7.9039   8.0265   8.0527   8.1248   8.1780
  8.2085   8.3860   8.4400   8.5466   8.5995  15.2599  15.9250  16.1780
 16.2107  16.4744  18.0009  18.2399  18.5982  19.2339  19.7554
 --------------------------------------------------------------
 
          Ground-State Mulliken Net Atomic Charges

     Atom                 Charge (a.u.)
  ----------------------------------------
      1 O                    -0.641169
      2 H                     0.264886
      3 C                    -0.522067
      4 C                     0.058860
      5 O                    -0.667251
      6 C                    -0.933724
      7 H                     0.501324
      8 H                     0.336143
      9 C                     0.280670
     10 C                     0.333223
     11 O                    -0.722094
     12 O                    -0.576440
     13 H                     0.446581
     14 H                     0.293655
     15 H                     0.443214
     16 H                     0.389640
     17 H                     0.331181
     18 H                     0.169769
     19 H                     0.215841
     20 O                    -0.521418
     21 H                     0.290696
     22 H                     0.228478
  ----------------------------------------
  Sum of atomic charges =     0.000000

 -----------------------------------------------------------------
                    Cartesian Multipole Moments
 -----------------------------------------------------------------
    Charge (ESU x 10^10)
                -0.0000
    Dipole Moment (Debye)
         X       0.9281      Y       1.3066      Z       0.2511
       Tot       1.6222
    Quadrupole Moments (Debye-Ang)
        XX     -57.7885     XY      -4.3857     YY     -57.3535
        XZ       9.0723     YZ      -2.9422     ZZ     -64.1431
    Octopole Moments (Debye-Ang^2)
       XXX      53.0114    XXY       5.1048    XYY      -9.8123
       YYY      11.1724    XXZ      16.5810    XYZ       2.4299
       YYZ      -3.8052    XZZ      -0.8185    YZZ      11.3939
       ZZZ      -3.0436
    Hexadecapole Moments (Debye-Ang^3)
      XXXX   -1001.4785   XXXY       4.4715   XXYY    -347.9506
      XYYY     -37.3306   YYYY    -542.4466   XXXZ     105.8790
      XXYZ      16.9753   XYYZ      32.0945   YYYZ     -22.4963
      XXZZ    -269.8816   XYZZ      -1.6236   YYZZ    -134.9409
      XZZZ       9.9076   YZZZ     -19.2925   ZZZZ    -301.9685
 -----------------------------------------------------------------
 Total job time:  23025.04s(wall), 13560.95s(cpu) 
 Tue Mar  5 18:48:43 2024

        *************************************************************
        *                                                           *
        *  Thank you very much for using Q-Chem.  Have a nice day.  *
        *                                                           *
        *************************************************************


