
Running Job 1 of 1 aatt_22.inp
qchem aatt_22.inp_2015897.0 /scratch/qchemscratch/qchem2015897/ 1
/opt/qchem/6.1/exe/qcprog.exe_s aatt_22.inp_2015897.0 /scratch/qchemscratch/qchem2015897/
                  Welcome to Q-Chem
     A Quantum Leap Into The Future Of Chemistry


 Q-Chem 6.1, Q-Chem, Inc., Pleasanton, CA (2023)

 License issued to: SRG Pengyu Ren, University of Texas at Austin

 E. Epifanovsky,  A. T. B. Gilbert,  Xintian Feng,  Joonho Lee,  Yuezhi Mao,  
 N. Mardirossian,  P. Pokhilko,  A. White,  M. Wormit,  M. P. Coons,  
 A. L. Dempwolff,  Zhengting Gan,  D. Hait,  P. R. Horn,  L. D. Jacobson,  
 I. Kaliman,  J. Kussmann,  A. W. Lange,  Ka Un Lao,  D. S. Levine,  Jie Liu,  
 S. C. McKenzie,  A. F. Morrison,  K. D. Nanda,  F. Plasser,  D. R. Rehn,  
 M. L. Vidal,  Zhi-Qiang You,  Ying Zhu,  B. Alam,  B. Albrecht,  
 A. Aldossary,  E. Alguire,  J. H. Andersen,  V. Athavale,  D. Barton,  
 K. Begam,  A. Behn,  N. Bellonzi,  Y. A. Bernard,  E. J. Berquist,  
 H. Burton,  A. Carreras,  K. Carter-Fenk,  Mathew Chow,  Romit Chakraborty,  
 Chandrima Chakravarty,  Junhan Chen,  A. D. Chien,  K. D. Closser,  
 V. Cofer-Shabica,  L. Cunha,  S. Dasgupta,  Jia Deng,  M. de Wergifosse,  
 M. Diedenhofen,  Hainam Do,  S. Ehlert,  Po-Tung Fang,  S. Fatehi,  
 Qingguo Feng,  T. Friedhoff,  Thomas Froitzheim,  B. Ganoe,  J. Gayvert,  
 Qinghui Ge,  G. Gidofalvi,  M. Gimferrer,  M. Goldey,  Montgomery Gray,  
 J. Gomes,  C. Gonzalez-Espinoza,  S. Gulania,  A. Gunina,  J. A. Gyamfi,  
 M. W. D. Hanson-Heine,  P. H. P. Harbach,  A. W. Hauser,  M. F. Herbst,  
 M. Hernandez Vera,  M. Hodecker,  Z. C. Holden,  S. Houck,  Xunkun Huang,  
 Kerwin Hui,  B. C. Huynh,  K. Ikeda,  M. Ivanov,  Hyunjun Ji,  Zuxin Jin,  
 Hanjie Jiang,  Subrata Jana,  B. Kaduk,  S. Kaehler,  R. Kang,  
 K. Khistyaev,  Jaehoon Kim,  Yongbin Kim,  P. Klunzinger,  Z. Koczor-Benda,  
 Joong Hoon Koh,  D. Kosenkov,  Saikiran Kotaru,  L. Koulias,  T. Kowalczyk,  
 C. M. Krauter,  K. Kue,  A. Kunitsa,  T. Kus,  A. Landau,  K. V. Lawler,  
 D. Lefrancois,  S. Lehtola,  Rain Li,  Shaozhi Li,  Yi-Pei Li,  
 Jiashu Liang,  M. Liebenthal,  Hung-Hsuan Lin,  You-Sheng Lin,  Fenglai Liu,  
 Kuan-Yu Liu,  Xiao Liu,  M. Loipersberger,  A. Luenser,  C. Malbon,  
 A. Manjanath,  P. Manohar,  E. Mansoor,  S. F. Manzer,  Shan-Ping Mao,  
 A. V. Marenich,  T. Markovich,  S. Mason,  F. Matz,  S. A. Maurer,  
 P. F. McLaughlin,  M. F. S. J. Menger,  J.-M. Mewes,  S. A. Mewes,  
 P. Morgante,  Mohammad Mostafanejad,  J. W. Mullinax,  K. J. Oosterbaan,  
 G. Paran,  V. Parravicini,  Alexander C. Paul,  Suranjan K. Paul,  
 F. Pavosevic,  Zheng Pei,  S. Prager,  E. I. Proynov,  E. Ramos,  B. Rana,  
 A. E. Rask,  A. Rettig,  R. M. Richard,  F. Rob,  E. Rossomme,  T. Scheele,  
 M. Scheurer,  M. Schneider,  P. E. Schneider,  Tim K. Schramm,  N. Sergueev,  
 S. M. Sharada,  M. Sharma,  Hengyuan Shen,  W. Skomorowski,  D. W. Small,  
 C. J. Stein,  Alistair J. Sterling,  Yingli Su,  Yu-Chuan Su,  
 E. J. Sundstrom,  J. Talbot,  Zhen Tao,  J. Thirman,  Hung-Yi Tsai,  
 T. Tsuchimochi,  N. M. Tubman,  C. Utku,  S. P. Veccham,  O. Vydrov,  
 J. Wenzel,  Jonathan Wong,  J. Witte,  A. Yamada,  Chou-Hsun Yang,  Kun Yao,  
 S. Yeganeh,  S. R. Yost,  A. Zech,  F. Zeller,  Igor Ying Zhang,  
 Xing Zhang,  Yu Zhang,  D. Zuev,  A. Aspuru-Guzik,  A. T. Bell,  
 N. A. Besley,  K. B. Bravaya,  B. R. Brooks,  D. Casanova,  Jeng-Da Chai,  
 Hsing-Ta Chen,  S. Coriani,  C. J. Cramer,  A. E. DePrince, III,  
 R. A. DiStasio Jr.,  A. Dreuw,  B. D. Dunietz,  T. R. Furlani,  
 W. A. Goddard III,  S. Grimme,  S. Hammes-Schiffer,  T. Head-Gordon,  
 W. J. Hehre,  Chao-Ping Hsu,  T.-C. Jagau,  Yousung Jung,  A. Klamt,  
 Jing Kong,  D. S. Lambrecht,  Xiangyuan Li,  WanZhen Liang,  N. J. Mayhall,  
 C. W. McCurdy,  J. B. Neaton,  T. Neudecker,  C. Ochsenfeld,  
 J. A. Parkhill,  R. Peverati,  V. A. Rassolov,  Haisheng Ren,  Yihan Shao,  
 L. V. Slipchenko,  R. P. Steele,  J. E. Subotnik,  A. J. W. Thom,  
 A. Tkatchenko,  D. G. Truhlar,  T. Van Voorhis,  Fan Wang,  
 T. A. Wesolowski,  K. B. Whaley,  H. L. Woodcock III,  P. M. Zimmerman,  
 S. Faraji,  P. M. W. Gill,  M. Head-Gordon,  J. M. Herbert,  A. I. Krylov

 Contributors to earlier versions of Q-Chem not listed above: 
 R. D. Adamson,  B. Austin,  R. Baer,  J. Baker,  G. J. O. Beran,  
 K. Brandhorst,  S. T. Brown,  E. F. C. Byrd,  Arup K. Chakraborty,  
 G. K. L. Chan,  Chun-Min Chang,  Yunqing Chen,  C.-L. Cheng,  
 Siu Hung Chien,  D. M. Chipman,  D. L. Crittenden,  H. Dachsel,  
 R. J. Doerksen,  A. D. Dutoi,  R. G. Edgar,  J. Fosso-Tande,  
 L. Fusti-Molnar,  D. Ghosh,  A. Ghysels,  A. Golubeva-Zadorozhnaya,  
 J. Gonthier,  M. S. Gordon,  S. R. Gwaltney,  G. Hawkins,  J. E. Herr,  
 A. Heyden,  S. Hirata,  E. G. Hohenstein,  G. Kedziora,  F. J. Keil,  
 C. Kelley,  Jihan Kim,  R. A. King,  R. Z. Khaliullin,  P. P. Korambath,  
 W. Kurlancheek,  A. Laurent,  A. M. Lee,  M. S. Lee,  S. V. Levchenko,  
 Ching Yeh Lin,  D. Liotard,  E. Livshits,  R. C. Lochan,  I. Lotan,  
 L. A. Martinez-Martinez,  P. E. Maslen,  N. Nair,  D. P. O'Neill,  
 D. Neuhauser,  E. Neuscamman,  C. M. Oana,  R. Olivares-Amaya,  R. Olson,  
 T. M. Perrine,  B. Peters,  P. A. Pieniazek,  A. Prociuk,  Y. M. Rhee,  
 J. Ritchie,  M. A. Rohrdanz,  E. Rosta,  N. J. Russ,  H. F. Schaefer III,  
 M. W. Schmidt,  N. E. Schultz,  S. Sharma,  N. Shenvi,  C. D. Sherrill,  
 A. C. Simmonett,  A. Sodt,  T. Stein,  D. Stuck,  K. S. Thanthiriwatte,  
 V. Vanovschi,  L. Vogt,  Tao Wang,  A. Warshel,  M. A. Watson,  
 C. F. Williams,  Q. Wu,  X. Xu,  Jun Yang,  W. Zhang,  Yan Zhao

   Please cite Q-Chem as follows:
  "Software for the frontiers of quantum chemistry:
   An overview of developments in the Q-Chem 5 package"
   J. Chem. Phys. 155, 084801 (2021)
   https://doi.org/10.1063/5.0055522 (open access)

 Q-Chem 6.1.1 for Intel X86 EM64T Linux

 Parts of Q-Chem use Armadillo 9.900.5 (Nocturnal Misbehaviour).
 http://arma.sourceforge.net/

 Q-Chem begins on Fri Mar  1 11:08:42 2024  

 Host: 
0

     Scratch files written to /scratch/qchemscratch/qchem2015897//
 Jan1824 |scratch|qcdevops|jenkins|workspace|build_RNUM UKVU   
 Processing $rem in /opt/qchem/6.1/config/preferences:
 Processing $rem in /home/mm227274/.qchemrc:

 Q-Chem warning in module libgen/rem_setup.C, line 3361:

 Neither GIA nor STOLL is specified by user. Use STOLL as the default


 Checking the input file for inconsistencies... 	...done.

--------------------------------------------------------------
User input:
--------------------------------------------------------------
$molecule
0 1
--
0 1
N -1.249408 -4.334618 0.000108
C -1.453779 -2.957386 0.000369
N -0.287164 -2.222242 0.000471
C 1.008028 -2.72249 0.000365
C 1.139737 -4.181361 6.4e-05
C 0.0 -4.915748 0.0
H -2.087419 -4.899193 0.000228
O -2.573085 -2.462566 0.000505
H -0.408805 -1.172186 0.000678
O 1.977244 -1.953535 0.000498
C 2.515972 -4.780254 -0.000534
H 2.46354 -5.877599 0.006109
H 3.080111 -4.452913 -0.886592
H 3.085127 -4.442101 0.87814
H 0.011158 -6.004875 -3.7e-05
--
0 1
N 1.494058 -4.434703 3.269537
C 0.536909 -3.423713 3.286863
N 1.070647 -2.152432 3.267019
C 2.418129 -1.819417 3.232905
C 3.362593 -2.938956 3.216458
C 2.850431 -4.194203 3.235735
H 1.131596 -5.377799 3.283657
O -0.66343 -3.660302 3.316952
H 0.368868 -1.362011 3.279459
O 2.770833 -0.633648 3.217891
C 4.832998 -2.640273 3.179118
H 5.419514 -3.569225 3.177064
H 5.086129 -2.053617 2.283426
H 5.126083 -2.031855 4.047612
H 3.484148 -5.079992 3.22563
$end

$rem
JOBTYPE          eda
EDA2             2
METHOD           b97m-v
BASIS            aug-cc-pvtz
SCF_CONVERGENCE  8
THRESH           14
SYMMETRY         false
DISP_FREE_X      revPBE
DISP_FREE_C      PBE
EDA_BSSE         true
$end
--------------------------------------------------------------
 ----------------------------------------------------------------
             Standard Nuclear Orientation (Angstroms)
    I     Atom           X                Y                Z
 ----------------------------------------------------------------
    1      N      -3.0249528796    -0.4003167079     0.6326554644
    2      C      -2.9845240786     0.5333684054    -0.3993974301
    3      N      -1.9366660499     0.3477259130    -1.2762997542
    4      C      -0.9691009980    -0.6460730174    -1.2134352500
    5      C      -1.0801428630    -1.5896639011    -0.0985550348
    6      C      -2.1062432901    -1.4179573126     0.7709042569
    7      H      -3.7829714877    -0.2886870492     1.2914073071
    8      O      -3.8113790780     1.4296314376    -0.5029163159
    9      H      -1.8783396612     1.0412827012    -2.0719071905
   10      O      -0.0750065717    -0.7056279021    -2.0665002165
   11      C      -0.0623233313    -2.6862252499     0.0209964923
   12      H      -0.2637799818    -3.3106601209     0.9021636744
   13      H      -0.0693624154    -3.3204934122    -0.8779796311
   14      H       0.9511103679    -2.2658604718     0.1022273627
   15      H      -2.2591620474    -2.0755490343     1.6256036811
   16      N       1.0474033293     0.0156806392     1.8445340893
   17      C       0.4376052460     1.1440413651     1.3027928701
   18      N       1.0445308060     1.6066090955     0.1542730064
   19      C       2.1584518918     1.0630348732    -0.4714085220
   20      C       2.7424170766    -0.1229421109     0.1595380525
   21      C       2.1549063488    -0.5878234861     1.2896013249
   22      H       0.6237542003    -0.3457884520     2.6876649525
   23      O      -0.5459229984     1.6640121547     1.8126908875
   24      H       0.6045844813     2.4631774996    -0.2817908378
   25      O       2.6098044866     1.5743865045    -1.5036265210
   26      C       3.9482713768    -0.7548857137    -0.4723316839
   27      H       4.2808722025    -1.6263462190     0.1080908638
   28      H       3.7240288094    -1.0729955348    -1.5014216397
   29      H       4.7739225528    -0.0308697391    -0.5390708185
   30      H       2.5272655579    -1.4635634164     1.8194595073
 ----------------------------------------------------------------
 Molecular Point Group                 C1    NOp =  1
 Largest Abelian Subgroup              C1    NOp =  1
 Nuclear Repulsion Energy =        1394.22198963 hartrees
 There are       66 alpha and       66 beta electrons
 Requested basis set is aug-cc-pVTZ
 There are 360 shells and 1104 basis functions

 Total QAlloc Memory Limit  16000 MB
 Mega-Array Size       188 MB
 MEM_STATIC part       192 MB

 A cutoff of  1.0D-14 yielded  59064 shell pairs
 There are    547498 function pairs (    746261 Cartesian)
 Smallest overlap matrix eigenvalue = 1.03E-06

 Scale SEOQF with 1.000000e-01/1.000000e-01/1.000000e-01

 Standard Electronic Orientation quadrupole field applied
 Nucleus-field energy     =     0.0000000201 hartrees

 -----------------------------------------------------------------------
  General SCF calculation program by
  Eric Jon Sundstrom, Paul Horn, Yuezhi Mao, Dmitri Zuev, Alec White,
  David Stuck, Shaama M.S., Shane Yost, Joonho Lee, David Small,
  Daniel Levine, Susi Lehtola, Hugh Burton, Evgeny Epifanovsky,
  Bang C. Huynh
 -----------------------------------------------------------------------
================================================================
                 ALMO-EDA with the EDA2 driver                  
================================================================
 The second-generation ALMO-EDA (for DFT):                      
 P. R. Horn, Y. Mao and M. Head-Gordon, PCCP, 18, 23067 (2016)  
 Y. Mao et al. Annu. Rev. Phys. Chem. 72, 641 (2021)            
 Decomposition of the frozen energy:                            
 P. R. Horn, Y. Mao and M. Head-Gordon, JCP, 144, 114107 (2016) 
================================================================
 Using eda2 option set 2
 Option set summary: Frozen orbital wavefunction, initial wavefunction decomposition, and traditional AO-based POL.
--------------------------------
Printing EDA Options
--------------------------------
eda_child_super_basis      0
fragmo_guess_mode          0
child_mp                   0
child_mp_orders            0
cls_elec                   1
cls_disp                   0
scfmi_mode                 1
scfmi_occs                 0
scfmi_virts                0
frz_relax                  0
frz_relax_method           0
dc_pen_start               0
dc_pen_conv                0
dc_pen_increment           0
dc_pen_steps               0
dc_pen_thresh_factor       0
dc_pen_pre_newton_thresh   0
frz_ortho_decomp           1
frz_ortho_decomp_conv      6
plot_mo_ortho_frz          0
frgm_method                2
scfmi_freeze_ss            0
separate_rehyb             0
plot_diff_den              0
eda_nocv                   0
eda_vct_relax              1
disp_free_x                33
disp_free_c                25
eda_bsse                   1
eda_pct_a                  0
eda_covp                   0
eda_vct_a                  0
--------------------------------
 Attempting to make child job directory: /scratch/qchemscratch/qchem2015897//Frg1/
 Attempting to make child job directory: /scratch/qchemscratch/qchem2015897//Frg2/
 Creating input file /scratch/qchemscratch/qchem2015897/Frg1.input
 using default PutDataFrgm: nothing
 calling putenv with: QCSCRATCH=/scratch/qchemscratch/qchem2015897/ 
 Spawning Job For Fragment 0
 Done Job For Fragment 0
 calling putenv with: QCSCRATCH=/scratch/qchemscratch 
 calling putenv with: QCTHREADS=1 
 Creating input file /scratch/qchemscratch/qchem2015897/Frg2.input
 using default PutDataFrgm: nothing
 calling putenv with: QCSCRATCH=/scratch/qchemscratch/qchem2015897/ 
 Spawning Job For Fragment 1
 Done Job For Fragment 1
 calling putenv with: QCSCRATCH=/scratch/qchemscratch 
 calling putenv with: QCTHREADS=1 
Doing General SCFMI
 Exchange:  B97M-V      Correlation:  B97M-V
 Using SG-2 standard quadrature grid
 Nonlocal Correlation:  VV10 with C = 0.0100 and b = 6.00 and scale = 1.00000
 Grid used for NLC:  SG-1 standard quadrature
performing fock build before subrot guess so that all methods have access
Printing subrot_rss_gen Method Specification:
Occupied Subspace Method is 0
Virtual Subspace Method is 0
Energy of the unrelaxed supersystem initial determinant -908.498346347007
write pseudocanon occs and virts to disk
write pseudocanon orbital energies to disk
Tolerance of ortho_decomp_scf: 1.00e-06
GDM subspace size: 20
Beginning the Orthogonal Decomposition of the Initial Supersystem Wavefunction
    1    -908.4537388841      2.57e-02     ortho_decomp Preconditoned Steepest Descent
    2    -908.4583768055      5.48e-05     ortho_decomp BFGS Step
    3    -908.4583769139      5.65e-07     ortho_decomp 00000 Convergence criterion met
 Exchange:  revPBE      Correlation:  PBE
 Using SG-2 standard quadrature grid
 Exchange:  revPBE      Correlation:  PBE
 Using SG-2 standard quadrature grid
 Exchange:  revPBE      Correlation:  PBE
 Using SG-2 standard quadrature grid
Doing General SCFMI
 Exchange:  B97M-V      Correlation:  B97M-V
 Using SG-2 standard quadrature grid
 Nonlocal Correlation:  VV10 with C = 0.0100 and b = 6.00 and scale = 1.00000
 Grid used for NLC:  SG-1 standard quadrature
performing fock build at end of subrot_r(subrot) constructor so that all methods have access
<S^2> of initial wavefunction before polarization iterations 0.0000000000
Beginning iterations for the determination of the polarized wavefunction
Energy prior to optimization (guess energy) = -908.498346347007
Begin Timing: Total SCF Calculation
begin iterations for algorithm: DIIS         
the SCF tolerance is set to 1.00e-08
    1    -908.4983463470      5.56e-05     00000 
    2    -908.4990970762      6.50e-05     00000 
    3    -908.5001294996      4.09e-05     00000 
    4    -908.5005841455      1.45e-05     00000 
    5    -908.5006287356      8.29e-06     00000 
    6    -908.5006472910      2.89e-06     00000 
    7    -908.5006512527      1.48e-06     00000 
    8    -908.5006529288      1.06e-06     00000 
    9    -908.5006536049      8.07e-07     00000 
   10    -908.5006539785      4.21e-07     00000 
   11    -908.5006541246      2.17e-07     00000 
   12    -908.5006541606      1.69e-07     00000 
   13    -908.5006541747      1.09e-07     00000 
   14    -908.5006541793      7.43e-08     00000 
   15    -908.5006541810      4.47e-08     00000 
   16    -908.5006541815      3.58e-08     00000 
   17    -908.5006541818      2.67e-08     00000 
   18    -908.5006541819      1.85e-08     00000 
   19    -908.5006541821      1.23e-08     00000 
   20    -908.5006541821      6.53e-09     00000 Convergence criterion met
write pseudocanon occs and virts to disk
write pseudocanon orbital energies to disk
Timing for Total SCF: 28729.00s (wall), 28468.04s (cpu)
<S^2> of polarized wavefunction after polarization iterations 0.0000000000
relaxing scfmi constraint to allow all rotations in the entire AO span
Doing General SCFMI
 Exchange:  B97M-V      Correlation:  B97M-V
 Using SG-2 standard quadrature grid
 Nonlocal Correlation:  VV10 with C = 0.0100 and b = 6.00 and scale = 1.00000
 Grid used for NLC:  SG-1 standard quadrature
performing fock build at end of subrot_r(subrot) constructor so that all methods have access
<S^2> of polarized wavefunction before ct-allowed iterations 0.0000000000
Beginning iterations for the determination of the CT-Allowed wavefunction
Energy prior to optimization (guess energy) = -908.500654182141
Begin Timing: Total SCF Calculation
begin iterations for algorithm: DIIS         
the SCF tolerance is set to 1.00e-08
    1    -908.5006541821      5.94e-05     00000 
    2    -908.5035767850      2.38e-06     00000 
    3    -908.5035763221      2.56e-06     00000 
    4    -908.5035793132      1.36e-06     00000 
    5    -908.5035801231      5.84e-07     00000 
    6    -908.5035803038      1.22e-07     00000 
    7    -908.5035803096      6.29e-08     00000 
    8    -908.5035803116      1.83e-08     00000 
    9    -908.5035803117      8.33e-09     00000 Convergence criterion met
write pseudocanon occs and virts to disk
write pseudocanon orbital energies to disk
Timing for Total SCF: 11574.00s (wall), 11491.08s (cpu)
<S^2> of ct_allowed wavefunction after ct-allowed iterations 0.0000000000
 Attempting to make child job directory: /scratch/qchemscratch/qchem2015897//FrgBSSE1/
 Attempting to make child job directory: /scratch/qchemscratch/qchem2015897//FrgBSSE2/
 Creating input file /scratch/qchemscratch/qchem2015897/FrgBSSE1.input
 calling putenv with: QCSCRATCH=/scratch/qchemscratch/qchem2015897/ 
 Spawning Job For Fragment 0
 Done Job For Fragment 0
 calling putenv with: QCSCRATCH=/scratch/qchemscratch 
 calling putenv with: QCTHREADS=1 
 Creating input file /scratch/qchemscratch/qchem2015897/FrgBSSE2.input
 calling putenv with: QCSCRATCH=/scratch/qchemscratch/qchem2015897/ 
 Spawning Job For Fragment 1
 Done Job For Fragment 1
 calling putenv with: QCSCRATCH=/scratch/qchemscratch 
 calling putenv with: QCTHREADS=1 
====================================================================
   Evaluating the BSSE with fragment SCF in the supersystem basis
   Fragment contributions (kJ/mol) 
   Frgm 1: 1.0429
   Frgm 2: 1.0195
   BSSE (kJ/mol) = 2.0625
====================================================================

================================
        Results of EDA2         
================================
Basic EDA Quantities
--------------------
Fragment Energies (Ha):
1 -454.2484970375
2 -454.2486960845
--------------------
  E_prp (kJ/mol) = 0.0000
  E_frz (kJ/mol) = -3.0278
  E_pol (kJ/mol) = -6.0593
  E_vct (kJ/mol) = -5.6202 (CP-corrected)
  E_int (kJ/mol) = -14.7073 (CP-corrected)
--------------------


Decomposition of frozen interaction energy
--------------------
  --------------------
  Orthogonal Frozen Decomposition:
  --------------------
     E_elec   (ELEC)   (kJ/mol) = -44.3220
     E_pauli  (PAULI)  (kJ/mol) = 84.3710
     E_disp   (DISP)   (kJ/mol) = -43.0768
  --------------------
  Classical Frozen Decomposition:
  --------------------
     E_cls_elec  (CLS ELEC)  (kJ/mol) = -12.4307
     E_mod_pauli (MOD PAULI) (kJ/mol) = 52.4797 (FRZ - CLS ELEC - DISP)
     E_disp      (DISP)      (kJ/mol) = -43.0768
  --------------------
--------------------

Simplified EDA Summary (kJ/mol)
--------------------
 PREPARATION      0.0000
 FROZEN           -3.0278 (ELEC + PAULI + DISP)
[ELEC + PAULI = 40.0490, DISP = -43.0768]
 POLARIZATION    -6.0593
 CHARGE TRANSFER -5.6202     (counterpoise-corrected)
 TOTAL           -14.7073     (PRP + FRZ + POL + CT)
--------------------
 
 --------------------------------------------------------------
 
                    Orbital Energies (a.u.)
 --------------------------------------------------------------
 
 Alpha MOs
 -- Occupied --
-19.1420 -19.1363 -19.1346 -19.1284 -14.4139 -14.4119 -14.4043 -14.4030
-10.3374 -10.3340 -10.3027 -10.2972 -10.2648 -10.2603 -10.2171 -10.2129
-10.1980 -10.1892  -1.0711  -1.0672  -1.0336  -1.0284  -0.9723  -0.9701
 -0.9231  -0.9219  -0.8076  -0.8027  -0.7019  -0.6961  -0.6601  -0.6564
 -0.6463  -0.6455  -0.5514  -0.5499  -0.5425  -0.5403  -0.4998  -0.4982
 -0.4713  -0.4529  -0.4513  -0.4493  -0.4217  -0.4186  -0.4090  -0.4066
 -0.3992  -0.3980  -0.3891  -0.3829  -0.3816  -0.3717  -0.3644  -0.3628
 -0.3426  -0.3346  -0.2744  -0.2704  -0.2703  -0.2688  -0.2446  -0.2394
 -0.2370  -0.2215
 -- Virtual --
 -0.0792  -0.0730  -0.0416  -0.0273  -0.0235  -0.0198  -0.0134  -0.0113
 -0.0028   0.0066   0.0111   0.0184   0.0187   0.0322   0.0344   0.0355
  0.0401   0.0414   0.0479   0.0520   0.0526   0.0579   0.0586   0.0609
  0.0632   0.0657   0.0708   0.0722   0.0750   0.0788   0.0792   0.0815
  0.0852   0.0874   0.0910   0.0919   0.0964   0.0980   0.1003   0.1053
  0.1064   0.1086   0.1092   0.1103   0.1159   0.1195   0.1233   0.1270
  0.1272   0.1330   0.1353   0.1390   0.1414   0.1445   0.1470   0.1500
  0.1527   0.1534   0.1560   0.1589   0.1603   0.1636   0.1667   0.1674
  0.1730   0.1772   0.1776   0.1813   0.1832   0.1876   0.1905   0.1932
  0.1964   0.1993   0.2013   0.2052   0.2088   0.2104   0.2116   0.2136
  0.2156   0.2190   0.2220   0.2262   0.2291   0.2317   0.2337   0.2371
  0.2389   0.2424   0.2432   0.2471   0.2511   0.2543   0.2585   0.2605
  0.2612   0.2653   0.2663   0.2676   0.2701   0.2723   0.2736   0.2774
  0.2807   0.2827   0.2860   0.2902   0.2933   0.2982   0.3036   0.3039
  0.3071   0.3103   0.3107   0.3136   0.3162   0.3186   0.3252   0.3280
  0.3299   0.3349   0.3373   0.3388   0.3442   0.3476   0.3502   0.3526
  0.3551   0.3580   0.3614   0.3689   0.3739   0.3745   0.3802   0.3821
  0.3833   0.3858   0.3888   0.3942   0.3949   0.4010   0.4039   0.4074
  0.4081   0.4120   0.4147   0.4167   0.4222   0.4257   0.4261   0.4316
  0.4328   0.4409   0.4435   0.4445   0.4461   0.4474   0.4536   0.4556
  0.4608   0.4642   0.4681   0.4697   0.4748   0.4789   0.4791   0.4844
  0.4873   0.4923   0.4961   0.4976   0.5009   0.5025   0.5057   0.5107
  0.5125   0.5180   0.5183   0.5218   0.5263   0.5283   0.5341   0.5364
  0.5397   0.5413   0.5456   0.5469   0.5535   0.5579   0.5606   0.5667
  0.5721   0.5770   0.5784   0.5823   0.5831   0.5915   0.5934   0.5965
  0.5982   0.6022   0.6077   0.6130   0.6161   0.6224   0.6305   0.6351
  0.6402   0.6449   0.6520   0.6550   0.6575   0.6610   0.6679   0.6701
  0.6728   0.6764   0.6838   0.6888   0.6937   0.6975   0.6998   0.7022
  0.7052   0.7102   0.7134   0.7159   0.7191   0.7230   0.7256   0.7341
  0.7370   0.7407   0.7434   0.7489   0.7534   0.7554   0.7614   0.7649
  0.7685   0.7703   0.7741   0.7820   0.7862   0.7870   0.7943   0.7975
  0.7998   0.8003   0.8023   0.8075   0.8125   0.8169   0.8239   0.8249
  0.8286   0.8336   0.8378   0.8431   0.8451   0.8477   0.8506   0.8578
  0.8624   0.8630   0.8684   0.8706   0.8757   0.8816   0.8895   0.8971
  0.8987   0.9013   0.9038   0.9077   0.9109   0.9131   0.9195   0.9241
  0.9262   0.9346   0.9400   0.9443   0.9514   0.9559   0.9601   0.9654
  0.9670   0.9702   0.9744   0.9759   0.9832   0.9860   0.9948   0.9955
  0.9999   1.0023   1.0057   1.0109   1.0142   1.0168   1.0195   1.0253
  1.0291   1.0325   1.0366   1.0424   1.0479   1.0497   1.0518   1.0599
  1.0644   1.0703   1.0725   1.0782   1.0801   1.0869   1.0886   1.0921
  1.0992   1.1037   1.1059   1.1129   1.1166   1.1177   1.1258   1.1301
  1.1314   1.1361   1.1430   1.1464   1.1497   1.1571   1.1601   1.1680
  1.1744   1.1749   1.1773   1.1874   1.1920   1.1957   1.2065   1.2093
  1.2154   1.2193   1.2242   1.2316   1.2334   1.2397   1.2453   1.2496
  1.2518   1.2568   1.2593   1.2609   1.2627   1.2644   1.2679   1.2779
  1.2788   1.2840   1.2880   1.2912   1.2969   1.2981   1.3023   1.3110
  1.3142   1.3178   1.3213   1.3251   1.3303   1.3358   1.3430   1.3481
  1.3492   1.3581   1.3612   1.3619   1.3729   1.3761   1.3795   1.3816
  1.3938   1.3951   1.3997   1.4050   1.4112   1.4131   1.4219   1.4297
  1.4302   1.4350   1.4436   1.4454   1.4503   1.4530   1.4571   1.4593
  1.4681   1.4715   1.4762   1.4796   1.4850   1.4908   1.4925   1.4959
  1.4976   1.5077   1.5103   1.5184   1.5206   1.5284   1.5332   1.5396
  1.5416   1.5443   1.5520   1.5543   1.5578   1.5642   1.5662   1.5727
  1.5728   1.5800   1.5817   1.5889   1.5915   1.5946   1.6004   1.6076
  1.6185   1.6195   1.6232   1.6345   1.6376   1.6403   1.6431   1.6483
  1.6586   1.6620   1.6652   1.6749   1.6810   1.6851   1.6899   1.6919
  1.7006   1.7065   1.7147   1.7256   1.7306   1.7379   1.7429   1.7498
  1.7523   1.7575   1.7623   1.7697   1.7746   1.7781   1.7909   1.8016
  1.8031   1.8100   1.8167   1.8239   1.8323   1.8402   1.8560   1.8623
  1.8685   1.8729   1.8739   1.8865   1.8870   1.8942   1.8986   1.9082
  1.9121   1.9227   1.9270   1.9395   1.9432   1.9504   1.9555   1.9577
  1.9697   1.9770   1.9801   1.9985   2.0002   2.0056   2.0109   2.0153
  2.0224   2.0288   2.0403   2.0442   2.0469   2.0534   2.0610   2.0643
  2.0713   2.0814   2.0823   2.0834   2.0881   2.0977   2.1014   2.1046
  2.1075   2.1153   2.1232   2.1263   2.1330   2.1398   2.1481   2.1498
  2.1569   2.1578   2.1708   2.1740   2.1756   2.1897   2.2002   2.2116
  2.2188   2.2302   2.2377   2.2403   2.2468   2.2554   2.2647   2.2736
  2.2830   2.2902   2.2956   2.2979   2.3037   2.3114   2.3141   2.3256
  2.3300   2.3396   2.3493   2.3548   2.3619   2.3698   2.3794   2.3939
  2.3987   2.4090   2.4124   2.4183   2.4276   2.4342   2.4421   2.4494
  2.4559   2.4637   2.4649   2.4685   2.4731   2.4825   2.4927   2.4961
  2.5001   2.5057   2.5168   2.5238   2.5280   2.5357   2.5398   2.5487
  2.5539   2.5636   2.5648   2.5751   2.5824   2.5840   2.5935   2.6071
  2.6124   2.6193   2.6274   2.6341   2.6415   2.6500   2.6607   2.6680
  2.6777   2.6846   2.6921   2.7028   2.7215   2.7224   2.7505   2.7573
  2.7617   2.7814   2.7855   2.7944   2.7997   2.8219   2.8321   2.8454
  2.8566   2.8614   2.8666   2.8819   2.8888   2.8975   2.9122   2.9154
  2.9297   2.9400   2.9438   2.9601   2.9772   2.9851   3.0072   3.0276
  3.0389   3.0585   3.0690   3.0753   3.0804   3.0996   3.1107   3.1226
  3.1401   3.1463   3.1533   3.1568   3.1678   3.1723   3.1826   3.1968
  3.2078   3.2139   3.2212   3.2349   3.2432   3.2535   3.2654   3.2770
  3.2818   3.2847   3.2908   3.3045   3.3161   3.3239   3.3273   3.3368
  3.3443   3.3733   3.3747   3.3829   3.4091   3.4126   3.4229   3.4366
  3.4405   3.4482   3.4530   3.4589   3.4670   3.4744   3.4821   3.4854
  3.4914   3.4970   3.5084   3.5194   3.5272   3.5342   3.5450   3.5510
  3.5546   3.5605   3.5648   3.5785   3.5820   3.5905   3.6027   3.6061
  3.6144   3.6222   3.6280   3.6368   3.6422   3.6436   3.6560   3.6600
  3.6710   3.6817   3.6906   3.6973   3.7103   3.7175   3.7253   3.7310
  3.7415   3.7435   3.7444   3.7617   3.7724   3.7746   3.7923   3.7985
  3.8037   3.8089   3.8145   3.8232   3.8314   3.8419   3.8514   3.8608
  3.8674   3.8683   3.8779   3.8819   3.9046   3.9118   3.9163   3.9394
  3.9475   3.9492   3.9574   3.9717   3.9780   3.9863   3.9919   3.9991
  4.0064   4.0143   4.0170   4.0292   4.0375   4.0421   4.0436   4.0524
  4.0595   4.0711   4.0766   4.0815   4.0874   4.0982   4.1097   4.1188
  4.1221   4.1265   4.1399   4.1440   4.1549   4.1562   4.1649   4.1747
  4.1831   4.1940   4.2024   4.2045   4.2132   4.2240   4.2310   4.2352
  4.2367   4.2469   4.2569   4.2585   4.2831   4.2945   4.3108   4.3156
  4.3252   4.3271   4.3408   4.3531   4.3623   4.3652   4.3720   4.3864
  4.3971   4.4125   4.4206   4.4297   4.4324   4.4416   4.4629   4.4704
  4.4792   4.4910   4.4951   4.5054   4.5195   4.5238   4.5331   4.5413
  4.5446   4.5572   4.5649   4.5694   4.5837   4.5883   4.5937   4.5999
  4.6098   4.6125   4.6260   4.6327   4.6378   4.6461   4.6507   4.6576
  4.6754   4.6844   4.6927   4.6948   4.7195   4.7283   4.7603   4.7647
  4.7823   4.7844   4.8012   4.8117   4.8156   4.8322   4.8419   4.8489
  4.8582   4.8701   4.8733   4.8905   4.8997   4.9101   4.9139   4.9277
  4.9367   4.9587   4.9650   4.9729   4.9824   5.0062   5.0218   5.0260
  5.0306   5.0393   5.0519   5.0758   5.0877   5.1015   5.1134   5.1279
  5.1335   5.1530   5.1667   5.1879   5.2006   5.2131   5.2293   5.2400
  5.2444   5.2538   5.2626   5.2751   5.2941   5.2962   5.3087   5.3119
  5.3296   5.3343   5.3438   5.3495   5.3545   5.3643   5.3873   5.3931
  5.3933   5.4123   5.4154   5.4271   5.4349   5.4468   5.4806   5.4857
  5.4923   5.5022   5.5117   5.5148   5.5231   5.5349   5.5553   5.5767
  5.5801   5.5982   5.6057   5.6204   5.6403   5.6533   5.6638   5.6755
  5.6869   5.7006   5.7057   5.7212   5.7275   5.7396   5.7434   5.7653
  5.7700   5.7806   5.7904   5.8084   5.8288   5.8488   5.8605   5.8718
  5.8821   5.8931   5.9102   5.9187   5.9375   5.9530   5.9728   5.9910
  6.0024   6.0075   6.0231   6.0356   6.0463   6.0554   6.0882   6.1006
  6.1325   6.1529   6.1743   6.1876   6.2125   6.2405   6.2862   6.3041
  6.3782   6.3847   6.4788   6.4893   6.5045   6.5377   6.5460   6.5519
  6.5563   6.5764   6.5893   6.5995   6.6139   6.6162   6.6217   6.6319
  6.6437   6.6551   6.6631   6.6763   6.6952   6.7037   6.7072   6.7209
  6.7233   6.7302   6.7456   6.7684   6.7961   6.8179   6.8263   6.8787
  6.9087   6.9208   6.9262   6.9322   7.0202   7.0267   7.0657   7.0798
  7.1074   7.1178   7.1227   7.1304   7.1438   7.1744   7.1951   7.2101
  7.2153   7.2269   7.2556   7.2640   7.3168   7.3376   7.4614   7.4726
  7.4778   7.5293   7.5414   7.5543   7.5902   7.5984   7.6184   7.6384
  7.6715   7.7028   7.7163   7.7370   7.7646   7.7689   7.7974   7.8006
  7.8227   7.8543   7.9053   7.9263  15.5357  15.6351  15.8817  16.0098
 16.0922  16.3163  16.5758  16.7941  17.8268  17.8935  18.9392  19.0634
 19.8827  20.2242  20.2745  20.6428  20.9203  21.1311
 --------------------------------------------------------------
 
          Ground-State Mulliken Net Atomic Charges

     Atom                 Charge (a.u.)
  ----------------------------------------
      1 N                     0.209891
      2 C                    -0.120892
      3 N                     0.413569
      4 C                    -0.321934
      5 C                     1.445451
      6 C                    -1.170937
      7 H                     0.022270
      8 O                    -0.672041
      9 H                     0.080835
     10 O                    -0.854782
     11 C                    -0.624178
     12 H                     0.313431
     13 H                     0.373021
     14 H                     0.238930
     15 H                     0.662433
     16 N                     0.229935
     17 C                    -0.387223
     18 N                     0.472869
     19 C                     0.002092
     20 C                     0.933518
     21 C                    -0.728100
     22 H                    -0.017513
     23 O                    -0.702544
     24 H                     0.075156
     25 O                    -0.903971
     26 C                    -0.704417
     27 H                     0.285998
     28 H                     0.319089
     29 H                     0.415002
     30 H                     0.715040
  ----------------------------------------
  Sum of atomic charges =     0.000000

 -----------------------------------------------------------------
                    Cartesian Multipole Moments
 -----------------------------------------------------------------
    Charge (ESU x 10^10)
                 0.0000
    Dipole Moment (Debye)
         X       0.2302      Y      -5.4532      Z       5.2704
       Tot       7.5873
    Quadrupole Moments (Debye-Ang)
        XX    -109.0218     XY       5.0077     YY    -105.0967
        XZ       5.4163     YZ      -8.2490     ZZ    -106.0349
    Octopole Moments (Debye-Ang^2)
       XXX      21.7887    XXY     -61.7363    XYY       6.2686
       YYY       1.7268    XXZ      41.5652    XYZ      16.7844
       YYZ       0.9702    XZZ     -23.5234    YZZ     -13.8580
       ZZZ      25.6829
    Hexadecapole Moments (Debye-Ang^3)
      XXXX   -3293.4661   XXXY      97.7501   XXYY    -798.4922
      XYYY      11.8803   YYYY   -1120.4734   XXXZ    -100.2346
      XXYZ      19.6554   XYYZ      19.8560   YYYZ     -18.0338
      XXZZ    -656.7569   XYZZ     -21.1773   YYZZ    -351.7451
      XZZZ      35.4738   YZZZ     -51.9543   ZZZZ    -880.5790
 -----------------------------------------------------------------
 Total job time:  102374.17s(wall), 67502.75s(cpu) 
 Sat Mar  2 15:34:56 2024

        *************************************************************
        *                                                           *
        *  Thank you very much for using Q-Chem.  Have a nice day.  *
        *                                                           *
        *************************************************************


