
Running Job 1 of 1 acgt_21.inp
qchem acgt_21.inp_2016040.0 /scratch/qchemscratch/qchem2016040/ 1
/opt/qchem/6.1/exe/qcprog.exe_s acgt_21.inp_2016040.0 /scratch/qchemscratch/qchem2016040/
                  Welcome to Q-Chem
     A Quantum Leap Into The Future Of Chemistry


 Q-Chem 6.1, Q-Chem, Inc., Pleasanton, CA (2023)

 License issued to: SRG Pengyu Ren, University of Texas at Austin

 E. Epifanovsky,  A. T. B. Gilbert,  Xintian Feng,  Joonho Lee,  Yuezhi Mao,  
 N. Mardirossian,  P. Pokhilko,  A. White,  M. Wormit,  M. P. Coons,  
 A. L. Dempwolff,  Zhengting Gan,  D. Hait,  P. R. Horn,  L. D. Jacobson,  
 I. Kaliman,  J. Kussmann,  A. W. Lange,  Ka Un Lao,  D. S. Levine,  Jie Liu,  
 S. C. McKenzie,  A. F. Morrison,  K. D. Nanda,  F. Plasser,  D. R. Rehn,  
 M. L. Vidal,  Zhi-Qiang You,  Ying Zhu,  B. Alam,  B. Albrecht,  
 A. Aldossary,  E. Alguire,  J. H. Andersen,  V. Athavale,  D. Barton,  
 K. Begam,  A. Behn,  N. Bellonzi,  Y. A. Bernard,  E. J. Berquist,  
 H. Burton,  A. Carreras,  K. Carter-Fenk,  Mathew Chow,  Romit Chakraborty,  
 Chandrima Chakravarty,  Junhan Chen,  A. D. Chien,  K. D. Closser,  
 V. Cofer-Shabica,  L. Cunha,  S. Dasgupta,  Jia Deng,  M. de Wergifosse,  
 M. Diedenhofen,  Hainam Do,  S. Ehlert,  Po-Tung Fang,  S. Fatehi,  
 Qingguo Feng,  T. Friedhoff,  Thomas Froitzheim,  B. Ganoe,  J. Gayvert,  
 Qinghui Ge,  G. Gidofalvi,  M. Gimferrer,  M. Goldey,  Montgomery Gray,  
 J. Gomes,  C. Gonzalez-Espinoza,  S. Gulania,  A. Gunina,  J. A. Gyamfi,  
 M. W. D. Hanson-Heine,  P. H. P. Harbach,  A. W. Hauser,  M. F. Herbst,  
 M. Hernandez Vera,  M. Hodecker,  Z. C. Holden,  S. Houck,  Xunkun Huang,  
 Kerwin Hui,  B. C. Huynh,  K. Ikeda,  M. Ivanov,  Hyunjun Ji,  Zuxin Jin,  
 Hanjie Jiang,  Subrata Jana,  B. Kaduk,  S. Kaehler,  R. Kang,  
 K. Khistyaev,  Jaehoon Kim,  Yongbin Kim,  P. Klunzinger,  Z. Koczor-Benda,  
 Joong Hoon Koh,  D. Kosenkov,  Saikiran Kotaru,  L. Koulias,  T. Kowalczyk,  
 C. M. Krauter,  K. Kue,  A. Kunitsa,  T. Kus,  A. Landau,  K. V. Lawler,  
 D. Lefrancois,  S. Lehtola,  Rain Li,  Shaozhi Li,  Yi-Pei Li,  
 Jiashu Liang,  M. Liebenthal,  Hung-Hsuan Lin,  You-Sheng Lin,  Fenglai Liu,  
 Kuan-Yu Liu,  Xiao Liu,  M. Loipersberger,  A. Luenser,  C. Malbon,  
 A. Manjanath,  P. Manohar,  E. Mansoor,  S. F. Manzer,  Shan-Ping Mao,  
 A. V. Marenich,  T. Markovich,  S. Mason,  F. Matz,  S. A. Maurer,  
 P. F. McLaughlin,  M. F. S. J. Menger,  J.-M. Mewes,  S. A. Mewes,  
 P. Morgante,  Mohammad Mostafanejad,  J. W. Mullinax,  K. J. Oosterbaan,  
 G. Paran,  V. Parravicini,  Alexander C. Paul,  Suranjan K. Paul,  
 F. Pavosevic,  Zheng Pei,  S. Prager,  E. I. Proynov,  E. Ramos,  B. Rana,  
 A. E. Rask,  A. Rettig,  R. M. Richard,  F. Rob,  E. Rossomme,  T. Scheele,  
 M. Scheurer,  M. Schneider,  P. E. Schneider,  Tim K. Schramm,  N. Sergueev,  
 S. M. Sharada,  M. Sharma,  Hengyuan Shen,  W. Skomorowski,  D. W. Small,  
 C. J. Stein,  Alistair J. Sterling,  Yingli Su,  Yu-Chuan Su,  
 E. J. Sundstrom,  J. Talbot,  Zhen Tao,  J. Thirman,  Hung-Yi Tsai,  
 T. Tsuchimochi,  N. M. Tubman,  C. Utku,  S. P. Veccham,  O. Vydrov,  
 J. Wenzel,  Jonathan Wong,  J. Witte,  A. Yamada,  Chou-Hsun Yang,  Kun Yao,  
 S. Yeganeh,  S. R. Yost,  A. Zech,  F. Zeller,  Igor Ying Zhang,  
 Xing Zhang,  Yu Zhang,  D. Zuev,  A. Aspuru-Guzik,  A. T. Bell,  
 N. A. Besley,  K. B. Bravaya,  B. R. Brooks,  D. Casanova,  Jeng-Da Chai,  
 Hsing-Ta Chen,  S. Coriani,  C. J. Cramer,  A. E. DePrince, III,  
 R. A. DiStasio Jr.,  A. Dreuw,  B. D. Dunietz,  T. R. Furlani,  
 W. A. Goddard III,  S. Grimme,  S. Hammes-Schiffer,  T. Head-Gordon,  
 W. J. Hehre,  Chao-Ping Hsu,  T.-C. Jagau,  Yousung Jung,  A. Klamt,  
 Jing Kong,  D. S. Lambrecht,  Xiangyuan Li,  WanZhen Liang,  N. J. Mayhall,  
 C. W. McCurdy,  J. B. Neaton,  T. Neudecker,  C. Ochsenfeld,  
 J. A. Parkhill,  R. Peverati,  V. A. Rassolov,  Haisheng Ren,  Yihan Shao,  
 L. V. Slipchenko,  R. P. Steele,  J. E. Subotnik,  A. J. W. Thom,  
 A. Tkatchenko,  D. G. Truhlar,  T. Van Voorhis,  Fan Wang,  
 T. A. Wesolowski,  K. B. Whaley,  H. L. Woodcock III,  P. M. Zimmerman,  
 S. Faraji,  P. M. W. Gill,  M. Head-Gordon,  J. M. Herbert,  A. I. Krylov

 Contributors to earlier versions of Q-Chem not listed above: 
 R. D. Adamson,  B. Austin,  R. Baer,  J. Baker,  G. J. O. Beran,  
 K. Brandhorst,  S. T. Brown,  E. F. C. Byrd,  Arup K. Chakraborty,  
 G. K. L. Chan,  Chun-Min Chang,  Yunqing Chen,  C.-L. Cheng,  
 Siu Hung Chien,  D. M. Chipman,  D. L. Crittenden,  H. Dachsel,  
 R. J. Doerksen,  A. D. Dutoi,  R. G. Edgar,  J. Fosso-Tande,  
 L. Fusti-Molnar,  D. Ghosh,  A. Ghysels,  A. Golubeva-Zadorozhnaya,  
 J. Gonthier,  M. S. Gordon,  S. R. Gwaltney,  G. Hawkins,  J. E. Herr,  
 A. Heyden,  S. Hirata,  E. G. Hohenstein,  G. Kedziora,  F. J. Keil,  
 C. Kelley,  Jihan Kim,  R. A. King,  R. Z. Khaliullin,  P. P. Korambath,  
 W. Kurlancheek,  A. Laurent,  A. M. Lee,  M. S. Lee,  S. V. Levchenko,  
 Ching Yeh Lin,  D. Liotard,  E. Livshits,  R. C. Lochan,  I. Lotan,  
 L. A. Martinez-Martinez,  P. E. Maslen,  N. Nair,  D. P. O'Neill,  
 D. Neuhauser,  E. Neuscamman,  C. M. Oana,  R. Olivares-Amaya,  R. Olson,  
 T. M. Perrine,  B. Peters,  P. A. Pieniazek,  A. Prociuk,  Y. M. Rhee,  
 J. Ritchie,  M. A. Rohrdanz,  E. Rosta,  N. J. Russ,  H. F. Schaefer III,  
 M. W. Schmidt,  N. E. Schultz,  S. Sharma,  N. Shenvi,  C. D. Sherrill,  
 A. C. Simmonett,  A. Sodt,  T. Stein,  D. Stuck,  K. S. Thanthiriwatte,  
 V. Vanovschi,  L. Vogt,  Tao Wang,  A. Warshel,  M. A. Watson,  
 C. F. Williams,  Q. Wu,  X. Xu,  Jun Yang,  W. Zhang,  Yan Zhao

   Please cite Q-Chem as follows:
  "Software for the frontiers of quantum chemistry:
   An overview of developments in the Q-Chem 5 package"
   J. Chem. Phys. 155, 084801 (2021)
   https://doi.org/10.1063/5.0055522 (open access)

 Q-Chem 6.1.1 for Intel X86 EM64T Linux

 Parts of Q-Chem use Armadillo 9.900.5 (Nocturnal Misbehaviour).
 http://arma.sourceforge.net/

 Q-Chem begins on Fri Mar  1 11:09:33 2024  

 Host: 
0

     Scratch files written to /scratch/qchemscratch/qchem2016040//
 Jan1824 |scratch|qcdevops|jenkins|workspace|build_RNUM UKVU   
 Processing $rem in /opt/qchem/6.1/config/preferences:
 Processing $rem in /home/mm227274/.qchemrc:

 Q-Chem warning in module libgen/rem_setup.C, line 3361:

 Neither GIA nor STOLL is specified by user. Use STOLL as the default


 Checking the input file for inconsistencies... 	...done.

--------------------------------------------------------------
User input:
--------------------------------------------------------------
$molecule
0 1
--
0 1
N -1.249408 -4.334618 0.000108
C -1.453779 -2.957386 0.000369
N -0.287164 -2.222242 0.000471
C 1.008028 -2.72249 0.000365
C 1.139737 -4.181361 6.4e-05
C 0.0 -4.915748 0.0
H -2.087419 -4.899193 0.000228
O -2.573085 -2.462566 0.000505
H -0.408805 -1.172186 0.000678
O 1.977244 -1.953535 0.000498
C 2.515972 -4.780254 -0.000534
H 2.46354 -5.877599 0.006109
H 3.080111 -4.452913 -0.886592
H 3.085127 -4.442101 0.87814
H 0.011158 -6.004875 -3.7e-05
--
0 1
N -3.18716 2.698056 3.268114
C -2.644244 1.397899 3.271501
N -1.291813 1.280887 3.243105
C -0.505399 2.367959 3.212969
C -1.056032 3.704774 3.209323
C -2.409528 3.816661 3.237802
H -4.19684 2.755398 3.289662
O -3.424134 0.436596 3.30002
N 0.817166 2.17459 3.186133
H 1.214026 1.210533 3.188788
H 1.438554 2.968026 3.163098
H -0.417999 4.584116 3.1849
H -2.927384 4.774921 3.237897
$end

$rem
JOBTYPE          eda
EDA2             2
METHOD           b97m-v
BASIS            aug-cc-pvtz
SCF_CONVERGENCE  8
THRESH           14
SYMMETRY         false
DISP_FREE_X      revPBE
DISP_FREE_C      PBE
EDA_BSSE         true
$end
--------------------------------------------------------------
 ----------------------------------------------------------------
             Standard Nuclear Orientation (Angstroms)
    I     Atom           X                Y                Z
 ----------------------------------------------------------------
    1      N      -3.5072635559     1.7357415303     0.1437534301
    2      C      -2.2767332744     1.5036690045    -0.4649116047
    3      N      -2.0176862301     0.1706868061    -0.7046622188
    4      C      -2.8453567252    -0.9022378072    -0.4020655973
    5      C      -4.1224064795    -0.5760556814     0.2369970694
    6      C      -4.3891766484     0.7312146551     0.4782493093
    7      H      -3.7241821480     2.7045273683     0.3319227840
    8      O      -1.5084906010     2.4115651444    -0.7533913554
    9      H      -1.0901353791    -0.0386502870    -1.1664430966
   10      O      -2.4961036323    -2.0585806107    -0.6695820685
   11      C      -5.0591235372    -1.6952592056     0.5871978453
   12      H      -5.9695096056    -1.3068532277     1.0639549071
   13      H      -5.3389864993    -2.2618485318    -0.3134446914
   14      H      -4.5720475030    -2.4079536841     1.2692362467
   15      H      -5.3153031516     1.0573321646     0.9496930435
   16      N       4.4607112168     1.1427016622    -0.0863147250
   17      C       3.1914823702     1.0297903698     0.5149228774
   18      N       2.6584419448    -0.2136454462     0.6302616267
   19      C       3.3211558508    -1.2927039469     0.1858252175
   20      C       4.6237335359    -1.1837906214    -0.4320045327
   21      C       5.1528002120     0.0622324372    -0.5451246718
   22      H       4.8333846066     2.0802610782    -0.1591364918
   23      O       2.6325810681     2.0639119726     0.9039820610
   24      N       2.7334148527    -2.4843500507     0.3335750150
   25      H       1.7941325116    -2.5626738939     0.7791363097
   26      H       3.2018928526    -3.3167788850     0.0114183088
   27      H       5.1591977586    -2.0584437572    -0.7914275471
   28      H       6.1260824554     0.2568128701    -0.9937862403
 ----------------------------------------------------------------
 Molecular Point Group                 C1    NOp =  1
 Largest Abelian Subgroup              C1    NOp =  1
 Nuclear Repulsion Energy =        1087.02808116 hartrees
 There are       62 alpha and       62 beta electrons
 Requested basis set is aug-cc-pVTZ
 There are 337 shells and 1035 basis functions

 Total QAlloc Memory Limit  16000 MB
 Mega-Array Size       188 MB
 MEM_STATIC part       192 MB

 A cutoff of  1.0D-14 yielded  43382 shell pairs
 There are    388366 function pairs (    523439 Cartesian)
 Smallest overlap matrix eigenvalue = 1.95E-06

 Scale SEOQF with 1.000000e-02/1.000000e-01/1.000000e-01

 Standard Electronic Orientation quadrupole field applied
 Nucleus-field energy     =     0.0000000229 hartrees

 -----------------------------------------------------------------------
  General SCF calculation program by
  Eric Jon Sundstrom, Paul Horn, Yuezhi Mao, Dmitri Zuev, Alec White,
  David Stuck, Shaama M.S., Shane Yost, Joonho Lee, David Small,
  Daniel Levine, Susi Lehtola, Hugh Burton, Evgeny Epifanovsky,
  Bang C. Huynh
 -----------------------------------------------------------------------
================================================================
                 ALMO-EDA with the EDA2 driver                  
================================================================
 The second-generation ALMO-EDA (for DFT):                      
 P. R. Horn, Y. Mao and M. Head-Gordon, PCCP, 18, 23067 (2016)  
 Y. Mao et al. Annu. Rev. Phys. Chem. 72, 641 (2021)            
 Decomposition of the frozen energy:                            
 P. R. Horn, Y. Mao and M. Head-Gordon, JCP, 144, 114107 (2016) 
================================================================
 Using eda2 option set 2
 Option set summary: Frozen orbital wavefunction, initial wavefunction decomposition, and traditional AO-based POL.
--------------------------------
Printing EDA Options
--------------------------------
eda_child_super_basis      0
fragmo_guess_mode          0
child_mp                   0
child_mp_orders            0
cls_elec                   1
cls_disp                   0
scfmi_mode                 1
scfmi_occs                 0
scfmi_virts                0
frz_relax                  0
frz_relax_method           0
dc_pen_start               0
dc_pen_conv                0
dc_pen_increment           0
dc_pen_steps               0
dc_pen_thresh_factor       0
dc_pen_pre_newton_thresh   0
frz_ortho_decomp           1
frz_ortho_decomp_conv      6
plot_mo_ortho_frz          0
frgm_method                2
scfmi_freeze_ss            0
separate_rehyb             0
plot_diff_den              0
eda_nocv                   0
eda_vct_relax              1
disp_free_x                33
disp_free_c                25
eda_bsse                   1
eda_pct_a                  0
eda_covp                   0
eda_vct_a                  0
--------------------------------
 Attempting to make child job directory: /scratch/qchemscratch/qchem2016040//Frg1/
 Attempting to make child job directory: /scratch/qchemscratch/qchem2016040//Frg2/
 Creating input file /scratch/qchemscratch/qchem2016040/Frg1.input
 using default PutDataFrgm: nothing
 calling putenv with: QCSCRATCH=/scratch/qchemscratch/qchem2016040/ 
 Spawning Job For Fragment 0
 Done Job For Fragment 0
 calling putenv with: QCSCRATCH=/scratch/qchemscratch 
 calling putenv with: QCTHREADS=1 
 Creating input file /scratch/qchemscratch/qchem2016040/Frg2.input
 using default PutDataFrgm: nothing
 calling putenv with: QCSCRATCH=/scratch/qchemscratch/qchem2016040/ 
 Spawning Job For Fragment 1
 Done Job For Fragment 1
 calling putenv with: QCSCRATCH=/scratch/qchemscratch 
 calling putenv with: QCTHREADS=1 
Doing General SCFMI
 Exchange:  B97M-V      Correlation:  B97M-V
 Using SG-2 standard quadrature grid
 Nonlocal Correlation:  VV10 with C = 0.0100 and b = 6.00 and scale = 1.00000
 Grid used for NLC:  SG-1 standard quadrature
performing fock build before subrot guess so that all methods have access
Printing subrot_rss_gen Method Specification:
Occupied Subspace Method is 0
Virtual Subspace Method is 0
Energy of the unrelaxed supersystem initial determinant -849.284922714324
write pseudocanon occs and virts to disk
write pseudocanon orbital energies to disk
Tolerance of ortho_decomp_scf: 1.00e-06
GDM subspace size: 20
Beginning the Orthogonal Decomposition of the Initial Supersystem Wavefunction
    1    -849.2839612230      2.94e-03     ortho_decomp Preconditoned Steepest Descent
    2    -849.2839971044      1.77e-06     ortho_decomp BFGS Step
    3    -849.2839971045      5.53e-09     ortho_decomp 00000 Convergence criterion met
 Exchange:  revPBE      Correlation:  PBE
 Using SG-2 standard quadrature grid
 Exchange:  revPBE      Correlation:  PBE
 Using SG-2 standard quadrature grid
 Exchange:  revPBE      Correlation:  PBE
 Using SG-2 standard quadrature grid
Doing General SCFMI
 Exchange:  B97M-V      Correlation:  B97M-V
 Using SG-2 standard quadrature grid
 Nonlocal Correlation:  VV10 with C = 0.0100 and b = 6.00 and scale = 1.00000
 Grid used for NLC:  SG-1 standard quadrature
performing fock build at end of subrot_r(subrot) constructor so that all methods have access
<S^2> of initial wavefunction before polarization iterations 0.0000000000
Beginning iterations for the determination of the polarized wavefunction
Energy prior to optimization (guess energy) = -849.284922714324
Begin Timing: Total SCF Calculation
begin iterations for algorithm: DIIS         
the SCF tolerance is set to 1.00e-08
    1    -849.2849227143      2.18e-05     00000 
    2    -849.2848815739      3.40e-05     00000 
    3    -849.2851924021      1.25e-05     00000 
    4    -849.2852211733      4.00e-06     00000 
    5    -849.2852235768      2.54e-06     00000 
    6    -849.2852249207      1.03e-06     00000 
    7    -849.2852251289      3.02e-07     00000 
    8    -849.2852251496      1.12e-07     00000 
    9    -849.2852251519      5.22e-08     00000 
   10    -849.2852251525      1.41e-08     00000 
   11    -849.2852251525      4.63e-09     00000 Convergence criterion met
write pseudocanon occs and virts to disk
write pseudocanon orbital energies to disk
Timing for Total SCF: 7400.00s (wall), 7340.02s (cpu)
<S^2> of polarized wavefunction after polarization iterations 0.0000000000
relaxing scfmi constraint to allow all rotations in the entire AO span
Doing General SCFMI
 Exchange:  B97M-V      Correlation:  B97M-V
 Using SG-2 standard quadrature grid
 Nonlocal Correlation:  VV10 with C = 0.0100 and b = 6.00 and scale = 1.00000
 Grid used for NLC:  SG-1 standard quadrature
performing fock build at end of subrot_r(subrot) constructor so that all methods have access
<S^2> of polarized wavefunction before ct-allowed iterations 0.0000000000
Beginning iterations for the determination of the CT-Allowed wavefunction
Energy prior to optimization (guess energy) = -849.285225152536
Begin Timing: Total SCF Calculation
begin iterations for algorithm: DIIS         
the SCF tolerance is set to 1.00e-08
    1    -849.2852251525      8.93e-06     00000 
    2    -849.2852890809      1.08e-07     00000 
    3    -849.2852890757      1.65e-07     00000 
    4    -849.2852890883      5.03e-08     00000 
    5    -849.2852890892      2.43e-08     00000 
    6    -849.2852890895      1.09e-08     00000 
    7    -849.2852890895      2.73e-09     00000 Convergence criterion met
write pseudocanon occs and virts to disk
write pseudocanon orbital energies to disk
Timing for Total SCF: 4348.00s (wall), 4312.99s (cpu)
<S^2> of ct_allowed wavefunction after ct-allowed iterations 0.0000000000
 Attempting to make child job directory: /scratch/qchemscratch/qchem2016040//FrgBSSE1/
 Attempting to make child job directory: /scratch/qchemscratch/qchem2016040//FrgBSSE2/
 Creating input file /scratch/qchemscratch/qchem2016040/FrgBSSE1.input
 calling putenv with: QCSCRATCH=/scratch/qchemscratch/qchem2016040/ 
 Spawning Job For Fragment 0
 Done Job For Fragment 0
 calling putenv with: QCSCRATCH=/scratch/qchemscratch 
 calling putenv with: QCTHREADS=1 
 Creating input file /scratch/qchemscratch/qchem2016040/FrgBSSE2.input
 calling putenv with: QCSCRATCH=/scratch/qchemscratch/qchem2016040/ 
 Spawning Job For Fragment 1
 Done Job For Fragment 1
 calling putenv with: QCSCRATCH=/scratch/qchemscratch 
 calling putenv with: QCTHREADS=1 
====================================================================
   Evaluating the BSSE with fragment SCF in the supersystem basis
   Fragment contributions (kJ/mol) 
   Frgm 1: 0.0712
   Frgm 2: -0.0136
   BSSE (kJ/mol) = 0.0576
====================================================================

================================
        Results of EDA2         
================================
Basic EDA Quantities
--------------------
Fragment Energies (Ha):
1 -454.2489104071
2 -395.0354653237
--------------------
  E_prp (kJ/mol) = 0.0000
  E_frz (kJ/mol) = -1.4361
  E_pol (kJ/mol) = -0.7941
  E_vct (kJ/mol) = -0.1103 (CP-corrected)
  E_int (kJ/mol) = -2.3405 (CP-corrected)
--------------------


Decomposition of frozen interaction energy
--------------------
  --------------------
  Orthogonal Frozen Decomposition:
  --------------------
     E_elec   (ELEC)   (kJ/mol) = 0.2241
     E_pauli  (PAULI)  (kJ/mol) = 0.3577
     E_disp   (DISP)   (kJ/mol) = -2.0179
  --------------------
  Classical Frozen Decomposition:
  --------------------
     E_cls_elec  (CLS ELEC)  (kJ/mol) = 0.7557
     E_mod_pauli (MOD PAULI) (kJ/mol) = -0.1738 (FRZ - CLS ELEC - DISP)
     E_disp      (DISP)      (kJ/mol) = -2.0179
  --------------------
--------------------

Simplified EDA Summary (kJ/mol)
--------------------
 PREPARATION      0.0000
 FROZEN           -1.4361 (ELEC + PAULI + DISP)
[ELEC + PAULI = 0.5818, DISP = -2.0179]
 POLARIZATION    -0.7941
 CHARGE TRANSFER -0.1103     (counterpoise-corrected)
 TOTAL           -2.3405     (PRP + FRZ + POL + CT)
--------------------
 
 --------------------------------------------------------------
 
                    Orbital Energies (a.u.)
 --------------------------------------------------------------
 
 Alpha MOs
 -- Occupied --
-19.1254 -19.1252 -19.0903 -14.4033 -14.3931 -14.3905 -14.3763 -14.3131
-10.3234 -10.2929 -10.2852 -10.2815 -10.2573 -10.2542 -10.2066 -10.1983
-10.1872  -1.0570  -1.0238  -1.0179  -0.9608  -0.9569  -0.9338  -0.9127
 -0.8591  -0.7966  -0.7688  -0.6904  -0.6491  -0.6465  -0.6363  -0.6276
 -0.5412  -0.5405  -0.5387  -0.5323  -0.5092  -0.4888  -0.4699  -0.4488
 -0.4431  -0.4226  -0.4200  -0.4112  -0.4072  -0.3958  -0.3953  -0.3777
 -0.3680  -0.3657  -0.3597  -0.3595  -0.3293  -0.3161  -0.2599  -0.2595
 -0.2443  -0.2388  -0.2348  -0.2205  -0.2159  -0.2100
 -- Virtual --
 -0.0668  -0.0647  -0.0293  -0.0233  -0.0165  -0.0122  -0.0093  -0.0052
 -0.0008   0.0082   0.0174   0.0208   0.0256   0.0286   0.0330   0.0391
  0.0416   0.0443   0.0462   0.0534   0.0577   0.0591   0.0607   0.0631
  0.0655   0.0671   0.0709   0.0755   0.0767   0.0789   0.0818   0.0845
  0.0879   0.0884   0.0938   0.0966   0.0977   0.1007   0.1048   0.1061
  0.1074   0.1088   0.1122   0.1166   0.1168   0.1211   0.1236   0.1283
  0.1324   0.1359   0.1378   0.1451   0.1462   0.1477   0.1503   0.1563
  0.1569   0.1613   0.1618   0.1636   0.1664   0.1688   0.1722   0.1747
  0.1769   0.1799   0.1823   0.1839   0.1888   0.1929   0.1950   0.1989
  0.2011   0.2054   0.2104   0.2114   0.2137   0.2181   0.2189   0.2214
  0.2239   0.2261   0.2303   0.2320   0.2334   0.2377   0.2395   0.2422
  0.2446   0.2494   0.2521   0.2555   0.2610   0.2619   0.2648   0.2668
  0.2680   0.2720   0.2727   0.2761   0.2797   0.2811   0.2832   0.2857
  0.2875   0.2913   0.2954   0.2983   0.2998   0.3035   0.3050   0.3086
  0.3126   0.3160   0.3189   0.3214   0.3235   0.3292   0.3324   0.3344
  0.3373   0.3393   0.3394   0.3479   0.3486   0.3515   0.3526   0.3569
  0.3596   0.3634   0.3646   0.3665   0.3668   0.3700   0.3734   0.3781
  0.3869   0.3899   0.3904   0.3935   0.3955   0.3969   0.4032   0.4036
  0.4107   0.4141   0.4160   0.4178   0.4193   0.4233   0.4291   0.4313
  0.4337   0.4343   0.4401   0.4429   0.4501   0.4519   0.4540   0.4594
  0.4640   0.4703   0.4734   0.4788   0.4835   0.4873   0.4915   0.4944
  0.5000   0.5023   0.5070   0.5102   0.5143   0.5147   0.5183   0.5229
  0.5259   0.5287   0.5320   0.5341   0.5376   0.5409   0.5455   0.5458
  0.5526   0.5577   0.5597   0.5624   0.5656   0.5698   0.5758   0.5813
  0.5838   0.5884   0.5912   0.5941   0.5977   0.6067   0.6080   0.6134
  0.6181   0.6216   0.6309   0.6317   0.6397   0.6436   0.6529   0.6574
  0.6584   0.6594   0.6635   0.6681   0.6734   0.6751   0.6787   0.6852
  0.6871   0.6893   0.6940   0.6971   0.6981   0.7070   0.7160   0.7215
  0.7231   0.7294   0.7328   0.7364   0.7385   0.7438   0.7505   0.7520
  0.7535   0.7577   0.7602   0.7616   0.7716   0.7725   0.7771   0.7808
  0.7888   0.7899   0.7913   0.7946   0.7971   0.8015   0.8059   0.8080
  0.8120   0.8144   0.8159   0.8223   0.8252   0.8322   0.8371   0.8405
  0.8418   0.8457   0.8496   0.8521   0.8559   0.8600   0.8627   0.8647
  0.8705   0.8720   0.8792   0.8819   0.8858   0.8894   0.8949   0.9035
  0.9092   0.9152   0.9183   0.9200   0.9235   0.9293   0.9371   0.9391
  0.9422   0.9442   0.9492   0.9548   0.9585   0.9630   0.9673   0.9705
  0.9749   0.9775   0.9805   0.9853   0.9896   0.9949   0.9983   1.0061
  1.0105   1.0126   1.0160   1.0182   1.0251   1.0275   1.0301   1.0324
  1.0353   1.0365   1.0412   1.0456   1.0516   1.0540   1.0570   1.0599
  1.0676   1.0709   1.0785   1.0786   1.0845   1.0881   1.0894   1.0967
  1.1015   1.1102   1.1111   1.1202   1.1222   1.1302   1.1321   1.1366
  1.1416   1.1488   1.1561   1.1583   1.1662   1.1675   1.1792   1.1809
  1.1895   1.1903   1.1946   1.1995   1.2067   1.2124   1.2179   1.2228
  1.2256   1.2315   1.2364   1.2377   1.2425   1.2477   1.2500   1.2564
  1.2596   1.2628   1.2652   1.2698   1.2720   1.2753   1.2809   1.2847
  1.2900   1.2941   1.2989   1.3028   1.3081   1.3114   1.3130   1.3266
  1.3317   1.3342   1.3371   1.3424   1.3510   1.3582   1.3675   1.3698
  1.3760   1.3765   1.3819   1.3849   1.3890   1.3935   1.3974   1.4094
  1.4140   1.4180   1.4287   1.4366   1.4391   1.4402   1.4477   1.4537
  1.4623   1.4663   1.4677   1.4714   1.4755   1.4768   1.4858   1.4872
  1.4912   1.4958   1.4996   1.5030   1.5074   1.5160   1.5263   1.5312
  1.5430   1.5457   1.5483   1.5530   1.5572   1.5644   1.5684   1.5720
  1.5813   1.5855   1.5927   1.6049   1.6089   1.6156   1.6179   1.6229
  1.6326   1.6418   1.6510   1.6513   1.6576   1.6595   1.6680   1.6795
  1.6827   1.6933   1.6971   1.7004   1.7103   1.7162   1.7241   1.7293
  1.7363   1.7394   1.7656   1.7669   1.7711   1.7842   1.7869   1.7972
  1.8141   1.8227   1.8230   1.8329   1.8434   1.8530   1.8583   1.8644
  1.8652   1.8705   1.8825   1.8916   1.9091   1.9148   1.9237   1.9277
  1.9368   1.9489   1.9564   1.9607   1.9685   1.9708   1.9753   1.9789
  1.9848   1.9922   2.0032   2.0108   2.0125   2.0237   2.0303   2.0352
  2.0401   2.0490   2.0525   2.0572   2.0680   2.0730   2.0741   2.0867
  2.0886   2.0970   2.1070   2.1099   2.1112   2.1216   2.1371   2.1395
  2.1430   2.1443   2.1491   2.1586   2.1738   2.1758   2.1818   2.1903
  2.1940   2.1984   2.2101   2.2132   2.2198   2.2272   2.2474   2.2583
  2.2666   2.2696   2.2768   2.2828   2.3006   2.3051   2.3190   2.3242
  2.3359   2.3396   2.3440   2.3515   2.3542   2.3614   2.3672   2.3736
  2.3806   2.3827   2.3871   2.3881   2.3958   2.4049   2.4156   2.4210
  2.4340   2.4457   2.4471   2.4501   2.4683   2.4754   2.4888   2.4924
  2.5022   2.5056   2.5161   2.5218   2.5240   2.5265   2.5332   2.5384
  2.5562   2.5650   2.5703   2.5739   2.5799   2.5886   2.5917   2.6099
  2.6145   2.6325   2.6388   2.6578   2.6682   2.6885   2.7038   2.7097
  2.7113   2.7337   2.7547   2.7569   2.7667   2.7762   2.7888   2.7959
  2.8060   2.8114   2.8372   2.8400   2.8607   2.8706   2.8891   2.8933
  2.9152   2.9389   2.9446   2.9545   2.9591   2.9872   2.9905   2.9981
  3.0281   3.0438   3.0462   3.0563   3.0602   3.0641   3.0786   3.0855
  3.0944   3.1103   3.1240   3.1258   3.1433   3.1505   3.1539   3.1693
  3.1748   3.1894   3.2053   3.2137   3.2194   3.2239   3.2278   3.2518
  3.2566   3.2628   3.2930   3.2963   3.3010   3.3144   3.3333   3.3403
  3.3600   3.3652   3.3712   3.3805   3.3839   3.3866   3.4007   3.4068
  3.4148   3.4256   3.4271   3.4412   3.4508   3.4541   3.4565   3.4711
  3.4737   3.4767   3.4896   3.4995   3.5261   3.5316   3.5372   3.5503
  3.5533   3.5555   3.5646   3.5768   3.5889   3.5913   3.5945   3.5987
  3.6056   3.6257   3.6372   3.6458   3.6494   3.6561   3.6783   3.6858
  3.6879   3.7087   3.7169   3.7201   3.7260   3.7321   3.7377   3.7512
  3.7558   3.7608   3.7858   3.7907   3.8023   3.8056   3.8123   3.8234
  3.8459   3.8560   3.8683   3.8715   3.8916   3.8931   3.9001   3.9150
  3.9189   3.9266   3.9313   3.9374   3.9521   3.9610   3.9672   3.9767
  3.9847   3.9880   3.9960   4.0030   4.0179   4.0200   4.0285   4.0309
  4.0352   4.0470   4.0565   4.0595   4.0760   4.0843   4.0901   4.0950
  4.1063   4.1099   4.1140   4.1242   4.1316   4.1427   4.1602   4.1765
  4.1839   4.1874   4.2040   4.2055   4.2095   4.2117   4.2258   4.2562
  4.2603   4.2678   4.2795   4.2877   4.2934   4.3066   4.3113   4.3181
  4.3232   4.3323   4.3409   4.3510   4.3613   4.3755   4.4074   4.4084
  4.4227   4.4289   4.4426   4.4635   4.4721   4.4735   4.4879   4.4922
  4.5046   4.5080   4.5119   4.5246   4.5339   4.5456   4.5507   4.5673
  4.5723   4.5883   4.5932   4.6007   4.6180   4.6212   4.6267   4.6456
  4.6770   4.6972   4.7042   4.7189   4.7260   4.7292   4.7363   4.7445
  4.7675   4.7681   4.7809   4.7838   4.7955   4.8136   4.8259   4.8339
  4.8362   4.8436   4.8568   4.8641   4.8860   4.8961   4.9092   4.9290
  4.9438   4.9473   4.9562   4.9699   4.9846   4.9943   5.0176   5.0302
  5.0407   5.0468   5.0632   5.0700   5.0948   5.1011   5.1134   5.1287
  5.1545   5.1723   5.1857   5.1919   5.1979   5.2084   5.2171   5.2280
  5.2472   5.2608   5.2801   5.2841   5.2936   5.2989   5.3005   5.3095
  5.3135   5.3203   5.3302   5.3385   5.3511   5.3622   5.3745   5.3836
  5.4018   5.4125   5.4181   5.4225   5.4489   5.4603   5.4707   5.4735
  5.4956   5.5144   5.5428   5.5483   5.5530   5.5626   5.5821   5.5928
  5.6025   5.6194   5.6370   5.6405   5.6590   5.6664   5.6772   5.6933
  5.7004   5.7164   5.7237   5.7360   5.7483   5.7561   5.7682   5.7981
  5.8014   5.8098   5.8225   5.8614   5.8803   5.8984   5.9034   5.9061
  5.9254   5.9441   5.9570   5.9686   5.9756   5.9935   6.0036   6.0125
  6.0180   6.0321   6.0423   6.0589   6.1210   6.1621   6.1655   6.1862
  6.2731   6.3073   6.3593   6.3725   6.4264   6.4324   6.4613   6.4891
  6.4988   6.5096   6.5167   6.5228   6.5389   6.5487   6.5551   6.5762
  6.5937   6.5991   6.6097   6.6122   6.6395   6.6564   6.6693   6.6733
  6.6959   6.7107   6.7649   6.7766   6.7989   6.8378   6.8405   6.8517
  6.8561   6.9179   6.9467   6.9738   7.0215   7.0401   7.0718   7.1002
  7.1055   7.1244   7.1270   7.1442   7.1524   7.1725   7.1813   7.2570
  7.2758   7.3867   7.3980   7.4077   7.4425   7.4498   7.4607   7.5239
  7.5478   7.5816   7.6327   7.6454   7.6831   7.6887   7.7249   7.7697
  7.7868   7.8063   7.8163   7.9071  15.1289  15.3219  15.4211  15.5273
 15.7406  15.8879  16.2096  17.1821  17.5560  17.6628  18.5768  18.8744
 19.5364  19.6740  19.9013  20.0625  20.1750
 --------------------------------------------------------------
 
          Ground-State Mulliken Net Atomic Charges

     Atom                 Charge (a.u.)
  ----------------------------------------
      1 N                     0.283358
      2 C                    -0.345211
      3 N                     0.472046
      4 C                    -0.362017
      5 C                     1.253331
      6 C                    -1.175013
      7 H                     0.019801
      8 O                    -0.589446
      9 H                     0.141258
     10 O                    -0.744096
     11 C                    -0.681999
     12 H                     0.312405
     13 H                     0.345947
     14 H                     0.357459
     15 H                     0.711035
     16 N                     0.240742
     17 C                    -0.369795
     18 N                     0.078381
     19 C                     0.482314
     20 C                    -0.255938
     21 C                    -0.698094
     22 H                     0.019614
     23 O                    -0.604897
     24 N                    -0.322250
     25 H                     0.155957
     26 H                     0.061353
     27 H                     0.406009
     28 H                     0.807745
  ----------------------------------------
  Sum of atomic charges =     0.000000

 -----------------------------------------------------------------
                    Cartesian Multipole Moments
 -----------------------------------------------------------------
    Charge (ESU x 10^10)
                 0.0000
    Dipole Moment (Debye)
         X       0.8104      Y      -2.9227      Z      -0.6781
       Tot       3.1079
    Quadrupole Moments (Debye-Ang)
        XX     -43.5115     XY     -19.3120     YY    -100.0547
        XZ     -16.4893     YZ      -3.0029     ZZ    -101.5694
    Octopole Moments (Debye-Ang^2)
       XXX      70.0303    XXY      48.6629    XYY      28.9128
       YYY     -31.5212    XXZ     -14.1181    XYZ     -12.4774
       YYZ      10.2305    XZZ      -7.6636    YZZ      -0.7778
       ZZZ      -4.5944
    Hexadecapole Moments (Debye-Ang^3)
      XXXX   -5975.8306   XXXY     -55.8036   XXYY   -1278.0495
      XYYY    -209.1752   YYYY   -1384.9456   XXXZ    -331.7273
      XXYZ       4.2732   XYYZ     -77.3915   YYYZ      -5.1712
      XXZZ   -1347.9179   XYZZ      -2.4925   YYZZ    -309.0327
      XZZZ      15.2159   YZZZ      -2.2693   ZZZZ    -292.8770
 -----------------------------------------------------------------
 Total job time:  41495.91s(wall), 25282.53s(cpu) 
 Fri Mar  1 22:41:09 2024

        *************************************************************
        *                                                           *
        *  Thank you very much for using Q-Chem.  Have a nice day.  *
        *                                                           *
        *************************************************************


