
Running Job 1 of 1 acgt_22.inp
qchem acgt_22.inp_2016023.0 /scratch/qchemscratch/qchem2016023/ 1
/opt/qchem/6.1/exe/qcprog.exe_s acgt_22.inp_2016023.0 /scratch/qchemscratch/qchem2016023/
                  Welcome to Q-Chem
     A Quantum Leap Into The Future Of Chemistry


 Q-Chem 6.1, Q-Chem, Inc., Pleasanton, CA (2023)

 License issued to: SRG Pengyu Ren, University of Texas at Austin

 E. Epifanovsky,  A. T. B. Gilbert,  Xintian Feng,  Joonho Lee,  Yuezhi Mao,  
 N. Mardirossian,  P. Pokhilko,  A. White,  M. Wormit,  M. P. Coons,  
 A. L. Dempwolff,  Zhengting Gan,  D. Hait,  P. R. Horn,  L. D. Jacobson,  
 I. Kaliman,  J. Kussmann,  A. W. Lange,  Ka Un Lao,  D. S. Levine,  Jie Liu,  
 S. C. McKenzie,  A. F. Morrison,  K. D. Nanda,  F. Plasser,  D. R. Rehn,  
 M. L. Vidal,  Zhi-Qiang You,  Ying Zhu,  B. Alam,  B. Albrecht,  
 A. Aldossary,  E. Alguire,  J. H. Andersen,  V. Athavale,  D. Barton,  
 K. Begam,  A. Behn,  N. Bellonzi,  Y. A. Bernard,  E. J. Berquist,  
 H. Burton,  A. Carreras,  K. Carter-Fenk,  Mathew Chow,  Romit Chakraborty,  
 Chandrima Chakravarty,  Junhan Chen,  A. D. Chien,  K. D. Closser,  
 V. Cofer-Shabica,  L. Cunha,  S. Dasgupta,  Jia Deng,  M. de Wergifosse,  
 M. Diedenhofen,  Hainam Do,  S. Ehlert,  Po-Tung Fang,  S. Fatehi,  
 Qingguo Feng,  T. Friedhoff,  Thomas Froitzheim,  B. Ganoe,  J. Gayvert,  
 Qinghui Ge,  G. Gidofalvi,  M. Gimferrer,  M. Goldey,  Montgomery Gray,  
 J. Gomes,  C. Gonzalez-Espinoza,  S. Gulania,  A. Gunina,  J. A. Gyamfi,  
 M. W. D. Hanson-Heine,  P. H. P. Harbach,  A. W. Hauser,  M. F. Herbst,  
 M. Hernandez Vera,  M. Hodecker,  Z. C. Holden,  S. Houck,  Xunkun Huang,  
 Kerwin Hui,  B. C. Huynh,  K. Ikeda,  M. Ivanov,  Hyunjun Ji,  Zuxin Jin,  
 Hanjie Jiang,  Subrata Jana,  B. Kaduk,  S. Kaehler,  R. Kang,  
 K. Khistyaev,  Jaehoon Kim,  Yongbin Kim,  P. Klunzinger,  Z. Koczor-Benda,  
 Joong Hoon Koh,  D. Kosenkov,  Saikiran Kotaru,  L. Koulias,  T. Kowalczyk,  
 C. M. Krauter,  K. Kue,  A. Kunitsa,  T. Kus,  A. Landau,  K. V. Lawler,  
 D. Lefrancois,  S. Lehtola,  Rain Li,  Shaozhi Li,  Yi-Pei Li,  
 Jiashu Liang,  M. Liebenthal,  Hung-Hsuan Lin,  You-Sheng Lin,  Fenglai Liu,  
 Kuan-Yu Liu,  Xiao Liu,  M. Loipersberger,  A. Luenser,  C. Malbon,  
 A. Manjanath,  P. Manohar,  E. Mansoor,  S. F. Manzer,  Shan-Ping Mao,  
 A. V. Marenich,  T. Markovich,  S. Mason,  F. Matz,  S. A. Maurer,  
 P. F. McLaughlin,  M. F. S. J. Menger,  J.-M. Mewes,  S. A. Mewes,  
 P. Morgante,  Mohammad Mostafanejad,  J. W. Mullinax,  K. J. Oosterbaan,  
 G. Paran,  V. Parravicini,  Alexander C. Paul,  Suranjan K. Paul,  
 F. Pavosevic,  Zheng Pei,  S. Prager,  E. I. Proynov,  E. Ramos,  B. Rana,  
 A. E. Rask,  A. Rettig,  R. M. Richard,  F. Rob,  E. Rossomme,  T. Scheele,  
 M. Scheurer,  M. Schneider,  P. E. Schneider,  Tim K. Schramm,  N. Sergueev,  
 S. M. Sharada,  M. Sharma,  Hengyuan Shen,  W. Skomorowski,  D. W. Small,  
 C. J. Stein,  Alistair J. Sterling,  Yingli Su,  Yu-Chuan Su,  
 E. J. Sundstrom,  J. Talbot,  Zhen Tao,  J. Thirman,  Hung-Yi Tsai,  
 T. Tsuchimochi,  N. M. Tubman,  C. Utku,  S. P. Veccham,  O. Vydrov,  
 J. Wenzel,  Jonathan Wong,  J. Witte,  A. Yamada,  Chou-Hsun Yang,  Kun Yao,  
 S. Yeganeh,  S. R. Yost,  A. Zech,  F. Zeller,  Igor Ying Zhang,  
 Xing Zhang,  Yu Zhang,  D. Zuev,  A. Aspuru-Guzik,  A. T. Bell,  
 N. A. Besley,  K. B. Bravaya,  B. R. Brooks,  D. Casanova,  Jeng-Da Chai,  
 Hsing-Ta Chen,  S. Coriani,  C. J. Cramer,  A. E. DePrince, III,  
 R. A. DiStasio Jr.,  A. Dreuw,  B. D. Dunietz,  T. R. Furlani,  
 W. A. Goddard III,  S. Grimme,  S. Hammes-Schiffer,  T. Head-Gordon,  
 W. J. Hehre,  Chao-Ping Hsu,  T.-C. Jagau,  Yousung Jung,  A. Klamt,  
 Jing Kong,  D. S. Lambrecht,  Xiangyuan Li,  WanZhen Liang,  N. J. Mayhall,  
 C. W. McCurdy,  J. B. Neaton,  T. Neudecker,  C. Ochsenfeld,  
 J. A. Parkhill,  R. Peverati,  V. A. Rassolov,  Haisheng Ren,  Yihan Shao,  
 L. V. Slipchenko,  R. P. Steele,  J. E. Subotnik,  A. J. W. Thom,  
 A. Tkatchenko,  D. G. Truhlar,  T. Van Voorhis,  Fan Wang,  
 T. A. Wesolowski,  K. B. Whaley,  H. L. Woodcock III,  P. M. Zimmerman,  
 S. Faraji,  P. M. W. Gill,  M. Head-Gordon,  J. M. Herbert,  A. I. Krylov

 Contributors to earlier versions of Q-Chem not listed above: 
 R. D. Adamson,  B. Austin,  R. Baer,  J. Baker,  G. J. O. Beran,  
 K. Brandhorst,  S. T. Brown,  E. F. C. Byrd,  Arup K. Chakraborty,  
 G. K. L. Chan,  Chun-Min Chang,  Yunqing Chen,  C.-L. Cheng,  
 Siu Hung Chien,  D. M. Chipman,  D. L. Crittenden,  H. Dachsel,  
 R. J. Doerksen,  A. D. Dutoi,  R. G. Edgar,  J. Fosso-Tande,  
 L. Fusti-Molnar,  D. Ghosh,  A. Ghysels,  A. Golubeva-Zadorozhnaya,  
 J. Gonthier,  M. S. Gordon,  S. R. Gwaltney,  G. Hawkins,  J. E. Herr,  
 A. Heyden,  S. Hirata,  E. G. Hohenstein,  G. Kedziora,  F. J. Keil,  
 C. Kelley,  Jihan Kim,  R. A. King,  R. Z. Khaliullin,  P. P. Korambath,  
 W. Kurlancheek,  A. Laurent,  A. M. Lee,  M. S. Lee,  S. V. Levchenko,  
 Ching Yeh Lin,  D. Liotard,  E. Livshits,  R. C. Lochan,  I. Lotan,  
 L. A. Martinez-Martinez,  P. E. Maslen,  N. Nair,  D. P. O'Neill,  
 D. Neuhauser,  E. Neuscamman,  C. M. Oana,  R. Olivares-Amaya,  R. Olson,  
 T. M. Perrine,  B. Peters,  P. A. Pieniazek,  A. Prociuk,  Y. M. Rhee,  
 J. Ritchie,  M. A. Rohrdanz,  E. Rosta,  N. J. Russ,  H. F. Schaefer III,  
 M. W. Schmidt,  N. E. Schultz,  S. Sharma,  N. Shenvi,  C. D. Sherrill,  
 A. C. Simmonett,  A. Sodt,  T. Stein,  D. Stuck,  K. S. Thanthiriwatte,  
 V. Vanovschi,  L. Vogt,  Tao Wang,  A. Warshel,  M. A. Watson,  
 C. F. Williams,  Q. Wu,  X. Xu,  Jun Yang,  W. Zhang,  Yan Zhao

   Please cite Q-Chem as follows:
  "Software for the frontiers of quantum chemistry:
   An overview of developments in the Q-Chem 5 package"
   J. Chem. Phys. 155, 084801 (2021)
   https://doi.org/10.1063/5.0055522 (open access)

 Q-Chem 6.1.1 for Intel X86 EM64T Linux

 Parts of Q-Chem use Armadillo 9.900.5 (Nocturnal Misbehaviour).
 http://arma.sourceforge.net/

 Q-Chem begins on Fri Mar  1 11:10:00 2024  

 Host: 
0

     Scratch files written to /scratch/qchemscratch/qchem2016023//
 Jan1824 |scratch|qcdevops|jenkins|workspace|build_RNUM UKVU   
 Processing $rem in /opt/qchem/6.1/config/preferences:
 Processing $rem in /home/mm227274/.qchemrc:

 Q-Chem warning in module libgen/rem_setup.C, line 3361:

 Neither GIA nor STOLL is specified by user. Use STOLL as the default


 Checking the input file for inconsistencies... 	...done.

--------------------------------------------------------------
User input:
--------------------------------------------------------------
$molecule
0 1
--
0 1
N -1.249408 -4.334618 0.000108
C -1.453779 -2.957386 0.000369
N -0.287164 -2.222242 0.000471
C 1.008028 -2.72249 0.000365
C 1.139737 -4.181361 6.4e-05
C 0.0 -4.915748 0.0
H -2.087419 -4.899193 0.000228
O -2.573085 -2.462566 0.000505
H -0.408805 -1.172186 0.000678
O 1.977244 -1.953535 0.000498
C 2.515972 -4.780254 -0.000534
H 2.46354 -5.877599 0.006109
H 3.080111 -4.452913 -0.886592
H 3.085127 -4.442101 0.87814
H 0.011158 -6.004875 -3.7e-05
--
0 1
N -0.202642 -1.399569 3.250717
C -1.034346 -2.494965 3.281911
N -0.592816 -3.74736 3.286855
C 0.754293 -3.819439 3.257982
C 1.6944 -2.779552 3.225047
C 1.202119 -1.436173 3.220151
N 2.987142 -3.2823 3.202425
C 2.83846 -4.582272 3.220948
N 1.504626 -4.969498 3.254917
H -0.621424 -0.450609 3.248827
N -2.362733 -2.245381 3.308286
H -2.750571 -1.296644 3.305715
H -2.976517 -3.043637 3.33119
O 1.845786 -0.373056 3.193476
H 3.641974 -5.311778 3.211781
H 1.136271 -5.910013 3.274075
$end

$rem
JOBTYPE          eda
EDA2             2
METHOD           b97m-v
BASIS            aug-cc-pvtz
SCF_CONVERGENCE  8
THRESH           14
SYMMETRY         false
DISP_FREE_X      revPBE
DISP_FREE_C      PBE
EDA_BSSE         true
$end
--------------------------------------------------------------
 ----------------------------------------------------------------
             Standard Nuclear Orientation (Angstroms)
    I     Atom           X                Y                Z
 ----------------------------------------------------------------
    1      N      -2.2400503172    -1.3543789671     0.8323191769
    2      C      -2.5413732903    -0.4879831134    -0.2151054010
    3      N      -1.6141341365    -0.5057748192    -1.2355652367
    4      C      -0.4632866426    -1.2801051153    -1.2966637465
    5      C      -0.2164239338    -2.1659629642    -0.1565029594
    6      C      -1.1207881286    -2.1578278563     0.8536375864
    7      H      -2.9026422381    -1.3623763519     1.5951529526
    8      O      -3.5416840906     0.2170469359    -0.2131806080
    9      H      -1.8147174753     0.1419386785    -2.0465200615
   10      O       0.2924776502    -1.2041878326    -2.2732539187
   11      C       1.0124021243    -3.0276916171    -0.1668085888
   12      H       1.0723966006    -3.6319906362     0.7487145684
   13      H       1.0081198543    -3.6974407771    -1.0396897066
   14      H       1.9180863973    -2.4085552210    -0.2490216313
   15      H      -1.0107459181    -2.7862178700     1.7364392782
   16      N       0.0519276156     2.2997769501    -0.4602256969
   17      C      -0.5403161704     2.0078188767     0.7466731337
   18      N      -0.0455610748     1.1274768004     1.6090429177
   19      C       1.0952615979     0.5580400164     1.1674581933
   20      C       1.7841965173     0.7761116433    -0.0342340721
   21      C       1.2377792289     1.7277352076    -0.9523149129
   22      N       2.9216167990    -0.0151188450    -0.1026343786
   23      C       2.9243252960    -0.6906599615     1.0180857040
   24      N       1.8398449438    -0.3857319788     1.8311861275
   25      H      -0.3938437345     2.9998845683    -1.0823544967
   26      N      -1.6828401233     2.6701150369     1.0358143596
   27      H      -2.1025473997     3.3579504368     0.4023673735
   28      H      -2.1209013426     2.4603742516     1.9181857126
   29      O       1.6749404085     2.0752696728    -2.0628762200
   30      H       3.6723098707    -1.4178806604     1.3173630287
   31      H       1.6223281038    -0.7721165664     2.7389384478
 ----------------------------------------------------------------
 Molecular Point Group                 C1    NOp =  1
 Largest Abelian Subgroup              C1    NOp =  1
 Nuclear Repulsion Energy =        1669.55513417 hartrees
 There are       72 alpha and       72 beta electrons
 Requested basis set is aug-cc-pVTZ
 There are 379 shells and 1173 basis functions

 Total QAlloc Memory Limit  16000 MB
 Mega-Array Size       188 MB
 MEM_STATIC part       192 MB

 A cutoff of  1.0D-14 yielded  66197 shell pairs
 There are    627625 function pairs (    862015 Cartesian)
 Smallest overlap matrix eigenvalue = 7.00E-07
 Linear dependence detected in AO basis
 Tighter screening thresholds may be required for diffuse basis sets
 Use S2THRESH > 14 and THRESH = 14 in case of SCF convergence issues
 Number of orthogonalized atomic orbitals = 1171
 Maximum deviation from orthogonality = 3.981E-10

 Scale SEOQF with 1.000000e-01/1.000000e-01/1.000000e-01

 Standard Electronic Orientation quadrupole field applied
 Nucleus-field energy     =     0.0000000233 hartrees

 -----------------------------------------------------------------------
  General SCF calculation program by
  Eric Jon Sundstrom, Paul Horn, Yuezhi Mao, Dmitri Zuev, Alec White,
  David Stuck, Shaama M.S., Shane Yost, Joonho Lee, David Small,
  Daniel Levine, Susi Lehtola, Hugh Burton, Evgeny Epifanovsky,
  Bang C. Huynh
 -----------------------------------------------------------------------
================================================================
                 ALMO-EDA with the EDA2 driver                  
================================================================
 The second-generation ALMO-EDA (for DFT):                      
 P. R. Horn, Y. Mao and M. Head-Gordon, PCCP, 18, 23067 (2016)  
 Y. Mao et al. Annu. Rev. Phys. Chem. 72, 641 (2021)            
 Decomposition of the frozen energy:                            
 P. R. Horn, Y. Mao and M. Head-Gordon, JCP, 144, 114107 (2016) 
================================================================
 Using eda2 option set 2
 Option set summary: Frozen orbital wavefunction, initial wavefunction decomposition, and traditional AO-based POL.
--------------------------------
Printing EDA Options
--------------------------------
eda_child_super_basis      0
fragmo_guess_mode          0
child_mp                   0
child_mp_orders            0
cls_elec                   1
cls_disp                   0
scfmi_mode                 1
scfmi_occs                 0
scfmi_virts                0
frz_relax                  0
frz_relax_method           0
dc_pen_start               0
dc_pen_conv                0
dc_pen_increment           0
dc_pen_steps               0
dc_pen_thresh_factor       0
dc_pen_pre_newton_thresh   0
frz_ortho_decomp           1
frz_ortho_decomp_conv      6
plot_mo_ortho_frz          0
frgm_method                2
scfmi_freeze_ss            0
separate_rehyb             0
plot_diff_den              0
eda_nocv                   0
eda_vct_relax              1
disp_free_x                33
disp_free_c                25
eda_bsse                   1
eda_pct_a                  0
eda_covp                   0
eda_vct_a                  0
--------------------------------
 Attempting to make child job directory: /scratch/qchemscratch/qchem2016023//Frg1/
 Attempting to make child job directory: /scratch/qchemscratch/qchem2016023//Frg2/
 Creating input file /scratch/qchemscratch/qchem2016023/Frg1.input
 using default PutDataFrgm: nothing
 calling putenv with: QCSCRATCH=/scratch/qchemscratch/qchem2016023/ 
 Spawning Job For Fragment 0
 Done Job For Fragment 0
 calling putenv with: QCSCRATCH=/scratch/qchemscratch 
 calling putenv with: QCTHREADS=1 
 Creating input file /scratch/qchemscratch/qchem2016023/Frg2.input
 using default PutDataFrgm: nothing
 calling putenv with: QCSCRATCH=/scratch/qchemscratch/qchem2016023/ 
 Spawning Job For Fragment 1
 Done Job For Fragment 1
 calling putenv with: QCSCRATCH=/scratch/qchemscratch 
 calling putenv with: QCTHREADS=1 
Doing General SCFMI
 Exchange:  B97M-V      Correlation:  B97M-V
 Using SG-2 standard quadrature grid
 Nonlocal Correlation:  VV10 with C = 0.0100 and b = 6.00 and scale = 1.00000
 Grid used for NLC:  SG-1 standard quadrature
performing fock build before subrot guess so that all methods have access
Printing subrot_rss_gen Method Specification:
Occupied Subspace Method is 0
Virtual Subspace Method is 0
Energy of the unrelaxed supersystem initial determinant -996.945054259951
write pseudocanon occs and virts to disk
write pseudocanon orbital energies to disk
Tolerance of ortho_decomp_scf: 1.00e-06
GDM subspace size: 20
Beginning the Orthogonal Decomposition of the Initial Supersystem Wavefunction
    1    -996.8819395446      2.86e-02     ortho_decomp Preconditoned Steepest Descent
    2    -996.8884101511      6.43e-05     ortho_decomp BFGS Step
    3    -996.8884103387      8.73e-07     ortho_decomp 00000 Convergence criterion met
 Exchange:  revPBE      Correlation:  PBE
 Using SG-2 standard quadrature grid
 Exchange:  revPBE      Correlation:  PBE
 Using SG-2 standard quadrature grid
 Exchange:  revPBE      Correlation:  PBE
 Using SG-2 standard quadrature grid
Doing General SCFMI
 Exchange:  B97M-V      Correlation:  B97M-V
 Using SG-2 standard quadrature grid
 Nonlocal Correlation:  VV10 with C = 0.0100 and b = 6.00 and scale = 1.00000
 Grid used for NLC:  SG-1 standard quadrature
performing fock build at end of subrot_r(subrot) constructor so that all methods have access
<S^2> of initial wavefunction before polarization iterations 0.0000000000
Beginning iterations for the determination of the polarized wavefunction
Energy prior to optimization (guess energy) = -996.945054259951
Begin Timing: Total SCF Calculation
begin iterations for algorithm: DIIS         
the SCF tolerance is set to 1.00e-08
    1    -996.9450542600      5.80e-05     00000 
    2    -996.9452638434      8.30e-05     00000 
    3    -996.9471941938      4.51e-05     00000 
    4    -996.9477869539      1.31e-05     00000 
    5    -996.9478279042      8.14e-06     00000 
    6    -996.9478472045      3.12e-06     00000 
    7    -996.9478517470      1.50e-06     00000 
    8    -996.9478535230      1.13e-06     00000 
    9    -996.9478543918      6.50e-07     00000 
   10    -996.9478547454      4.25e-07     00000 
   11    -996.9478548994      2.25e-07     00000 
   12    -996.9478549416      1.64e-07     00000 
   13    -996.9478549553      1.16e-07     00000 
   14    -996.9478549599      8.45e-08     00000 
   15    -996.9478549622      5.22e-08     00000 
   16    -996.9478549628      4.28e-08     00000 
   17    -996.9478549632      3.04e-08     00000 
   18    -996.9478549635      1.92e-08     00000 
   19    -996.9478549637      1.39e-08     00000 
   20    -996.9478549637      8.25e-09     00000 Convergence criterion met
write pseudocanon occs and virts to disk
write pseudocanon orbital energies to disk
Timing for Total SCF: 37669.00s (wall), 37383.17s (cpu)
<S^2> of polarized wavefunction after polarization iterations 0.0000000000
relaxing scfmi constraint to allow all rotations in the entire AO span
Doing General SCFMI
 Exchange:  B97M-V      Correlation:  B97M-V
 Using SG-2 standard quadrature grid
 Nonlocal Correlation:  VV10 with C = 0.0100 and b = 6.00 and scale = 1.00000
 Grid used for NLC:  SG-1 standard quadrature
performing fock build at end of subrot_r(subrot) constructor so that all methods have access
<S^2> of polarized wavefunction before ct-allowed iterations 0.0000000000
Beginning iterations for the determination of the CT-Allowed wavefunction
Energy prior to optimization (guess energy) = -996.947854963733
Begin Timing: Total SCF Calculation
begin iterations for algorithm: DIIS         
the SCF tolerance is set to 1.00e-08
    1    -996.9478549637      6.25e-05     00000 
    2    -996.9513144349      2.94e-06     00000 
    3    -996.9513109985      3.72e-06     00000 
    4    -996.9513196445      1.31e-06     00000 
    5    -996.9513205453      6.45e-07     00000 
    6    -996.9513207617      3.20e-07     00000 
    7    -996.9513208240      7.85e-08     00000 
    8    -996.9513208267      3.64e-08     00000 
    9    -996.9513208274      1.19e-08     00000 
   10    -996.9513208275      4.30e-09     00000 Convergence criterion met
write pseudocanon occs and virts to disk
write pseudocanon orbital energies to disk
Timing for Total SCF: 16606.00s (wall), 16494.44s (cpu)
<S^2> of ct_allowed wavefunction after ct-allowed iterations 0.0000000000
 Attempting to make child job directory: /scratch/qchemscratch/qchem2016023//FrgBSSE1/
 Attempting to make child job directory: /scratch/qchemscratch/qchem2016023//FrgBSSE2/
 Creating input file /scratch/qchemscratch/qchem2016023/FrgBSSE1.input
 calling putenv with: QCSCRATCH=/scratch/qchemscratch/qchem2016023/ 
 Spawning Job For Fragment 0
 Done Job For Fragment 0
 calling putenv with: QCSCRATCH=/scratch/qchemscratch 
 calling putenv with: QCTHREADS=1 
 Creating input file /scratch/qchemscratch/qchem2016023/FrgBSSE2.input
 calling putenv with: QCSCRATCH=/scratch/qchemscratch/qchem2016023/ 
 Spawning Job For Fragment 1
 Done Job For Fragment 1
 calling putenv with: QCSCRATCH=/scratch/qchemscratch 
 calling putenv with: QCTHREADS=1 
====================================================================
   Evaluating the BSSE with fragment SCF in the supersystem basis
   Fragment contributions (kJ/mol) 
   Frgm 1: 1.1090
   Frgm 2: 1.2305
   BSSE (kJ/mol) = 2.3395
====================================================================

================================
        Results of EDA2         
================================
Basic EDA Quantities
--------------------
Fragment Energies (Ha):
1 -454.2483229431
2 -542.6965966558
--------------------
  E_prp (kJ/mol) = 0.0000
  E_frz (kJ/mol) = -0.3536
  E_pol (kJ/mol) = -7.3533
  E_vct (kJ/mol) = -6.7602 (CP-corrected)
  E_int (kJ/mol) = -14.4671 (CP-corrected)
--------------------


Decomposition of frozen interaction energy
--------------------
  --------------------
  Orthogonal Frozen Decomposition:
  --------------------
     E_elec   (ELEC)   (kJ/mol) = -64.1823
     E_pauli  (PAULI)  (kJ/mol) = 122.7177
     E_disp   (DISP)   (kJ/mol) = -58.8889
  --------------------
  Classical Frozen Decomposition:
  --------------------
     E_cls_elec  (CLS ELEC)  (kJ/mol) = -15.7958
     E_mod_pauli (MOD PAULI) (kJ/mol) = 74.3312 (FRZ - CLS ELEC - DISP)
     E_disp      (DISP)      (kJ/mol) = -58.8889
  --------------------
--------------------

Simplified EDA Summary (kJ/mol)
--------------------
 PREPARATION      0.0000
 FROZEN           -0.3536 (ELEC + PAULI + DISP)
[ELEC + PAULI = 58.5353, DISP = -58.8889]
 POLARIZATION    -7.3533
 CHARGE TRANSFER -6.7602     (counterpoise-corrected)
 TOTAL           -14.4671     (PRP + FRZ + POL + CT)
--------------------
 
 --------------------------------------------------------------
 
                    Orbital Energies (a.u.)
 --------------------------------------------------------------
 
 Alpha MOs
 -- Occupied --
-19.1410 -19.1264 -19.1093 -14.4113 -14.4033 -14.4031 -14.4029 -14.3884
-14.3439 -14.3306 -10.3363 -10.3244 -10.2958 -10.2832 -10.2606 -10.2582
-10.2476 -10.2118 -10.2016 -10.1861  -1.0699  -1.0355  -1.0272  -1.0081
 -0.9902  -0.9701  -0.9213  -0.9098  -0.9012  -0.8685  -0.8012  -0.7452
 -0.6947  -0.6559  -0.6546  -0.6462  -0.6442  -0.6032  -0.5789  -0.5481
 -0.5390  -0.5295  -0.5271  -0.5009  -0.4975  -0.4705  -0.4631  -0.4492
 -0.4428  -0.4412  -0.4214  -0.4195  -0.4095  -0.3968  -0.3884  -0.3814
 -0.3803  -0.3737  -0.3617  -0.3572  -0.3411  -0.3039  -0.2956  -0.2762
 -0.2740  -0.2673  -0.2594  -0.2496  -0.2370  -0.2273  -0.2251  -0.1922
 -- Virtual --
 -0.0729  -0.0428  -0.0391  -0.0374  -0.0345  -0.0207  -0.0183  -0.0076
 -0.0014   0.0027   0.0051   0.0118   0.0149   0.0211   0.0273   0.0354
  0.0385   0.0427   0.0429   0.0468   0.0489   0.0538   0.0579   0.0613
  0.0644   0.0652   0.0680   0.0697   0.0753   0.0761   0.0787   0.0821
  0.0839   0.0873   0.0894   0.0914   0.0945   0.0965   0.1007   0.1025
  0.1073   0.1091   0.1128   0.1174   0.1198   0.1243   0.1260   0.1274
  0.1282   0.1309   0.1336   0.1350   0.1386   0.1422   0.1436   0.1472
  0.1500   0.1528   0.1541   0.1585   0.1603   0.1640   0.1660   0.1704
  0.1713   0.1732   0.1757   0.1780   0.1793   0.1831   0.1845   0.1896
  0.1923   0.1931   0.1949   0.2003   0.2036   0.2038   0.2075   0.2078
  0.2109   0.2158   0.2169   0.2177   0.2232   0.2240   0.2264   0.2276
  0.2317   0.2332   0.2339   0.2384   0.2390   0.2473   0.2479   0.2501
  0.2518   0.2541   0.2569   0.2594   0.2635   0.2671   0.2688   0.2705
  0.2728   0.2759   0.2797   0.2824   0.2856   0.2870   0.2907   0.2937
  0.2966   0.3001   0.3014   0.3026   0.3057   0.3079   0.3109   0.3209
  0.3246   0.3263   0.3281   0.3304   0.3332   0.3362   0.3389   0.3400
  0.3419   0.3470   0.3510   0.3527   0.3571   0.3604   0.3612   0.3620
  0.3688   0.3731   0.3738   0.3793   0.3821   0.3874   0.3894   0.3925
  0.3947   0.3951   0.3983   0.4033   0.4087   0.4128   0.4168   0.4174
  0.4206   0.4250   0.4252   0.4275   0.4313   0.4328   0.4366   0.4402
  0.4408   0.4466   0.4477   0.4532   0.4550   0.4583   0.4597   0.4622
  0.4652   0.4698   0.4727   0.4735   0.4806   0.4831   0.4875   0.4908
  0.4934   0.4956   0.4997   0.5002   0.5027   0.5058   0.5100   0.5120
  0.5147   0.5204   0.5244   0.5259   0.5316   0.5354   0.5420   0.5428
  0.5505   0.5510   0.5572   0.5609   0.5662   0.5671   0.5693   0.5762
  0.5800   0.5825   0.5873   0.5907   0.5949   0.6027   0.6043   0.6049
  0.6067   0.6134   0.6162   0.6208   0.6218   0.6260   0.6337   0.6372
  0.6436   0.6457   0.6478   0.6495   0.6527   0.6581   0.6617   0.6649
  0.6694   0.6703   0.6759   0.6795   0.6860   0.6896   0.6952   0.6971
  0.6999   0.7065   0.7095   0.7123   0.7160   0.7163   0.7216   0.7274
  0.7332   0.7369   0.7416   0.7449   0.7512   0.7542   0.7594   0.7620
  0.7641   0.7687   0.7692   0.7744   0.7782   0.7812   0.7839   0.7900
  0.7932   0.7999   0.8021   0.8037   0.8086   0.8127   0.8177   0.8236
  0.8265   0.8297   0.8332   0.8365   0.8407   0.8469   0.8482   0.8525
  0.8556   0.8596   0.8668   0.8698   0.8711   0.8764   0.8809   0.8852
  0.8862   0.8914   0.8934   0.9005   0.9042   0.9078   0.9145   0.9192
  0.9221   0.9246   0.9260   0.9299   0.9323   0.9428   0.9451   0.9494
  0.9520   0.9545   0.9572   0.9642   0.9706   0.9713   0.9795   0.9839
  0.9853   0.9897   0.9937   0.9959   0.9974   0.9997   1.0084   1.0102
  1.0147   1.0215   1.0256   1.0313   1.0346   1.0371   1.0427   1.0439
  1.0496   1.0506   1.0538   1.0593   1.0623   1.0691   1.0710   1.0762
  1.0783   1.0818   1.0885   1.0922   1.0936   1.1035   1.1074   1.1103
  1.1156   1.1174   1.1188   1.1253   1.1301   1.1340   1.1348   1.1420
  1.1453   1.1521   1.1561   1.1601   1.1656   1.1688   1.1754   1.1780
  1.1828   1.1863   1.1927   1.1980   1.2001   1.2071   1.2107   1.2132
  1.2202   1.2238   1.2268   1.2301   1.2344   1.2431   1.2447   1.2468
  1.2492   1.2519   1.2551   1.2600   1.2650   1.2702   1.2748   1.2753
  1.2809   1.2880   1.2891   1.2923   1.2979   1.3022   1.3061   1.3130
  1.3151   1.3208   1.3254   1.3334   1.3390   1.3431   1.3473   1.3490
  1.3536   1.3557   1.3592   1.3639   1.3679   1.3778   1.3805   1.3816
  1.3872   1.3955   1.4004   1.4065   1.4103   1.4119   1.4183   1.4194
  1.4199   1.4308   1.4358   1.4365   1.4433   1.4473   1.4514   1.4573
  1.4579   1.4646   1.4662   1.4745   1.4767   1.4803   1.4841   1.4916
  1.4947   1.5018   1.5073   1.5136   1.5171   1.5205   1.5234   1.5295
  1.5320   1.5356   1.5381   1.5462   1.5520   1.5571   1.5617   1.5644
  1.5710   1.5762   1.5781   1.5832   1.5949   1.5991   1.6057   1.6101
  1.6170   1.6211   1.6223   1.6262   1.6300   1.6379   1.6432   1.6464
  1.6521   1.6599   1.6680   1.6719   1.6773   1.6792   1.6853   1.6947
  1.6978   1.7044   1.7128   1.7172   1.7202   1.7292   1.7297   1.7332
  1.7366   1.7403   1.7470   1.7502   1.7615   1.7636   1.7748   1.7776
  1.7837   1.7913   1.8008   1.8059   1.8132   1.8211   1.8256   1.8270
  1.8317   1.8414   1.8420   1.8503   1.8598   1.8623   1.8749   1.8837
  1.8916   1.8958   1.9010   1.9069   1.9119   1.9207   1.9310   1.9356
  1.9426   1.9512   1.9539   1.9586   1.9635   1.9687   1.9733   1.9772
  1.9800   1.9886   1.9923   1.9944   2.0041   2.0087   2.0227   2.0297
  2.0333   2.0408   2.0410   2.0523   2.0614   2.0685   2.0711   2.0745
  2.0753   2.0820   2.0836   2.0963   2.0982   2.1042   2.1105   2.1138
  2.1199   2.1265   2.1297   2.1435   2.1457   2.1495   2.1535   2.1556
  2.1705   2.1738   2.1762   2.1832   2.1862   2.1974   2.1990   2.2044
  2.2168   2.2182   2.2265   2.2319   2.2400   2.2489   2.2536   2.2624
  2.2682   2.2768   2.2833   2.2898   2.2975   2.3058   2.3116   2.3191
  2.3237   2.3277   2.3345   2.3395   2.3437   2.3507   2.3577   2.3631
  2.3702   2.3831   2.3894   2.3918   2.3928   2.3983   2.4069   2.4126
  2.4199   2.4291   2.4387   2.4399   2.4437   2.4473   2.4553   2.4564
  2.4701   2.4734   2.4783   2.4919   2.4950   2.5060   2.5129   2.5182
  2.5237   2.5264   2.5324   2.5401   2.5429   2.5551   2.5564   2.5653
  2.5719   2.5810   2.5875   2.5887   2.5991   2.6088   2.6145   2.6162
  2.6190   2.6269   2.6324   2.6409   2.6432   2.6567   2.6703   2.6750
  2.6871   2.6948   2.6979   2.7083   2.7210   2.7352   2.7403   2.7431
  2.7447   2.7638   2.7717   2.7778   2.7821   2.7854   2.8039   2.8163
  2.8283   2.8377   2.8540   2.8588   2.8841   2.8862   2.8966   2.9023
  2.9100   2.9224   2.9319   2.9479   2.9486   2.9499   2.9543   2.9694
  3.0025   3.0140   3.0304   3.0398   3.0462   3.0537   3.0693   3.0864
  3.0954   3.1063   3.1205   3.1227   3.1529   3.1644   3.1767   3.1779
  3.1883   3.1955   3.2007   3.2079   3.2208   3.2247   3.2379   3.2455
  3.2566   3.2685   3.2928   3.3026   3.3059   3.3175   3.3264   3.3417
  3.3510   3.3556   3.3662   3.3739   3.3768   3.3826   3.3994   3.4101
  3.4141   3.4231   3.4242   3.4385   3.4445   3.4506   3.4524   3.4825
  3.4862   3.5004   3.5083   3.5162   3.5254   3.5276   3.5345   3.5360
  3.5478   3.5560   3.5630   3.5764   3.5817   3.5879   3.5908   3.6034
  3.6116   3.6157   3.6259   3.6340   3.6356   3.6441   3.6505   3.6593
  3.6672   3.6711   3.6767   3.6840   3.6965   3.7032   3.7125   3.7162
  3.7208   3.7277   3.7345   3.7396   3.7471   3.7579   3.7692   3.7752
  3.7855   3.7877   3.8003   3.8082   3.8174   3.8245   3.8337   3.8350
  3.8463   3.8504   3.8627   3.8748   3.8819   3.8936   3.8984   3.9060
  3.9082   3.9258   3.9275   3.9393   3.9479   3.9543   3.9675   3.9798
  3.9874   3.9900   3.9950   3.9973   4.0103   4.0136   4.0172   4.0231
  4.0304   4.0384   4.0438   4.0501   4.0512   4.0594   4.0725   4.0790
  4.0809   4.0905   4.0952   4.1048   4.1150   4.1168   4.1263   4.1349
  4.1383   4.1474   4.1534   4.1666   4.1690   4.1730   4.1820   4.1886
  4.1949   4.2034   4.2171   4.2238   4.2274   4.2345   4.2397   4.2435
  4.2534   4.2597   4.2709   4.2753   4.2816   4.2943   4.3082   4.3171
  4.3230   4.3278   4.3344   4.3451   4.3565   4.3636   4.3689   4.3725
  4.3879   4.3968   4.4061   4.4083   4.4168   4.4252   4.4364   4.4434
  4.4463   4.4535   4.4679   4.4752   4.4818   4.4978   4.5067   4.5177
  4.5260   4.5343   4.5416   4.5484   4.5582   4.5731   4.5782   4.5831
  4.5949   4.6031   4.6117   4.6189   4.6251   4.6357   4.6409   4.6451
  4.6602   4.6669   4.6767   4.6869   4.6940   4.7091   4.7173   4.7230
  4.7261   4.7501   4.7708   4.7850   4.7969   4.8017   4.8075   4.8212
  4.8358   4.8434   4.8649   4.8714   4.8758   4.8822   4.8982   4.9006
  4.9085   4.9223   4.9388   4.9526   4.9680   4.9741   4.9870   4.9976
  5.0039   5.0136   5.0188   5.0340   5.0365   5.0432   5.0614   5.0667
  5.0814   5.0833   5.1046   5.1119   5.1248   5.1455   5.1471   5.1574
  5.1807   5.1903   5.2044   5.2209   5.2314   5.2408   5.2439   5.2581
  5.2687   5.2865   5.2969   5.3008   5.3143   5.3225   5.3279   5.3297
  5.3366   5.3544   5.3586   5.3641   5.3685   5.3762   5.3848   5.3888
  5.3952   5.4112   5.4129   5.4384   5.4441   5.4528   5.4633   5.4710
  5.4836   5.4909   5.5021   5.5139   5.5164   5.5229   5.5254   5.5362
  5.5455   5.5538   5.5791   5.5826   5.6000   5.6025   5.6096   5.6159
  5.6239   5.6394   5.6445   5.6547   5.6615   5.6704   5.6840   5.6944
  5.7081   5.7258   5.7433   5.7491   5.7521   5.7657   5.7736   5.7853
  5.7906   5.8090   5.8162   5.8269   5.8444   5.8534   5.8602   5.8720
  5.8991   5.9113   5.9124   5.9275   5.9324   5.9430   5.9528   5.9752
  5.9921   6.0020   6.0156   6.0215   6.0442   6.0524   6.0708   6.0783
  6.0960   6.1059   6.1260   6.1455   6.1548   6.1663   6.1693   6.2075
  6.2332   6.2507   6.2989   6.3026   6.3422   6.3731   6.3913   6.4203
  6.4300   6.4696   6.5147   6.5299   6.5485   6.5573   6.5613   6.5701
  6.5801   6.5878   6.6119   6.6217   6.6262   6.6437   6.6479   6.6628
  6.6912   6.7066   6.7073   6.7200   6.7314   6.7485   6.7578   6.7671
  6.8080   6.8359   6.8479   6.8682   6.8774   6.8873   6.9213   6.9349
  6.9508   6.9689   7.0380   7.0650   7.0765   7.0865   7.0981   7.1263
  7.1430   7.1708   7.1927   7.2030   7.2375   7.2478   7.2656   7.2815
  7.2819   7.3322   7.3471   7.3667   7.4823   7.5203   7.5405   7.5462
  7.5842   7.6053   7.6187   7.6300   7.6740   7.7000   7.7090   7.7348
  7.7469   7.7857   7.8092   7.8203   7.8410   7.8619   7.9222  15.6389
 15.9305  16.0051  16.0744  16.2626  16.4142  16.6689  16.9243  17.5844
 17.9203  18.3912  19.0416  19.1277  19.2723  20.0906  20.2425  20.4827
 20.8237  21.1010  21.2712
 --------------------------------------------------------------
 
          Ground-State Mulliken Net Atomic Charges

     Atom                 Charge (a.u.)
  ----------------------------------------
      1 N                     0.326682
      2 C                    -0.276530
      3 N                     0.395735
      4 C                    -0.137836
      5 C                     1.253868
      6 C                    -1.070143
      7 H                    -0.022250
      8 O                    -0.732664
      9 H                     0.117063
     10 O                    -0.936651
     11 C                    -0.692149
     12 H                     0.319764
     13 H                     0.382689
     14 H                     0.304821
     15 H                     0.655080
     16 N                     0.374348
     17 C                    -0.207396
     18 N                    -0.229455
     19 C                     0.298986
     20 C                     1.171658
     21 C                     0.151969
     22 N                    -0.552370
     23 C                    -0.893140
     24 N                     0.074689
     25 H                     0.059953
     26 N                    -0.362609
     27 H                     0.120106
     28 H                     0.052331
     29 O                    -0.818604
     30 H                     0.845067
     31 H                     0.026991
  ----------------------------------------
  Sum of atomic charges =     0.000000

 -----------------------------------------------------------------
                    Cartesian Multipole Moments
 -----------------------------------------------------------------
    Charge (ESU x 10^10)
                -0.0000
    Dipole Moment (Debye)
         X      -4.5051      Y      -1.3293      Z       8.0261
       Tot       9.2995
    Quadrupole Moments (Debye-Ang)
        XX    -126.0437     XY     -11.9687     YY     -97.4925
        XZ      10.6601     YZ      -5.6959     ZZ    -117.1646
    Octopole Moments (Debye-Ang^2)
       XXX       4.8820    XXY     -19.2901    XYY     -44.8433
       YYY      34.9535    XXZ      48.8647    XYZ       6.6618
       YYZ      20.7477    XZZ     -35.8229    YZZ     -16.9725
       ZZZ      47.4300
    Hexadecapole Moments (Debye-Ang^3)
      XXXX   -2564.4984   XXXY     -58.7897   XXYY    -639.7068
      XYYY    -143.0638   YYYY   -1846.1043   XXXZ       7.2106
      XXYZ      -2.5375   XYYZ       9.1649   YYYZ     -15.7884
      XXZZ    -501.1226   XYZZ     -49.2915   YYZZ    -514.2050
      XZZZ      54.8142   YZZZ     -34.2928   ZZZZ   -1054.0644
 -----------------------------------------------------------------
 Total job time:  133870.18s(wall), 90932.64s(cpu) 
 Sun Mar  3 00:21:11 2024

        *************************************************************
        *                                                           *
        *  Thank you very much for using Q-Chem.  Have a nice day.  *
        *                                                           *
        *************************************************************


