
Running Job 1 of 1 acgt_22_jun.inp
qchem acgt_22_jun.inp_1975811.0 /scratch/qchemscratch/qchem1975811/ 1
/opt/qchem/6.1/exe/qcprog.exe_s acgt_22_jun.inp_1975811.0 /scratch/qchemscratch/qchem1975811/
                  Welcome to Q-Chem
     A Quantum Leap Into The Future Of Chemistry


 Q-Chem 6.1, Q-Chem, Inc., Pleasanton, CA (2023)

 License issued to: SRG Pengyu Ren, University of Texas at Austin

 E. Epifanovsky,  A. T. B. Gilbert,  Xintian Feng,  Joonho Lee,  Yuezhi Mao,  
 N. Mardirossian,  P. Pokhilko,  A. White,  M. Wormit,  M. P. Coons,  
 A. L. Dempwolff,  Zhengting Gan,  D. Hait,  P. R. Horn,  L. D. Jacobson,  
 I. Kaliman,  J. Kussmann,  A. W. Lange,  Ka Un Lao,  D. S. Levine,  Jie Liu,  
 S. C. McKenzie,  A. F. Morrison,  K. D. Nanda,  F. Plasser,  D. R. Rehn,  
 M. L. Vidal,  Zhi-Qiang You,  Ying Zhu,  B. Alam,  B. Albrecht,  
 A. Aldossary,  E. Alguire,  J. H. Andersen,  V. Athavale,  D. Barton,  
 K. Begam,  A. Behn,  N. Bellonzi,  Y. A. Bernard,  E. J. Berquist,  
 H. Burton,  A. Carreras,  K. Carter-Fenk,  Mathew Chow,  Romit Chakraborty,  
 Chandrima Chakravarty,  Junhan Chen,  A. D. Chien,  K. D. Closser,  
 V. Cofer-Shabica,  L. Cunha,  S. Dasgupta,  Jia Deng,  M. de Wergifosse,  
 M. Diedenhofen,  Hainam Do,  S. Ehlert,  Po-Tung Fang,  S. Fatehi,  
 Qingguo Feng,  T. Friedhoff,  Thomas Froitzheim,  B. Ganoe,  J. Gayvert,  
 Qinghui Ge,  G. Gidofalvi,  M. Gimferrer,  M. Goldey,  Montgomery Gray,  
 J. Gomes,  C. Gonzalez-Espinoza,  S. Gulania,  A. Gunina,  J. A. Gyamfi,  
 M. W. D. Hanson-Heine,  P. H. P. Harbach,  A. W. Hauser,  M. F. Herbst,  
 M. Hernandez Vera,  M. Hodecker,  Z. C. Holden,  S. Houck,  Xunkun Huang,  
 Kerwin Hui,  B. C. Huynh,  K. Ikeda,  M. Ivanov,  Hyunjun Ji,  Zuxin Jin,  
 Hanjie Jiang,  Subrata Jana,  B. Kaduk,  S. Kaehler,  R. Kang,  
 K. Khistyaev,  Jaehoon Kim,  Yongbin Kim,  P. Klunzinger,  Z. Koczor-Benda,  
 Joong Hoon Koh,  D. Kosenkov,  Saikiran Kotaru,  L. Koulias,  T. Kowalczyk,  
 C. M. Krauter,  K. Kue,  A. Kunitsa,  T. Kus,  A. Landau,  K. V. Lawler,  
 D. Lefrancois,  S. Lehtola,  Rain Li,  Shaozhi Li,  Yi-Pei Li,  
 Jiashu Liang,  M. Liebenthal,  Hung-Hsuan Lin,  You-Sheng Lin,  Fenglai Liu,  
 Kuan-Yu Liu,  Xiao Liu,  M. Loipersberger,  A. Luenser,  C. Malbon,  
 A. Manjanath,  P. Manohar,  E. Mansoor,  S. F. Manzer,  Shan-Ping Mao,  
 A. V. Marenich,  T. Markovich,  S. Mason,  F. Matz,  S. A. Maurer,  
 P. F. McLaughlin,  M. F. S. J. Menger,  J.-M. Mewes,  S. A. Mewes,  
 P. Morgante,  Mohammad Mostafanejad,  J. W. Mullinax,  K. J. Oosterbaan,  
 G. Paran,  V. Parravicini,  Alexander C. Paul,  Suranjan K. Paul,  
 F. Pavosevic,  Zheng Pei,  S. Prager,  E. I. Proynov,  E. Ramos,  B. Rana,  
 A. E. Rask,  A. Rettig,  R. M. Richard,  F. Rob,  E. Rossomme,  T. Scheele,  
 M. Scheurer,  M. Schneider,  P. E. Schneider,  Tim K. Schramm,  N. Sergueev,  
 S. M. Sharada,  M. Sharma,  Hengyuan Shen,  W. Skomorowski,  D. W. Small,  
 C. J. Stein,  Alistair J. Sterling,  Yingli Su,  Yu-Chuan Su,  
 E. J. Sundstrom,  J. Talbot,  Zhen Tao,  J. Thirman,  Hung-Yi Tsai,  
 T. Tsuchimochi,  N. M. Tubman,  C. Utku,  S. P. Veccham,  O. Vydrov,  
 J. Wenzel,  Jonathan Wong,  J. Witte,  A. Yamada,  Chou-Hsun Yang,  Kun Yao,  
 S. Yeganeh,  S. R. Yost,  A. Zech,  F. Zeller,  Igor Ying Zhang,  
 Xing Zhang,  Yu Zhang,  D. Zuev,  A. Aspuru-Guzik,  A. T. Bell,  
 N. A. Besley,  K. B. Bravaya,  B. R. Brooks,  D. Casanova,  Jeng-Da Chai,  
 Hsing-Ta Chen,  S. Coriani,  C. J. Cramer,  A. E. DePrince, III,  
 R. A. DiStasio Jr.,  A. Dreuw,  B. D. Dunietz,  T. R. Furlani,  
 W. A. Goddard III,  S. Grimme,  S. Hammes-Schiffer,  T. Head-Gordon,  
 W. J. Hehre,  Chao-Ping Hsu,  T.-C. Jagau,  Yousung Jung,  A. Klamt,  
 Jing Kong,  D. S. Lambrecht,  Xiangyuan Li,  WanZhen Liang,  N. J. Mayhall,  
 C. W. McCurdy,  J. B. Neaton,  T. Neudecker,  C. Ochsenfeld,  
 J. A. Parkhill,  R. Peverati,  V. A. Rassolov,  Haisheng Ren,  Yihan Shao,  
 L. V. Slipchenko,  R. P. Steele,  J. E. Subotnik,  A. J. W. Thom,  
 A. Tkatchenko,  D. G. Truhlar,  T. Van Voorhis,  Fan Wang,  
 T. A. Wesolowski,  K. B. Whaley,  H. L. Woodcock III,  P. M. Zimmerman,  
 S. Faraji,  P. M. W. Gill,  M. Head-Gordon,  J. M. Herbert,  A. I. Krylov

 Contributors to earlier versions of Q-Chem not listed above: 
 R. D. Adamson,  B. Austin,  R. Baer,  J. Baker,  G. J. O. Beran,  
 K. Brandhorst,  S. T. Brown,  E. F. C. Byrd,  Arup K. Chakraborty,  
 G. K. L. Chan,  Chun-Min Chang,  Yunqing Chen,  C.-L. Cheng,  
 Siu Hung Chien,  D. M. Chipman,  D. L. Crittenden,  H. Dachsel,  
 R. J. Doerksen,  A. D. Dutoi,  R. G. Edgar,  J. Fosso-Tande,  
 L. Fusti-Molnar,  D. Ghosh,  A. Ghysels,  A. Golubeva-Zadorozhnaya,  
 J. Gonthier,  M. S. Gordon,  S. R. Gwaltney,  G. Hawkins,  J. E. Herr,  
 A. Heyden,  S. Hirata,  E. G. Hohenstein,  G. Kedziora,  F. J. Keil,  
 C. Kelley,  Jihan Kim,  R. A. King,  R. Z. Khaliullin,  P. P. Korambath,  
 W. Kurlancheek,  A. Laurent,  A. M. Lee,  M. S. Lee,  S. V. Levchenko,  
 Ching Yeh Lin,  D. Liotard,  E. Livshits,  R. C. Lochan,  I. Lotan,  
 L. A. Martinez-Martinez,  P. E. Maslen,  N. Nair,  D. P. O'Neill,  
 D. Neuhauser,  E. Neuscamman,  C. M. Oana,  R. Olivares-Amaya,  R. Olson,  
 T. M. Perrine,  B. Peters,  P. A. Pieniazek,  A. Prociuk,  Y. M. Rhee,  
 J. Ritchie,  M. A. Rohrdanz,  E. Rosta,  N. J. Russ,  H. F. Schaefer III,  
 M. W. Schmidt,  N. E. Schultz,  S. Sharma,  N. Shenvi,  C. D. Sherrill,  
 A. C. Simmonett,  A. Sodt,  T. Stein,  D. Stuck,  K. S. Thanthiriwatte,  
 V. Vanovschi,  L. Vogt,  Tao Wang,  A. Warshel,  M. A. Watson,  
 C. F. Williams,  Q. Wu,  X. Xu,  Jun Yang,  W. Zhang,  Yan Zhao

   Please cite Q-Chem as follows:
  "Software for the frontiers of quantum chemistry:
   An overview of developments in the Q-Chem 5 package"
   J. Chem. Phys. 155, 084801 (2021)
   https://doi.org/10.1063/5.0055522 (open access)

 Q-Chem 6.1.1 for Intel X86 EM64T Linux

 Parts of Q-Chem use Armadillo 9.900.5 (Nocturnal Misbehaviour).
 http://arma.sourceforge.net/

 Q-Chem begins on Wed Apr 17 15:37:35 2024  

 Host: 
0

     Scratch files written to /scratch/qchemscratch/qchem1975811//
 Jan1824 |scratch|qcdevops|jenkins|workspace|build_RNUM UKVU   
 Processing $rem in /opt/qchem/6.1/config/preferences:
 Processing $rem in /home/mm227274/.qchemrc:

 Q-Chem warning in module libgen/rem_setup.C, line 3361:

 Neither GIA nor STOLL is specified by user. Use STOLL as the default


 Checking the input file for inconsistencies... 	...done.

--------------------------------------------------------------
User input:
--------------------------------------------------------------
$molecule
0 1
--
0 1
N -1.249408 -4.334618 0.000108
C -1.453779 -2.957386 0.000369
N -0.287164 -2.222242 0.000471
C 1.008028 -2.72249 0.000365
C 1.139737 -4.181361 6.4e-05
C 0.0 -4.915748 0.0
H -2.087419 -4.899193 0.000228
O -2.573085 -2.462566 0.000505
H -0.408805 -1.172186 0.000678
O 1.977244 -1.953535 0.000498
C 2.515972 -4.780254 -0.000534
H 2.46354 -5.877599 0.006109
H 3.080111 -4.452913 -0.886592
H 3.085127 -4.442101 0.87814
H 0.011158 -6.004875 -3.7e-05
--
0 1
N -0.202642 -1.399569 3.250717
C -1.034346 -2.494965 3.281911
N -0.592816 -3.74736 3.286855
C 0.754293 -3.819439 3.257982
C 1.6944 -2.779552 3.225047
C 1.202119 -1.436173 3.220151
N 2.987142 -3.2823 3.202425
C 2.83846 -4.582272 3.220948
N 1.504626 -4.969498 3.254917
H -0.621424 -0.450609 3.248827
N -2.362733 -2.245381 3.308286
H -2.750571 -1.296644 3.305715
H -2.976517 -3.043637 3.33119
O 1.845786 -0.373056 3.193476
H 3.641974 -5.311778 3.211781
H 1.136271 -5.910013 3.274075
$end

$rem
JOBTYPE          eda
EDA2             2
METHOD           b97m-v
BASIS            jun-cc-pvdz
SCF_CONVERGENCE  8
THRESH           14
SYMMETRY         false
DISP_FREE_X      revPBE
DISP_FREE_C      PBE
EDA_BSSE         true
$end
--------------------------------------------------------------
 ----------------------------------------------------------------
             Standard Nuclear Orientation (Angstroms)
    I     Atom           X                Y                Z
 ----------------------------------------------------------------
    1      N      -2.2400503172    -1.3543789671     0.8323191769
    2      C      -2.5413732903    -0.4879831134    -0.2151054010
    3      N      -1.6141341365    -0.5057748192    -1.2355652367
    4      C      -0.4632866426    -1.2801051153    -1.2966637465
    5      C      -0.2164239338    -2.1659629642    -0.1565029594
    6      C      -1.1207881286    -2.1578278563     0.8536375864
    7      H      -2.9026422381    -1.3623763519     1.5951529526
    8      O      -3.5416840906     0.2170469359    -0.2131806080
    9      H      -1.8147174753     0.1419386785    -2.0465200615
   10      O       0.2924776502    -1.2041878326    -2.2732539187
   11      C       1.0124021243    -3.0276916171    -0.1668085888
   12      H       1.0723966006    -3.6319906362     0.7487145684
   13      H       1.0081198543    -3.6974407771    -1.0396897066
   14      H       1.9180863973    -2.4085552210    -0.2490216313
   15      H      -1.0107459181    -2.7862178700     1.7364392782
   16      N       0.0519276156     2.2997769501    -0.4602256969
   17      C      -0.5403161704     2.0078188767     0.7466731337
   18      N      -0.0455610748     1.1274768004     1.6090429177
   19      C       1.0952615979     0.5580400164     1.1674581933
   20      C       1.7841965173     0.7761116433    -0.0342340721
   21      C       1.2377792289     1.7277352076    -0.9523149129
   22      N       2.9216167990    -0.0151188450    -0.1026343786
   23      C       2.9243252960    -0.6906599615     1.0180857040
   24      N       1.8398449438    -0.3857319788     1.8311861275
   25      H      -0.3938437345     2.9998845683    -1.0823544967
   26      N      -1.6828401233     2.6701150369     1.0358143596
   27      H      -2.1025473997     3.3579504368     0.4023673735
   28      H      -2.1209013426     2.4603742516     1.9181857126
   29      O       1.6749404085     2.0752696728    -2.0628762200
   30      H       3.6723098707    -1.4178806604     1.3173630287
   31      H       1.6223281038    -0.7721165664     2.7389384478
 ----------------------------------------------------------------
 Molecular Point Group                 C1    NOp =  1
 Largest Abelian Subgroup              C1    NOp =  1
 Nuclear Repulsion Energy =        1669.55513417 hartrees
 There are       72 alpha and       72 beta electrons
 Requested basis set is jun-cc-pVDZ
 There are 193 shells and 415 basis functions

 Total QAlloc Memory Limit  16000 MB
 Mega-Array Size       188 MB
 MEM_STATIC part       192 MB

 A cutoff of  1.0D-14 yielded  17688 shell pairs
 There are     81082 function pairs (     88887 Cartesian)
 Smallest overlap matrix eigenvalue = 5.69E-06

 Scale SEOQF with 1.000000e-01/1.000000e-01/1.000000e-01

 Standard Electronic Orientation quadrupole field applied
 Nucleus-field energy     =     0.0000000233 hartrees

 -----------------------------------------------------------------------
  General SCF calculation program by
  Eric Jon Sundstrom, Paul Horn, Yuezhi Mao, Dmitri Zuev, Alec White,
  David Stuck, Shaama M.S., Shane Yost, Joonho Lee, David Small,
  Daniel Levine, Susi Lehtola, Hugh Burton, Evgeny Epifanovsky,
  Bang C. Huynh
 -----------------------------------------------------------------------
================================================================
                 ALMO-EDA with the EDA2 driver                  
================================================================
 The second-generation ALMO-EDA (for DFT):                      
 P. R. Horn, Y. Mao and M. Head-Gordon, PCCP, 18, 23067 (2016)  
 Y. Mao et al. Annu. Rev. Phys. Chem. 72, 641 (2021)            
 Decomposition of the frozen energy:                            
 P. R. Horn, Y. Mao and M. Head-Gordon, JCP, 144, 114107 (2016) 
================================================================
 Using eda2 option set 2
 Option set summary: Frozen orbital wavefunction, initial wavefunction decomposition, and traditional AO-based POL.
--------------------------------
Printing EDA Options
--------------------------------
eda_child_super_basis      0
fragmo_guess_mode          0
child_mp                   0
child_mp_orders            0
cls_elec                   1
cls_disp                   0
scfmi_mode                 1
scfmi_occs                 0
scfmi_virts                0
frz_relax                  0
frz_relax_method           0
dc_pen_start               0
dc_pen_conv                0
dc_pen_increment           0
dc_pen_steps               0
dc_pen_thresh_factor       0
dc_pen_pre_newton_thresh   0
frz_ortho_decomp           1
frz_ortho_decomp_conv      6
plot_mo_ortho_frz          0
frgm_method                2
scfmi_freeze_ss            0
separate_rehyb             0
plot_diff_den              0
eda_nocv                   0
eda_vct_relax              1
disp_free_x                33
disp_free_c                25
eda_bsse                   1
eda_pct_a                  0
eda_covp                   0
eda_vct_a                  0
--------------------------------
 Attempting to make child job directory: /scratch/qchemscratch/qchem1975811//Frg1/
 Attempting to make child job directory: /scratch/qchemscratch/qchem1975811//Frg2/
 Creating input file /scratch/qchemscratch/qchem1975811/Frg1.input
 using default PutDataFrgm: nothing
 calling putenv with: QCSCRATCH=/scratch/qchemscratch/qchem1975811/ 
 Spawning Job For Fragment 0
 Done Job For Fragment 0
 calling putenv with: QCSCRATCH=/scratch/qchemscratch 
 calling putenv with: QCTHREADS=1 
 Creating input file /scratch/qchemscratch/qchem1975811/Frg2.input
 using default PutDataFrgm: nothing
 calling putenv with: QCSCRATCH=/scratch/qchemscratch/qchem1975811/ 
 Spawning Job For Fragment 1
 Done Job For Fragment 1
 calling putenv with: QCSCRATCH=/scratch/qchemscratch 
 calling putenv with: QCTHREADS=1 
Doing General SCFMI
 Exchange:  B97M-V      Correlation:  B97M-V
 Using SG-2 standard quadrature grid
 Nonlocal Correlation:  VV10 with C = 0.0100 and b = 6.00 and scale = 1.00000
 Grid used for NLC:  SG-1 standard quadrature
performing fock build before subrot guess so that all methods have access
Printing subrot_rss_gen Method Specification:
Occupied Subspace Method is 0
Virtual Subspace Method is 0
Energy of the unrelaxed supersystem initial determinant -996.715912687916
write pseudocanon occs and virts to disk
write pseudocanon orbital energies to disk
Tolerance of ortho_decomp_scf: 1.00e-06
GDM subspace size: 20
Beginning the Orthogonal Decomposition of the Initial Supersystem Wavefunction
    1    -996.6527108031      2.90e-02     ortho_decomp Preconditoned Steepest Descent
    2    -996.6594418855      6.60e-05     ortho_decomp BFGS Step
    3    -996.6594420864      8.99e-07     ortho_decomp 00000 Convergence criterion met
 Exchange:  revPBE      Correlation:  PBE
 Using SG-2 standard quadrature grid
 Exchange:  revPBE      Correlation:  PBE
 Using SG-2 standard quadrature grid
 Exchange:  revPBE      Correlation:  PBE
 Using SG-2 standard quadrature grid
Doing General SCFMI
 Exchange:  B97M-V      Correlation:  B97M-V
 Using SG-2 standard quadrature grid
 Nonlocal Correlation:  VV10 with C = 0.0100 and b = 6.00 and scale = 1.00000
 Grid used for NLC:  SG-1 standard quadrature
performing fock build at end of subrot_r(subrot) constructor so that all methods have access
<S^2> of initial wavefunction before polarization iterations 0.0000000000
Beginning iterations for the determination of the polarized wavefunction
Energy prior to optimization (guess energy) = -996.715912687916
Begin Timing: Total SCF Calculation
begin iterations for algorithm: DIIS         
the SCF tolerance is set to 1.00e-08
    1    -996.7159126879      1.36e-04     00000 
    2    -996.7152582410      2.29e-04     00000 
    3    -996.7174717723      8.98e-05     00000 
    4    -996.7177700403      3.12e-05     00000 
    5    -996.7177985760      2.37e-05     00000 
    6    -996.7178203565      1.04e-05     00000 
    7    -996.7178265256      6.53e-06     00000 
    8    -996.7178288759      4.60e-06     00000 
    9    -996.7178297305      2.80e-06     00000 
   10    -996.7178299671      1.81e-06     00000 
   11    -996.7178300753      1.01e-06     00000 
   12    -996.7178301016      7.34e-07     00000 
   13    -996.7178301201      4.66e-07     00000 
   14    -996.7178301290      2.86e-07     00000 
   15    -996.7178301338      1.31e-07     00000 
   16    -996.7178301349      1.10e-07     00000 
   17    -996.7178301355      5.16e-08     00000 
   18    -996.7178301357      3.57e-08     00000 
   19    -996.7178301358      2.08e-08     00000 
   20    -996.7178301358      1.39e-08     00000 
   21    -996.7178301358      7.12e-09     00000 Convergence criterion met
write pseudocanon occs and virts to disk
write pseudocanon orbital energies to disk
Timing for Total SCF: 5684.00s (wall), 5645.41s (cpu)
<S^2> of polarized wavefunction after polarization iterations 0.0000000000
relaxing scfmi constraint to allow all rotations in the entire AO span
Doing General SCFMI
 Exchange:  B97M-V      Correlation:  B97M-V
 Using SG-2 standard quadrature grid
 Nonlocal Correlation:  VV10 with C = 0.0100 and b = 6.00 and scale = 1.00000
 Grid used for NLC:  SG-1 standard quadrature
performing fock build at end of subrot_r(subrot) constructor so that all methods have access
<S^2> of polarized wavefunction before ct-allowed iterations 0.0000000000
Beginning iterations for the determination of the CT-Allowed wavefunction
Energy prior to optimization (guess energy) = -996.717830135751
Begin Timing: Total SCF Calculation
begin iterations for algorithm: DIIS         
the SCF tolerance is set to 1.00e-08
    1    -996.7178301358      1.82e-04     00000 
    2    -996.7228425570      8.86e-06     00000 
    3    -996.7228349265      1.34e-05     00000 
    4    -996.7228484484      5.24e-06     00000 
    5    -996.7228505322      1.63e-06     00000 
    6    -996.7228507157      7.20e-07     00000 
    7    -996.7228507578      1.75e-07     00000 
    8    -996.7228507597      8.49e-08     00000 
    9    -996.7228507603      2.41e-08     00000 
   10    -996.7228507603      9.79e-09     00000 Convergence criterion met
write pseudocanon occs and virts to disk
write pseudocanon orbital energies to disk
Timing for Total SCF: 2290.00s (wall), 2273.96s (cpu)
<S^2> of ct_allowed wavefunction after ct-allowed iterations 0.0000000000
 Attempting to make child job directory: /scratch/qchemscratch/qchem1975811//FrgBSSE1/
 Attempting to make child job directory: /scratch/qchemscratch/qchem1975811//FrgBSSE2/
 Creating input file /scratch/qchemscratch/qchem1975811/FrgBSSE1.input
 calling putenv with: QCSCRATCH=/scratch/qchemscratch/qchem1975811/ 
 Spawning Job For Fragment 0
 Done Job For Fragment 0
 calling putenv with: QCSCRATCH=/scratch/qchemscratch 
 calling putenv with: QCTHREADS=1 
 Creating input file /scratch/qchemscratch/qchem1975811/FrgBSSE2.input
 calling putenv with: QCSCRATCH=/scratch/qchemscratch/qchem1975811/ 
 Spawning Job For Fragment 1
 Done Job For Fragment 1
 calling putenv with: QCSCRATCH=/scratch/qchemscratch 
 calling putenv with: QCTHREADS=1 
====================================================================
   Evaluating the BSSE with fragment SCF in the supersystem basis
   Fragment contributions (kJ/mol) 
   Frgm 1: 3.1954
   Frgm 2: 3.5440
   BSSE (kJ/mol) = 6.7394
====================================================================

================================
        Results of EDA2         
================================
Basic EDA Quantities
--------------------
Fragment Energies (Ha):
1 -454.1398867938
2 -542.5753001616
--------------------
  E_prp (kJ/mol) = 0.0000
  E_frz (kJ/mol) = -1.9054
  E_pol (kJ/mol) = -5.0343
  E_vct (kJ/mol) = -6.4424 (CP-corrected)
  E_int (kJ/mol) = -13.3821 (CP-corrected)
--------------------


Decomposition of frozen interaction energy
--------------------
  --------------------
  Orthogonal Frozen Decomposition:
  --------------------
     E_elec   (ELEC)   (kJ/mol) = -62.5542
     E_pauli  (PAULI)  (kJ/mol) = 119.8121
     E_disp   (DISP)   (kJ/mol) = -59.1633
  --------------------
  Classical Frozen Decomposition:
  --------------------
     E_cls_elec  (CLS ELEC)  (kJ/mol) = -15.7613
     E_mod_pauli (MOD PAULI) (kJ/mol) = 73.0192 (FRZ - CLS ELEC - DISP)
     E_disp      (DISP)      (kJ/mol) = -59.1633
  --------------------
--------------------

Simplified EDA Summary (kJ/mol)
--------------------
 PREPARATION      0.0000
 FROZEN           -1.9054 (ELEC + PAULI + DISP)
[ELEC + PAULI = 57.2579, DISP = -59.1633]
 POLARIZATION    -5.0343
 CHARGE TRANSFER -6.4424     (counterpoise-corrected)
 TOTAL           -13.3821     (PRP + FRZ + POL + CT)
--------------------
 
 --------------------------------------------------------------
 
                    Orbital Energies (a.u.)
 --------------------------------------------------------------
 
 Alpha MOs
 -- Occupied --
-19.1488 -19.1340 -19.1171 -14.4169 -14.4089 -14.4089 -14.4085 -14.3957
-14.3499 -14.3362 -10.3452 -10.3318 -10.3034 -10.2911 -10.2668 -10.2649
-10.2540 -10.2171 -10.2064 -10.1931  -1.0750  -1.0403  -1.0324  -1.0128
 -0.9951  -0.9744  -0.9248  -0.9133  -0.9053  -0.8721  -0.8042  -0.7490
 -0.6973  -0.6588  -0.6578  -0.6495  -0.6472  -0.6055  -0.5814  -0.5500
 -0.5412  -0.5319  -0.5295  -0.5024  -0.4987  -0.4712  -0.4651  -0.4508
 -0.4437  -0.4429  -0.4230  -0.4201  -0.4105  -0.3977  -0.3888  -0.3824
 -0.3819  -0.3740  -0.3617  -0.3579  -0.3413  -0.3047  -0.2956  -0.2762
 -0.2742  -0.2672  -0.2593  -0.2501  -0.2369  -0.2271  -0.2252  -0.1926
 -- Virtual --
 -0.0726  -0.0406  -0.0393  -0.0365  -0.0317  -0.0200  -0.0158  -0.0015
  0.0033   0.0065   0.0085   0.0161   0.0227   0.0298   0.0362   0.0468
  0.0504   0.0535   0.0561   0.0572   0.0658   0.0757   0.0777   0.0810
  0.0848   0.0878   0.0930   0.0984   0.1028   0.1058   0.1104   0.1118
  0.1178   0.1232   0.1239   0.1285   0.1347   0.1356   0.1392   0.1416
  0.1449   0.1464   0.1504   0.1540   0.1607   0.1618   0.1649   0.1675
  0.1685   0.1725   0.1770   0.1788   0.1806   0.1823   0.1890   0.1907
  0.1968   0.1995   0.2020   0.2044   0.2090   0.2144   0.2152   0.2159
  0.2222   0.2262   0.2289   0.2326   0.2348   0.2391   0.2444   0.2472
  0.2520   0.2551   0.2626   0.2658   0.2715   0.2746   0.2790   0.2814
  0.2843   0.2858   0.2924   0.2983   0.3009   0.3064   0.3128   0.3149
  0.3219   0.3237   0.3267   0.3296   0.3323   0.3407   0.3477   0.3505
  0.3521   0.3575   0.3648   0.3652   0.3744   0.3814   0.3926   0.3975
  0.4006   0.4045   0.4140   0.4173   0.4355   0.4438   0.4527   0.4701
  0.4885   0.5045   0.5220   0.5233   0.5338   0.5855   0.5887   0.6044
  0.6103   0.6245   0.6415   0.6532   0.6600   0.6683   0.6780   0.6802
  0.6926   0.7023   0.7132   0.7152   0.7243   0.7314   0.7387   0.7451
  0.7516   0.7713   0.7820   0.7922   0.8051   0.8060   0.8180   0.8215
  0.8359   0.8401   0.8452   0.8553   0.8590   0.8717   0.8769   0.8823
  0.8896   0.8920   0.8962   0.9156   0.9171   0.9250   0.9288   0.9419
  0.9532   0.9545   0.9666   0.9795   0.9831   0.9903   0.9977   1.0118
  1.0146   1.0231   1.0366   1.0451   1.0529   1.0664   1.0703   1.0764
  1.0894   1.0938   1.0979   1.1024   1.1182   1.1230   1.1324   1.1353
  1.1411   1.1501   1.1673   1.1693   1.1798   1.1910   1.1981   1.2186
  1.2249   1.2450   1.2594   1.2664   1.2715   1.2942   1.2973   1.3094
  1.3150   1.3252   1.3292   1.3373   1.3464   1.3562   1.3716   1.3830
  1.3923   1.4146   1.4290   1.4536   1.4555   1.4734   1.4818   1.4942
  1.5126   1.5244   1.5381   1.5569   1.5605   1.5758   1.5833   1.5973
  1.6016   1.6126   1.6167   1.6250   1.6365   1.6460   1.6680   1.6755
  1.6900   1.7025   1.7112   1.7145   1.7152   1.7357   1.7404   1.7507
  1.7611   1.7684   1.7759   1.7857   1.7910   1.8045   1.8221   1.8324
  1.8365   1.8429   1.8527   1.8607   1.8662   1.8863   1.8983   1.9071
  1.9319   1.9514   1.9619   1.9773   1.9913   2.0149   2.0283   2.0362
  2.0505   2.0686   2.0894   2.0954   2.1070   2.1374   2.1573   2.1630
  2.1795   2.1860   2.1911   2.1960   2.2126   2.2245   2.2319   2.2631
  2.2846   2.2989   2.3057   2.3309   2.3510   2.3749   2.3798   2.3835
  2.3901   2.4064   2.4335   2.4414   2.4439   2.4663   2.5000   2.5168
  2.5456   2.5691   2.5805   2.6146   2.6160   2.6255   2.6396   2.6568
  2.6623   2.6807   2.6848   2.7063   2.7181   2.7233   2.7442   2.7571
  2.7722   2.8000   2.8034   2.8149   2.8187   2.8345   2.8565   2.8911
  2.9051   2.9502   2.9709   3.0155   3.0264   3.0454   3.0546   3.1044
  3.1311   3.1531   3.1728   3.1852   3.2141   3.4072   3.4714   3.4838
  3.5278   3.5446   3.5569   3.5636   3.7610   3.7725   3.8018
 --------------------------------------------------------------
 
          Ground-State Mulliken Net Atomic Charges

     Atom                 Charge (a.u.)
  ----------------------------------------
      1 N                    -0.188149
      2 C                     0.308131
      3 N                    -0.336554
      4 C                     0.241853
      5 C                     0.537274
      6 C                    -0.418285
      7 H                     0.234993
      8 O                    -0.352256
      9 H                     0.280188
     10 O                    -0.359329
     11 C                    -0.355770
     12 H                     0.075244
     13 H                     0.124844
     14 H                     0.154494
     15 H                     0.083002
     16 N                    -0.179953
     17 C                     0.352193
     18 N                    -0.244635
     19 C                     0.317915
     20 C                     0.558377
     21 C                    -0.102269
     22 N                    -0.251225
     23 C                    -0.253952
     24 N                    -0.338751
     25 H                     0.226112
     26 N                    -0.536808
     27 H                     0.224757
     28 H                     0.248350
     29 O                    -0.370873
     30 H                     0.100577
     31 H                     0.220503
  ----------------------------------------
  Sum of atomic charges =     0.000000

 -----------------------------------------------------------------
                    Cartesian Multipole Moments
 -----------------------------------------------------------------
    Charge (ESU x 10^10)
                -0.0000
    Dipole Moment (Debye)
         X      -4.5378      Y      -1.3592      Z       8.0958
       Tot       9.3798
    Quadrupole Moments (Debye-Ang)
        XX    -126.8347     XY     -12.2696     YY     -97.5950
        XZ      10.8049     YZ      -5.9008     ZZ    -117.7846
    Octopole Moments (Debye-Ang^2)
       XXX       5.5534    XXY     -20.1261    XYY     -44.6586
       YYY      34.5061    XXZ      49.7012    XYZ       6.7436
       YYZ      20.6969    XZZ     -36.4183    YZZ     -17.4074
       ZZZ      48.2953
    Hexadecapole Moments (Debye-Ang^3)
      XXXX   -2580.8787   XXXY     -60.3259   XXYY    -642.7511
      XYYY    -146.8290   YYYY   -1848.5918   XXXZ       6.8500
      XXYZ      -3.0017   XYYZ       8.8426   YYYZ     -16.8797
      XXZZ    -504.0255   XYZZ     -50.5491   YYZZ    -516.2950
      XZZZ      56.6796   YZZZ     -35.0527   ZZZZ   -1060.7827
 -----------------------------------------------------------------
 Total job time:  19197.42s(wall), 12165.00s(cpu) 
 Wed Apr 17 20:57:33 2024

        *************************************************************
        *                                                           *
        *  Thank you very much for using Q-Chem.  Have a nice day.  *
        *                                                           *
        *************************************************************


