
Running Job 1 of 1 agct_22.inp
qchem agct_22.inp_2017577.0 /scratch/qchemscratch/qchem2017577/ 1
/opt/qchem/6.1/exe/qcprog.exe_s agct_22.inp_2017577.0 /scratch/qchemscratch/qchem2017577/
                  Welcome to Q-Chem
     A Quantum Leap Into The Future Of Chemistry


 Q-Chem 6.1, Q-Chem, Inc., Pleasanton, CA (2023)

 License issued to: SRG Pengyu Ren, University of Texas at Austin

 E. Epifanovsky,  A. T. B. Gilbert,  Xintian Feng,  Joonho Lee,  Yuezhi Mao,  
 N. Mardirossian,  P. Pokhilko,  A. White,  M. Wormit,  M. P. Coons,  
 A. L. Dempwolff,  Zhengting Gan,  D. Hait,  P. R. Horn,  L. D. Jacobson,  
 I. Kaliman,  J. Kussmann,  A. W. Lange,  Ka Un Lao,  D. S. Levine,  Jie Liu,  
 S. C. McKenzie,  A. F. Morrison,  K. D. Nanda,  F. Plasser,  D. R. Rehn,  
 M. L. Vidal,  Zhi-Qiang You,  Ying Zhu,  B. Alam,  B. Albrecht,  
 A. Aldossary,  E. Alguire,  J. H. Andersen,  V. Athavale,  D. Barton,  
 K. Begam,  A. Behn,  N. Bellonzi,  Y. A. Bernard,  E. J. Berquist,  
 H. Burton,  A. Carreras,  K. Carter-Fenk,  Mathew Chow,  Romit Chakraborty,  
 Chandrima Chakravarty,  Junhan Chen,  A. D. Chien,  K. D. Closser,  
 V. Cofer-Shabica,  L. Cunha,  S. Dasgupta,  Jia Deng,  M. de Wergifosse,  
 M. Diedenhofen,  Hainam Do,  S. Ehlert,  Po-Tung Fang,  S. Fatehi,  
 Qingguo Feng,  T. Friedhoff,  Thomas Froitzheim,  B. Ganoe,  J. Gayvert,  
 Qinghui Ge,  G. Gidofalvi,  M. Gimferrer,  M. Goldey,  Montgomery Gray,  
 J. Gomes,  C. Gonzalez-Espinoza,  S. Gulania,  A. Gunina,  J. A. Gyamfi,  
 M. W. D. Hanson-Heine,  P. H. P. Harbach,  A. W. Hauser,  M. F. Herbst,  
 M. Hernandez Vera,  M. Hodecker,  Z. C. Holden,  S. Houck,  Xunkun Huang,  
 Kerwin Hui,  B. C. Huynh,  K. Ikeda,  M. Ivanov,  Hyunjun Ji,  Zuxin Jin,  
 Hanjie Jiang,  Subrata Jana,  B. Kaduk,  S. Kaehler,  R. Kang,  
 K. Khistyaev,  Jaehoon Kim,  Yongbin Kim,  P. Klunzinger,  Z. Koczor-Benda,  
 Joong Hoon Koh,  D. Kosenkov,  Saikiran Kotaru,  L. Koulias,  T. Kowalczyk,  
 C. M. Krauter,  K. Kue,  A. Kunitsa,  T. Kus,  A. Landau,  K. V. Lawler,  
 D. Lefrancois,  S. Lehtola,  Rain Li,  Shaozhi Li,  Yi-Pei Li,  
 Jiashu Liang,  M. Liebenthal,  Hung-Hsuan Lin,  You-Sheng Lin,  Fenglai Liu,  
 Kuan-Yu Liu,  Xiao Liu,  M. Loipersberger,  A. Luenser,  C. Malbon,  
 A. Manjanath,  P. Manohar,  E. Mansoor,  S. F. Manzer,  Shan-Ping Mao,  
 A. V. Marenich,  T. Markovich,  S. Mason,  F. Matz,  S. A. Maurer,  
 P. F. McLaughlin,  M. F. S. J. Menger,  J.-M. Mewes,  S. A. Mewes,  
 P. Morgante,  Mohammad Mostafanejad,  J. W. Mullinax,  K. J. Oosterbaan,  
 G. Paran,  V. Parravicini,  Alexander C. Paul,  Suranjan K. Paul,  
 F. Pavosevic,  Zheng Pei,  S. Prager,  E. I. Proynov,  E. Ramos,  B. Rana,  
 A. E. Rask,  A. Rettig,  R. M. Richard,  F. Rob,  E. Rossomme,  T. Scheele,  
 M. Scheurer,  M. Schneider,  P. E. Schneider,  Tim K. Schramm,  N. Sergueev,  
 S. M. Sharada,  M. Sharma,  Hengyuan Shen,  W. Skomorowski,  D. W. Small,  
 C. J. Stein,  Alistair J. Sterling,  Yingli Su,  Yu-Chuan Su,  
 E. J. Sundstrom,  J. Talbot,  Zhen Tao,  J. Thirman,  Hung-Yi Tsai,  
 T. Tsuchimochi,  N. M. Tubman,  C. Utku,  S. P. Veccham,  O. Vydrov,  
 J. Wenzel,  Jonathan Wong,  J. Witte,  A. Yamada,  Chou-Hsun Yang,  Kun Yao,  
 S. Yeganeh,  S. R. Yost,  A. Zech,  F. Zeller,  Igor Ying Zhang,  
 Xing Zhang,  Yu Zhang,  D. Zuev,  A. Aspuru-Guzik,  A. T. Bell,  
 N. A. Besley,  K. B. Bravaya,  B. R. Brooks,  D. Casanova,  Jeng-Da Chai,  
 Hsing-Ta Chen,  S. Coriani,  C. J. Cramer,  A. E. DePrince, III,  
 R. A. DiStasio Jr.,  A. Dreuw,  B. D. Dunietz,  T. R. Furlani,  
 W. A. Goddard III,  S. Grimme,  S. Hammes-Schiffer,  T. Head-Gordon,  
 W. J. Hehre,  Chao-Ping Hsu,  T.-C. Jagau,  Yousung Jung,  A. Klamt,  
 Jing Kong,  D. S. Lambrecht,  Xiangyuan Li,  WanZhen Liang,  N. J. Mayhall,  
 C. W. McCurdy,  J. B. Neaton,  T. Neudecker,  C. Ochsenfeld,  
 J. A. Parkhill,  R. Peverati,  V. A. Rassolov,  Haisheng Ren,  Yihan Shao,  
 L. V. Slipchenko,  R. P. Steele,  J. E. Subotnik,  A. J. W. Thom,  
 A. Tkatchenko,  D. G. Truhlar,  T. Van Voorhis,  Fan Wang,  
 T. A. Wesolowski,  K. B. Whaley,  H. L. Woodcock III,  P. M. Zimmerman,  
 S. Faraji,  P. M. W. Gill,  M. Head-Gordon,  J. M. Herbert,  A. I. Krylov

 Contributors to earlier versions of Q-Chem not listed above: 
 R. D. Adamson,  B. Austin,  R. Baer,  J. Baker,  G. J. O. Beran,  
 K. Brandhorst,  S. T. Brown,  E. F. C. Byrd,  Arup K. Chakraborty,  
 G. K. L. Chan,  Chun-Min Chang,  Yunqing Chen,  C.-L. Cheng,  
 Siu Hung Chien,  D. M. Chipman,  D. L. Crittenden,  H. Dachsel,  
 R. J. Doerksen,  A. D. Dutoi,  R. G. Edgar,  J. Fosso-Tande,  
 L. Fusti-Molnar,  D. Ghosh,  A. Ghysels,  A. Golubeva-Zadorozhnaya,  
 J. Gonthier,  M. S. Gordon,  S. R. Gwaltney,  G. Hawkins,  J. E. Herr,  
 A. Heyden,  S. Hirata,  E. G. Hohenstein,  G. Kedziora,  F. J. Keil,  
 C. Kelley,  Jihan Kim,  R. A. King,  R. Z. Khaliullin,  P. P. Korambath,  
 W. Kurlancheek,  A. Laurent,  A. M. Lee,  M. S. Lee,  S. V. Levchenko,  
 Ching Yeh Lin,  D. Liotard,  E. Livshits,  R. C. Lochan,  I. Lotan,  
 L. A. Martinez-Martinez,  P. E. Maslen,  N. Nair,  D. P. O'Neill,  
 D. Neuhauser,  E. Neuscamman,  C. M. Oana,  R. Olivares-Amaya,  R. Olson,  
 T. M. Perrine,  B. Peters,  P. A. Pieniazek,  A. Prociuk,  Y. M. Rhee,  
 J. Ritchie,  M. A. Rohrdanz,  E. Rosta,  N. J. Russ,  H. F. Schaefer III,  
 M. W. Schmidt,  N. E. Schultz,  S. Sharma,  N. Shenvi,  C. D. Sherrill,  
 A. C. Simmonett,  A. Sodt,  T. Stein,  D. Stuck,  K. S. Thanthiriwatte,  
 V. Vanovschi,  L. Vogt,  Tao Wang,  A. Warshel,  M. A. Watson,  
 C. F. Williams,  Q. Wu,  X. Xu,  Jun Yang,  W. Zhang,  Yan Zhao

   Please cite Q-Chem as follows:
  "Software for the frontiers of quantum chemistry:
   An overview of developments in the Q-Chem 5 package"
   J. Chem. Phys. 155, 084801 (2021)
   https://doi.org/10.1063/5.0055522 (open access)

 Q-Chem 6.1.1 for Intel X86 EM64T Linux

 Parts of Q-Chem use Armadillo 9.900.5 (Nocturnal Misbehaviour).
 http://arma.sourceforge.net/

 Q-Chem begins on Fri Mar  1 11:19:30 2024  

 Host: 
0

     Scratch files written to /scratch/qchemscratch/qchem2017577//
 Jan1824 |scratch|qcdevops|jenkins|workspace|build_RNUM UKVU   
 Processing $rem in /opt/qchem/6.1/config/preferences:
 Processing $rem in /home/mm227274/.qchemrc:

 Q-Chem warning in module libgen/rem_setup.C, line 3361:

 Neither GIA nor STOLL is specified by user. Use STOLL as the default


 Checking the input file for inconsistencies... 	...done.

--------------------------------------------------------------
User input:
--------------------------------------------------------------
$molecule
0 1
--
0 1
N -1.249408 -4.334618 0.000108
C -1.453779 -2.957386 0.000369
N -0.287164 -2.222242 0.000471
C 1.008028 -2.72249 0.000365
C 1.139737 -4.181361 6.4e-05
C 0.0 -4.915748 0.0
H -2.087419 -4.899193 0.000228
O -2.573085 -2.462566 0.000505
H -0.408805 -1.172186 0.000678
O 1.977244 -1.953535 0.000498
C 2.515972 -4.780254 -0.000534
H 2.46354 -5.877599 0.006109
H 3.080111 -4.452913 -0.886592
H 3.085127 -4.442101 0.87814
H 0.011158 -6.004875 -3.7e-05
--
0 1
N 1.100388 -4.128634 3.264027
C 0.248562 -3.007824 3.321979
N 0.820055 -1.77867 3.243597
C 2.148994 -1.642223 3.115595
C 3.028609 -2.788064 3.05552
C 2.452166 -4.015575 3.134336
H 0.647834 -5.031253 3.324692
O -0.96862 -3.201588 3.440578
N 2.639756 -0.400692 3.044576
H 2.005293 0.425439 3.087894
H 3.633293 -0.260078 2.948105
H 4.104543 -2.67605 2.95186
H 3.021463 -4.94353 3.099173
$end

$rem
JOBTYPE          eda
EDA2             2
METHOD           b97m-v
BASIS            aug-cc-pvtz
SCF_CONVERGENCE  8
THRESH           14
SYMMETRY         false
DISP_FREE_X      revPBE
DISP_FREE_C      PBE
EDA_BSSE         true
$end
--------------------------------------------------------------
 ----------------------------------------------------------------
             Standard Nuclear Orientation (Angstroms)
    I     Atom           X                Y                Z
 ----------------------------------------------------------------
    1      N      -2.7615304434    -0.0598762719     0.5928738929
    2      C      -2.5028178934     0.8423548791    -0.4355143228
    3      N      -1.4773632906     0.4534941959    -1.2713716648
    4      C      -0.7220408977    -0.7073108251    -1.1724263482
    5      C      -1.0550761840    -1.6051909786    -0.0640262968
    6      C      -2.0615891944    -1.2342323614     0.7652179154
    7      H      -3.5086351108     0.1993320382     1.2218834707
    8      O      -3.1373532318     1.8801578314    -0.5697630058
    9      H      -1.2563300525     1.1180732633    -2.0631375075
   10      O       0.1759601968    -0.9427441175    -1.9902506957
   11      C      -0.2724038182    -2.8761540393     0.0933675545
   12      H      -0.6237815372    -3.4448771977     0.9651742766
   13      H      -0.3667802026    -3.5026961723    -0.8060999405
   14      H       0.7990671596    -2.6578794295     0.2144419207
   15      H      -2.3707305338    -1.8449815908     1.6124127781
   16      N       1.0769167675     0.0086444374     1.8089190444
   17      C       0.8485491076     1.2381842896     1.1598728299
   18      N       1.5522123160     1.4914938144     0.0266209089
   19      C       2.4322418849     0.5991998699    -0.4534214185
   20      C       2.6712623694    -0.6641754608     0.2076649093
   21      C       1.9649190435    -0.9129905335     1.3410015384
   22      H       0.5393543162    -0.1534523356     2.6503212499
   23      O       0.0234050597     2.0179963863     1.6540110955
   24      N       3.0881861108     0.9179618392    -1.5738758988
   25      H       2.9156677323     1.8290238532    -2.0504423606
   26      H       3.7568338378     0.2718757372    -1.9633340957
   27      H       3.3841822100    -1.3857514050    -0.1822068154
   28      H       2.0678392552    -1.8320827081     1.9164257275
 ----------------------------------------------------------------
 Molecular Point Group                 C1    NOp =  1
 Largest Abelian Subgroup              C1    NOp =  1
 Nuclear Repulsion Energy =        1268.32128346 hartrees
 There are       62 alpha and       62 beta electrons
 Requested basis set is aug-cc-pVTZ
 There are 337 shells and 1035 basis functions

 Total QAlloc Memory Limit  16000 MB
 Mega-Array Size       188 MB
 MEM_STATIC part       192 MB

 A cutoff of  1.0D-14 yielded  52600 shell pairs
 There are    491144 function pairs (    671060 Cartesian)
 Smallest overlap matrix eigenvalue = 1.15E-06

 Scale SEOQF with 1.000000e-01/1.000000e-01/1.000000e-01

 Standard Electronic Orientation quadrupole field applied
 Nucleus-field energy     =     0.0000000155 hartrees

 -----------------------------------------------------------------------
  General SCF calculation program by
  Eric Jon Sundstrom, Paul Horn, Yuezhi Mao, Dmitri Zuev, Alec White,
  David Stuck, Shaama M.S., Shane Yost, Joonho Lee, David Small,
  Daniel Levine, Susi Lehtola, Hugh Burton, Evgeny Epifanovsky,
  Bang C. Huynh
 -----------------------------------------------------------------------
================================================================
                 ALMO-EDA with the EDA2 driver                  
================================================================
 The second-generation ALMO-EDA (for DFT):                      
 P. R. Horn, Y. Mao and M. Head-Gordon, PCCP, 18, 23067 (2016)  
 Y. Mao et al. Annu. Rev. Phys. Chem. 72, 641 (2021)            
 Decomposition of the frozen energy:                            
 P. R. Horn, Y. Mao and M. Head-Gordon, JCP, 144, 114107 (2016) 
================================================================
 Using eda2 option set 2
 Option set summary: Frozen orbital wavefunction, initial wavefunction decomposition, and traditional AO-based POL.
--------------------------------
Printing EDA Options
--------------------------------
eda_child_super_basis      0
fragmo_guess_mode          0
child_mp                   0
child_mp_orders            0
cls_elec                   1
cls_disp                   0
scfmi_mode                 1
scfmi_occs                 0
scfmi_virts                0
frz_relax                  0
frz_relax_method           0
dc_pen_start               0
dc_pen_conv                0
dc_pen_increment           0
dc_pen_steps               0
dc_pen_thresh_factor       0
dc_pen_pre_newton_thresh   0
frz_ortho_decomp           1
frz_ortho_decomp_conv      6
plot_mo_ortho_frz          0
frgm_method                2
scfmi_freeze_ss            0
separate_rehyb             0
plot_diff_den              0
eda_nocv                   0
eda_vct_relax              1
disp_free_x                33
disp_free_c                25
eda_bsse                   1
eda_pct_a                  0
eda_covp                   0
eda_vct_a                  0
--------------------------------
 Attempting to make child job directory: /scratch/qchemscratch/qchem2017577//Frg1/
 Attempting to make child job directory: /scratch/qchemscratch/qchem2017577//Frg2/
 Creating input file /scratch/qchemscratch/qchem2017577/Frg1.input
 using default PutDataFrgm: nothing
 calling putenv with: QCSCRATCH=/scratch/qchemscratch/qchem2017577/ 
 Spawning Job For Fragment 0
 Done Job For Fragment 0
 calling putenv with: QCSCRATCH=/scratch/qchemscratch 
 calling putenv with: QCTHREADS=1 
 Creating input file /scratch/qchemscratch/qchem2017577/Frg2.input
 using default PutDataFrgm: nothing
 calling putenv with: QCSCRATCH=/scratch/qchemscratch/qchem2017577/ 
 Spawning Job For Fragment 1
 Done Job For Fragment 1
 calling putenv with: QCSCRATCH=/scratch/qchemscratch 
 calling putenv with: QCTHREADS=1 
Doing General SCFMI
 Exchange:  B97M-V      Correlation:  B97M-V
 Using SG-2 standard quadrature grid
 Nonlocal Correlation:  VV10 with C = 0.0100 and b = 6.00 and scale = 1.00000
 Grid used for NLC:  SG-1 standard quadrature
performing fock build before subrot guess so that all methods have access
Printing subrot_rss_gen Method Specification:
Occupied Subspace Method is 0
Virtual Subspace Method is 0
Energy of the unrelaxed supersystem initial determinant -849.284892965253
write pseudocanon occs and virts to disk
write pseudocanon orbital energies to disk
Tolerance of ortho_decomp_scf: 1.00e-06
GDM subspace size: 20
Beginning the Orthogonal Decomposition of the Initial Supersystem Wavefunction
    1    -849.2314771155      3.12e-02     ortho_decomp Preconditoned Steepest Descent
    2    -849.2373314479      6.71e-05     ortho_decomp BFGS Step
    3    -849.2373315905      6.85e-07     ortho_decomp 00000 Convergence criterion met
 Exchange:  revPBE      Correlation:  PBE
 Using SG-2 standard quadrature grid
 Exchange:  revPBE      Correlation:  PBE
 Using SG-2 standard quadrature grid
 Exchange:  revPBE      Correlation:  PBE
 Using SG-2 standard quadrature grid
Doing General SCFMI
 Exchange:  B97M-V      Correlation:  B97M-V
 Using SG-2 standard quadrature grid
 Nonlocal Correlation:  VV10 with C = 0.0100 and b = 6.00 and scale = 1.00000
 Grid used for NLC:  SG-1 standard quadrature
performing fock build at end of subrot_r(subrot) constructor so that all methods have access
<S^2> of initial wavefunction before polarization iterations 0.0000000000
Beginning iterations for the determination of the polarized wavefunction
Energy prior to optimization (guess energy) = -849.284892965253
Begin Timing: Total SCF Calculation
begin iterations for algorithm: DIIS         
the SCF tolerance is set to 1.00e-08
    1    -849.2848929653      6.48e-05     00000 
    2    -849.2860153711      7.11e-05     00000 
    3    -849.2872205704      4.17e-05     00000 
    4    -849.2876635443      1.32e-05     00000 
    5    -849.2877054850      6.44e-06     00000 
    6    -849.2877169053      2.90e-06     00000 
    7    -849.2877194924      2.04e-06     00000 
    8    -849.2877212758      1.02e-06     00000 
    9    -849.2877219348      7.05e-07     00000 
   10    -849.2877222122      4.90e-07     00000 
   11    -849.2877223381      2.46e-07     00000 
   12    -849.2877223751      1.63e-07     00000 
   13    -849.2877223849      1.20e-07     00000 
   14    -849.2877223881      8.31e-08     00000 
   15    -849.2877223894      5.22e-08     00000 
   16    -849.2877223900      3.72e-08     00000 
   17    -849.2877223903      2.69e-08     00000 
   18    -849.2877223905      2.04e-08     00000 
   19    -849.2877223906      1.30e-08     00000 
   20    -849.2877223907      5.89e-09     00000 Convergence criterion met
write pseudocanon occs and virts to disk
write pseudocanon orbital energies to disk
Timing for Total SCF: 24247.00s (wall), 24050.82s (cpu)
<S^2> of polarized wavefunction after polarization iterations 0.0000000000
relaxing scfmi constraint to allow all rotations in the entire AO span
Doing General SCFMI
 Exchange:  B97M-V      Correlation:  B97M-V
 Using SG-2 standard quadrature grid
 Nonlocal Correlation:  VV10 with C = 0.0100 and b = 6.00 and scale = 1.00000
 Grid used for NLC:  SG-1 standard quadrature
performing fock build at end of subrot_r(subrot) constructor so that all methods have access
<S^2> of polarized wavefunction before ct-allowed iterations 0.0000000000
Beginning iterations for the determination of the CT-Allowed wavefunction
Energy prior to optimization (guess energy) = -849.287722390669
Begin Timing: Total SCF Calculation
begin iterations for algorithm: DIIS         
the SCF tolerance is set to 1.00e-08
    1    -849.2877223907      6.43e-05     00000 
    2    -849.2907353618      2.58e-06     00000 
    3    -849.2907331742      3.33e-06     00000 
    4    -849.2907377694      1.54e-06     00000 
    5    -849.2907388059      6.18e-07     00000 
    6    -849.2907389641      2.70e-07     00000 
    7    -849.2907389972      6.31e-08     00000 
    8    -849.2907389988      2.62e-08     00000 
    9    -849.2907389991      7.92e-09     00000 Convergence criterion met
write pseudocanon occs and virts to disk
write pseudocanon orbital energies to disk
Timing for Total SCF: 9831.00s (wall), 9767.99s (cpu)
<S^2> of ct_allowed wavefunction after ct-allowed iterations 0.0000000000
 Attempting to make child job directory: /scratch/qchemscratch/qchem2017577//FrgBSSE1/
 Attempting to make child job directory: /scratch/qchemscratch/qchem2017577//FrgBSSE2/
 Creating input file /scratch/qchemscratch/qchem2017577/FrgBSSE1.input
 calling putenv with: QCSCRATCH=/scratch/qchemscratch/qchem2017577/ 
 Spawning Job For Fragment 0
 Done Job For Fragment 0
 calling putenv with: QCSCRATCH=/scratch/qchemscratch 
 calling putenv with: QCTHREADS=1 
 Creating input file /scratch/qchemscratch/qchem2017577/FrgBSSE2.input
 calling putenv with: QCSCRATCH=/scratch/qchemscratch/qchem2017577/ 
 Spawning Job For Fragment 1
 Done Job For Fragment 1
 calling putenv with: QCSCRATCH=/scratch/qchemscratch 
 calling putenv with: QCTHREADS=1 
====================================================================
   Evaluating the BSSE with fragment SCF in the supersystem basis
   Fragment contributions (kJ/mol) 
   Frgm 1: 0.7410
   Frgm 2: 0.8706
   BSSE (kJ/mol) = 1.6116
====================================================================

================================
        Results of EDA2         
================================
Basic EDA Quantities
--------------------
Fragment Energies (Ha):
1 -454.2483788405
2 -395.0349880114
--------------------
  E_prp (kJ/mol) = 0.0000
  E_frz (kJ/mol) = -4.0069
  E_pol (kJ/mol) = -7.4287
  E_vct (kJ/mol) = -6.3086 (CP-corrected)
  E_int (kJ/mol) = -17.7442 (CP-corrected)
--------------------


Decomposition of frozen interaction energy
--------------------
  --------------------
  Orthogonal Frozen Decomposition:
  --------------------
     E_elec   (ELEC)   (kJ/mol) = -58.3058
     E_pauli  (PAULI)  (kJ/mol) = 99.7011
     E_disp   (DISP)   (kJ/mol) = -45.4021
  --------------------
  Classical Frozen Decomposition:
  --------------------
     E_cls_elec  (CLS ELEC)  (kJ/mol) = -20.8296
     E_mod_pauli (MOD PAULI) (kJ/mol) = 62.2249 (FRZ - CLS ELEC - DISP)
     E_disp      (DISP)      (kJ/mol) = -45.4021
  --------------------
--------------------

Simplified EDA Summary (kJ/mol)
--------------------
 PREPARATION      0.0000
 FROZEN           -4.0069 (ELEC + PAULI + DISP)
[ELEC + PAULI = 41.3953, DISP = -45.4021]
 POLARIZATION    -7.4287
 CHARGE TRANSFER -6.3086     (counterpoise-corrected)
 TOTAL           -17.7442     (PRP + FRZ + POL + CT)
--------------------
 
 --------------------------------------------------------------
 
                    Orbital Energies (a.u.)
 --------------------------------------------------------------
 
 Alpha MOs
 -- Occupied --
-19.1282 -19.1254 -19.0969 -14.4038 -14.3941 -14.3939 -14.3753 -14.3145
-10.3237 -10.2956 -10.2900 -10.2820 -10.2586 -10.2576 -10.2098 -10.1988
-10.1934  -1.0571  -1.0264  -1.0230  -0.9613  -0.9579  -0.9369  -0.9133
 -0.8604  -0.8007  -0.7706  -0.6952  -0.6520  -0.6480  -0.6371  -0.6297
 -0.5444  -0.5428  -0.5396  -0.5345  -0.5104  -0.4903  -0.4711  -0.4548
 -0.4460  -0.4248  -0.4213  -0.4140  -0.4090  -0.4009  -0.3984  -0.3824
 -0.3747  -0.3712  -0.3660  -0.3561  -0.3315  -0.3179  -0.2610  -0.2604
 -0.2462  -0.2411  -0.2364  -0.2245  -0.2226  -0.2102
 -- Virtual --
 -0.0718  -0.0655  -0.0357  -0.0235  -0.0190  -0.0147  -0.0102  -0.0041
  0.0025   0.0037   0.0141   0.0204   0.0248   0.0303   0.0371   0.0415
  0.0481   0.0503   0.0527   0.0553   0.0581   0.0592   0.0601   0.0657
  0.0679   0.0714   0.0743   0.0785   0.0793   0.0830   0.0879   0.0886
  0.0946   0.0951   0.0993   0.1002   0.1014   0.1061   0.1071   0.1102
  0.1121   0.1126   0.1193   0.1223   0.1239   0.1301   0.1333   0.1393
  0.1422   0.1445   0.1472   0.1501   0.1520   0.1545   0.1597   0.1608
  0.1645   0.1670   0.1688   0.1700   0.1721   0.1748   0.1791   0.1811
  0.1847   0.1881   0.1902   0.1947   0.1980   0.2016   0.2054   0.2056
  0.2108   0.2136   0.2175   0.2204   0.2234   0.2274   0.2285   0.2304
  0.2341   0.2384   0.2400   0.2423   0.2472   0.2499   0.2519   0.2543
  0.2551   0.2577   0.2611   0.2637   0.2655   0.2677   0.2692   0.2743
  0.2753   0.2801   0.2847   0.2877   0.2888   0.2937   0.2986   0.3018
  0.3042   0.3063   0.3099   0.3143   0.3200   0.3207   0.3255   0.3265
  0.3327   0.3370   0.3391   0.3421   0.3455   0.3509   0.3535   0.3581
  0.3621   0.3641   0.3654   0.3685   0.3728   0.3732   0.3798   0.3822
  0.3873   0.3886   0.3903   0.3942   0.3994   0.4028   0.4042   0.4093
  0.4116   0.4152   0.4165   0.4214   0.4248   0.4275   0.4334   0.4356
  0.4385   0.4434   0.4441   0.4493   0.4505   0.4519   0.4586   0.4606
  0.4629   0.4691   0.4753   0.4775   0.4828   0.4841   0.4873   0.4944
  0.4951   0.4995   0.5053   0.5070   0.5092   0.5114   0.5169   0.5216
  0.5226   0.5282   0.5295   0.5346   0.5377   0.5421   0.5463   0.5482
  0.5534   0.5565   0.5618   0.5704   0.5729   0.5769   0.5830   0.5851
  0.5870   0.5881   0.5969   0.5971   0.6024   0.6089   0.6154   0.6175
  0.6217   0.6240   0.6290   0.6333   0.6414   0.6448   0.6496   0.6562
  0.6580   0.6671   0.6695   0.6728   0.6757   0.6805   0.6826   0.6859
  0.6892   0.6991   0.7010   0.7062   0.7152   0.7162   0.7179   0.7247
  0.7265   0.7331   0.7357   0.7405   0.7460   0.7497   0.7520   0.7561
  0.7638   0.7674   0.7726   0.7739   0.7810   0.7833   0.7895   0.7925
  0.7998   0.8031   0.8069   0.8083   0.8115   0.8175   0.8189   0.8244
  0.8301   0.8354   0.8371   0.8441   0.8474   0.8519   0.8544   0.8603
  0.8623   0.8663   0.8713   0.8760   0.8804   0.8850   0.8895   0.8979
  0.9015   0.9089   0.9124   0.9172   0.9219   0.9244   0.9296   0.9351
  0.9382   0.9408   0.9499   0.9525   0.9577   0.9636   0.9670   0.9691
  0.9712   0.9770   0.9824   0.9872   0.9924   0.9970   1.0007   1.0010
  1.0103   1.0153   1.0183   1.0185   1.0239   1.0321   1.0332   1.0346
  1.0430   1.0467   1.0489   1.0497   1.0542   1.0642   1.0675   1.0723
  1.0779   1.0804   1.0820   1.0864   1.0911   1.0955   1.1030   1.1048
  1.1107   1.1126   1.1194   1.1227   1.1315   1.1387   1.1477   1.1503
  1.1570   1.1603   1.1630   1.1653   1.1711   1.1766   1.1800   1.1900
  1.1908   1.1961   1.2020   1.2036   1.2086   1.2185   1.2219   1.2277
  1.2297   1.2304   1.2356   1.2405   1.2440   1.2516   1.2528   1.2570
  1.2646   1.2710   1.2718   1.2793   1.2819   1.2883   1.2901   1.2906
  1.2964   1.3084   1.3090   1.3114   1.3166   1.3222   1.3281   1.3338
  1.3382   1.3467   1.3479   1.3508   1.3561   1.3581   1.3661   1.3758
  1.3832   1.3852   1.3910   1.3986   1.3991   1.4032   1.4070   1.4108
  1.4171   1.4248   1.4292   1.4324   1.4361   1.4415   1.4450   1.4500
  1.4604   1.4665   1.4713   1.4751   1.4824   1.4903   1.4905   1.4989
  1.5029   1.5053   1.5110   1.5137   1.5198   1.5244   1.5377   1.5409
  1.5478   1.5518   1.5597   1.5633   1.5669   1.5721   1.5771   1.5821
  1.5929   1.5967   1.6053   1.6080   1.6122   1.6174   1.6212   1.6310
  1.6377   1.6388   1.6449   1.6502   1.6530   1.6614   1.6702   1.6725
  1.6798   1.6911   1.6959   1.6972   1.7050   1.7160   1.7183   1.7198
  1.7325   1.7331   1.7387   1.7488   1.7527   1.7541   1.7647   1.7711
  1.7759   1.7858   1.8013   1.8045   1.8165   1.8201   1.8303   1.8354
  1.8416   1.8554   1.8582   1.8686   1.8732   1.8828   1.8867   1.8940
  1.9061   1.9089   1.9148   1.9211   1.9242   1.9307   1.9431   1.9496
  1.9565   1.9677   1.9803   1.9830   1.9840   1.9861   1.9945   2.0072
  2.0106   2.0183   2.0223   2.0272   2.0353   2.0434   2.0513   2.0537
  2.0587   2.0625   2.0706   2.0733   2.0821   2.0919   2.0989   2.1071
  2.1126   2.1194   2.1221   2.1326   2.1408   2.1436   2.1503   2.1635
  2.1683   2.1728   2.1779   2.1886   2.1974   2.2009   2.2144   2.2201
  2.2231   2.2262   2.2344   2.2420   2.2583   2.2684   2.2769   2.2796
  2.2940   2.3029   2.3056   2.3133   2.3149   2.3183   2.3302   2.3361
  2.3420   2.3524   2.3616   2.3661   2.3714   2.3807   2.3903   2.3961
  2.4014   2.4065   2.4217   2.4232   2.4296   2.4328   2.4477   2.4479
  2.4607   2.4630   2.4735   2.4838   2.4888   2.4978   2.5044   2.5090
  2.5236   2.5282   2.5317   2.5356   2.5428   2.5482   2.5526   2.5658
  2.5726   2.5802   2.5872   2.5983   2.5997   2.6079   2.6223   2.6294
  2.6392   2.6409   2.6543   2.6556   2.6780   2.6837   2.6875   2.7075
  2.7127   2.7243   2.7278   2.7378   2.7487   2.7643   2.7685   2.7863
  2.7997   2.8181   2.8199   2.8322   2.8446   2.8550   2.8812   2.8931
  2.8970   2.9122   2.9182   2.9343   2.9366   2.9548   2.9678   2.9822
  2.9923   3.0090   3.0232   3.0358   3.0464   3.0717   3.0845   3.1056
  3.1180   3.1304   3.1344   3.1453   3.1482   3.1631   3.1774   3.1810
  3.1940   3.2011   3.2083   3.2191   3.2323   3.2407   3.2563   3.2620
  3.2742   3.2878   3.2978   3.3003   3.3113   3.3290   3.3510   3.3576
  3.3671   3.3849   3.3920   3.4000   3.4049   3.4173   3.4274   3.4381
  3.4529   3.4626   3.4650   3.4744   3.4868   3.4916   3.4979   3.5121
  3.5185   3.5224   3.5306   3.5407   3.5593   3.5619   3.5664   3.5738
  3.5812   3.5918   3.5998   3.6012   3.6202   3.6207   3.6364   3.6372
  3.6457   3.6513   3.6584   3.6687   3.6832   3.6863   3.6972   3.6997
  3.7127   3.7251   3.7335   3.7337   3.7500   3.7590   3.7750   3.7804
  3.7955   3.8049   3.8072   3.8198   3.8242   3.8311   3.8395   3.8443
  3.8518   3.8590   3.8704   3.8880   3.8947   3.8980   3.9127   3.9175
  3.9259   3.9349   3.9402   3.9469   3.9617   3.9636   3.9736   3.9783
  3.9876   3.9991   4.0021   4.0156   4.0253   4.0272   4.0390   4.0502
  4.0563   4.0671   4.0792   4.0847   4.0881   4.1002   4.1059   4.1079
  4.1172   4.1267   4.1323   4.1365   4.1451   4.1677   4.1726   4.1781
  4.1877   4.1953   4.2078   4.2165   4.2216   4.2322   4.2357   4.2423
  4.2604   4.2728   4.2769   4.2817   4.2996   4.3039   4.3080   4.3211
  4.3394   4.3407   4.3587   4.3617   4.3676   4.3809   4.3858   4.3911
  4.3979   4.4087   4.4246   4.4337   4.4403   4.4458   4.4639   4.4797
  4.4852   4.4956   4.5004   4.5150   4.5231   4.5356   4.5461   4.5571
  4.5606   4.5729   4.5754   4.5886   4.5995   4.6046   4.6162   4.6301
  4.6338   4.6512   4.6531   4.6627   4.6802   4.6977   4.7048   4.7165
  4.7295   4.7390   4.7601   4.7740   4.7873   4.7952   4.8104   4.8259
  4.8290   4.8355   4.8454   4.8524   4.8580   4.8718   4.8867   4.8922
  4.9007   4.9203   4.9316   4.9528   4.9571   4.9788   4.9886   4.9987
  5.0033   5.0096   5.0260   5.0270   5.0409   5.0524   5.0617   5.0869
  5.1049   5.1126   5.1259   5.1459   5.1611   5.1680   5.1740   5.1928
  5.2090   5.2265   5.2280   5.2414   5.2475   5.2706   5.2732   5.2857
  5.2909   5.3032   5.3157   5.3286   5.3371   5.3422   5.3479   5.3552
  5.3608   5.3839   5.3932   5.4039   5.4169   5.4195   5.4290   5.4348
  5.4460   5.4578   5.4763   5.4870   5.4901   5.4988   5.5211   5.5261
  5.5413   5.5611   5.5865   5.5966   5.6011   5.6198   5.6333   5.6429
  5.6523   5.6706   5.6794   5.6892   5.7041   5.7106   5.7287   5.7359
  5.7393   5.7570   5.7693   5.7748   5.7938   5.7996   5.8152   5.8381
  5.8482   5.8579   5.8687   5.8983   5.9107   5.9242   5.9361   5.9423
  5.9879   5.9962   6.0099   6.0177   6.0250   6.0460   6.0593   6.0689
  6.0826   6.0874   6.1085   6.1523   6.1668   6.2036   6.2238   6.2675
  6.3041   6.3526   6.3831   6.4103   6.4703   6.4937   6.5013   6.5193
  6.5403   6.5607   6.5647   6.5836   6.5928   6.6108   6.6193   6.6398
  6.6486   6.6553   6.6769   6.6929   6.7014   6.7102   6.7119   6.7338
  6.7366   6.7628   6.8028   6.8042   6.8424   6.8702   6.8943   6.9139
  6.9271   6.9375   6.9817   7.0259   7.0730   7.1021   7.1223   7.1300
  7.1378   7.1776   7.2023   7.2264   7.2352   7.2673   7.2764   7.2842
  7.3231   7.4132   7.4743   7.4921   7.4983   7.5383   7.5679   7.5847
  7.6120   7.6408   7.6688   7.7084   7.7265   7.7477   7.7779   7.8013
  7.8262   7.8375   7.8623   7.9179  15.4616  15.5493  15.8623  15.8905
 16.0776  16.2846  16.6375  17.5386  17.8511  18.0248  18.9821  19.6182
 19.9674  20.2698  20.3265  20.6562  21.1362
 --------------------------------------------------------------
 
          Ground-State Mulliken Net Atomic Charges

     Atom                 Charge (a.u.)
  ----------------------------------------
      1 N                     0.236361
      2 C                    -0.102025
      3 N                     0.364902
      4 C                    -0.163621
      5 C                     1.469203
      6 C                    -1.349762
      7 H                     0.031326
      8 O                    -0.676388
      9 H                     0.084560
     10 O                    -0.896417
     11 C                    -0.647575
     12 H                     0.320464
     13 H                     0.354614
     14 H                     0.244652
     15 H                     0.656792
     16 N                     0.075425
     17 C                    -0.265904
     18 N                    -0.074691
     19 C                     0.876802
     20 C                    -0.459543
     21 C                    -0.356658
     22 H                     0.007829
     23 O                    -0.729123
     24 N                    -0.522895
     25 H                     0.120000
     26 H                     0.072146
     27 H                     0.461740
     28 H                     0.867786
  ----------------------------------------
  Sum of atomic charges =     0.000000

 -----------------------------------------------------------------
                    Cartesian Multipole Moments
 -----------------------------------------------------------------
    Charge (ESU x 10^10)
                -0.0000
    Dipole Moment (Debye)
         X       2.7935      Y      -6.6736      Z       1.3076
       Tot       7.3519
    Quadrupole Moments (Debye-Ang)
        XX     -84.9217     XY       8.4776     YY    -109.2313
        XZ     -10.8781     YZ     -15.2122     ZZ     -91.1485
    Octopole Moments (Debye-Ang^2)
       XXX      41.9680    XXY     -30.7314    XYY      21.5630
       YYY     -30.9191    XXZ      -6.3506    XYZ     -11.4985
       YYZ     -11.8849    XZZ       6.2635    YZZ       4.4019
       ZZZ       5.4695
    Hexadecapole Moments (Debye-Ang^3)
      XXXX   -2196.9456   XXXY      74.4993   XXYY    -635.8116
      XYYY      31.9227   YYYY   -1275.0970   XXXZ    -240.3015
      XXYZ     -12.3555   XYYZ     -27.6585   YYYZ     -46.4876
      XXZZ    -425.7828   XYZZ      19.8053   YYZZ    -341.7814
      XZZZ     -39.9488   YZZZ     -80.8305   ZZZZ    -814.6854
 -----------------------------------------------------------------
 Total job time:  83169.86s(wall), 56595.33s(cpu) 
 Sat Mar  2 10:25:40 2024

        *************************************************************
        *                                                           *
        *  Thank you very much for using Q-Chem.  Have a nice day.  *
        *                                                           *
        *************************************************************


