
Running Job 1 of 1 atat_11_jun.inp
qchem atat_11_jun.inp_1976147.0 /scratch/qchemscratch/qchem1976147/ 1
/opt/qchem/6.1/exe/qcprog.exe_s atat_11_jun.inp_1976147.0 /scratch/qchemscratch/qchem1976147/
                  Welcome to Q-Chem
     A Quantum Leap Into The Future Of Chemistry


 Q-Chem 6.1, Q-Chem, Inc., Pleasanton, CA (2023)

 License issued to: SRG Pengyu Ren, University of Texas at Austin

 E. Epifanovsky,  A. T. B. Gilbert,  Xintian Feng,  Joonho Lee,  Yuezhi Mao,  
 N. Mardirossian,  P. Pokhilko,  A. White,  M. Wormit,  M. P. Coons,  
 A. L. Dempwolff,  Zhengting Gan,  D. Hait,  P. R. Horn,  L. D. Jacobson,  
 I. Kaliman,  J. Kussmann,  A. W. Lange,  Ka Un Lao,  D. S. Levine,  Jie Liu,  
 S. C. McKenzie,  A. F. Morrison,  K. D. Nanda,  F. Plasser,  D. R. Rehn,  
 M. L. Vidal,  Zhi-Qiang You,  Ying Zhu,  B. Alam,  B. Albrecht,  
 A. Aldossary,  E. Alguire,  J. H. Andersen,  V. Athavale,  D. Barton,  
 K. Begam,  A. Behn,  N. Bellonzi,  Y. A. Bernard,  E. J. Berquist,  
 H. Burton,  A. Carreras,  K. Carter-Fenk,  Mathew Chow,  Romit Chakraborty,  
 Chandrima Chakravarty,  Junhan Chen,  A. D. Chien,  K. D. Closser,  
 V. Cofer-Shabica,  L. Cunha,  S. Dasgupta,  Jia Deng,  M. de Wergifosse,  
 M. Diedenhofen,  Hainam Do,  S. Ehlert,  Po-Tung Fang,  S. Fatehi,  
 Qingguo Feng,  T. Friedhoff,  Thomas Froitzheim,  B. Ganoe,  J. Gayvert,  
 Qinghui Ge,  G. Gidofalvi,  M. Gimferrer,  M. Goldey,  Montgomery Gray,  
 J. Gomes,  C. Gonzalez-Espinoza,  S. Gulania,  A. Gunina,  J. A. Gyamfi,  
 M. W. D. Hanson-Heine,  P. H. P. Harbach,  A. W. Hauser,  M. F. Herbst,  
 M. Hernandez Vera,  M. Hodecker,  Z. C. Holden,  S. Houck,  Xunkun Huang,  
 Kerwin Hui,  B. C. Huynh,  K. Ikeda,  M. Ivanov,  Hyunjun Ji,  Zuxin Jin,  
 Hanjie Jiang,  Subrata Jana,  B. Kaduk,  S. Kaehler,  R. Kang,  
 K. Khistyaev,  Jaehoon Kim,  Yongbin Kim,  P. Klunzinger,  Z. Koczor-Benda,  
 Joong Hoon Koh,  D. Kosenkov,  Saikiran Kotaru,  L. Koulias,  T. Kowalczyk,  
 C. M. Krauter,  K. Kue,  A. Kunitsa,  T. Kus,  A. Landau,  K. V. Lawler,  
 D. Lefrancois,  S. Lehtola,  Rain Li,  Shaozhi Li,  Yi-Pei Li,  
 Jiashu Liang,  M. Liebenthal,  Hung-Hsuan Lin,  You-Sheng Lin,  Fenglai Liu,  
 Kuan-Yu Liu,  Xiao Liu,  M. Loipersberger,  A. Luenser,  C. Malbon,  
 A. Manjanath,  P. Manohar,  E. Mansoor,  S. F. Manzer,  Shan-Ping Mao,  
 A. V. Marenich,  T. Markovich,  S. Mason,  F. Matz,  S. A. Maurer,  
 P. F. McLaughlin,  M. F. S. J. Menger,  J.-M. Mewes,  S. A. Mewes,  
 P. Morgante,  Mohammad Mostafanejad,  J. W. Mullinax,  K. J. Oosterbaan,  
 G. Paran,  V. Parravicini,  Alexander C. Paul,  Suranjan K. Paul,  
 F. Pavosevic,  Zheng Pei,  S. Prager,  E. I. Proynov,  E. Ramos,  B. Rana,  
 A. E. Rask,  A. Rettig,  R. M. Richard,  F. Rob,  E. Rossomme,  T. Scheele,  
 M. Scheurer,  M. Schneider,  P. E. Schneider,  Tim K. Schramm,  N. Sergueev,  
 S. M. Sharada,  M. Sharma,  Hengyuan Shen,  W. Skomorowski,  D. W. Small,  
 C. J. Stein,  Alistair J. Sterling,  Yingli Su,  Yu-Chuan Su,  
 E. J. Sundstrom,  J. Talbot,  Zhen Tao,  J. Thirman,  Hung-Yi Tsai,  
 T. Tsuchimochi,  N. M. Tubman,  C. Utku,  S. P. Veccham,  O. Vydrov,  
 J. Wenzel,  Jonathan Wong,  J. Witte,  A. Yamada,  Chou-Hsun Yang,  Kun Yao,  
 S. Yeganeh,  S. R. Yost,  A. Zech,  F. Zeller,  Igor Ying Zhang,  
 Xing Zhang,  Yu Zhang,  D. Zuev,  A. Aspuru-Guzik,  A. T. Bell,  
 N. A. Besley,  K. B. Bravaya,  B. R. Brooks,  D. Casanova,  Jeng-Da Chai,  
 Hsing-Ta Chen,  S. Coriani,  C. J. Cramer,  A. E. DePrince, III,  
 R. A. DiStasio Jr.,  A. Dreuw,  B. D. Dunietz,  T. R. Furlani,  
 W. A. Goddard III,  S. Grimme,  S. Hammes-Schiffer,  T. Head-Gordon,  
 W. J. Hehre,  Chao-Ping Hsu,  T.-C. Jagau,  Yousung Jung,  A. Klamt,  
 Jing Kong,  D. S. Lambrecht,  Xiangyuan Li,  WanZhen Liang,  N. J. Mayhall,  
 C. W. McCurdy,  J. B. Neaton,  T. Neudecker,  C. Ochsenfeld,  
 J. A. Parkhill,  R. Peverati,  V. A. Rassolov,  Haisheng Ren,  Yihan Shao,  
 L. V. Slipchenko,  R. P. Steele,  J. E. Subotnik,  A. J. W. Thom,  
 A. Tkatchenko,  D. G. Truhlar,  T. Van Voorhis,  Fan Wang,  
 T. A. Wesolowski,  K. B. Whaley,  H. L. Woodcock III,  P. M. Zimmerman,  
 S. Faraji,  P. M. W. Gill,  M. Head-Gordon,  J. M. Herbert,  A. I. Krylov

 Contributors to earlier versions of Q-Chem not listed above: 
 R. D. Adamson,  B. Austin,  R. Baer,  J. Baker,  G. J. O. Beran,  
 K. Brandhorst,  S. T. Brown,  E. F. C. Byrd,  Arup K. Chakraborty,  
 G. K. L. Chan,  Chun-Min Chang,  Yunqing Chen,  C.-L. Cheng,  
 Siu Hung Chien,  D. M. Chipman,  D. L. Crittenden,  H. Dachsel,  
 R. J. Doerksen,  A. D. Dutoi,  R. G. Edgar,  J. Fosso-Tande,  
 L. Fusti-Molnar,  D. Ghosh,  A. Ghysels,  A. Golubeva-Zadorozhnaya,  
 J. Gonthier,  M. S. Gordon,  S. R. Gwaltney,  G. Hawkins,  J. E. Herr,  
 A. Heyden,  S. Hirata,  E. G. Hohenstein,  G. Kedziora,  F. J. Keil,  
 C. Kelley,  Jihan Kim,  R. A. King,  R. Z. Khaliullin,  P. P. Korambath,  
 W. Kurlancheek,  A. Laurent,  A. M. Lee,  M. S. Lee,  S. V. Levchenko,  
 Ching Yeh Lin,  D. Liotard,  E. Livshits,  R. C. Lochan,  I. Lotan,  
 L. A. Martinez-Martinez,  P. E. Maslen,  N. Nair,  D. P. O'Neill,  
 D. Neuhauser,  E. Neuscamman,  C. M. Oana,  R. Olivares-Amaya,  R. Olson,  
 T. M. Perrine,  B. Peters,  P. A. Pieniazek,  A. Prociuk,  Y. M. Rhee,  
 J. Ritchie,  M. A. Rohrdanz,  E. Rosta,  N. J. Russ,  H. F. Schaefer III,  
 M. W. Schmidt,  N. E. Schultz,  S. Sharma,  N. Shenvi,  C. D. Sherrill,  
 A. C. Simmonett,  A. Sodt,  T. Stein,  D. Stuck,  K. S. Thanthiriwatte,  
 V. Vanovschi,  L. Vogt,  Tao Wang,  A. Warshel,  M. A. Watson,  
 C. F. Williams,  Q. Wu,  X. Xu,  Jun Yang,  W. Zhang,  Yan Zhao

   Please cite Q-Chem as follows:
  "Software for the frontiers of quantum chemistry:
   An overview of developments in the Q-Chem 5 package"
   J. Chem. Phys. 155, 084801 (2021)
   https://doi.org/10.1063/5.0055522 (open access)

 Q-Chem 6.1.1 for Intel X86 EM64T Linux

 Parts of Q-Chem use Armadillo 9.900.5 (Nocturnal Misbehaviour).
 http://arma.sourceforge.net/

 Q-Chem begins on Wed Apr 17 15:39:23 2024  

 Host: 
0

     Scratch files written to /scratch/qchemscratch/qchem1976147//
 Jan1824 |scratch|qcdevops|jenkins|workspace|build_RNUM UKVU   
 Processing $rem in /opt/qchem/6.1/config/preferences:
 Processing $rem in /home/mm227274/.qchemrc:

 Q-Chem warning in module libgen/rem_setup.C, line 3361:

 Neither GIA nor STOLL is specified by user. Use STOLL as the default


 Checking the input file for inconsistencies... 	...done.

--------------------------------------------------------------
User input:
--------------------------------------------------------------
$molecule
0 1
--
0 1
N -0.64527 0.537199 0.000379
C -1.914342 0.992571 0.000336
N -2.327871 2.260455 0.000198
C -1.289976 3.113552 0.000134
C 0.071467 2.788444 0.000208
C 0.388103 1.409805 0.000331
N 0.862141 3.925582 0.00012
C 0.0 4.915748 0.0
N -1.315514 4.490519 0.0
H -2.678219 0.213216 0.000396
N 1.647269 0.939941 0.000399
H 2.408453 1.601685 0.000397
H 1.826741 -0.069006 0.000581
H 0.255544 5.970689 -9.4e-05
H -2.145977 5.066056 -9e-05
--
0 1
N -3.068594 2.541611 3.270964
C -2.534408 1.255856 3.267052
N -1.156035 1.226431 3.29253
C -0.303748 2.322152 3.32031
C -0.94225 3.64047 3.322649
C -2.297199 3.683087 3.297713
H -4.077512 2.594038 3.252448
O -3.238763 0.255356 3.243035
H -0.71946 0.263721 3.290277
O 0.922876 2.1621 3.341518
C -0.071326 4.862472 3.352615
H -0.681302 5.776156 3.344238
H 0.564071 4.862944 4.250822
H 0.607083 4.875039 2.486615
H -2.848574 4.622399 3.29739
$end

$rem
JOBTYPE          eda
EDA2             2
METHOD           b97m-v
BASIS            jun-cc-pvdz
SCF_CONVERGENCE  8
THRESH           14
SYMMETRY         false
DISP_FREE_X      revPBE
DISP_FREE_C      PBE
EDA_BSSE         true
$end
--------------------------------------------------------------
 ----------------------------------------------------------------
             Standard Nuclear Orientation (Angstroms)
    I     Atom           X                Y                Z
 ----------------------------------------------------------------
    1      N       0.9503135354     2.3644663803     0.0016242672
    2      C       0.3150930047     2.1075207522     1.1628224514
    3      N       0.3616173858     0.9907751111     1.8903186680
    4      C       1.1586157597     0.0700548462     1.3228080404
    5      C       1.8770397900     0.1949003142     0.1280265620
    6      C       1.7490846968     1.4263192842    -0.5561800430
    7      N       2.5945228436    -0.9561194406    -0.1523656722
    8      C       2.3171694404    -1.7588871411     0.8488111027
    9      N       1.4555590429    -1.1972637013     1.7727177114
   10      H      -0.3057885826     2.9249447063     1.5332633031
   11      N       2.3752420063     1.6979032111    -1.7139539385
   12      H       2.9678885730     0.9893349572    -2.1189320613
   13      H       2.2511252214     2.6057970036    -2.1727656276
   14      H       2.7047171025    -2.7652156399     0.9725568916
   15      H       1.1027549028    -1.6215015154     2.6191591782
   16      N      -2.5608182770    -0.3613074875     0.9121203601
   17      C      -2.5380270354     0.7578791157     0.0842086419
   18      N      -1.7626668649     0.5984666354    -1.0448756567
   19      C      -1.0404838617    -0.5323811832    -1.4018130314
   20      C      -1.1153652323    -1.6676262397    -0.4791733043
   21      C      -1.8745347525    -1.5235972994     0.6349371522
   22      H      -3.1214649072    -0.2731758152     1.7481318000
   23      O      -3.1555296124     1.7804613960     0.3501204313
   24      H      -1.7248348995     1.4315043233    -1.6945142514
   25      O      -0.3796434015    -0.5501806433    -2.4475883059
   26      C      -0.3554615801    -2.9181963759    -0.8128141844
   27      H      -0.4969701667    -3.6798264955    -0.0338056945
   28      H      -0.6873691530    -3.3265913148    -1.7790213683
   29      H       0.7185973116    -2.7025374131    -0.9140140341
   30      H      -1.9824403732    -2.3193402169     1.3707843609
 ----------------------------------------------------------------
 Molecular Point Group                 C1    NOp =  1
 Largest Abelian Subgroup              C1    NOp =  1
 Nuclear Repulsion Energy =        1510.25245736 hartrees
 There are       68 alpha and       68 beta electrons
 Requested basis set is jun-cc-pVDZ
 There are 185 shells and 397 basis functions

 Total QAlloc Memory Limit  16000 MB
 Mega-Array Size       188 MB
 MEM_STATIC part       192 MB

 A cutoff of  1.0D-14 yielded  16373 shell pairs
 There are     75037 function pairs (     82287 Cartesian)
 Smallest overlap matrix eigenvalue = 4.88E-06

 Scale SEOQF with 1.000000e-01/1.000000e-01/1.000000e-01

 Standard Electronic Orientation quadrupole field applied
 Nucleus-field energy     =     0.0000000173 hartrees

 -----------------------------------------------------------------------
  General SCF calculation program by
  Eric Jon Sundstrom, Paul Horn, Yuezhi Mao, Dmitri Zuev, Alec White,
  David Stuck, Shaama M.S., Shane Yost, Joonho Lee, David Small,
  Daniel Levine, Susi Lehtola, Hugh Burton, Evgeny Epifanovsky,
  Bang C. Huynh
 -----------------------------------------------------------------------
================================================================
                 ALMO-EDA with the EDA2 driver                  
================================================================
 The second-generation ALMO-EDA (for DFT):                      
 P. R. Horn, Y. Mao and M. Head-Gordon, PCCP, 18, 23067 (2016)  
 Y. Mao et al. Annu. Rev. Phys. Chem. 72, 641 (2021)            
 Decomposition of the frozen energy:                            
 P. R. Horn, Y. Mao and M. Head-Gordon, JCP, 144, 114107 (2016) 
================================================================
 Using eda2 option set 2
 Option set summary: Frozen orbital wavefunction, initial wavefunction decomposition, and traditional AO-based POL.
--------------------------------
Printing EDA Options
--------------------------------
eda_child_super_basis      0
fragmo_guess_mode          0
child_mp                   0
child_mp_orders            0
cls_elec                   1
cls_disp                   0
scfmi_mode                 1
scfmi_occs                 0
scfmi_virts                0
frz_relax                  0
frz_relax_method           0
dc_pen_start               0
dc_pen_conv                0
dc_pen_increment           0
dc_pen_steps               0
dc_pen_thresh_factor       0
dc_pen_pre_newton_thresh   0
frz_ortho_decomp           1
frz_ortho_decomp_conv      6
plot_mo_ortho_frz          0
frgm_method                2
scfmi_freeze_ss            0
separate_rehyb             0
plot_diff_den              0
eda_nocv                   0
eda_vct_relax              1
disp_free_x                33
disp_free_c                25
eda_bsse                   1
eda_pct_a                  0
eda_covp                   0
eda_vct_a                  0
--------------------------------
 Attempting to make child job directory: /scratch/qchemscratch/qchem1976147//Frg1/
 Attempting to make child job directory: /scratch/qchemscratch/qchem1976147//Frg2/
 Creating input file /scratch/qchemscratch/qchem1976147/Frg1.input
 using default PutDataFrgm: nothing
 calling putenv with: QCSCRATCH=/scratch/qchemscratch/qchem1976147/ 
 Spawning Job For Fragment 0
 Done Job For Fragment 0
 calling putenv with: QCSCRATCH=/scratch/qchemscratch 
 calling putenv with: QCTHREADS=1 
 Creating input file /scratch/qchemscratch/qchem1976147/Frg2.input
 using default PutDataFrgm: nothing
 calling putenv with: QCSCRATCH=/scratch/qchemscratch/qchem1976147/ 
 Spawning Job For Fragment 1
 Done Job For Fragment 1
 calling putenv with: QCSCRATCH=/scratch/qchemscratch 
 calling putenv with: QCTHREADS=1 
Doing General SCFMI
 Exchange:  B97M-V      Correlation:  B97M-V
 Using SG-2 standard quadrature grid
 Nonlocal Correlation:  VV10 with C = 0.0100 and b = 6.00 and scale = 1.00000
 Grid used for NLC:  SG-1 standard quadrature
performing fock build before subrot guess so that all methods have access
Printing subrot_rss_gen Method Specification:
Occupied Subspace Method is 0
Virtual Subspace Method is 0
Energy of the unrelaxed supersystem initial determinant -921.499860969607
write pseudocanon occs and virts to disk
write pseudocanon orbital energies to disk
Tolerance of ortho_decomp_scf: 1.00e-06
GDM subspace size: 20
Beginning the Orthogonal Decomposition of the Initial Supersystem Wavefunction
    1    -921.4452581539      2.62e-02     ortho_decomp Preconditoned Steepest Descent
    2    -921.4503491308      5.85e-05     ortho_decomp BFGS Step
    3    -921.4503492727      7.58e-07     ortho_decomp 00000 Convergence criterion met
 Exchange:  revPBE      Correlation:  PBE
 Using SG-2 standard quadrature grid
 Exchange:  revPBE      Correlation:  PBE
 Using SG-2 standard quadrature grid
 Exchange:  revPBE      Correlation:  PBE
 Using SG-2 standard quadrature grid
Doing General SCFMI
 Exchange:  B97M-V      Correlation:  B97M-V
 Using SG-2 standard quadrature grid
 Nonlocal Correlation:  VV10 with C = 0.0100 and b = 6.00 and scale = 1.00000
 Grid used for NLC:  SG-1 standard quadrature
performing fock build at end of subrot_r(subrot) constructor so that all methods have access
<S^2> of initial wavefunction before polarization iterations 0.0000000000
Beginning iterations for the determination of the polarized wavefunction
Energy prior to optimization (guess energy) = -921.499860969609
Begin Timing: Total SCF Calculation
begin iterations for algorithm: DIIS         
the SCF tolerance is set to 1.00e-08
    1    -921.4998609696      1.14e-04     00000 
    2    -921.5002085037      1.40e-04     00000 
    3    -921.5008440275      8.61e-05     00000 
    4    -921.5011257632      2.91e-05     00000 
    5    -921.5011524651      2.01e-05     00000 
    6    -921.5011677726      1.08e-05     00000 
    7    -921.5011729933      7.22e-06     00000 
    8    -921.5011754791      4.09e-06     00000 
    9    -921.5011761019      2.67e-06     00000 
   10    -921.5011762848      1.76e-06     00000 
   11    -921.5011763768      9.41e-07     00000 
   12    -921.5011763995      6.69e-07     00000 
   13    -921.5011764171      3.13e-07     00000 
   14    -921.5011764217      2.64e-07     00000 
   15    -921.5011764255      1.17e-07     00000 
   16    -921.5011764266      6.17e-08     00000 
   17    -921.5011764268      3.21e-08     00000 
   18    -921.5011764269      2.09e-08     00000 
   19    -921.5011764269      1.51e-08     00000 
   20    -921.5011764269      8.42e-09     00000 Convergence criterion met
write pseudocanon occs and virts to disk
write pseudocanon orbital energies to disk
Timing for Total SCF: 4812.00s (wall), 4776.50s (cpu)
<S^2> of polarized wavefunction after polarization iterations 0.0000000000
relaxing scfmi constraint to allow all rotations in the entire AO span
Doing General SCFMI
 Exchange:  B97M-V      Correlation:  B97M-V
 Using SG-2 standard quadrature grid
 Nonlocal Correlation:  VV10 with C = 0.0100 and b = 6.00 and scale = 1.00000
 Grid used for NLC:  SG-1 standard quadrature
performing fock build at end of subrot_r(subrot) constructor so that all methods have access
<S^2> of polarized wavefunction before ct-allowed iterations 0.0000000000
Beginning iterations for the determination of the CT-Allowed wavefunction
Energy prior to optimization (guess energy) = -921.501176426884
Begin Timing: Total SCF Calculation
begin iterations for algorithm: DIIS         
the SCF tolerance is set to 1.00e-08
    1    -921.5011764269      1.69e-04     00000 
    2    -921.5050686073      7.07e-06     00000 
    3    -921.5050628169      1.18e-05     00000 
    4    -921.5050721495      3.71e-06     00000 
    5    -921.5050729851      1.27e-06     00000 
    6    -921.5050730848      5.57e-07     00000 
    7    -921.5050731077      1.75e-07     00000 
    8    -921.5050731097      6.90e-08     00000 
    9    -921.5050731100      2.32e-08     00000 
   10    -921.5050731101      7.63e-09     00000 Convergence criterion met
write pseudocanon occs and virts to disk
write pseudocanon orbital energies to disk
Timing for Total SCF: 2242.00s (wall), 2225.44s (cpu)
<S^2> of ct_allowed wavefunction after ct-allowed iterations 0.0000000000
 Attempting to make child job directory: /scratch/qchemscratch/qchem1976147//FrgBSSE1/
 Attempting to make child job directory: /scratch/qchemscratch/qchem1976147//FrgBSSE2/
 Creating input file /scratch/qchemscratch/qchem1976147/FrgBSSE1.input
 calling putenv with: QCSCRATCH=/scratch/qchemscratch/qchem1976147/ 
 Spawning Job For Fragment 0
 Done Job For Fragment 0
 calling putenv with: QCSCRATCH=/scratch/qchemscratch 
 calling putenv with: QCTHREADS=1 
 Creating input file /scratch/qchemscratch/qchem1976147/FrgBSSE2.input
 calling putenv with: QCSCRATCH=/scratch/qchemscratch/qchem1976147/ 
 Spawning Job For Fragment 1
 Done Job For Fragment 1
 calling putenv with: QCSCRATCH=/scratch/qchemscratch 
 calling putenv with: QCTHREADS=1 
====================================================================
   Evaluating the BSSE with fragment SCF in the supersystem basis
   Fragment contributions (kJ/mol) 
   Frgm 1: 2.7536
   Frgm 2: 2.7405
   BSSE (kJ/mol) = 5.4941
====================================================================

================================
        Results of EDA2         
================================
Basic EDA Quantities
--------------------
Fragment Energies (Ha):
1 -467.3532070917
2 -454.1402120194
--------------------
  E_prp (kJ/mol) = 0.0000
  E_frz (kJ/mol) = -16.9133
  E_pol (kJ/mol) = -3.4538
  E_vct (kJ/mol) = -4.7368 (CP-corrected)
  E_int (kJ/mol) = -25.1039 (CP-corrected)
--------------------


Decomposition of frozen interaction energy
--------------------
  --------------------
  Orthogonal Frozen Decomposition:
  --------------------
     E_elec   (ELEC)   (kJ/mol) = -56.9548
     E_pauli  (PAULI)  (kJ/mol) = 92.7329
     E_disp   (DISP)   (kJ/mol) = -52.6914
  --------------------
  Classical Frozen Decomposition:
  --------------------
     E_cls_elec  (CLS ELEC)  (kJ/mol) = -19.6550
     E_mod_pauli (MOD PAULI) (kJ/mol) = 55.4332 (FRZ - CLS ELEC - DISP)
     E_disp      (DISP)      (kJ/mol) = -52.6914
  --------------------
--------------------

Simplified EDA Summary (kJ/mol)
--------------------
 PREPARATION      0.0000
 FROZEN           -16.9133 (ELEC + PAULI + DISP)
[ELEC + PAULI = 35.7781, DISP = -52.6914]
 POLARIZATION    -3.4538
 CHARGE TRANSFER -4.7368     (counterpoise-corrected)
 TOTAL           -25.1039     (PRP + FRZ + POL + CT)
--------------------
 
 --------------------------------------------------------------
 
                    Orbital Energies (a.u.)
 --------------------------------------------------------------
 
 Alpha MOs
 -- Occupied --
-19.1394 -19.1343 -14.4144 -14.4113 -14.4019 -14.3715 -14.3470 -14.3390
-14.3303 -10.3369 -10.3026 -10.2785 -10.2677 -10.2633 -10.2627 -10.2488
-10.2162 -10.2144 -10.1949  -1.0668  -1.0314  -1.0286  -0.9685  -0.9676
 -0.9290  -0.9191  -0.8841  -0.8493  -0.8022  -0.7533  -0.6955  -0.6546
 -0.6492  -0.6422  -0.6320  -0.6122  -0.5588  -0.5456  -0.5374  -0.5294
 -0.4936  -0.4930  -0.4769  -0.4614  -0.4477  -0.4388  -0.4372  -0.4202
 -0.4149  -0.3995  -0.3986  -0.3957  -0.3827  -0.3807  -0.3647  -0.3619
 -0.3384  -0.3332  -0.3034  -0.2800  -0.2660  -0.2653  -0.2644  -0.2500
 -0.2369  -0.2310  -0.2247  -0.2066
 -- Virtual --
 -0.0704  -0.0538  -0.0332  -0.0279  -0.0167  -0.0136  -0.0068  -0.0013
  0.0021   0.0107   0.0164   0.0215   0.0269   0.0352   0.0401   0.0503
  0.0532   0.0600   0.0617   0.0658   0.0716   0.0752   0.0817   0.0855
  0.0889   0.0923   0.0968   0.0985   0.1034   0.1080   0.1140   0.1170
  0.1197   0.1217   0.1302   0.1318   0.1383   0.1419   0.1433   0.1466
  0.1478   0.1524   0.1556   0.1588   0.1612   0.1662   0.1698   0.1718
  0.1736   0.1768   0.1810   0.1843   0.1847   0.1917   0.1923   0.1984
  0.2036   0.2058   0.2089   0.2133   0.2181   0.2193   0.2220   0.2274
  0.2305   0.2325   0.2350   0.2392   0.2404   0.2460   0.2533   0.2603
  0.2605   0.2622   0.2658   0.2688   0.2778   0.2834   0.2865   0.2895
  0.2943   0.2993   0.3054   0.3074   0.3099   0.3111   0.3148   0.3213
  0.3229   0.3294   0.3381   0.3405   0.3477   0.3482   0.3603   0.3644
  0.3697   0.3751   0.3838   0.3886   0.3968   0.4027   0.4123   0.4206
  0.4309   0.4423   0.4583   0.4716   0.4850   0.5067   0.5272   0.5361
  0.5853   0.5873   0.6063   0.6115   0.6277   0.6430   0.6500   0.6552
  0.6700   0.6805   0.6844   0.6977   0.7032   0.7075   0.7206   0.7307
  0.7319   0.7347   0.7405   0.7538   0.7642   0.7683   0.7814   0.7846
  0.7933   0.8127   0.8206   0.8259   0.8320   0.8405   0.8482   0.8615
  0.8643   0.8740   0.8777   0.8823   0.8893   0.9014   0.9096   0.9182
  0.9256   0.9373   0.9460   0.9534   0.9706   0.9764   0.9795   0.9811
  0.9897   1.0066   1.0102   1.0176   1.0402   1.0478   1.0528   1.0603
  1.0680   1.0772   1.0813   1.0907   1.0965   1.1007   1.1063   1.1139
  1.1266   1.1326   1.1387   1.1485   1.1598   1.1716   1.1807   1.1862
  1.1870   1.2204   1.2303   1.2355   1.2485   1.2657   1.2743   1.2831
  1.2922   1.2995   1.3044   1.3205   1.3247   1.3411   1.3482   1.3561
  1.3753   1.3850   1.3963   1.4172   1.4294   1.4527   1.4667   1.4839
  1.4888   1.5209   1.5274   1.5499   1.5659   1.5705   1.5772   1.5856
  1.5992   1.6100   1.6257   1.6282   1.6361   1.6524   1.6725   1.6786
  1.6876   1.6941   1.6965   1.7274   1.7321   1.7355   1.7402   1.7426
  1.7558   1.7600   1.7654   1.7832   1.7861   1.8026   1.8076   1.8308
  1.8359   1.8503   1.8538   1.8603   1.8624   1.8743   1.8821   1.8997
  1.9382   1.9582   1.9756   1.9854   1.9929   2.0193   2.0280   2.0359
  2.0556   2.0784   2.1210   2.1288   2.1405   2.1484   2.1585   2.1701
  2.1851   2.1987   2.2148   2.2195   2.2463   2.2562   2.2788   2.2859
  2.2894   2.3289   2.3339   2.3591   2.3641   2.3697   2.3882   2.3934
  2.4081   2.4166   2.4359   2.4607   2.4670   2.5028   2.5291   2.5613
  2.5730   2.5938   2.6081   2.6235   2.6325   2.6460   2.6536   2.6801
  2.6810   2.6924   2.6976   2.7175   2.7373   2.7457   2.7652   2.7808
  2.8099   2.8188   2.8223   2.8267   2.9037   2.9120   2.9363   2.9700
  2.9979   3.0328   3.0501   3.1163   3.1243   3.1337   3.1569   3.1772
  3.2048   3.4046   3.4612   3.4796   3.5338   3.5548   3.5682   3.7611
  3.8026
 --------------------------------------------------------------
 
          Ground-State Mulliken Net Atomic Charges

     Atom                 Charge (a.u.)
  ----------------------------------------
      1 N                    -0.212460
      2 C                    -0.270738
      3 N                    -0.150638
      4 C                     0.271799
      5 C                     0.114691
      6 C                     1.000990
      7 N                    -0.358098
      8 C                    -0.297652
      9 N                    -0.273236
     10 H                     0.098734
     11 N                    -0.703170
     12 H                     0.235149
     13 H                     0.253991
     14 H                     0.102263
     15 H                     0.219931
     16 N                    -0.157235
     17 C                     0.235167
     18 N                    -0.303933
     19 C                     0.243940
     20 C                     0.534034
     21 C                    -0.424319
     22 H                     0.234702
     23 O                    -0.356179
     24 H                     0.280345
     25 O                    -0.399902
     26 C                    -0.346522
     27 H                     0.076229
     28 H                     0.123353
     29 H                     0.146407
     30 H                     0.082357
  ----------------------------------------
  Sum of atomic charges =     0.000000

 -----------------------------------------------------------------
                    Cartesian Multipole Moments
 -----------------------------------------------------------------
    Charge (ESU x 10^10)
                 0.0000
    Dipole Moment (Debye)
         X       0.7640      Y      -4.5539      Z       2.5909
       Tot       5.2947
    Quadrupole Moments (Debye-Ang)
        XX    -110.6339     XY       9.1817     YY    -104.8224
        XZ      -3.8599     YZ     -17.0118     ZZ    -106.5213
    Octopole Moments (Debye-Ang^2)
       XXX       6.6166    XXY     -25.1980    XYY      21.1752
       YYY     -32.1957    XXZ      -4.3271    XYZ     -10.0969
       YYZ       0.7043    XZZ       4.1807    YZZ       3.2863
       ZZZ      13.6389
    Hexadecapole Moments (Debye-Ang^3)
      XXXX   -2366.0709   XXXY     117.3896   XXYY    -677.2765
      XYYY      -9.5861   YYYY   -1640.9871   XXXZ     -75.2495
      XXYZ     -88.5804   XYYZ      -3.8036   YYYZ     -61.0563
      XXZZ    -448.7147   XYZZ      15.5122   YYZZ    -374.9927
      XZZZ     -60.6485   YZZZ    -119.8075   ZZZZ   -1072.7426
 -----------------------------------------------------------------
 Total job time:  16856.91s(wall), 10475.30s(cpu) 
 Wed Apr 17 20:20:20 2024

        *************************************************************
        *                                                           *
        *  Thank you very much for using Q-Chem.  Have a nice day.  *
        *                                                           *
        *************************************************************


