
Running Job 1 of 1 atat_11_pvdz.inp
qchem atat_11_pvdz.inp_1975223.0 /scratch/qchemscratch/qchem1975223/ 1
/opt/qchem/6.1/exe/qcprog.exe_s atat_11_pvdz.inp_1975223.0 /scratch/qchemscratch/qchem1975223/
                  Welcome to Q-Chem
     A Quantum Leap Into The Future Of Chemistry


 Q-Chem 6.1, Q-Chem, Inc., Pleasanton, CA (2023)

 License issued to: SRG Pengyu Ren, University of Texas at Austin

 E. Epifanovsky,  A. T. B. Gilbert,  Xintian Feng,  Joonho Lee,  Yuezhi Mao,  
 N. Mardirossian,  P. Pokhilko,  A. White,  M. Wormit,  M. P. Coons,  
 A. L. Dempwolff,  Zhengting Gan,  D. Hait,  P. R. Horn,  L. D. Jacobson,  
 I. Kaliman,  J. Kussmann,  A. W. Lange,  Ka Un Lao,  D. S. Levine,  Jie Liu,  
 S. C. McKenzie,  A. F. Morrison,  K. D. Nanda,  F. Plasser,  D. R. Rehn,  
 M. L. Vidal,  Zhi-Qiang You,  Ying Zhu,  B. Alam,  B. Albrecht,  
 A. Aldossary,  E. Alguire,  J. H. Andersen,  V. Athavale,  D. Barton,  
 K. Begam,  A. Behn,  N. Bellonzi,  Y. A. Bernard,  E. J. Berquist,  
 H. Burton,  A. Carreras,  K. Carter-Fenk,  Mathew Chow,  Romit Chakraborty,  
 Chandrima Chakravarty,  Junhan Chen,  A. D. Chien,  K. D. Closser,  
 V. Cofer-Shabica,  L. Cunha,  S. Dasgupta,  Jia Deng,  M. de Wergifosse,  
 M. Diedenhofen,  Hainam Do,  S. Ehlert,  Po-Tung Fang,  S. Fatehi,  
 Qingguo Feng,  T. Friedhoff,  Thomas Froitzheim,  B. Ganoe,  J. Gayvert,  
 Qinghui Ge,  G. Gidofalvi,  M. Gimferrer,  M. Goldey,  Montgomery Gray,  
 J. Gomes,  C. Gonzalez-Espinoza,  S. Gulania,  A. Gunina,  J. A. Gyamfi,  
 M. W. D. Hanson-Heine,  P. H. P. Harbach,  A. W. Hauser,  M. F. Herbst,  
 M. Hernandez Vera,  M. Hodecker,  Z. C. Holden,  S. Houck,  Xunkun Huang,  
 Kerwin Hui,  B. C. Huynh,  K. Ikeda,  M. Ivanov,  Hyunjun Ji,  Zuxin Jin,  
 Hanjie Jiang,  Subrata Jana,  B. Kaduk,  S. Kaehler,  R. Kang,  
 K. Khistyaev,  Jaehoon Kim,  Yongbin Kim,  P. Klunzinger,  Z. Koczor-Benda,  
 Joong Hoon Koh,  D. Kosenkov,  Saikiran Kotaru,  L. Koulias,  T. Kowalczyk,  
 C. M. Krauter,  K. Kue,  A. Kunitsa,  T. Kus,  A. Landau,  K. V. Lawler,  
 D. Lefrancois,  S. Lehtola,  Rain Li,  Shaozhi Li,  Yi-Pei Li,  
 Jiashu Liang,  M. Liebenthal,  Hung-Hsuan Lin,  You-Sheng Lin,  Fenglai Liu,  
 Kuan-Yu Liu,  Xiao Liu,  M. Loipersberger,  A. Luenser,  C. Malbon,  
 A. Manjanath,  P. Manohar,  E. Mansoor,  S. F. Manzer,  Shan-Ping Mao,  
 A. V. Marenich,  T. Markovich,  S. Mason,  F. Matz,  S. A. Maurer,  
 P. F. McLaughlin,  M. F. S. J. Menger,  J.-M. Mewes,  S. A. Mewes,  
 P. Morgante,  Mohammad Mostafanejad,  J. W. Mullinax,  K. J. Oosterbaan,  
 G. Paran,  V. Parravicini,  Alexander C. Paul,  Suranjan K. Paul,  
 F. Pavosevic,  Zheng Pei,  S. Prager,  E. I. Proynov,  E. Ramos,  B. Rana,  
 A. E. Rask,  A. Rettig,  R. M. Richard,  F. Rob,  E. Rossomme,  T. Scheele,  
 M. Scheurer,  M. Schneider,  P. E. Schneider,  Tim K. Schramm,  N. Sergueev,  
 S. M. Sharada,  M. Sharma,  Hengyuan Shen,  W. Skomorowski,  D. W. Small,  
 C. J. Stein,  Alistair J. Sterling,  Yingli Su,  Yu-Chuan Su,  
 E. J. Sundstrom,  J. Talbot,  Zhen Tao,  J. Thirman,  Hung-Yi Tsai,  
 T. Tsuchimochi,  N. M. Tubman,  C. Utku,  S. P. Veccham,  O. Vydrov,  
 J. Wenzel,  Jonathan Wong,  J. Witte,  A. Yamada,  Chou-Hsun Yang,  Kun Yao,  
 S. Yeganeh,  S. R. Yost,  A. Zech,  F. Zeller,  Igor Ying Zhang,  
 Xing Zhang,  Yu Zhang,  D. Zuev,  A. Aspuru-Guzik,  A. T. Bell,  
 N. A. Besley,  K. B. Bravaya,  B. R. Brooks,  D. Casanova,  Jeng-Da Chai,  
 Hsing-Ta Chen,  S. Coriani,  C. J. Cramer,  A. E. DePrince, III,  
 R. A. DiStasio Jr.,  A. Dreuw,  B. D. Dunietz,  T. R. Furlani,  
 W. A. Goddard III,  S. Grimme,  S. Hammes-Schiffer,  T. Head-Gordon,  
 W. J. Hehre,  Chao-Ping Hsu,  T.-C. Jagau,  Yousung Jung,  A. Klamt,  
 Jing Kong,  D. S. Lambrecht,  Xiangyuan Li,  WanZhen Liang,  N. J. Mayhall,  
 C. W. McCurdy,  J. B. Neaton,  T. Neudecker,  C. Ochsenfeld,  
 J. A. Parkhill,  R. Peverati,  V. A. Rassolov,  Haisheng Ren,  Yihan Shao,  
 L. V. Slipchenko,  R. P. Steele,  J. E. Subotnik,  A. J. W. Thom,  
 A. Tkatchenko,  D. G. Truhlar,  T. Van Voorhis,  Fan Wang,  
 T. A. Wesolowski,  K. B. Whaley,  H. L. Woodcock III,  P. M. Zimmerman,  
 S. Faraji,  P. M. W. Gill,  M. Head-Gordon,  J. M. Herbert,  A. I. Krylov

 Contributors to earlier versions of Q-Chem not listed above: 
 R. D. Adamson,  B. Austin,  R. Baer,  J. Baker,  G. J. O. Beran,  
 K. Brandhorst,  S. T. Brown,  E. F. C. Byrd,  Arup K. Chakraborty,  
 G. K. L. Chan,  Chun-Min Chang,  Yunqing Chen,  C.-L. Cheng,  
 Siu Hung Chien,  D. M. Chipman,  D. L. Crittenden,  H. Dachsel,  
 R. J. Doerksen,  A. D. Dutoi,  R. G. Edgar,  J. Fosso-Tande,  
 L. Fusti-Molnar,  D. Ghosh,  A. Ghysels,  A. Golubeva-Zadorozhnaya,  
 J. Gonthier,  M. S. Gordon,  S. R. Gwaltney,  G. Hawkins,  J. E. Herr,  
 A. Heyden,  S. Hirata,  E. G. Hohenstein,  G. Kedziora,  F. J. Keil,  
 C. Kelley,  Jihan Kim,  R. A. King,  R. Z. Khaliullin,  P. P. Korambath,  
 W. Kurlancheek,  A. Laurent,  A. M. Lee,  M. S. Lee,  S. V. Levchenko,  
 Ching Yeh Lin,  D. Liotard,  E. Livshits,  R. C. Lochan,  I. Lotan,  
 L. A. Martinez-Martinez,  P. E. Maslen,  N. Nair,  D. P. O'Neill,  
 D. Neuhauser,  E. Neuscamman,  C. M. Oana,  R. Olivares-Amaya,  R. Olson,  
 T. M. Perrine,  B. Peters,  P. A. Pieniazek,  A. Prociuk,  Y. M. Rhee,  
 J. Ritchie,  M. A. Rohrdanz,  E. Rosta,  N. J. Russ,  H. F. Schaefer III,  
 M. W. Schmidt,  N. E. Schultz,  S. Sharma,  N. Shenvi,  C. D. Sherrill,  
 A. C. Simmonett,  A. Sodt,  T. Stein,  D. Stuck,  K. S. Thanthiriwatte,  
 V. Vanovschi,  L. Vogt,  Tao Wang,  A. Warshel,  M. A. Watson,  
 C. F. Williams,  Q. Wu,  X. Xu,  Jun Yang,  W. Zhang,  Yan Zhao

   Please cite Q-Chem as follows:
  "Software for the frontiers of quantum chemistry:
   An overview of developments in the Q-Chem 5 package"
   J. Chem. Phys. 155, 084801 (2021)
   https://doi.org/10.1063/5.0055522 (open access)

 Q-Chem 6.1.1 for Intel X86 EM64T Linux

 Parts of Q-Chem use Armadillo 9.900.5 (Nocturnal Misbehaviour).
 http://arma.sourceforge.net/

 Q-Chem begins on Wed Apr 17 15:34:39 2024  

 Host: 
0

     Scratch files written to /scratch/qchemscratch/qchem1975223//
 Jan1824 |scratch|qcdevops|jenkins|workspace|build_RNUM UKVU   
 Processing $rem in /opt/qchem/6.1/config/preferences:
 Processing $rem in /home/mm227274/.qchemrc:

 Q-Chem warning in module libgen/rem_setup.C, line 3361:

 Neither GIA nor STOLL is specified by user. Use STOLL as the default


 Checking the input file for inconsistencies... 	...done.

--------------------------------------------------------------
User input:
--------------------------------------------------------------
$molecule
0 1
--
0 1
N -0.64527 0.537199 0.000379
C -1.914342 0.992571 0.000336
N -2.327871 2.260455 0.000198
C -1.289976 3.113552 0.000134
C 0.071467 2.788444 0.000208
C 0.388103 1.409805 0.000331
N 0.862141 3.925582 0.00012
C 0.0 4.915748 0.0
N -1.315514 4.490519 0.0
H -2.678219 0.213216 0.000396
N 1.647269 0.939941 0.000399
H 2.408453 1.601685 0.000397
H 1.826741 -0.069006 0.000581
H 0.255544 5.970689 -9.4e-05
H -2.145977 5.066056 -9e-05
--
0 1
N -3.068594 2.541611 3.270964
C -2.534408 1.255856 3.267052
N -1.156035 1.226431 3.29253
C -0.303748 2.322152 3.32031
C -0.94225 3.64047 3.322649
C -2.297199 3.683087 3.297713
H -4.077512 2.594038 3.252448
O -3.238763 0.255356 3.243035
H -0.71946 0.263721 3.290277
O 0.922876 2.1621 3.341518
C -0.071326 4.862472 3.352615
H -0.681302 5.776156 3.344238
H 0.564071 4.862944 4.250822
H 0.607083 4.875039 2.486615
H -2.848574 4.622399 3.29739
$end

$rem
JOBTYPE          eda
EDA2             2
METHOD           b97m-v
BASIS            aug-cc-pvdz
SCF_CONVERGENCE  8
THRESH           14
SYMMETRY         false
DISP_FREE_X      revPBE
DISP_FREE_C      PBE
EDA_BSSE         true
$end
--------------------------------------------------------------
 ----------------------------------------------------------------
             Standard Nuclear Orientation (Angstroms)
    I     Atom           X                Y                Z
 ----------------------------------------------------------------
    1      N       0.9503135354     2.3644663803     0.0016242672
    2      C       0.3150930047     2.1075207522     1.1628224514
    3      N       0.3616173858     0.9907751111     1.8903186680
    4      C       1.1586157597     0.0700548462     1.3228080404
    5      C       1.8770397900     0.1949003142     0.1280265620
    6      C       1.7490846968     1.4263192842    -0.5561800430
    7      N       2.5945228436    -0.9561194406    -0.1523656722
    8      C       2.3171694404    -1.7588871411     0.8488111027
    9      N       1.4555590429    -1.1972637013     1.7727177114
   10      H      -0.3057885826     2.9249447063     1.5332633031
   11      N       2.3752420063     1.6979032111    -1.7139539385
   12      H       2.9678885730     0.9893349572    -2.1189320613
   13      H       2.2511252214     2.6057970036    -2.1727656276
   14      H       2.7047171025    -2.7652156399     0.9725568916
   15      H       1.1027549028    -1.6215015154     2.6191591782
   16      N      -2.5608182770    -0.3613074875     0.9121203601
   17      C      -2.5380270354     0.7578791157     0.0842086419
   18      N      -1.7626668649     0.5984666354    -1.0448756567
   19      C      -1.0404838617    -0.5323811832    -1.4018130314
   20      C      -1.1153652323    -1.6676262397    -0.4791733043
   21      C      -1.8745347525    -1.5235972994     0.6349371522
   22      H      -3.1214649072    -0.2731758152     1.7481318000
   23      O      -3.1555296124     1.7804613960     0.3501204313
   24      H      -1.7248348995     1.4315043233    -1.6945142514
   25      O      -0.3796434015    -0.5501806433    -2.4475883059
   26      C      -0.3554615801    -2.9181963759    -0.8128141844
   27      H      -0.4969701667    -3.6798264955    -0.0338056945
   28      H      -0.6873691530    -3.3265913148    -1.7790213683
   29      H       0.7185973116    -2.7025374131    -0.9140140341
   30      H      -1.9824403732    -2.3193402169     1.3707843609
 ----------------------------------------------------------------
 Molecular Point Group                 C1    NOp =  1
 Largest Abelian Subgroup              C1    NOp =  1
 Nuclear Repulsion Energy =        1510.25245736 hartrees
 There are       68 alpha and       68 beta electrons
 Requested basis set is aug-cc-pVDZ
 There are 226 shells and 536 basis functions

 Total QAlloc Memory Limit  16000 MB
 Mega-Array Size       188 MB
 MEM_STATIC part       192 MB

 A cutoff of  1.0D-14 yielded  24804 shell pairs
 There are    140018 function pairs (    160696 Cartesian)
 Smallest overlap matrix eigenvalue = 1.72E-06

 Scale SEOQF with 1.000000e-01/1.000000e-01/1.000000e-01

 Standard Electronic Orientation quadrupole field applied
 Nucleus-field energy     =     0.0000000173 hartrees

 -----------------------------------------------------------------------
  General SCF calculation program by
  Eric Jon Sundstrom, Paul Horn, Yuezhi Mao, Dmitri Zuev, Alec White,
  David Stuck, Shaama M.S., Shane Yost, Joonho Lee, David Small,
  Daniel Levine, Susi Lehtola, Hugh Burton, Evgeny Epifanovsky,
  Bang C. Huynh
 -----------------------------------------------------------------------
================================================================
                 ALMO-EDA with the EDA2 driver                  
================================================================
 The second-generation ALMO-EDA (for DFT):                      
 P. R. Horn, Y. Mao and M. Head-Gordon, PCCP, 18, 23067 (2016)  
 Y. Mao et al. Annu. Rev. Phys. Chem. 72, 641 (2021)            
 Decomposition of the frozen energy:                            
 P. R. Horn, Y. Mao and M. Head-Gordon, JCP, 144, 114107 (2016) 
================================================================
 Using eda2 option set 2
 Option set summary: Frozen orbital wavefunction, initial wavefunction decomposition, and traditional AO-based POL.
--------------------------------
Printing EDA Options
--------------------------------
eda_child_super_basis      0
fragmo_guess_mode          0
child_mp                   0
child_mp_orders            0
cls_elec                   1
cls_disp                   0
scfmi_mode                 1
scfmi_occs                 0
scfmi_virts                0
frz_relax                  0
frz_relax_method           0
dc_pen_start               0
dc_pen_conv                0
dc_pen_increment           0
dc_pen_steps               0
dc_pen_thresh_factor       0
dc_pen_pre_newton_thresh   0
frz_ortho_decomp           1
frz_ortho_decomp_conv      6
plot_mo_ortho_frz          0
frgm_method                2
scfmi_freeze_ss            0
separate_rehyb             0
plot_diff_den              0
eda_nocv                   0
eda_vct_relax              1
disp_free_x                33
disp_free_c                25
eda_bsse                   1
eda_pct_a                  0
eda_covp                   0
eda_vct_a                  0
--------------------------------
 Attempting to make child job directory: /scratch/qchemscratch/qchem1975223//Frg1/
 Attempting to make child job directory: /scratch/qchemscratch/qchem1975223//Frg2/
 Creating input file /scratch/qchemscratch/qchem1975223/Frg1.input
 using default PutDataFrgm: nothing
 calling putenv with: QCSCRATCH=/scratch/qchemscratch/qchem1975223/ 
 Spawning Job For Fragment 0
 Done Job For Fragment 0
 calling putenv with: QCSCRATCH=/scratch/qchemscratch 
 calling putenv with: QCTHREADS=1 
 Creating input file /scratch/qchemscratch/qchem1975223/Frg2.input
 using default PutDataFrgm: nothing
 calling putenv with: QCSCRATCH=/scratch/qchemscratch/qchem1975223/ 
 Spawning Job For Fragment 1
 Done Job For Fragment 1
 calling putenv with: QCSCRATCH=/scratch/qchemscratch 
 calling putenv with: QCTHREADS=1 
Doing General SCFMI
 Exchange:  B97M-V      Correlation:  B97M-V
 Using SG-2 standard quadrature grid
 Nonlocal Correlation:  VV10 with C = 0.0100 and b = 6.00 and scale = 1.00000
 Grid used for NLC:  SG-1 standard quadrature
performing fock build before subrot guess so that all methods have access
Printing subrot_rss_gen Method Specification:
Occupied Subspace Method is 0
Virtual Subspace Method is 0
Energy of the unrelaxed supersystem initial determinant -921.519294471057
write pseudocanon occs and virts to disk
write pseudocanon orbital energies to disk
Tolerance of ortho_decomp_scf: 1.00e-06
GDM subspace size: 20
Beginning the Orthogonal Decomposition of the Initial Supersystem Wavefunction
    1    -921.4648992501      2.65e-02     ortho_decomp Preconditoned Steepest Descent
    2    -921.4699516259      5.68e-05     ortho_decomp BFGS Step
    3    -921.4699517572      6.64e-07     ortho_decomp 00000 Convergence criterion met
 Exchange:  revPBE      Correlation:  PBE
 Using SG-2 standard quadrature grid
 Exchange:  revPBE      Correlation:  PBE
 Using SG-2 standard quadrature grid
 Exchange:  revPBE      Correlation:  PBE
 Using SG-2 standard quadrature grid
Doing General SCFMI
 Exchange:  B97M-V      Correlation:  B97M-V
 Using SG-2 standard quadrature grid
 Nonlocal Correlation:  VV10 with C = 0.0100 and b = 6.00 and scale = 1.00000
 Grid used for NLC:  SG-1 standard quadrature
performing fock build at end of subrot_r(subrot) constructor so that all methods have access
<S^2> of initial wavefunction before polarization iterations 0.0000000000
Beginning iterations for the determination of the polarized wavefunction
Energy prior to optimization (guess energy) = -921.519294471057
Begin Timing: Total SCF Calculation
begin iterations for algorithm: DIIS         
the SCF tolerance is set to 1.00e-08
    1    -921.5192944711      9.33e-05     00000 
    2    -921.5198625485      1.05e-04     00000 
    3    -921.5204261410      7.33e-05     00000 
    4    -921.5207989179      2.42e-05     00000 
    5    -921.5208346272      1.43e-05     00000 
    6    -921.5208491830      7.31e-06     00000 
    7    -921.5208543389      4.82e-06     00000 
    8    -921.5208570969      2.94e-06     00000 
    9    -921.5208579923      1.89e-06     00000 
   10    -921.5208582384      1.31e-06     00000 
   11    -921.5208583480      7.44e-07     00000 
   12    -921.5208583719      5.56e-07     00000 
   13    -921.5208583885      3.14e-07     00000 
   14    -921.5208583943      2.55e-07     00000 
   15    -921.5208583995      1.42e-07     00000 
   16    -921.5208584021      6.40e-08     00000 
   17    -921.5208584027      3.71e-08     00000 
   18    -921.5208584029      2.06e-08     00000 
   19    -921.5208584029      1.46e-08     00000 
   20    -921.5208584030      8.51e-09     00000 Convergence criterion met
write pseudocanon occs and virts to disk
write pseudocanon orbital energies to disk
Timing for Total SCF: 8719.00s (wall), 8642.22s (cpu)
<S^2> of polarized wavefunction after polarization iterations 0.0000000000
relaxing scfmi constraint to allow all rotations in the entire AO span
Doing General SCFMI
 Exchange:  B97M-V      Correlation:  B97M-V
 Using SG-2 standard quadrature grid
 Nonlocal Correlation:  VV10 with C = 0.0100 and b = 6.00 and scale = 1.00000
 Grid used for NLC:  SG-1 standard quadrature
performing fock build at end of subrot_r(subrot) constructor so that all methods have access
<S^2> of polarized wavefunction before ct-allowed iterations 0.0000000000
Beginning iterations for the determination of the CT-Allowed wavefunction
Energy prior to optimization (guess energy) = -921.520858402949
Begin Timing: Total SCF Calculation
begin iterations for algorithm: DIIS         
the SCF tolerance is set to 1.00e-08
    1    -921.5208584029      1.41e-04     00000 
    2    -921.5252161068      5.17e-06     00000 
    3    -921.5252118548      7.77e-06     00000 
    4    -921.5252202772      2.02e-06     00000 
    5    -921.5252207574      7.33e-07     00000 
    6    -921.5252208080      3.62e-07     00000 
    7    -921.5252208249      8.85e-08     00000 
    8    -921.5252208256      4.56e-08     00000 
    9    -921.5252208259      8.30e-09     00000 Convergence criterion met
write pseudocanon occs and virts to disk
write pseudocanon orbital energies to disk
Timing for Total SCF: 2819.00s (wall), 2796.66s (cpu)
<S^2> of ct_allowed wavefunction after ct-allowed iterations 0.0000000000
 Attempting to make child job directory: /scratch/qchemscratch/qchem1975223//FrgBSSE1/
 Attempting to make child job directory: /scratch/qchemscratch/qchem1975223//FrgBSSE2/
 Creating input file /scratch/qchemscratch/qchem1975223/FrgBSSE1.input
 calling putenv with: QCSCRATCH=/scratch/qchemscratch/qchem1975223/ 
 Spawning Job For Fragment 0
 Done Job For Fragment 0
 calling putenv with: QCSCRATCH=/scratch/qchemscratch 
 calling putenv with: QCTHREADS=1 
 Creating input file /scratch/qchemscratch/qchem1975223/FrgBSSE2.input
 calling putenv with: QCSCRATCH=/scratch/qchemscratch/qchem1975223/ 
 Spawning Job For Fragment 1
 Done Job For Fragment 1
 calling putenv with: QCSCRATCH=/scratch/qchemscratch 
 calling putenv with: QCTHREADS=1 
====================================================================
   Evaluating the BSSE with fragment SCF in the supersystem basis
   Fragment contributions (kJ/mol) 
   Frgm 1: 2.5944
   Frgm 2: 3.2071
   BSSE (kJ/mol) = 5.8015
====================================================================

================================
        Results of EDA2         
================================
Basic EDA Quantities
--------------------
Fragment Energies (Ha):
1 -467.3628237578
2 -454.1504427604
--------------------
  E_prp (kJ/mol) = 0.0000
  E_frz (kJ/mol) = -15.8266
  E_pol (kJ/mol) = -4.1062
  E_vct (kJ/mol) = -5.6522 (CP-corrected)
  E_int (kJ/mol) = -25.5850 (CP-corrected)
--------------------


Decomposition of frozen interaction energy
--------------------
  --------------------
  Orthogonal Frozen Decomposition:
  --------------------
     E_elec   (ELEC)   (kJ/mol) = -57.3002
     E_pauli  (PAULI)  (kJ/mol) = 94.0205
     E_disp   (DISP)   (kJ/mol) = -52.5468
  --------------------
  Classical Frozen Decomposition:
  --------------------
     E_cls_elec  (CLS ELEC)  (kJ/mol) = -19.4772
     E_mod_pauli (MOD PAULI) (kJ/mol) = 56.1974 (FRZ - CLS ELEC - DISP)
     E_disp      (DISP)      (kJ/mol) = -52.5468
  --------------------
--------------------

Simplified EDA Summary (kJ/mol)
--------------------
 PREPARATION      0.0000
 FROZEN           -15.8266 (ELEC + PAULI + DISP)
[ELEC + PAULI = 36.7202, DISP = -52.5468]
 POLARIZATION    -4.1062
 CHARGE TRANSFER -5.6522     (counterpoise-corrected)
 TOTAL           -25.5850     (PRP + FRZ + POL + CT)
--------------------
 
 --------------------------------------------------------------
 
                    Orbital Energies (a.u.)
 --------------------------------------------------------------
 
 Alpha MOs
 -- Occupied --
-19.1404 -19.1356 -14.4140 -14.4105 -14.4014 -14.3705 -14.3476 -14.3391
-14.3309 -10.3356 -10.3011 -10.2774 -10.2663 -10.2615 -10.2610 -10.2474
-10.2154 -10.2129 -10.1919  -1.0652  -1.0299  -1.0271  -0.9669  -0.9662
 -0.9280  -0.9176  -0.8830  -0.8481  -0.8010  -0.7520  -0.6944  -0.6534
 -0.6483  -0.6408  -0.6311  -0.6111  -0.5580  -0.5445  -0.5361  -0.5288
 -0.4927  -0.4920  -0.4760  -0.4604  -0.4469  -0.4378  -0.4362  -0.4193
 -0.4142  -0.3990  -0.3980  -0.3952  -0.3818  -0.3798  -0.3639  -0.3613
 -0.3377  -0.3323  -0.3028  -0.2792  -0.2654  -0.2644  -0.2636  -0.2491
 -0.2360  -0.2304  -0.2238  -0.2058
 -- Virtual --
 -0.0701  -0.0537  -0.0363  -0.0278  -0.0169  -0.0163  -0.0119  -0.0037
 -0.0004   0.0060   0.0110   0.0152   0.0219   0.0295   0.0339   0.0410
  0.0446   0.0531   0.0558   0.0594   0.0626   0.0644   0.0676   0.0698
  0.0759   0.0807   0.0843   0.0845   0.0872   0.0884   0.0915   0.0953
  0.0988   0.1025   0.1028   0.1067   0.1092   0.1155   0.1188   0.1207
  0.1236   0.1273   0.1306   0.1324   0.1390   0.1415   0.1473   0.1482
  0.1516   0.1527   0.1579   0.1613   0.1636   0.1685   0.1706   0.1739
  0.1754   0.1789   0.1793   0.1861   0.1872   0.1906   0.1922   0.1957
  0.1985   0.2075   0.2102   0.2138   0.2158   0.2171   0.2222   0.2232
  0.2243   0.2280   0.2340   0.2352   0.2400   0.2423   0.2435   0.2508
  0.2530   0.2537   0.2586   0.2612   0.2679   0.2723   0.2755   0.2775
  0.2810   0.2853   0.2873   0.2908   0.2936   0.2948   0.3012   0.3050
  0.3092   0.3109   0.3126   0.3153   0.3173   0.3279   0.3301   0.3340
  0.3363   0.3409   0.3431   0.3438   0.3512   0.3556   0.3563   0.3614
  0.3657   0.3686   0.3722   0.3778   0.3823   0.3837   0.3860   0.3917
  0.3933   0.4013   0.4082   0.4136   0.4214   0.4263   0.4300   0.4361
  0.4436   0.4465   0.4485   0.4546   0.4587   0.4636   0.4702   0.4759
  0.4774   0.4837   0.4898   0.4940   0.5007   0.5027   0.5105   0.5137
  0.5152   0.5226   0.5354   0.5355   0.5434   0.5461   0.5495   0.5503
  0.5548   0.5623   0.5664   0.5711   0.5763   0.5784   0.5853   0.5871
  0.5927   0.5946   0.5980   0.6066   0.6100   0.6126   0.6131   0.6212
  0.6252   0.6288   0.6306   0.6384   0.6426   0.6456   0.6497   0.6568
  0.6571   0.6658   0.6688   0.6713   0.6765   0.6803   0.6890   0.6910
  0.6953   0.7024   0.7093   0.7124   0.7185   0.7243   0.7307   0.7371
  0.7424   0.7445   0.7517   0.7576   0.7603   0.7664   0.7732   0.7750
  0.7877   0.7892   0.8007   0.8074   0.8110   0.8168   0.8199   0.8266
  0.8398   0.8450   0.8478   0.8500   0.8581   0.8677   0.8707   0.8786
  0.8803   0.8847   0.8906   0.8939   0.9011   0.9159   0.9264   0.9278
  0.9303   0.9472   0.9554   0.9608   0.9649   0.9783   0.9806   0.9864
  0.9934   0.9978   1.0034   1.0142   1.0169   1.0225   1.0276   1.0389
  1.0412   1.0554   1.0681   1.0716   1.0859   1.0879   1.0922   1.1028
  1.1094   1.1191   1.1252   1.1264   1.1287   1.1427   1.1582   1.1711
  1.1782   1.1810   1.1955   1.2052   1.2114   1.2177   1.2276   1.2402
  1.2493   1.2521   1.2686   1.2700   1.2884   1.2928   1.3009   1.3051
  1.3236   1.3342   1.3404   1.3551   1.3633   1.3641   1.3699   1.3921
  1.3960   1.4059   1.4256   1.4306   1.4518   1.4615   1.4738   1.4785
  1.4865   1.4999   1.5019   1.5154   1.5224   1.5290   1.5354   1.5457
  1.5541   1.5668   1.5744   1.5817   1.5888   1.5964   1.5997   1.6048
  1.6114   1.6293   1.6324   1.6414   1.6480   1.6671   1.6685   1.6837
  1.6947   1.7001   1.7113   1.7173   1.7338   1.7391   1.7469   1.7487
  1.7553   1.7637   1.7749   1.7799   1.7839   1.7915   1.8096   1.8276
  1.8373   1.8416   1.8569   1.8669   1.8823   1.8871   1.8969   1.9034
  1.9209   1.9246   1.9407   1.9466   1.9568   1.9576   1.9772   1.9797
  1.9959   2.0067   2.0108   2.0176   2.0233   2.0431   2.0562   2.0612
  2.0690   2.0744   2.0871   2.0907   2.0960   2.1008   2.1127   2.1201
  2.1275   2.1328   2.1428   2.1573   2.1597   2.1681   2.1800   2.1831
  2.1973   2.2105   2.2186   2.2245   2.2327   2.2361   2.2596   2.2716
  2.2902   2.2929   2.3115   2.3233   2.3449   2.3469   2.3606   2.3708
  2.3927   2.4044   2.4169   2.4350   2.4533   2.4619   2.4666   2.4777
  2.4869   2.4934   2.4978   2.5072   2.5245   2.5291   2.5419   2.5496
  2.5638   2.5721   2.5809   2.5920   2.6057   2.6153   2.6190   2.6218
  2.6439   2.6498   2.6566   2.6637   2.6773   2.6970   2.7040   2.7073
  2.7149   2.7278   2.7438   2.7629   2.7772   2.8036   2.8165   2.8294
  2.8402   2.8458   2.8536   2.8949   2.9192   2.9411   2.9663   2.9778
  3.0028   3.0082   3.0401   3.0516   3.0695   3.1070   3.1142   3.1197
  3.1579   3.1787   3.2035   3.2394   3.2609   3.2951   3.3192   3.3464
  3.4383   3.4545   3.4910   3.5160   3.5456   3.5657   3.5792   3.5916
  3.5988   3.6295   3.6423   3.7096   3.7386   3.7556   3.7896   3.9011
  3.9237   4.0970   4.1814   4.6315
 --------------------------------------------------------------
 
          Ground-State Mulliken Net Atomic Charges

     Atom                 Charge (a.u.)
  ----------------------------------------
      1 N                    -0.757118
      2 C                     0.670083
      3 N                    -0.687557
      4 C                     0.642676
      5 C                     1.428128
      6 C                     0.520612
      7 N                    -1.029146
      8 C                     0.982398
      9 N                    -0.333410
     10 H                    -0.498836
     11 N                    -0.269275
     12 H                    -0.028891
     13 H                    -0.035847
     14 H                    -0.378206
     15 H                    -0.187282
     16 N                    -0.627382
     17 C                     0.941009
     18 N                    -0.534932
     19 C                     0.985143
     20 C                    -0.347462
     21 C                     1.578717
     22 H                    -0.100867
     23 O                    -0.774519
     24 H                     0.001324
     25 O                    -0.994492
     26 C                     0.920033
     27 H                    -0.268666
     28 H                    -0.071171
     29 H                    -0.043265
     30 H                    -0.701801
  ----------------------------------------
  Sum of atomic charges =     0.000000

 -----------------------------------------------------------------
                    Cartesian Multipole Moments
 -----------------------------------------------------------------
    Charge (ESU x 10^10)
                 0.0000
    Dipole Moment (Debye)
         X       0.7626      Y      -4.4510      Z       2.5568
       Tot       5.1895
    Quadrupole Moments (Debye-Ang)
        XX    -110.3913     XY       9.0133     YY    -104.6644
        XZ      -3.9044     YZ     -16.9119     ZZ    -106.2511
    Octopole Moments (Debye-Ang^2)
       XXX       6.5729    XXY     -24.7869    XYY      20.7277
       YYY     -30.5846    XXZ      -4.3441    XYZ     -10.0767
       YYZ       0.8795    XZZ       4.0425    YZZ       3.3200
       ZZZ      13.2248
    Hexadecapole Moments (Debye-Ang^3)
      XXXX   -2360.1348   XXXY     114.7742   XXYY    -675.0924
      XYYY     -10.5801   YYYY   -1641.1031   XXXZ     -74.0590
      XXYZ     -87.4581   XYYZ      -4.3097   YYYZ     -61.9621
      XXZZ    -448.5865   XYZZ      15.6280   YYZZ    -375.5138
      XZZZ     -60.6583   YZZZ    -118.8572   ZZZZ   -1069.7497
 -----------------------------------------------------------------
 Total job time:  25747.02s(wall), 18096.43s(cpu) 
 Wed Apr 17 22:43:46 2024

        *************************************************************
        *                                                           *
        *  Thank you very much for using Q-Chem.  Have a nice day.  *
        *                                                           *
        *************************************************************


