
Running Job 1 of 1 atat_22_jun.inp
qchem atat_22_jun.inp_1975967.0 /scratch/qchemscratch/qchem1975967/ 1
/opt/qchem/6.1/exe/qcprog.exe_s atat_22_jun.inp_1975967.0 /scratch/qchemscratch/qchem1975967/
                  Welcome to Q-Chem
     A Quantum Leap Into The Future Of Chemistry


 Q-Chem 6.1, Q-Chem, Inc., Pleasanton, CA (2023)

 License issued to: SRG Pengyu Ren, University of Texas at Austin

 E. Epifanovsky,  A. T. B. Gilbert,  Xintian Feng,  Joonho Lee,  Yuezhi Mao,  
 N. Mardirossian,  P. Pokhilko,  A. White,  M. Wormit,  M. P. Coons,  
 A. L. Dempwolff,  Zhengting Gan,  D. Hait,  P. R. Horn,  L. D. Jacobson,  
 I. Kaliman,  J. Kussmann,  A. W. Lange,  Ka Un Lao,  D. S. Levine,  Jie Liu,  
 S. C. McKenzie,  A. F. Morrison,  K. D. Nanda,  F. Plasser,  D. R. Rehn,  
 M. L. Vidal,  Zhi-Qiang You,  Ying Zhu,  B. Alam,  B. Albrecht,  
 A. Aldossary,  E. Alguire,  J. H. Andersen,  V. Athavale,  D. Barton,  
 K. Begam,  A. Behn,  N. Bellonzi,  Y. A. Bernard,  E. J. Berquist,  
 H. Burton,  A. Carreras,  K. Carter-Fenk,  Mathew Chow,  Romit Chakraborty,  
 Chandrima Chakravarty,  Junhan Chen,  A. D. Chien,  K. D. Closser,  
 V. Cofer-Shabica,  L. Cunha,  S. Dasgupta,  Jia Deng,  M. de Wergifosse,  
 M. Diedenhofen,  Hainam Do,  S. Ehlert,  Po-Tung Fang,  S. Fatehi,  
 Qingguo Feng,  T. Friedhoff,  Thomas Froitzheim,  B. Ganoe,  J. Gayvert,  
 Qinghui Ge,  G. Gidofalvi,  M. Gimferrer,  M. Goldey,  Montgomery Gray,  
 J. Gomes,  C. Gonzalez-Espinoza,  S. Gulania,  A. Gunina,  J. A. Gyamfi,  
 M. W. D. Hanson-Heine,  P. H. P. Harbach,  A. W. Hauser,  M. F. Herbst,  
 M. Hernandez Vera,  M. Hodecker,  Z. C. Holden,  S. Houck,  Xunkun Huang,  
 Kerwin Hui,  B. C. Huynh,  K. Ikeda,  M. Ivanov,  Hyunjun Ji,  Zuxin Jin,  
 Hanjie Jiang,  Subrata Jana,  B. Kaduk,  S. Kaehler,  R. Kang,  
 K. Khistyaev,  Jaehoon Kim,  Yongbin Kim,  P. Klunzinger,  Z. Koczor-Benda,  
 Joong Hoon Koh,  D. Kosenkov,  Saikiran Kotaru,  L. Koulias,  T. Kowalczyk,  
 C. M. Krauter,  K. Kue,  A. Kunitsa,  T. Kus,  A. Landau,  K. V. Lawler,  
 D. Lefrancois,  S. Lehtola,  Rain Li,  Shaozhi Li,  Yi-Pei Li,  
 Jiashu Liang,  M. Liebenthal,  Hung-Hsuan Lin,  You-Sheng Lin,  Fenglai Liu,  
 Kuan-Yu Liu,  Xiao Liu,  M. Loipersberger,  A. Luenser,  C. Malbon,  
 A. Manjanath,  P. Manohar,  E. Mansoor,  S. F. Manzer,  Shan-Ping Mao,  
 A. V. Marenich,  T. Markovich,  S. Mason,  F. Matz,  S. A. Maurer,  
 P. F. McLaughlin,  M. F. S. J. Menger,  J.-M. Mewes,  S. A. Mewes,  
 P. Morgante,  Mohammad Mostafanejad,  J. W. Mullinax,  K. J. Oosterbaan,  
 G. Paran,  V. Parravicini,  Alexander C. Paul,  Suranjan K. Paul,  
 F. Pavosevic,  Zheng Pei,  S. Prager,  E. I. Proynov,  E. Ramos,  B. Rana,  
 A. E. Rask,  A. Rettig,  R. M. Richard,  F. Rob,  E. Rossomme,  T. Scheele,  
 M. Scheurer,  M. Schneider,  P. E. Schneider,  Tim K. Schramm,  N. Sergueev,  
 S. M. Sharada,  M. Sharma,  Hengyuan Shen,  W. Skomorowski,  D. W. Small,  
 C. J. Stein,  Alistair J. Sterling,  Yingli Su,  Yu-Chuan Su,  
 E. J. Sundstrom,  J. Talbot,  Zhen Tao,  J. Thirman,  Hung-Yi Tsai,  
 T. Tsuchimochi,  N. M. Tubman,  C. Utku,  S. P. Veccham,  O. Vydrov,  
 J. Wenzel,  Jonathan Wong,  J. Witte,  A. Yamada,  Chou-Hsun Yang,  Kun Yao,  
 S. Yeganeh,  S. R. Yost,  A. Zech,  F. Zeller,  Igor Ying Zhang,  
 Xing Zhang,  Yu Zhang,  D. Zuev,  A. Aspuru-Guzik,  A. T. Bell,  
 N. A. Besley,  K. B. Bravaya,  B. R. Brooks,  D. Casanova,  Jeng-Da Chai,  
 Hsing-Ta Chen,  S. Coriani,  C. J. Cramer,  A. E. DePrince, III,  
 R. A. DiStasio Jr.,  A. Dreuw,  B. D. Dunietz,  T. R. Furlani,  
 W. A. Goddard III,  S. Grimme,  S. Hammes-Schiffer,  T. Head-Gordon,  
 W. J. Hehre,  Chao-Ping Hsu,  T.-C. Jagau,  Yousung Jung,  A. Klamt,  
 Jing Kong,  D. S. Lambrecht,  Xiangyuan Li,  WanZhen Liang,  N. J. Mayhall,  
 C. W. McCurdy,  J. B. Neaton,  T. Neudecker,  C. Ochsenfeld,  
 J. A. Parkhill,  R. Peverati,  V. A. Rassolov,  Haisheng Ren,  Yihan Shao,  
 L. V. Slipchenko,  R. P. Steele,  J. E. Subotnik,  A. J. W. Thom,  
 A. Tkatchenko,  D. G. Truhlar,  T. Van Voorhis,  Fan Wang,  
 T. A. Wesolowski,  K. B. Whaley,  H. L. Woodcock III,  P. M. Zimmerman,  
 S. Faraji,  P. M. W. Gill,  M. Head-Gordon,  J. M. Herbert,  A. I. Krylov

 Contributors to earlier versions of Q-Chem not listed above: 
 R. D. Adamson,  B. Austin,  R. Baer,  J. Baker,  G. J. O. Beran,  
 K. Brandhorst,  S. T. Brown,  E. F. C. Byrd,  Arup K. Chakraborty,  
 G. K. L. Chan,  Chun-Min Chang,  Yunqing Chen,  C.-L. Cheng,  
 Siu Hung Chien,  D. M. Chipman,  D. L. Crittenden,  H. Dachsel,  
 R. J. Doerksen,  A. D. Dutoi,  R. G. Edgar,  J. Fosso-Tande,  
 L. Fusti-Molnar,  D. Ghosh,  A. Ghysels,  A. Golubeva-Zadorozhnaya,  
 J. Gonthier,  M. S. Gordon,  S. R. Gwaltney,  G. Hawkins,  J. E. Herr,  
 A. Heyden,  S. Hirata,  E. G. Hohenstein,  G. Kedziora,  F. J. Keil,  
 C. Kelley,  Jihan Kim,  R. A. King,  R. Z. Khaliullin,  P. P. Korambath,  
 W. Kurlancheek,  A. Laurent,  A. M. Lee,  M. S. Lee,  S. V. Levchenko,  
 Ching Yeh Lin,  D. Liotard,  E. Livshits,  R. C. Lochan,  I. Lotan,  
 L. A. Martinez-Martinez,  P. E. Maslen,  N. Nair,  D. P. O'Neill,  
 D. Neuhauser,  E. Neuscamman,  C. M. Oana,  R. Olivares-Amaya,  R. Olson,  
 T. M. Perrine,  B. Peters,  P. A. Pieniazek,  A. Prociuk,  Y. M. Rhee,  
 J. Ritchie,  M. A. Rohrdanz,  E. Rosta,  N. J. Russ,  H. F. Schaefer III,  
 M. W. Schmidt,  N. E. Schultz,  S. Sharma,  N. Shenvi,  C. D. Sherrill,  
 A. C. Simmonett,  A. Sodt,  T. Stein,  D. Stuck,  K. S. Thanthiriwatte,  
 V. Vanovschi,  L. Vogt,  Tao Wang,  A. Warshel,  M. A. Watson,  
 C. F. Williams,  Q. Wu,  X. Xu,  Jun Yang,  W. Zhang,  Yan Zhao

   Please cite Q-Chem as follows:
  "Software for the frontiers of quantum chemistry:
   An overview of developments in the Q-Chem 5 package"
   J. Chem. Phys. 155, 084801 (2021)
   https://doi.org/10.1063/5.0055522 (open access)

 Q-Chem 6.1.1 for Intel X86 EM64T Linux

 Parts of Q-Chem use Armadillo 9.900.5 (Nocturnal Misbehaviour).
 http://arma.sourceforge.net/

 Q-Chem begins on Wed Apr 17 15:39:11 2024  

 Host: 
0

     Scratch files written to /scratch/qchemscratch/qchem1975967//
 Jan1824 |scratch|qcdevops|jenkins|workspace|build_RNUM UKVU   
 Processing $rem in /opt/qchem/6.1/config/preferences:
 Processing $rem in /home/mm227274/.qchemrc:

 Q-Chem warning in module libgen/rem_setup.C, line 3361:

 Neither GIA nor STOLL is specified by user. Use STOLL as the default


 Checking the input file for inconsistencies... 	...done.

--------------------------------------------------------------
User input:
--------------------------------------------------------------
$molecule
0 1
--
0 1
N -1.249408 -4.334618 0.000108
C -1.453779 -2.957386 0.000369
N -0.287164 -2.222242 0.000471
C 1.008028 -2.72249 0.000365
C 1.139737 -4.181361 6.4e-05
C 0.0 -4.915748 0.0
H -2.087419 -4.899193 0.000228
O -2.573085 -2.462566 0.000505
H -0.408805 -1.172186 0.000678
O 1.977244 -1.953535 0.000498
C 2.515972 -4.780254 -0.000534
H 2.46354 -5.877599 0.006109
H 3.080111 -4.452913 -0.886592
H 3.085127 -4.442101 0.87814
H 0.011158 -6.004875 -3.7e-05
--
0 1
N -0.041718 -1.323278 3.286416
C -0.894737 -2.367084 3.259324
N -0.596118 -3.666814 3.251237
C 0.732694 -3.863627 3.274169
C 1.731962 -2.883915 3.303296
C 1.293266 -1.539142 3.309246
N 2.995204 -3.451501 3.321073
C 2.766345 -4.744179 3.303134
N 1.419989 -5.057074 3.274511
H -1.950745 -2.092382 3.24235
N 2.130332 -0.488014 3.33609
H 3.12346 -0.66329 3.352884
H 1.764496 0.469241 3.339226
H 3.528665 -5.516859 3.309325
H 1.004731 -5.978033 3.256997
$end

$rem
JOBTYPE          eda
EDA2             2
METHOD           b97m-v
BASIS            jun-cc-pvdz
SCF_CONVERGENCE  8
THRESH           14
SYMMETRY         false
DISP_FREE_X      revPBE
DISP_FREE_C      PBE
EDA_BSSE         true
$end
--------------------------------------------------------------
 ----------------------------------------------------------------
             Standard Nuclear Orientation (Angstroms)
    I     Atom           X                Y                Z
 ----------------------------------------------------------------
    1      N       2.6604635405    -0.4730435752    -0.8228902376
    2      C       2.6389502779     0.7030744583    -0.0780284340
    3      N       1.7965174836     0.6550893653     1.0125822607
    4      C       1.0090235394    -0.4188773552     1.4052897353
    5      C       1.0870528370    -1.6198135015     0.5702353975
    6      C       1.9118642510    -1.5854662179    -0.5053254305
    7      H       3.2695539206    -0.4668075615    -1.6291019978
    8      O       3.3124605797     1.6796730403    -0.3785810176
    9      H       1.7578448344     1.5337053667     1.5990569209
   10      O       0.2913590443    -0.3360721243     2.4096663732
   11      C       0.2581997456    -2.8133590005     0.9459316219
   12      H       0.4104238834    -3.6340723508     0.2316370737
   13      H       0.5189288208    -3.1631724052     1.9559586771
   14      H      -0.8098291606    -2.5504544942     0.9693482779
   15      H       2.0267578992    -2.4357906005    -1.1761980103
   16      N      -0.9299885750     2.3522642462    -0.1499910449
   17      C      -0.2369612570     1.9855423281    -1.2468659365
   18      N      -0.2796581945     0.8168949096    -1.8879407858
   19      C      -1.1403668042    -0.0317034661    -1.3013710534
   20      C      -1.9229984214     0.2085554268    -0.1660367691
   21      C      -1.7925046342     1.4855911064     0.4281477552
   22      N      -2.6955489523    -0.8945429957     0.1573666740
   23      C      -2.3880514073    -1.7816966364    -0.7603033859
   24      N      -1.4544859122    -1.3209393638    -1.6700040169
   25      H       0.4328410336     2.7520679938    -1.6401921332
   26      N      -2.4757753604     1.8663550801     1.5210476006
   27      H      -3.1156329459     1.2101612806     1.9421163678
   28      H      -2.3471739153     2.8033845284     1.9155351538
   29      H      -2.8026145408    -2.7824418833    -0.8299514470
   30      H      -1.0675737889    -1.8210137198    -2.4581258817
 ----------------------------------------------------------------
 Molecular Point Group                 C1    NOp =  1
 Largest Abelian Subgroup              C1    NOp =  1
 Nuclear Repulsion Energy =        1508.88506255 hartrees
 There are       68 alpha and       68 beta electrons
 Requested basis set is jun-cc-pVDZ
 There are 185 shells and 397 basis functions

 Total QAlloc Memory Limit  16000 MB
 Mega-Array Size       188 MB
 MEM_STATIC part       192 MB

 A cutoff of  1.0D-14 yielded  16343 shell pairs
 There are     74737 function pairs (     81923 Cartesian)
 Smallest overlap matrix eigenvalue = 5.04E-06

 Scale SEOQF with 1.000000e-01/1.000000e-01/1.000000e-01

 Standard Electronic Orientation quadrupole field applied
 Nucleus-field energy     =     0.0000000191 hartrees

 -----------------------------------------------------------------------
  General SCF calculation program by
  Eric Jon Sundstrom, Paul Horn, Yuezhi Mao, Dmitri Zuev, Alec White,
  David Stuck, Shaama M.S., Shane Yost, Joonho Lee, David Small,
  Daniel Levine, Susi Lehtola, Hugh Burton, Evgeny Epifanovsky,
  Bang C. Huynh
 -----------------------------------------------------------------------
================================================================
                 ALMO-EDA with the EDA2 driver                  
================================================================
 The second-generation ALMO-EDA (for DFT):                      
 P. R. Horn, Y. Mao and M. Head-Gordon, PCCP, 18, 23067 (2016)  
 Y. Mao et al. Annu. Rev. Phys. Chem. 72, 641 (2021)            
 Decomposition of the frozen energy:                            
 P. R. Horn, Y. Mao and M. Head-Gordon, JCP, 144, 114107 (2016) 
================================================================
 Using eda2 option set 2
 Option set summary: Frozen orbital wavefunction, initial wavefunction decomposition, and traditional AO-based POL.
--------------------------------
Printing EDA Options
--------------------------------
eda_child_super_basis      0
fragmo_guess_mode          0
child_mp                   0
child_mp_orders            0
cls_elec                   1
cls_disp                   0
scfmi_mode                 1
scfmi_occs                 0
scfmi_virts                0
frz_relax                  0
frz_relax_method           0
dc_pen_start               0
dc_pen_conv                0
dc_pen_increment           0
dc_pen_steps               0
dc_pen_thresh_factor       0
dc_pen_pre_newton_thresh   0
frz_ortho_decomp           1
frz_ortho_decomp_conv      6
plot_mo_ortho_frz          0
frgm_method                2
scfmi_freeze_ss            0
separate_rehyb             0
plot_diff_den              0
eda_nocv                   0
eda_vct_relax              1
disp_free_x                33
disp_free_c                25
eda_bsse                   1
eda_pct_a                  0
eda_covp                   0
eda_vct_a                  0
--------------------------------
 Attempting to make child job directory: /scratch/qchemscratch/qchem1975967//Frg1/
 Attempting to make child job directory: /scratch/qchemscratch/qchem1975967//Frg2/
 Creating input file /scratch/qchemscratch/qchem1975967/Frg1.input
 using default PutDataFrgm: nothing
 calling putenv with: QCSCRATCH=/scratch/qchemscratch/qchem1975967/ 
 Spawning Job For Fragment 0
 Done Job For Fragment 0
 calling putenv with: QCSCRATCH=/scratch/qchemscratch 
 calling putenv with: QCTHREADS=1 
 Creating input file /scratch/qchemscratch/qchem1975967/Frg2.input
 using default PutDataFrgm: nothing
 calling putenv with: QCSCRATCH=/scratch/qchemscratch/qchem1975967/ 
 Spawning Job For Fragment 1
 Done Job For Fragment 1
 calling putenv with: QCSCRATCH=/scratch/qchemscratch 
 calling putenv with: QCTHREADS=1 
Doing General SCFMI
 Exchange:  B97M-V      Correlation:  B97M-V
 Using SG-2 standard quadrature grid
 Nonlocal Correlation:  VV10 with C = 0.0100 and b = 6.00 and scale = 1.00000
 Grid used for NLC:  SG-1 standard quadrature
performing fock build before subrot guess so that all methods have access
Printing subrot_rss_gen Method Specification:
Occupied Subspace Method is 0
Virtual Subspace Method is 0
Energy of the unrelaxed supersystem initial determinant -921.498902302765
write pseudocanon occs and virts to disk
write pseudocanon orbital energies to disk
Tolerance of ortho_decomp_scf: 1.00e-06
GDM subspace size: 20
Beginning the Orthogonal Decomposition of the Initial Supersystem Wavefunction
    1    -921.4413739654      2.72e-02     ortho_decomp Preconditoned Steepest Descent
    2    -921.4469558733      6.21e-05     ortho_decomp BFGS Step
    3    -921.4469560327      7.81e-07     ortho_decomp 00000 Convergence criterion met
 Exchange:  revPBE      Correlation:  PBE
 Using SG-2 standard quadrature grid
 Exchange:  revPBE      Correlation:  PBE
 Using SG-2 standard quadrature grid
 Exchange:  revPBE      Correlation:  PBE
 Using SG-2 standard quadrature grid
Doing General SCFMI
 Exchange:  B97M-V      Correlation:  B97M-V
 Using SG-2 standard quadrature grid
 Nonlocal Correlation:  VV10 with C = 0.0100 and b = 6.00 and scale = 1.00000
 Grid used for NLC:  SG-1 standard quadrature
performing fock build at end of subrot_r(subrot) constructor so that all methods have access
<S^2> of initial wavefunction before polarization iterations 0.0000000000
Beginning iterations for the determination of the polarized wavefunction
Energy prior to optimization (guess energy) = -921.498902302765
Begin Timing: Total SCF Calculation
begin iterations for algorithm: DIIS         
the SCF tolerance is set to 1.00e-08
    1    -921.4989023028      1.18e-04     00000 
    2    -921.4991912105      1.49e-04     00000 
    3    -921.4999381291      8.79e-05     00000 
    4    -921.5002304083      2.95e-05     00000 
    5    -921.5002564911      2.08e-05     00000 
    6    -921.5002727846      1.06e-05     00000 
    7    -921.5002778188      7.08e-06     00000 
    8    -921.5002802328      4.06e-06     00000 
    9    -921.5002808779      2.63e-06     00000 
   10    -921.5002810496      1.81e-06     00000 
   11    -921.5002811482      9.40e-07     00000 
   12    -921.5002811710      6.61e-07     00000 
   13    -921.5002811888      3.00e-07     00000 
   14    -921.5002811938      2.52e-07     00000 
   15    -921.5002811972      1.27e-07     00000 
   16    -921.5002811984      6.48e-08     00000 
   17    -921.5002811987      3.44e-08     00000 
   18    -921.5002811987      2.41e-08     00000 
   19    -921.5002811988      1.48e-08     00000 
   20    -921.5002811988      9.06e-09     00000 Convergence criterion met
write pseudocanon occs and virts to disk
write pseudocanon orbital energies to disk
Timing for Total SCF: 5080.00s (wall), 5046.26s (cpu)
<S^2> of polarized wavefunction after polarization iterations 0.0000000000
relaxing scfmi constraint to allow all rotations in the entire AO span
Doing General SCFMI
 Exchange:  B97M-V      Correlation:  B97M-V
 Using SG-2 standard quadrature grid
 Nonlocal Correlation:  VV10 with C = 0.0100 and b = 6.00 and scale = 1.00000
 Grid used for NLC:  SG-1 standard quadrature
performing fock build at end of subrot_r(subrot) constructor so that all methods have access
<S^2> of polarized wavefunction before ct-allowed iterations 0.0000000000
Beginning iterations for the determination of the CT-Allowed wavefunction
Energy prior to optimization (guess energy) = -921.500281198719
Begin Timing: Total SCF Calculation
begin iterations for algorithm: DIIS         
the SCF tolerance is set to 1.00e-08
    1    -921.5002811987      1.75e-04     00000 
    2    -921.5045072909      7.37e-06     00000 
    3    -921.5045026080      1.13e-05     00000 
    4    -921.5045109211      4.41e-06     00000 
    5    -921.5045122076      1.35e-06     00000 
    6    -921.5045123257      5.61e-07     00000 
    7    -921.5045123487      1.79e-07     00000 
    8    -921.5045123505      7.42e-08     00000 
    9    -921.5045123509      2.13e-08     00000 
   10    -921.5045123510      8.47e-09     00000 Convergence criterion met
write pseudocanon occs and virts to disk
write pseudocanon orbital energies to disk
Timing for Total SCF: 1513.00s (wall), 1502.60s (cpu)
<S^2> of ct_allowed wavefunction after ct-allowed iterations 0.0000000000
 Attempting to make child job directory: /scratch/qchemscratch/qchem1975967//FrgBSSE1/
 Attempting to make child job directory: /scratch/qchemscratch/qchem1975967//FrgBSSE2/
 Creating input file /scratch/qchemscratch/qchem1975967/FrgBSSE1.input
 calling putenv with: QCSCRATCH=/scratch/qchemscratch/qchem1975967/ 
 Spawning Job For Fragment 0
 Done Job For Fragment 0
 calling putenv with: QCSCRATCH=/scratch/qchemscratch 
 calling putenv with: QCTHREADS=1 
 Creating input file /scratch/qchemscratch/qchem1975967/FrgBSSE2.input
 calling putenv with: QCSCRATCH=/scratch/qchemscratch/qchem1975967/ 
 Spawning Job For Fragment 1
 Done Job For Fragment 1
 calling putenv with: QCSCRATCH=/scratch/qchemscratch 
 calling putenv with: QCTHREADS=1 
====================================================================
   Evaluating the BSSE with fragment SCF in the supersystem basis
   Fragment contributions (kJ/mol) 
   Frgm 1: 2.9996
   Frgm 2: 2.7337
   BSSE (kJ/mol) = 5.7332
====================================================================

================================
        Results of EDA2         
================================
Basic EDA Quantities
--------------------
Fragment Energies (Ha):
1 -454.1402097154
2 -467.3531488468
--------------------
  E_prp (kJ/mol) = 0.0000
  E_frz (kJ/mol) = -14.5553
  E_pol (kJ/mol) = -3.6203
  E_vct (kJ/mol) = -5.3758 (CP-corrected)
  E_int (kJ/mol) = -23.5514 (CP-corrected)
--------------------


Decomposition of frozen interaction energy
--------------------
  --------------------
  Orthogonal Frozen Decomposition:
  --------------------
     E_elec   (ELEC)   (kJ/mol) = -60.6048
     E_pauli  (PAULI)  (kJ/mol) = 99.6095
     E_disp   (DISP)   (kJ/mol) = -53.5600
  --------------------
  Classical Frozen Decomposition:
  --------------------
     E_cls_elec  (CLS ELEC)  (kJ/mol) = -21.6854
     E_mod_pauli (MOD PAULI) (kJ/mol) = 60.6901 (FRZ - CLS ELEC - DISP)
     E_disp      (DISP)      (kJ/mol) = -53.5600
  --------------------
--------------------

Simplified EDA Summary (kJ/mol)
--------------------
 PREPARATION      0.0000
 FROZEN           -14.5553 (ELEC + PAULI + DISP)
[ELEC + PAULI = 39.0047, DISP = -53.5600]
 POLARIZATION    -3.6203
 CHARGE TRANSFER -5.3758     (counterpoise-corrected)
 TOTAL           -23.5514     (PRP + FRZ + POL + CT)
--------------------
 
 --------------------------------------------------------------
 
                    Orbital Energies (a.u.)
 --------------------------------------------------------------
 
 Alpha MOs
 -- Occupied --
-19.1393 -19.1342 -14.4140 -14.4111 -14.4017 -14.3714 -14.3466 -14.3388
-14.3302 -10.3368 -10.3025 -10.2784 -10.2674 -10.2630 -10.2625 -10.2490
-10.2158 -10.2144 -10.1951  -1.0667  -1.0314  -1.0283  -0.9683  -0.9674
 -0.9288  -0.9189  -0.8838  -0.8491  -0.8022  -0.7530  -0.6956  -0.6545
 -0.6490  -0.6421  -0.6318  -0.6118  -0.5586  -0.5456  -0.5373  -0.5293
 -0.4934  -0.4928  -0.4768  -0.4614  -0.4475  -0.4391  -0.4372  -0.4200
 -0.4149  -0.3994  -0.3984  -0.3959  -0.3828  -0.3805  -0.3642  -0.3617
 -0.3391  -0.3326  -0.3032  -0.2799  -0.2658  -0.2653  -0.2645  -0.2496
 -0.2369  -0.2308  -0.2241  -0.2066
 -- Virtual --
 -0.0704  -0.0537  -0.0330  -0.0280  -0.0161  -0.0141  -0.0066  -0.0012
  0.0030   0.0098   0.0158   0.0215   0.0270   0.0351   0.0391   0.0499
  0.0526   0.0603   0.0624   0.0661   0.0716   0.0745   0.0807   0.0857
  0.0891   0.0921   0.0962   0.0987   0.1033   0.1084   0.1143   0.1164
  0.1196   0.1214   0.1298   0.1319   0.1380   0.1411   0.1441   0.1460
  0.1487   0.1512   0.1554   0.1592   0.1622   0.1672   0.1703   0.1712
  0.1734   0.1774   0.1806   0.1837   0.1847   0.1914   0.1922   0.1986
  0.2049   0.2051   0.2084   0.2129   0.2177   0.2192   0.2212   0.2277
  0.2309   0.2324   0.2360   0.2389   0.2399   0.2468   0.2521   0.2594
  0.2615   0.2620   0.2660   0.2684   0.2765   0.2825   0.2861   0.2892
  0.2943   0.2990   0.3054   0.3056   0.3086   0.3092   0.3138   0.3221
  0.3232   0.3287   0.3392   0.3401   0.3471   0.3490   0.3594   0.3631
  0.3682   0.3752   0.3849   0.3877   0.3979   0.4035   0.4102   0.4216
  0.4294   0.4400   0.4572   0.4729   0.4855   0.5054   0.5272   0.5357
  0.5863   0.5886   0.6095   0.6110   0.6266   0.6440   0.6533   0.6542
  0.6705   0.6839   0.6866   0.7006   0.7043   0.7093   0.7198   0.7302
  0.7316   0.7377   0.7416   0.7518   0.7642   0.7681   0.7794   0.7849
  0.7949   0.8095   0.8193   0.8259   0.8333   0.8433   0.8497   0.8598
  0.8649   0.8726   0.8799   0.8848   0.8907   0.9035   0.9073   0.9208
  0.9259   0.9398   0.9462   0.9537   0.9667   0.9688   0.9732   0.9847
  0.9933   1.0037   1.0111   1.0201   1.0393   1.0453   1.0530   1.0584
  1.0644   1.0776   1.0821   1.0968   1.0986   1.1023   1.1065   1.1134
  1.1239   1.1303   1.1360   1.1541   1.1601   1.1669   1.1778   1.1815
  1.1869   1.2138   1.2282   1.2369   1.2507   1.2709   1.2751   1.2809
  1.2927   1.2948   1.3056   1.3189   1.3292   1.3385   1.3482   1.3604
  1.3726   1.3849   1.3997   1.4238   1.4354   1.4503   1.4730   1.4891
  1.4934   1.5193   1.5313   1.5479   1.5639   1.5700   1.5783   1.5887
  1.5985   1.6092   1.6236   1.6282   1.6397   1.6513   1.6719   1.6811
  1.6919   1.6946   1.6968   1.7229   1.7322   1.7373   1.7425   1.7467
  1.7589   1.7599   1.7654   1.7822   1.7910   1.7976   1.8153   1.8299
  1.8387   1.8476   1.8502   1.8591   1.8644   1.8778   1.8933   1.9058
  1.9341   1.9571   1.9734   1.9812   1.9930   2.0208   2.0275   2.0383
  2.0566   2.0793   2.1234   2.1254   2.1437   2.1441   2.1605   2.1699
  2.1883   2.1982   2.2134   2.2209   2.2483   2.2559   2.2798   2.2863
  2.2914   2.3303   2.3330   2.3544   2.3626   2.3706   2.3881   2.3947
  2.4094   2.4158   2.4406   2.4618   2.4669   2.5028   2.5306   2.5593
  2.5732   2.5949   2.6103   2.6223   2.6349   2.6441   2.6583   2.6786
  2.6818   2.6929   2.7032   2.7213   2.7402   2.7458   2.7654   2.7801
  2.8082   2.8184   2.8232   2.8281   2.9009   2.9200   2.9375   2.9703
  2.9960   3.0325   3.0517   3.1168   3.1230   3.1317   3.1584   3.1737
  3.2029   3.4070   3.4620   3.4797   3.5329   3.5555   3.5683   3.7599
  3.8007
 --------------------------------------------------------------
 
          Ground-State Mulliken Net Atomic Charges

     Atom                 Charge (a.u.)
  ----------------------------------------
      1 N                    -0.155499
      2 C                     0.239531
      3 N                    -0.297432
      4 C                     0.235239
      5 C                     0.535965
      6 C                    -0.421134
      7 H                     0.232428
      8 O                    -0.356950
      9 H                     0.278676
     10 O                    -0.395528
     11 C                    -0.351414
     12 H                     0.075493
     13 H                     0.123810
     14 H                     0.147255
     15 H                     0.081607
     16 N                    -0.218322
     17 C                    -0.264792
     18 N                    -0.148236
     19 C                     0.269101
     20 C                     0.095354
     21 C                     1.020345
     22 N                    -0.351244
     23 C                    -0.294117
     24 N                    -0.285834
     25 H                     0.098887
     26 N                    -0.703628
     27 H                     0.234183
     28 H                     0.253085
     29 H                     0.102184
     30 H                     0.220986
  ----------------------------------------
  Sum of atomic charges =     0.000000

 -----------------------------------------------------------------
                    Cartesian Multipole Moments
 -----------------------------------------------------------------
    Charge (ESU x 10^10)
                -0.0000
    Dipole Moment (Debye)
         X      -0.8195      Y      -4.7152      Z      -2.2548
       Tot       5.2904
    Quadrupole Moments (Debye-Ang)
        XX    -110.8735     XY     -10.2102     YY    -101.7869
        XZ      -3.1880     YZ      16.2179     ZZ    -108.8143
    Octopole Moments (Debye-Ang^2)
       XXX     -11.3384    XXY     -26.1444    XYY     -23.2089
       YYY     -30.2512    XXZ       5.9262    XYZ      -9.7303
       YYZ       1.4360    XZZ      -1.4772    YZZ       1.5976
       ZZZ     -12.4891
    Hexadecapole Moments (Debye-Ang^3)
      XXXX   -2509.7866   XXXY    -147.8986   XXYY    -673.2920
      XYYY       6.4835   YYYY   -1590.7148   XXXZ     -81.2378
      XXYZ     101.6617   XYYZ     -13.2825   YYYZ      80.8102
      XXZZ    -471.8753   XYZZ     -19.1978   YYZZ    -356.4954
      XZZZ     -47.3091   YZZZ      94.6321   ZZZZ   -1044.8527
 -----------------------------------------------------------------
 Total job time:  16982.61s(wall), 10313.33s(cpu) 
 Wed Apr 17 20:22:14 2024

        *************************************************************
        *                                                           *
        *  Thank you very much for using Q-Chem.  Have a nice day.  *
        *                                                           *
        *************************************************************


