
Running Job 1 of 1 ggcc_21.inp
qchem ggcc_21.inp_411348.0 /scratch/qchemscratch/qchem411348/ 1
/opt/qchem/6.1/exe/qcprog.exe_s ggcc_21.inp_411348.0 /scratch/qchemscratch/qchem411348/
                  Welcome to Q-Chem
     A Quantum Leap Into The Future Of Chemistry


 Q-Chem 6.1, Q-Chem, Inc., Pleasanton, CA (2023)

 License issued to: SRG Pengyu Ren, University of Texas at Austin

 E. Epifanovsky,  A. T. B. Gilbert,  Xintian Feng,  Joonho Lee,  Yuezhi Mao,  
 N. Mardirossian,  P. Pokhilko,  A. White,  M. Wormit,  M. P. Coons,  
 A. L. Dempwolff,  Zhengting Gan,  D. Hait,  P. R. Horn,  L. D. Jacobson,  
 I. Kaliman,  J. Kussmann,  A. W. Lange,  Ka Un Lao,  D. S. Levine,  Jie Liu,  
 S. C. McKenzie,  A. F. Morrison,  K. D. Nanda,  F. Plasser,  D. R. Rehn,  
 M. L. Vidal,  Zhi-Qiang You,  Ying Zhu,  B. Alam,  B. Albrecht,  
 A. Aldossary,  E. Alguire,  J. H. Andersen,  V. Athavale,  D. Barton,  
 K. Begam,  A. Behn,  N. Bellonzi,  Y. A. Bernard,  E. J. Berquist,  
 H. Burton,  A. Carreras,  K. Carter-Fenk,  Mathew Chow,  Romit Chakraborty,  
 Chandrima Chakravarty,  Junhan Chen,  A. D. Chien,  K. D. Closser,  
 V. Cofer-Shabica,  L. Cunha,  S. Dasgupta,  Jia Deng,  M. de Wergifosse,  
 M. Diedenhofen,  Hainam Do,  S. Ehlert,  Po-Tung Fang,  S. Fatehi,  
 Qingguo Feng,  T. Friedhoff,  Thomas Froitzheim,  B. Ganoe,  J. Gayvert,  
 Qinghui Ge,  G. Gidofalvi,  M. Gimferrer,  M. Goldey,  Montgomery Gray,  
 J. Gomes,  C. Gonzalez-Espinoza,  S. Gulania,  A. Gunina,  J. A. Gyamfi,  
 M. W. D. Hanson-Heine,  P. H. P. Harbach,  A. W. Hauser,  M. F. Herbst,  
 M. Hernandez Vera,  M. Hodecker,  Z. C. Holden,  S. Houck,  Xunkun Huang,  
 Kerwin Hui,  B. C. Huynh,  K. Ikeda,  M. Ivanov,  Hyunjun Ji,  Zuxin Jin,  
 Hanjie Jiang,  Subrata Jana,  B. Kaduk,  S. Kaehler,  R. Kang,  
 K. Khistyaev,  Jaehoon Kim,  Yongbin Kim,  P. Klunzinger,  Z. Koczor-Benda,  
 Joong Hoon Koh,  D. Kosenkov,  Saikiran Kotaru,  L. Koulias,  T. Kowalczyk,  
 C. M. Krauter,  K. Kue,  A. Kunitsa,  T. Kus,  A. Landau,  K. V. Lawler,  
 D. Lefrancois,  S. Lehtola,  Rain Li,  Shaozhi Li,  Yi-Pei Li,  
 Jiashu Liang,  M. Liebenthal,  Hung-Hsuan Lin,  You-Sheng Lin,  Fenglai Liu,  
 Kuan-Yu Liu,  Xiao Liu,  M. Loipersberger,  A. Luenser,  C. Malbon,  
 A. Manjanath,  P. Manohar,  E. Mansoor,  S. F. Manzer,  Shan-Ping Mao,  
 A. V. Marenich,  T. Markovich,  S. Mason,  F. Matz,  S. A. Maurer,  
 P. F. McLaughlin,  M. F. S. J. Menger,  J.-M. Mewes,  S. A. Mewes,  
 P. Morgante,  Mohammad Mostafanejad,  J. W. Mullinax,  K. J. Oosterbaan,  
 G. Paran,  V. Parravicini,  Alexander C. Paul,  Suranjan K. Paul,  
 F. Pavosevic,  Zheng Pei,  S. Prager,  E. I. Proynov,  E. Ramos,  B. Rana,  
 A. E. Rask,  A. Rettig,  R. M. Richard,  F. Rob,  E. Rossomme,  T. Scheele,  
 M. Scheurer,  M. Schneider,  P. E. Schneider,  Tim K. Schramm,  N. Sergueev,  
 S. M. Sharada,  M. Sharma,  Hengyuan Shen,  W. Skomorowski,  D. W. Small,  
 C. J. Stein,  Alistair J. Sterling,  Yingli Su,  Yu-Chuan Su,  
 E. J. Sundstrom,  J. Talbot,  Zhen Tao,  J. Thirman,  Hung-Yi Tsai,  
 T. Tsuchimochi,  N. M. Tubman,  C. Utku,  S. P. Veccham,  O. Vydrov,  
 J. Wenzel,  Jonathan Wong,  J. Witte,  A. Yamada,  Chou-Hsun Yang,  Kun Yao,  
 S. Yeganeh,  S. R. Yost,  A. Zech,  F. Zeller,  Igor Ying Zhang,  
 Xing Zhang,  Yu Zhang,  D. Zuev,  A. Aspuru-Guzik,  A. T. Bell,  
 N. A. Besley,  K. B. Bravaya,  B. R. Brooks,  D. Casanova,  Jeng-Da Chai,  
 Hsing-Ta Chen,  S. Coriani,  C. J. Cramer,  A. E. DePrince, III,  
 R. A. DiStasio Jr.,  A. Dreuw,  B. D. Dunietz,  T. R. Furlani,  
 W. A. Goddard III,  S. Grimme,  S. Hammes-Schiffer,  T. Head-Gordon,  
 W. J. Hehre,  Chao-Ping Hsu,  T.-C. Jagau,  Yousung Jung,  A. Klamt,  
 Jing Kong,  D. S. Lambrecht,  Xiangyuan Li,  WanZhen Liang,  N. J. Mayhall,  
 C. W. McCurdy,  J. B. Neaton,  T. Neudecker,  C. Ochsenfeld,  
 J. A. Parkhill,  R. Peverati,  V. A. Rassolov,  Haisheng Ren,  Yihan Shao,  
 L. V. Slipchenko,  R. P. Steele,  J. E. Subotnik,  A. J. W. Thom,  
 A. Tkatchenko,  D. G. Truhlar,  T. Van Voorhis,  Fan Wang,  
 T. A. Wesolowski,  K. B. Whaley,  H. L. Woodcock III,  P. M. Zimmerman,  
 S. Faraji,  P. M. W. Gill,  M. Head-Gordon,  J. M. Herbert,  A. I. Krylov

 Contributors to earlier versions of Q-Chem not listed above: 
 R. D. Adamson,  B. Austin,  R. Baer,  J. Baker,  G. J. O. Beran,  
 K. Brandhorst,  S. T. Brown,  E. F. C. Byrd,  Arup K. Chakraborty,  
 G. K. L. Chan,  Chun-Min Chang,  Yunqing Chen,  C.-L. Cheng,  
 Siu Hung Chien,  D. M. Chipman,  D. L. Crittenden,  H. Dachsel,  
 R. J. Doerksen,  A. D. Dutoi,  R. G. Edgar,  J. Fosso-Tande,  
 L. Fusti-Molnar,  D. Ghosh,  A. Ghysels,  A. Golubeva-Zadorozhnaya,  
 J. Gonthier,  M. S. Gordon,  S. R. Gwaltney,  G. Hawkins,  J. E. Herr,  
 A. Heyden,  S. Hirata,  E. G. Hohenstein,  G. Kedziora,  F. J. Keil,  
 C. Kelley,  Jihan Kim,  R. A. King,  R. Z. Khaliullin,  P. P. Korambath,  
 W. Kurlancheek,  A. Laurent,  A. M. Lee,  M. S. Lee,  S. V. Levchenko,  
 Ching Yeh Lin,  D. Liotard,  E. Livshits,  R. C. Lochan,  I. Lotan,  
 L. A. Martinez-Martinez,  P. E. Maslen,  N. Nair,  D. P. O'Neill,  
 D. Neuhauser,  E. Neuscamman,  C. M. Oana,  R. Olivares-Amaya,  R. Olson,  
 T. M. Perrine,  B. Peters,  P. A. Pieniazek,  A. Prociuk,  Y. M. Rhee,  
 J. Ritchie,  M. A. Rohrdanz,  E. Rosta,  N. J. Russ,  H. F. Schaefer III,  
 M. W. Schmidt,  N. E. Schultz,  S. Sharma,  N. Shenvi,  C. D. Sherrill,  
 A. C. Simmonett,  A. Sodt,  T. Stein,  D. Stuck,  K. S. Thanthiriwatte,  
 V. Vanovschi,  L. Vogt,  Tao Wang,  A. Warshel,  M. A. Watson,  
 C. F. Williams,  Q. Wu,  X. Xu,  Jun Yang,  W. Zhang,  Yan Zhao

   Please cite Q-Chem as follows:
  "Software for the frontiers of quantum chemistry:
   An overview of developments in the Q-Chem 5 package"
   J. Chem. Phys. 155, 084801 (2021)
   https://doi.org/10.1063/5.0055522 (open access)

 Q-Chem 6.1.1 for Intel X86 EM64T Linux

 Parts of Q-Chem use Armadillo 9.900.5 (Nocturnal Misbehaviour).
 http://arma.sourceforge.net/

 Q-Chem begins on Fri Mar  1 12:14:11 2024  

 Host: 
0

     Scratch files written to /scratch/qchemscratch/qchem411348//
 Jan1824 |scratch|qcdevops|jenkins|workspace|build_RNUM UKVU   
 Processing $rem in /opt/qchem/6.1/config/preferences:
 Processing $rem in /home/mm227274/.qchemrc:

 Q-Chem warning in module libgen/rem_setup.C, line 3361:

 Neither GIA nor STOLL is specified by user. Use STOLL as the default


 Checking the input file for inconsistencies... 	...done.

--------------------------------------------------------------
User input:
--------------------------------------------------------------
$molecule
0 1
--
0 1
N -1.252617 -4.415339 1e-06
C -1.48122 -3.025044 -5.3e-05
N -0.395947 -2.209109 -0.0001
C 0.847406 -2.714237 -0.0001
C 1.088893 -4.139708 -4.7e-05
C 0.0 -4.951862 0.0
H -2.078756 -4.999035 4.1e-05
O -2.652372 -2.623116 -6e-05
N 1.866869 -1.849375 -0.000149
H 1.692519 -0.821507 -0.000207
H 2.81458 -2.192942 -0.000155
H 2.096261 -4.547306 -4.3e-05
H 0.068633 -6.038934 4.4e-05
--
0 1
N -1.018123 0.316785 3.46775
C -2.348709 -0.020009 3.561067
N -3.327676 0.876213 3.604398
C -2.869242 2.143986 3.546748
C -1.547448 2.602244 3.45131
C -0.504634 1.62373 3.405686
N -1.505968 3.988467 3.417942
C -2.758533 4.360204 3.490539
N -3.63389 3.284327 3.570842
H -0.30915 -0.439802 3.438752
N -2.636726 -1.339994 3.608879
H -1.915905 -2.068019 3.578485
H -3.609369 -1.592505 3.67723
O 0.723052 1.800123 3.322568
H -3.115986 5.384959 3.490913
H -4.641677 3.313306 3.635228
$end

$rem
JOBTYPE          eda
EDA2             2
METHOD           b97m-v
BASIS            aug-cc-pvtz
SCF_CONVERGENCE  8
THRESH           14
SYMMETRY         false
DISP_FREE_X      revPBE
DISP_FREE_C      PBE
EDA_BSSE         true
$end
--------------------------------------------------------------
 ----------------------------------------------------------------
             Standard Nuclear Orientation (Angstroms)
    I     Atom           X                Y                Z
 ----------------------------------------------------------------
    1      N      -4.2847093867     1.3241567907    -0.1261928781
    2      C      -3.0565637613     1.0319665114    -0.7518626671
    3      N      -2.6833930995    -0.2713474213    -0.8272540522
    4      C      -3.4603551420    -1.2421306918    -0.3222879096
    5      C      -4.7215991688    -0.9491379003     0.3209090081
    6      C      -5.0905750849     0.3561643178     0.3938814696
    7      H      -4.5374760284     2.3027012437    -0.0841637489
    8      O      -2.3865143844     1.9731735690    -1.1971785457
    9      N      -3.0274981643    -2.5021120745    -0.4335211867
   10      H      -2.1179961722    -2.7131782520    -0.8973829616
   11      H      -3.5850425709    -3.2571029807    -0.0656524745
   12      H      -5.3497070467    -1.7362703424     0.7293565927
   13      H      -6.0194747109     0.6868295415     0.8567443203
   14      N       1.2297214785    -0.3219234625     1.0377401731
   15      C       1.3709333748     1.0430128442     0.9397328104
   16      N       2.4199679896     1.6301257396     0.3755584925
   17      C       3.3228319966     0.7399146903    -0.0860631133
   18      C       3.2847406607    -0.6611018113    -0.0419043417
   19      C       2.1475948475    -1.2778120241     0.5693240520
   20      N       4.4169043721    -1.2052647368    -0.6305810446
   21      C       5.1188804384    -0.1715052228    -1.0191021771
   22      N       4.5059839895     1.0379452863    -0.7161216872
   23      H       0.3811621642    -0.7079032446     1.4925744126
   24      N       0.3712125806     1.7931729352     1.4549204962
   25      H      -0.4574845640     1.3857186344     1.8996329258
   26      H       0.4692155941     2.7932292242     1.3859937381
   27      O       1.9063083553    -2.4882030361     0.7175483198
   28      H       6.0781732736    -0.2114571003    -1.5251226321
   29      H       4.8476210104     1.9681733370    -0.9125393453
 ----------------------------------------------------------------
 Molecular Point Group                 C1    NOp =  1
 Largest Abelian Subgroup              C1    NOp =  1
 Nuclear Repulsion Energy =        1323.48605844 hartrees
 There are       68 alpha and       68 beta electrons
 Requested basis set is aug-cc-pVTZ
 There are 356 shells and 1104 basis functions

 Total QAlloc Memory Limit  16000 MB
 Mega-Array Size       188 MB
 MEM_STATIC part       192 MB

 A cutoff of  1.0D-14 yielded  50496 shell pairs
 There are    466036 function pairs (    633985 Cartesian)
 Smallest overlap matrix eigenvalue = 1.36E-06

 Scale SEOQF with 1.000000e-02/1.000000e-01/1.000000e-01

 Standard Electronic Orientation quadrupole field applied
 Nucleus-field energy     =     0.0000000167 hartrees

 -----------------------------------------------------------------------
  General SCF calculation program by
  Eric Jon Sundstrom, Paul Horn, Yuezhi Mao, Dmitri Zuev, Alec White,
  David Stuck, Shaama M.S., Shane Yost, Joonho Lee, David Small,
  Daniel Levine, Susi Lehtola, Hugh Burton, Evgeny Epifanovsky,
  Bang C. Huynh
 -----------------------------------------------------------------------
================================================================
                 ALMO-EDA with the EDA2 driver                  
================================================================
 The second-generation ALMO-EDA (for DFT):                      
 P. R. Horn, Y. Mao and M. Head-Gordon, PCCP, 18, 23067 (2016)  
 Y. Mao et al. Annu. Rev. Phys. Chem. 72, 641 (2021)            
 Decomposition of the frozen energy:                            
 P. R. Horn, Y. Mao and M. Head-Gordon, JCP, 144, 114107 (2016) 
================================================================
 Using eda2 option set 2
 Option set summary: Frozen orbital wavefunction, initial wavefunction decomposition, and traditional AO-based POL.
--------------------------------
Printing EDA Options
--------------------------------
eda_child_super_basis      0
fragmo_guess_mode          0
child_mp                   0
child_mp_orders            0
cls_elec                   1
cls_disp                   0
scfmi_mode                 1
scfmi_occs                 0
scfmi_virts                0
frz_relax                  0
frz_relax_method           0
dc_pen_start               0
dc_pen_conv                0
dc_pen_increment           0
dc_pen_steps               0
dc_pen_thresh_factor       0
dc_pen_pre_newton_thresh   0
frz_ortho_decomp           1
frz_ortho_decomp_conv      6
plot_mo_ortho_frz          0
frgm_method                2
scfmi_freeze_ss            0
separate_rehyb             0
plot_diff_den              0
eda_nocv                   0
eda_vct_relax              1
disp_free_x                33
disp_free_c                25
eda_bsse                   1
eda_pct_a                  0
eda_covp                   0
eda_vct_a                  0
--------------------------------
 Attempting to make child job directory: /scratch/qchemscratch/qchem411348//Frg1/
 Attempting to make child job directory: /scratch/qchemscratch/qchem411348//Frg2/
 Creating input file /scratch/qchemscratch/qchem411348/Frg1.input
 using default PutDataFrgm: nothing
 calling putenv with: QCSCRATCH=/scratch/qchemscratch/qchem411348/ 
 Spawning Job For Fragment 0
 Done Job For Fragment 0
 calling putenv with: QCSCRATCH=/scratch/qchemscratch 
 calling putenv with: QCTHREADS=1 
 Creating input file /scratch/qchemscratch/qchem411348/Frg2.input
 using default PutDataFrgm: nothing
 calling putenv with: QCSCRATCH=/scratch/qchemscratch/qchem411348/ 
 Spawning Job For Fragment 1
 Done Job For Fragment 1
 calling putenv with: QCSCRATCH=/scratch/qchemscratch 
 calling putenv with: QCTHREADS=1 
Doing General SCFMI
 Exchange:  B97M-V      Correlation:  B97M-V
 Using SG-2 standard quadrature grid
 Nonlocal Correlation:  VV10 with C = 0.0100 and b = 6.00 and scale = 1.00000
 Grid used for NLC:  SG-1 standard quadrature
performing fock build before subrot guess so that all methods have access
Printing subrot_rss_gen Method Specification:
Occupied Subspace Method is 0
Virtual Subspace Method is 0
Energy of the unrelaxed supersystem initial determinant -937.737329554162
write pseudocanon occs and virts to disk
write pseudocanon orbital energies to disk
Tolerance of ortho_decomp_scf: 1.00e-06
GDM subspace size: 20
Beginning the Orthogonal Decomposition of the Initial Supersystem Wavefunction
    1    -937.7299772430      6.83e-03     ortho_decomp Preconditoned Steepest Descent
    2    -937.7302523131      7.98e-06     ortho_decomp BFGS Step
    3    -937.7302523151      4.50e-08     ortho_decomp 00000 Convergence criterion met
 Exchange:  revPBE      Correlation:  PBE
 Using SG-2 standard quadrature grid
 Exchange:  revPBE      Correlation:  PBE
 Using SG-2 standard quadrature grid
 Exchange:  revPBE      Correlation:  PBE
 Using SG-2 standard quadrature grid
Doing General SCFMI
 Exchange:  B97M-V      Correlation:  B97M-V
 Using SG-2 standard quadrature grid
 Nonlocal Correlation:  VV10 with C = 0.0100 and b = 6.00 and scale = 1.00000
 Grid used for NLC:  SG-1 standard quadrature
performing fock build at end of subrot_r(subrot) constructor so that all methods have access
<S^2> of initial wavefunction before polarization iterations 0.0000000000
Beginning iterations for the determination of the polarized wavefunction
Energy prior to optimization (guess energy) = -937.737329554162
Begin Timing: Total SCF Calculation
begin iterations for algorithm: DIIS         
the SCF tolerance is set to 1.00e-08
    1    -937.7373295542      3.34e-05     00000 
    2    -937.7375250751      4.35e-05     00000 
    3    -937.7380681652      2.04e-05     00000 
    4    -937.7381623029      7.87e-06     00000 
    5    -937.7381753318      3.88e-06     00000 
    6    -937.7381792844      1.20e-06     00000 
    7    -937.7381796850      6.58e-07     00000 
    8    -937.7381798224      2.33e-07     00000 
    9    -937.7381798440      8.67e-08     00000 
   10    -937.7381798466      4.93e-08     00000 
   11    -937.7381798473      2.19e-08     00000 
   12    -937.7381798474      9.70e-09     00000 Convergence criterion met
write pseudocanon occs and virts to disk
write pseudocanon orbital energies to disk
Timing for Total SCF: 8383.00s (wall), 8358.50s (cpu)
<S^2> of polarized wavefunction after polarization iterations 0.0000000000
relaxing scfmi constraint to allow all rotations in the entire AO span
Doing General SCFMI
 Exchange:  B97M-V      Correlation:  B97M-V
 Using SG-2 standard quadrature grid
 Nonlocal Correlation:  VV10 with C = 0.0100 and b = 6.00 and scale = 1.00000
 Grid used for NLC:  SG-1 standard quadrature
performing fock build at end of subrot_r(subrot) constructor so that all methods have access
<S^2> of polarized wavefunction before ct-allowed iterations 0.0000000000
Beginning iterations for the determination of the CT-Allowed wavefunction
Energy prior to optimization (guess energy) = -937.738179847432
Begin Timing: Total SCF Calculation
begin iterations for algorithm: DIIS         
the SCF tolerance is set to 1.00e-08
    1    -937.7381798474      1.59e-05     00000 
    2    -937.7383848593      2.94e-07     00000 
    3    -937.7383848289      4.08e-07     00000 
    4    -937.7383849169      1.36e-07     00000 
    5    -937.7383849255      5.83e-08     00000 
    6    -937.7383849269      2.81e-08     00000 
    7    -937.7383849273      7.08e-09     00000 Convergence criterion met
write pseudocanon occs and virts to disk
write pseudocanon orbital energies to disk
Timing for Total SCF: 4493.00s (wall), 4480.89s (cpu)
<S^2> of ct_allowed wavefunction after ct-allowed iterations 0.0000000000
 Attempting to make child job directory: /scratch/qchemscratch/qchem411348//FrgBSSE1/
 Attempting to make child job directory: /scratch/qchemscratch/qchem411348//FrgBSSE2/
 Creating input file /scratch/qchemscratch/qchem411348/FrgBSSE1.input
 calling putenv with: QCSCRATCH=/scratch/qchemscratch/qchem411348/ 
 Spawning Job For Fragment 0
 Done Job For Fragment 0
 calling putenv with: QCSCRATCH=/scratch/qchemscratch 
 calling putenv with: QCTHREADS=1 
 Creating input file /scratch/qchemscratch/qchem411348/FrgBSSE2.input
 calling putenv with: QCSCRATCH=/scratch/qchemscratch/qchem411348/ 
 Spawning Job For Fragment 1
 Done Job For Fragment 1
 calling putenv with: QCSCRATCH=/scratch/qchemscratch 
 calling putenv with: QCTHREADS=1 
====================================================================
   Evaluating the BSSE with fragment SCF in the supersystem basis
   Fragment contributions (kJ/mol) 
   Frgm 1: 0.1566
   Frgm 2: 0.0542
   BSSE (kJ/mol) = 0.2108
====================================================================

================================
        Results of EDA2         
================================
Basic EDA Quantities
--------------------
Fragment Energies (Ha):
1 -395.0352245554
2 -542.6972466908
--------------------
  E_prp (kJ/mol) = 0.0000
  E_frz (kJ/mol) = -12.7556
  E_pol (kJ/mol) = -2.2325
  E_vct (kJ/mol) = -0.3277 (CP-corrected)
  E_int (kJ/mol) = -15.3158 (CP-corrected)
--------------------


Decomposition of frozen interaction energy
--------------------
  --------------------
  Orthogonal Frozen Decomposition:
  --------------------
     E_elec   (ELEC)   (kJ/mol) = -11.3057
     E_pauli  (PAULI)  (kJ/mol) = 4.2714
     E_disp   (DISP)   (kJ/mol) = -5.7213
  --------------------
  Classical Frozen Decomposition:
  --------------------
     E_cls_elec  (CLS ELEC)  (kJ/mol) = -8.5107
     E_mod_pauli (MOD PAULI) (kJ/mol) = 1.4764 (FRZ - CLS ELEC - DISP)
     E_disp      (DISP)      (kJ/mol) = -5.7213
  --------------------
--------------------

Simplified EDA Summary (kJ/mol)
--------------------
 PREPARATION      0.0000
 FROZEN           -12.7556 (ELEC + PAULI + DISP)
[ELEC + PAULI = -7.0344, DISP = -5.7213]
 POLARIZATION    -2.2325
 CHARGE TRANSFER -0.3277     (counterpoise-corrected)
 TOTAL           -15.3158     (PRP + FRZ + POL + CT)
--------------------
 
 --------------------------------------------------------------
 
                    Orbital Energies (a.u.)
 --------------------------------------------------------------
 
 Alpha MOs
 -- Occupied --
-19.1051 -19.1012 -14.4036 -14.3898 -14.3896 -14.3855 -14.3741 -14.3278
-14.3252 -14.3191 -10.3094 -10.2992 -10.2930 -10.2738 -10.2692 -10.2473
-10.2351 -10.2100 -10.1888  -1.0320  -1.0227  -0.9958  -0.9787  -0.9683
 -0.9465  -0.8958  -0.8872  -0.8709  -0.8552  -0.7808  -0.7319  -0.6579
 -0.6416  -0.6396  -0.6323  -0.5896  -0.5650  -0.5528  -0.5494  -0.5200
 -0.5160  -0.5133  -0.4873  -0.4803  -0.4503  -0.4390  -0.4359  -0.4316
 -0.4278  -0.4226  -0.3971  -0.3943  -0.3827  -0.3731  -0.3711  -0.3505
 -0.3300  -0.2891  -0.2836  -0.2577  -0.2558  -0.2516  -0.2498  -0.2374
 -0.2306  -0.2238  -0.2181  -0.1815
 -- Virtual --
 -0.0767  -0.0421  -0.0275  -0.0253  -0.0233  -0.0219  -0.0196  -0.0098
 -0.0026   0.0049   0.0146   0.0189   0.0206   0.0207   0.0244   0.0316
  0.0338   0.0420   0.0452   0.0476   0.0512   0.0551   0.0551   0.0578
  0.0629   0.0653   0.0684   0.0707   0.0732   0.0750   0.0787   0.0838
  0.0856   0.0874   0.0883   0.0915   0.0938   0.0968   0.0994   0.1023
  0.1048   0.1086   0.1099   0.1123   0.1172   0.1245   0.1256   0.1281
  0.1301   0.1344   0.1402   0.1431   0.1454   0.1463   0.1484   0.1507
  0.1529   0.1543   0.1559   0.1604   0.1622   0.1640   0.1663   0.1694
  0.1722   0.1742   0.1755   0.1791   0.1817   0.1852   0.1871   0.1903
  0.1939   0.1973   0.1994   0.2021   0.2060   0.2072   0.2090   0.2108
  0.2140   0.2169   0.2182   0.2202   0.2250   0.2266   0.2279   0.2334
  0.2367   0.2389   0.2414   0.2444   0.2489   0.2507   0.2536   0.2560
  0.2587   0.2603   0.2627   0.2642   0.2668   0.2683   0.2737   0.2767
  0.2781   0.2801   0.2836   0.2870   0.2894   0.2913   0.2922   0.2937
  0.2949   0.2997   0.3052   0.3055   0.3117   0.3155   0.3213   0.3229
  0.3246   0.3262   0.3308   0.3320   0.3373   0.3385   0.3393   0.3440
  0.3459   0.3491   0.3508   0.3556   0.3579   0.3598   0.3679   0.3689
  0.3702   0.3759   0.3783   0.3803   0.3829   0.3832   0.3857   0.3911
  0.3941   0.3978   0.3983   0.4039   0.4057   0.4112   0.4116   0.4126
  0.4174   0.4204   0.4212   0.4219   0.4248   0.4287   0.4324   0.4385
  0.4406   0.4432   0.4457   0.4490   0.4538   0.4566   0.4612   0.4633
  0.4652   0.4691   0.4727   0.4763   0.4812   0.4879   0.4935   0.4957
  0.4993   0.5028   0.5055   0.5100   0.5140   0.5187   0.5238   0.5252
  0.5317   0.5326   0.5366   0.5423   0.5446   0.5458   0.5479   0.5545
  0.5596   0.5624   0.5684   0.5703   0.5712   0.5753   0.5783   0.5800
  0.5828   0.5881   0.5920   0.5942   0.5982   0.6026   0.6066   0.6119
  0.6201   0.6211   0.6220   0.6255   0.6328   0.6335   0.6374   0.6406
  0.6469   0.6489   0.6531   0.6558   0.6576   0.6637   0.6658   0.6700
  0.6720   0.6748   0.6804   0.6837   0.6841   0.6906   0.6946   0.7024
  0.7051   0.7062   0.7155   0.7180   0.7221   0.7252   0.7280   0.7311
  0.7341   0.7387   0.7449   0.7511   0.7519   0.7545   0.7656   0.7707
  0.7753   0.7764   0.7785   0.7836   0.7873   0.7913   0.7991   0.8016
  0.8042   0.8075   0.8118   0.8147   0.8150   0.8198   0.8278   0.8317
  0.8325   0.8362   0.8404   0.8420   0.8457   0.8478   0.8555   0.8604
  0.8640   0.8657   0.8715   0.8771   0.8788   0.8830   0.8855   0.8923
  0.8948   0.9026   0.9083   0.9131   0.9166   0.9188   0.9217   0.9237
  0.9267   0.9342   0.9383   0.9392   0.9424   0.9459   0.9468   0.9510
  0.9560   0.9598   0.9619   0.9680   0.9688   0.9720   0.9756   0.9803
  0.9854   0.9897   0.9929   0.9942   1.0000   1.0049   1.0083   1.0114
  1.0166   1.0194   1.0207   1.0249   1.0271   1.0331   1.0342   1.0393
  1.0448   1.0480   1.0524   1.0550   1.0585   1.0645   1.0678   1.0698
  1.0772   1.0805   1.0834   1.0864   1.0943   1.0960   1.0987   1.1038
  1.1174   1.1221   1.1259   1.1301   1.1338   1.1372   1.1398   1.1455
  1.1500   1.1536   1.1586   1.1644   1.1647   1.1729   1.1803   1.1810
  1.1889   1.1910   1.1975   1.2010   1.2027   1.2137   1.2182   1.2192
  1.2234   1.2246   1.2272   1.2337   1.2362   1.2425   1.2439   1.2492
  1.2499   1.2551   1.2567   1.2628   1.2666   1.2735   1.2793   1.2826
  1.2861   1.2932   1.2950   1.2969   1.2996   1.3074   1.3095   1.3212
  1.3227   1.3235   1.3303   1.3338   1.3371   1.3414   1.3469   1.3481
  1.3568   1.3618   1.3673   1.3734   1.3756   1.3777   1.3816   1.3893
  1.3964   1.4037   1.4089   1.4157   1.4192   1.4219   1.4281   1.4335
  1.4366   1.4434   1.4451   1.4516   1.4564   1.4609   1.4676   1.4691
  1.4793   1.4861   1.4893   1.4895   1.4947   1.4965   1.5045   1.5108
  1.5166   1.5217   1.5243   1.5315   1.5385   1.5452   1.5581   1.5642
  1.5678   1.5715   1.5746   1.5772   1.5899   1.5929   1.6011   1.6085
  1.6107   1.6177   1.6222   1.6258   1.6360   1.6367   1.6446   1.6476
  1.6526   1.6585   1.6640   1.6690   1.6785   1.6894   1.6951   1.6976
  1.7026   1.7107   1.7120   1.7240   1.7339   1.7426   1.7519   1.7572
  1.7604   1.7720   1.7826   1.7871   1.7946   1.7984   1.8029   1.8118
  1.8143   1.8250   1.8307   1.8373   1.8450   1.8514   1.8602   1.8725
  1.8854   1.8886   1.8928   1.8969   1.9028   1.9092   1.9159   1.9266
  1.9295   1.9321   1.9326   1.9456   1.9500   1.9532   1.9620   1.9703
  1.9763   1.9803   1.9849   1.9880   1.9996   2.0023   2.0107   2.0174
  2.0205   2.0310   2.0347   2.0409   2.0486   2.0581   2.0627   2.0708
  2.0726   2.0868   2.0962   2.1010   2.1077   2.1115   2.1295   2.1315
  2.1382   2.1396   2.1458   2.1525   2.1568   2.1634   2.1683   2.1752
  2.1768   2.1822   2.1885   2.1955   2.1997   2.2063   2.2099   2.2127
  2.2234   2.2320   2.2339   2.2455   2.2531   2.2619   2.2619   2.2718
  2.2780   2.2834   2.2933   2.2992   2.3034   2.3092   2.3184   2.3293
  2.3344   2.3369   2.3419   2.3458   2.3539   2.3621   2.3678   2.3778
  2.3841   2.3937   2.3982   2.4000   2.4113   2.4181   2.4244   2.4312
  2.4407   2.4435   2.4463   2.4619   2.4709   2.4786   2.4864   2.4907
  2.5004   2.5053   2.5077   2.5194   2.5237   2.5323   2.5395   2.5505
  2.5551   2.5597   2.5677   2.5759   2.5801   2.5874   2.5947   2.6006
  2.6099   2.6204   2.6260   2.6314   2.6370   2.6432   2.6535   2.6561
  2.6637   2.6696   2.6892   2.7018   2.7131   2.7292   2.7527   2.7560
  2.7752   2.7813   2.7992   2.8134   2.8163   2.8186   2.8304   2.8542
  2.8644   2.8795   2.8921   2.9020   2.9087   2.9229   2.9253   2.9337
  2.9428   2.9493   2.9676   2.9767   2.9831   3.0047   3.0118   3.0352
  3.0505   3.0555   3.0662   3.0745   3.0827   3.0936   3.1165   3.1305
  3.1368   3.1391   3.1421   3.1437   3.1649   3.1769   3.2005   3.2046
  3.2208   3.2229   3.2348   3.2474   3.2526   3.2608   3.2863   3.2914
  3.2958   3.2978   3.3010   3.3291   3.3360   3.3483   3.3583   3.3723
  3.3838   3.3849   3.3935   3.4030   3.4113   3.4160   3.4233   3.4389
  3.4473   3.4533   3.4643   3.4661   3.4748   3.4752   3.4974   3.5031
  3.5169   3.5268   3.5283   3.5351   3.5389   3.5574   3.5640   3.5791
  3.5802   3.5859   3.5893   3.5939   3.6104   3.6287   3.6324   3.6359
  3.6428   3.6612   3.6709   3.6768   3.6794   3.6924   3.6974   3.7034
  3.7102   3.7253   3.7297   3.7511   3.7525   3.7633   3.7730   3.7862
  3.7888   3.7972   3.8006   3.8061   3.8342   3.8415   3.8499   3.8551
  3.8559   3.8681   3.8832   3.8865   3.8908   3.9042   3.9098   3.9161
  3.9206   3.9247   3.9289   3.9359   3.9439   3.9603   3.9666   3.9731
  3.9791   3.9916   3.9958   3.9985   4.0022   4.0141   4.0219   4.0249
  4.0299   4.0408   4.0462   4.0529   4.0548   4.0641   4.0735   4.0742
  4.0842   4.0974   4.1093   4.1122   4.1253   4.1306   4.1355   4.1544
  4.1576   4.1637   4.1677   4.1713   4.1842   4.1986   4.1994   4.2058
  4.2251   4.2486   4.2528   4.2613   4.2720   4.2732   4.2821   4.2979
  4.2993   4.3030   4.3057   4.3173   4.3241   4.3287   4.3383   4.3483
  4.3519   4.3677   4.3784   4.3845   4.3887   4.4140   4.4236   4.4375
  4.4414   4.4467   4.4600   4.4663   4.4844   4.4878   4.5015   4.5115
  4.5238   4.5294   4.5484   4.5545   4.5855   4.5880   4.5961   4.6122
  4.6142   4.6188   4.6237   4.6353   4.6382   4.6737   4.6839   4.6896
  4.7161   4.7248   4.7335   4.7397   4.7573   4.7624   4.7760   4.7799
  4.7845   4.8031   4.8090   4.8176   4.8236   4.8548   4.8564   4.8648
  4.8729   4.8929   4.9017   4.9114   4.9291   4.9374   4.9439   4.9726
  4.9822   4.9890   4.9897   4.9958   5.0104   5.0111   5.0304   5.0316
  5.0487   5.0571   5.0641   5.0862   5.0910   5.0993   5.1123   5.1289
  5.1439   5.1698   5.1741   5.1877   5.1903   5.1989   5.2017   5.2270
  5.2504   5.2558   5.2676   5.2774   5.2813   5.3006   5.3049   5.3070
  5.3103   5.3170   5.3245   5.3293   5.3344   5.3414   5.3691   5.3731
  5.3819   5.3917   5.3998   5.4056   5.4107   5.4179   5.4273   5.4441
  5.4488   5.4615   5.4651   5.4768   5.4870   5.4972   5.5015   5.5089
  5.5341   5.5457   5.5477   5.5518   5.5560   5.5751   5.5808   5.5892
  5.5989   5.6137   5.6156   5.6282   5.6342   5.6575   5.6631   5.6702
  5.6945   5.7004   5.7082   5.7211   5.7292   5.7330   5.7483   5.7530
  5.7754   5.7874   5.7963   5.8034   5.8345   5.8696   5.8727   5.8948
  5.9017   5.9147   5.9168   5.9263   5.9422   5.9479   5.9506   6.0048
  6.0066   6.0109   6.0168   6.0250   6.0324   6.0346   6.0550   6.0756
  6.1036   6.1393   6.1508   6.1580   6.1858   6.2358   6.2820   6.2994
  6.3169   6.3618   6.3686   6.4032   6.4155   6.4243   6.4564   6.4661
  6.4945   6.5153   6.5173   6.5272   6.5331   6.5361   6.5708   6.5917
  6.6044   6.6118   6.6155   6.6492   6.6526   6.6715   6.7116   6.7326
  6.7563   6.7979   6.8168   6.8334   6.8357   6.8370   6.8456   6.8535
  6.9100   6.9143   6.9375   7.0043   7.0202   7.0465   7.0574   7.1144
  7.1314   7.1580   7.1619   7.1932   7.2350   7.2491   7.2811   7.3374
  7.3673   7.3841   7.4450   7.4462   7.4716   7.4990   7.5420   7.5926
  7.6358   7.6587   7.6700   7.6906   7.7207   7.7882   7.8046   7.8106
  7.8285  15.1671  15.4343  15.6204  15.9094  15.9525  16.1586  16.4112
 17.2032  17.3193  17.7021  17.7709  18.7027  18.8958  18.9672  19.6718
 19.8400  20.1294  20.2369  20.7490
 --------------------------------------------------------------
 
          Ground-State Mulliken Net Atomic Charges

     Atom                 Charge (a.u.)
  ----------------------------------------
      1 N                     0.262103
      2 C                    -0.445276
      3 N                     0.108640
      4 C                     0.552331
      5 C                    -0.318742
      6 C                    -0.664128
      7 H                     0.004272
      8 O                    -0.614444
      9 N                    -0.363687
     10 H                     0.163100
     11 H                     0.066513
     12 H                     0.431400
     13 H                     0.820166
     14 N                     0.493284
     15 C                    -0.241139
     16 N                    -0.099785
     17 C                    -0.001344
     18 C                     1.207102
     19 C                    -0.241167
     20 N                    -0.492649
     21 C                    -1.075652
     22 N                     0.194625
     23 H                     0.170650
     24 N                    -0.208036
     25 H                     0.141801
     26 H                     0.006394
     27 O                    -0.696982
     28 H                     0.801883
     29 H                     0.038764
  ----------------------------------------
  Sum of atomic charges =     0.000000

 -----------------------------------------------------------------
                    Cartesian Multipole Moments
 -----------------------------------------------------------------
    Charge (ESU x 10^10)
                -0.0000
    Dipole Moment (Debye)
         X      -7.2388      Y       2.7209      Z       3.5311
       Tot       8.5013
    Quadrupole Moments (Debye-Ang)
        XX     -69.0541     XY      25.9726     YY    -109.4690
        XZ     -17.2014     YZ       7.6642     ZZ    -109.1201
    Octopole Moments (Debye-Ang^2)
       XXX    -124.5117    XXY      84.2261    XYY     -81.5479
       YYY      15.0474    XXZ      -6.0185    XYZ     -21.7769
       YYZ       4.8624    XZZ       9.0016    YZZ       3.0304
       ZZZ       9.2614
    Hexadecapole Moments (Debye-Ang^3)
      XXXX   -5981.5083   XXXY     276.5406   XXYY   -1348.1633
      XYYY     230.0683   YYYY   -1297.1748   XXXZ    -408.8632
      XXYZ     -54.3565   XYYZ     -55.8290   YYYZ      65.0869
      XXZZ   -1345.2807   XYZZ      15.4853   YYZZ    -323.0688
      XZZZ     -14.3424   YZZZ       4.2910   ZZZZ    -505.3639
 -----------------------------------------------------------------
 Total job time:  43991.24s(wall), 27158.22s(cpu) 
 Sat Mar  2 00:27:22 2024

        *************************************************************
        *                                                           *
        *  Thank you very much for using Q-Chem.  Have a nice day.  *
        *                                                           *
        *************************************************************


